                :-) GROMACS - gmx mdrun, 2024.5-conda_forge (-:

Copyright 1991-2024 The GROMACS Authors.
GROMACS is free software; you can redistribute it and/or modify it
under the terms of the GNU Lesser General Public License
as published by the Free Software Foundation; either version 2.1
of the License, or (at your option) any later version.

                         Current GROMACS contributors:
       Mark Abraham           Andrey Alekseenko           Vladimir Basov      
      Cathrine Bergh            Eliane Briand               Ania Brown        
      Mahesh Doijade            Giacomo Fiorin          Stefan Fleischmann    
      Sergey Gorelov         Gilles Gouaillardet            Alan Gray         
     M. Eric Irrgang         Farzaneh Jalalypour            Joe Jordan        
     Carsten Kutzner           Justin A. Lemkul          Magnus Lundborg      
       Pascal Merz              Vedran Miletic            Dmitry Morozov      
       Julien Nabet              Szilard Pall        Andrea Pasquadibisceglie 
    Michele Pellegrino          Hubert Santuz             Roland Schulz       
     Tatiana Shugaeva          Alexey Shvetsov            Philip Turner       
     Alessandra Villa      Sebastian Wingbermuehle  

                         Previous GROMACS contributors:
        Emile Apol             Rossen Apostolov           James Barnett       
        Paul Bauer          Herman J.C. Berendsen          Par Bjelkmar       
      Christian Blau          Viacheslav Bolnykh            Kevin Boyd        
    Aldert van Buuren          Carlo Camilloni           Rudi van Drunen      
      Anton Feenstra           Oliver Fleetwood            Vytas Gapsys       
       Gaurav Garg             Gerrit Groenhof            Bert de Groot       
      Anca Hamuraru           Vincent Hindriksen          Victor Holanda      
     Aleksei Iupinov          Christoph Junghans        Prashanth Kanduri     
   Dimitrios Karkoulis           Peter Kasson             Sebastian Kehl      
     Sebastian Keller             Jiri Kraus               Per Larsson        
      Viveca Lindahl            Erik Marklund           Pieter Meulenhoff     
      Teemu Murtola              Sander Pronk             Michael Shirts      
      Alfons Sijbers            Balint Soproni         David van der Spoel    
      Peter Tieleman            Carsten Uphoff             Jon Vincent        
     Teemu Virolainen         Christian Wennberg           Maarten Wolf       
      Artem Zhmurov       

                  Coordinated by the GROMACS project leaders:
                           Berk Hess and Erik Lindahl

GROMACS:      gmx mdrun, version 2024.5-conda_forge
Executable:   /miniconda3/bin.ARM_NEON_ASIMD/gmx
Data prefix:  /miniconda3
Working dir:  /mnt/efs/iter-1/structure_010567707/createsim
Process ID:   4852
Command line:
  gmx mdrun -cpi -ntmpi 1 -ntomp 64 -pin off -maxh 0.5

GROMACS version:     2024.5-conda_forge
Precision:           mixed
Memory model:        64 bit
MPI library:         thread_mpi
OpenMP support:      enabled (GMX_OPENMP_MAX_THREADS = 128)
GPU support:         OpenCL
NBNxM GPU setup:     super-cluster 2x2x2 / cluster 8
SIMD instructions:   ARM_NEON_ASIMD
CPU FFT library:     fftw-3.3.10
GPU FFT library:     clFFT
Multi-GPU FFT:       none
TNG support:         enabled
Hwloc support:       disabled
Tracing support:     disabled
C compiler:          /home/conda/feedstock_root/build_artifacts/gromacs_1737880092958/_build_env/bin/aarch64-conda-linux-gnu-cc GNU 13.3.0
C compiler flags:    -fexcess-precision=fast -funroll-all-loops -Wno-missing-field-initializers -O3 -DNDEBUG
C++ compiler:        /home/conda/feedstock_root/build_artifacts/gromacs_1737880092958/_build_env/bin/aarch64-conda-linux-gnu-c++ GNU 13.3.0
C++ compiler flags:  -fexcess-precision=fast -funroll-all-loops -Wno-missing-field-initializers -Wno-cast-function-type-strict SHELL:-fopenmp -O3 -DNDEBUG
BLAS library:        Internal
LAPACK library:      Internal
OpenCL include dir:  /miniconda3/include
OpenCL library:      /miniconda3/lib/libOpenCL.so
OpenCL version:      3.0


Running on 1 node with total 64 cores, 64 processing units (GPU detection failed)
Hardware detected on host i-056bf43926bbe64c6:
  CPU info:
    Vendor: ARM
    Brand:  0xd40
    Family: 8   Model: 1   Stepping: 1
    Features: neon neon_asimd sve
  Hardware topology: Basic
    Packages, cores, and logical processors:
    [indices refer to OS logical processors]
      Package 60: [   0] [   1] [   2] [   3] [   4] [   5] [   6] [   7] [   8] [   9] [  10] [  11] [  12] [  13] [  14] [  15] [  16] [  17] [  18] [  19] [  20] [  21] [  22] [  23] [  24] [  25] [  26] [  27] [  28] [  29] [  30] [  31] [  32] [  33] [  34] [  35] [  36] [  37] [  38] [  39] [  40] [  41] [  42] [  43] [  44] [  45] [  46] [  47] [  48] [  49] [  50] [  51] [  52] [  53] [  54] [  55] [  56] [  57] [  58] [  59] [  60] [  61] [  62] [  63]
    CPU limit set by OS: -1   Recommended max number of threads: 64

Likely fastest SIMD instructions supported by all nodes: ARM_SVE
SIMD instructions selected at compile time:              ARM_NEON_ASIMD


++++ PLEASE READ AND CITE THE FOLLOWING REFERENCE ++++
M. J. Abraham, T. Murtola, R. Schulz, S. Páll, J. C. Smith, B. Hess, E.
Lindahl
GROMACS: High performance molecular simulations through multi-level
parallelism from laptops to supercomputers
SoftwareX 1 (2015) pp. 19-25
-------- -------- --- Thank You --- -------- --------


++++ PLEASE READ AND CITE THE FOLLOWING REFERENCE ++++
S. Páll, M. J. Abraham, C. Kutzner, B. Hess, E. Lindahl
Tackling Exascale Software Challenges in Molecular Dynamics Simulations with
GROMACS
In S. Markidis & E. Laure (Eds.), Solving Software Challenges for Exascale 8759 (2015) pp. 3-27
-------- -------- --- Thank You --- -------- --------


++++ PLEASE READ AND CITE THE FOLLOWING REFERENCE ++++
S. Pronk, S. Páll, R. Schulz, P. Larsson, P. Bjelkmar, R. Apostolov, M. R.
Shirts, J. C. Smith, P. M. Kasson, D. van der Spoel, B. Hess, and E. Lindahl
GROMACS 4.5: a high-throughput and highly parallel open source molecular
simulation toolkit
Bioinformatics 29 (2013) pp. 845-54
-------- -------- --- Thank You --- -------- --------


++++ PLEASE READ AND CITE THE FOLLOWING REFERENCE ++++
B. Hess and C. Kutzner and D. van der Spoel and E. Lindahl
GROMACS 4: Algorithms for highly efficient, load-balanced, and scalable
molecular simulation
J. Chem. Theory Comput. 4 (2008) pp. 435-447
-------- -------- --- Thank You --- -------- --------


++++ PLEASE READ AND CITE THE FOLLOWING REFERENCE ++++
D. van der Spoel, E. Lindahl, B. Hess, G. Groenhof, A. E. Mark and H. J. C.
Berendsen
GROMACS: Fast, Flexible and Free
J. Comp. Chem. 26 (2005) pp. 1701-1719
-------- -------- --- Thank You --- -------- --------


++++ PLEASE READ AND CITE THE FOLLOWING REFERENCE ++++
E. Lindahl and B. Hess and D. van der Spoel
GROMACS 3.0: A package for molecular simulation and trajectory analysis
J. Mol. Mod. 7 (2001) pp. 306-317
-------- -------- --- Thank You --- -------- --------


++++ PLEASE READ AND CITE THE FOLLOWING REFERENCE ++++
H. J. C. Berendsen, D. van der Spoel and R. van Drunen
GROMACS: A message-passing parallel molecular dynamics implementation
Comp. Phys. Comm. 91 (1995) pp. 43-56
-------- -------- --- Thank You --- -------- --------


The number of OpenMP threads was set by environment variable OMP_NUM_THREADS to 64 (and the command-line setting agreed with that)

Input Parameters:
   integrator                     = md
   tinit                          = 0
   dt                             = 0.02
   nsteps                         = -1
   init-step                      = 0
   simulation-part                = 1
   mts                            = false
   mass-repartition-factor        = 1
   comm-mode                      = Linear
   nstcomm                        = 100
   bd-fric                        = 0
   ld-seed                        = -580266890
   emtol                          = 10
   emstep                         = 0.01
   niter                          = 20
   fcstep                         = 0
   nstcgsteep                     = 1000
   nbfgscorr                      = 10
   rtpi                           = 0.05
   nstxout                        = 0
   nstvout                        = 0
   nstfout                        = 0
   nstlog                         = 25000
   nstcalcenergy                  = 100
   nstenergy                      = 25000
   nstxout-compressed             = 25000
   compressed-x-precision         = 100
   cutoff-scheme                  = Verlet
   nstlist                        = 20
   pbc                            = xyz
   periodic-molecules             = false
   verlet-buffer-tolerance        = -1
   verlet-buffer-pressure-tolerance = -1
   rlist                          = 1.35
   coulombtype                    = Reaction-Field
   coulomb-modifier               = Potential-shift
   rcoulomb-switch                = 0
   rcoulomb                       = 1.1
   epsilon-r                      = 15
   epsilon-rf                     = inf
   vdw-type                       = Cut-off
   vdw-modifier                   = Potential-shift
   rvdw-switch                    = 0
   rvdw                           = 1.1
   DispCorr                       = No
   table-extension                = 1
   fourierspacing                 = 0.12
   fourier-nx                     = 0
   fourier-ny                     = 0
   fourier-nz                     = 0
   pme-order                      = 4
   ewald-rtol                     = 1e-05
   ewald-rtol-lj                  = 0.001
   lj-pme-comb-rule               = Geometric
   ewald-geometry                 = 3d
   epsilon-surface                = 0
   ensemble-temperature-setting   = constant
   ensemble-temperature           = 310
   tcoupl                         = V-rescale
   nsttcouple                     = 20
   nh-chain-length                = 0
   print-nose-hoover-chain-variables = false
   pcoupl                         = Parrinello-Rahman
   pcoupltype                     = Semiisotropic
   nstpcouple                     = 20
   tau-p                          = 12
   compressibility (3x3):
      compressibility[    0]={ 3.00000e-04,  0.00000e+00,  0.00000e+00}
      compressibility[    1]={ 0.00000e+00,  3.00000e-04,  0.00000e+00}
      compressibility[    2]={ 0.00000e+00,  0.00000e+00,  3.00000e-04}
   ref-p (3x3):
      ref-p[    0]={ 1.00000e+00,  0.00000e+00,  0.00000e+00}
      ref-p[    1]={ 0.00000e+00,  1.00000e+00,  0.00000e+00}
      ref-p[    2]={ 0.00000e+00,  0.00000e+00,  1.00000e+00}
   refcoord-scaling               = COM
   posres-com (3):
      posres-com[0]= 3.75751e-01
      posres-com[1]= 8.21715e-01
      posres-com[2]= 8.35868e-01
   posres-comB (3):
      posres-comB[0]= 3.75751e-01
      posres-comB[1]= 8.21715e-01
      posres-comB[2]= 8.35868e-01
   QMMM                           = false
qm-opts:
   ngQM                           = 0
   constraint-algorithm           = Lincs
   continuation                   = false
   Shake-SOR                      = false
   shake-tol                      = 0.0001
   lincs-order                    = 12
   lincs-iter                     = 2
   lincs-warnangle                = 90
   nwall                          = 0
   wall-type                      = 9-3
   wall-r-linpot                  = -1
   wall-atomtype[0]               = -1
   wall-atomtype[1]               = -1
   wall-density[0]                = 0
   wall-density[1]                = 0
   wall-ewald-zfac                = 3
   pull                           = false
   awh                            = false
   rotation                       = false
   interactiveMD                  = false
   disre                          = No
   disre-weighting                = Conservative
   disre-mixed                    = false
   dr-fc                          = 1000
   dr-tau                         = 0
   nstdisreout                    = 100
   orire-fc                       = 0
   orire-tau                      = 0
   nstorireout                    = 100
   free-energy                    = no
   cos-acceleration               = 0
   deform (3x3):
      deform[    0]={ 0.00000e+00,  0.00000e+00,  0.00000e+00}
      deform[    1]={ 0.00000e+00,  0.00000e+00,  0.00000e+00}
      deform[    2]={ 0.00000e+00,  0.00000e+00,  0.00000e+00}
   simulated-tempering            = false
   swapcoords                     = no
   userint1                       = 0
   userint2                       = 0
   userint3                       = 0
   userint4                       = 0
   userreal1                      = 0
   userreal2                      = 0
   userreal3                      = 0
   userreal4                      = 0
   applied-forces:
     electric-field:
       x:
         E0                       = 0
         omega                    = 0
         t0                       = 0
         sigma                    = 0
       y:
         E0                       = 0
         omega                    = 0
         t0                       = 0
         sigma                    = 0
       z:
         E0                       = 0
         omega                    = 0
         t0                       = 0
         sigma                    = 0
     density-guided-simulation:
       active                     = false
       group                      = protein
       similarity-measure         = inner-product
       atom-spreading-weight      = unity
       force-constant             = 1e+09
       gaussian-transform-spreading-width = 0.2
       gaussian-transform-spreading-range-in-multiples-of-width = 4
       reference-density-filename = reference.mrc
       nst                        = 1
       normalize-densities        = true
       adaptive-force-scaling     = false
       adaptive-force-scaling-time-constant = 4
       shift-vector               = 
       transformation-matrix      = 
     qmmm-cp2k:
       active                     = false
       qmgroup                    = System
       qmmethod                   = PBE
       qmfilenames                = 
       qmcharge                   = 0
       qmmultiplicity             = 1
     colvars:
       active                     = false
       configfile                 = 
       seed                       = -1
grpopts:
   nrdf:      114939       41789
   ref-t:         310         310
   tau-t:           1           1
annealing:          No          No
annealing-npoints:           0           0
   acc:	           0           0           0
   nfreeze:           N           N           N
   energygrp-flags[  0]: 0

Can not increase nstlist because verlet-buffer-tolerance is not set or used
Update groups can not be used for this system because an incompatible virtual site type is used

Using 1 MPI thread
Using 64 OpenMP threads 

System total charge: 0.000
Reaction-Field:
epsRF = 0, rc = 1.1, krf = 0.375657, crf = 1.36364, epsfac = 9.26236
The electrostatics potential has its minimum at r = 1.1
Potential shift: LJ r^-12: -3.186e-01 r^-6: -5.645e-01


Using SIMD4xM 4x4 nonbonded short-range kernels

Using a 4x4 pair-list setup:
  updated every 20 steps, buffer 0.250 nm, rlist 1.350 nm

The average pressure is off by at most 0.06 bar due to missing LJ interactions

Using full Lennard-Jones parameter combination matrix
Removing pbc first time

Initializing LINear Constraint Solver

++++ PLEASE READ AND CITE THE FOLLOWING REFERENCE ++++
B. Hess
P-LINCS: A Parallel Linear Constraint Solver for molecular simulation
J. Chem. Theory Comput. 4 (2008) pp. 116-122
-------- -------- --- Thank You --- -------- --------

The number of constraints is 1495
1316 constraints are involved in constraint triangles,
will apply an additional matrix expansion of order 12 for couplings
between constraints inside triangles

++++ PLEASE READ AND CITE THE FOLLOWING REFERENCE ++++
G. Bussi, D. Donadio and M. Parrinello
Canonical sampling through velocity rescaling
J. Chem. Phys. 126 (2007) pp. 014101
-------- -------- --- Thank You --- -------- --------

There are: 52743 Atoms
There are: 1923 VSites

Constraining the starting coordinates (step 0)

Constraining the coordinates at t0-dt (step 0)
Center of mass motion removal mode is Linear
We have the following groups for center of mass motion removal:
  0:  Rest
  1:  Solvent
RMS relative constraint deviation after constraining: 1.09e-06
Initial temperature: 311.422 K

Started mdrun on rank 0 Sun Mar 16 02:36:26 2025

           Step           Time
              0        0.00000

   Energies (kJ/mol)
           Bond  Harmonic Pot.          Angle       G96Angle  Restr. Angles
    1.82643e+04    4.97006e+00    1.30549e+04    5.07267e+02    6.61575e+02
    Proper Dih.  Improper Dih.        LJ (SR)   Coulomb (SR) Position Rest.
    4.32858e+02    3.97290e+02   -1.27012e+06   -1.41201e+04    0.00000e+00
      Potential    Kinetic En.   Total Energy  Conserved En.    Temperature
   -1.25091e+06    2.02889e+05   -1.04803e+06   -1.04766e+06    3.11392e+02
 Pressure (bar)   Constr. rmsd
    1.05312e+01    1.05831e-06

           Step           Time
          25000      500.00000

   Energies (kJ/mol)
           Bond  Harmonic Pot.          Angle       G96Angle  Restr. Angles
    1.86275e+04    3.52473e+00    1.29054e+04    4.92600e+02    6.52831e+02
    Proper Dih.  Improper Dih.        LJ (SR)   Coulomb (SR) Position Rest.
    3.94256e+02    4.77448e+02   -1.26801e+06   -1.43415e+04    1.33687e+01
      Potential    Kinetic En.   Total Energy  Conserved En.    Temperature
   -1.24878e+06    2.02584e+05   -1.04620e+06   -1.04770e+06    3.10924e+02
 Pressure (bar)   Constr. rmsd
    2.70890e+01    1.13063e-06

           Step           Time
          50000     1000.00000

   Energies (kJ/mol)
           Bond  Harmonic Pot.          Angle       G96Angle  Restr. Angles
    1.83642e+04    3.79802e+00    1.28778e+04    5.03969e+02    6.48218e+02
    Proper Dih.  Improper Dih.        LJ (SR)   Coulomb (SR) Position Rest.
    4.27377e+02    5.04847e+02   -1.26857e+06   -1.41099e+04    2.14121e+01
      Potential    Kinetic En.   Total Energy  Conserved En.    Temperature
   -1.24932e+06    2.02467e+05   -1.04686e+06   -1.04774e+06    3.10745e+02
 Pressure (bar)   Constr. rmsd
    4.31349e+00    1.14528e-06

           Step           Time
          75000     1500.00000

   Energies (kJ/mol)
           Bond  Harmonic Pot.          Angle       G96Angle  Restr. Angles
    1.83573e+04    5.51907e+00    1.30388e+04    5.45409e+02    6.43167e+02
    Proper Dih.  Improper Dih.        LJ (SR)   Coulomb (SR) Position Rest.
    3.94502e+02    4.63195e+02   -1.26805e+06   -1.41739e+04    1.59270e+01
      Potential    Kinetic En.   Total Energy  Conserved En.    Temperature
   -1.24876e+06    2.02145e+05   -1.04662e+06   -1.04788e+06    3.10250e+02
 Pressure (bar)   Constr. rmsd
    1.16100e+01    1.08104e-06

           Step           Time
         100000     2000.00000

   Energies (kJ/mol)
           Bond  Harmonic Pot.          Angle       G96Angle  Restr. Angles
    1.83682e+04    6.60605e+00    1.31669e+04    5.66975e+02    6.05461e+02
    Proper Dih.  Improper Dih.        LJ (SR)   Coulomb (SR) Position Rest.
    4.41322e+02    4.04767e+02   -1.26503e+06   -1.41129e+04    1.79787e+01
      Potential    Kinetic En.   Total Energy  Conserved En.    Temperature
   -1.24556e+06    2.01756e+05   -1.04381e+06   -1.04791e+06    3.09654e+02
 Pressure (bar)   Constr. rmsd
    2.66314e+01    1.09083e-06

           Step           Time
         125000     2500.00000

   Energies (kJ/mol)
           Bond  Harmonic Pot.          Angle       G96Angle  Restr. Angles
    1.89581e+04    7.03437e+00    1.30147e+04    5.16228e+02    6.52772e+02
    Proper Dih.  Improper Dih.        LJ (SR)   Coulomb (SR) Position Rest.
    3.94036e+02    4.62188e+02   -1.26968e+06   -1.42080e+04    1.76862e+01
      Potential    Kinetic En.   Total Energy  Conserved En.    Temperature
   -1.24986e+06    2.02341e+05   -1.04752e+06   -1.04795e+06    3.10551e+02
 Pressure (bar)   Constr. rmsd
   -1.58723e+01    1.17384e-06

           Step           Time
         150000     3000.00000

   Energies (kJ/mol)
           Bond  Harmonic Pot.          Angle       G96Angle  Restr. Angles
    1.83202e+04    7.70306e+00    1.24847e+04    4.96247e+02    6.78056e+02
    Proper Dih.  Improper Dih.        LJ (SR)   Coulomb (SR) Position Rest.
    3.75759e+02    4.49725e+02   -1.26795e+06   -1.42356e+04    1.84951e+01
      Potential    Kinetic En.   Total Energy  Conserved En.    Temperature
   -1.24935e+06    2.00869e+05   -1.04848e+06   -1.04809e+06    3.08292e+02
 Pressure (bar)   Constr. rmsd
   -2.72836e+01    1.21930e-06

           Step           Time
         175000     3500.00000

   Energies (kJ/mol)
           Bond  Harmonic Pot.          Angle       G96Angle  Restr. Angles
    1.82630e+04    5.62304e+00    1.28718e+04    5.46781e+02    6.29728e+02
    Proper Dih.  Improper Dih.        LJ (SR)   Coulomb (SR) Position Rest.
    4.38794e+02    4.06842e+02   -1.27048e+06   -1.41630e+04    2.04426e+01
      Potential    Kinetic En.   Total Energy  Conserved En.    Temperature
   -1.25146e+06    2.00799e+05   -1.05066e+06   -1.04820e+06    3.08184e+02
 Pressure (bar)   Constr. rmsd
   -4.09721e+01    1.10495e-06

           Step           Time
         200000     4000.00000

   Energies (kJ/mol)
           Bond  Harmonic Pot.          Angle       G96Angle  Restr. Angles
    1.86458e+04    5.27058e+00    1.29747e+04    5.33701e+02    6.60452e+02
    Proper Dih.  Improper Dih.        LJ (SR)   Coulomb (SR) Position Rest.
    3.99653e+02    4.46834e+02   -1.27103e+06   -1.41220e+04    1.98674e+01
      Potential    Kinetic En.   Total Energy  Conserved En.    Temperature
   -1.25146e+06    2.04384e+05   -1.04708e+06   -1.04842e+06    3.13686e+02
 Pressure (bar)   Constr. rmsd
    4.06027e+01    1.11456e-06

           Step           Time
         225000     4500.00000

   Energies (kJ/mol)
           Bond  Harmonic Pot.          Angle       G96Angle  Restr. Angles
    1.88306e+04    6.75017e+00    1.26220e+04    5.39035e+02    6.16666e+02
    Proper Dih.  Improper Dih.        LJ (SR)   Coulomb (SR) Position Rest.
    3.50498e+02    4.62363e+02   -1.26779e+06   -1.39330e+04    1.79059e+01
      Potential    Kinetic En.   Total Energy  Conserved En.    Temperature
   -1.24827e+06    2.02269e+05   -1.04600e+06   -1.04828e+06    3.10441e+02
 Pressure (bar)   Constr. rmsd
   -6.71465e-01    1.12943e-06

           Step           Time
         250000     5000.00000

   Energies (kJ/mol)
           Bond  Harmonic Pot.          Angle       G96Angle  Restr. Angles
    1.84295e+04    4.18850e+00    1.26684e+04    5.41834e+02    7.00268e+02
    Proper Dih.  Improper Dih.        LJ (SR)   Coulomb (SR) Position Rest.
    4.33658e+02    4.30239e+02   -1.26860e+06   -1.41289e+04    1.93459e+01
      Potential    Kinetic En.   Total Energy  Conserved En.    Temperature
   -1.24950e+06    2.03558e+05   -1.04594e+06   -1.04838e+06    3.12419e+02
 Pressure (bar)   Constr. rmsd
    3.22246e+00    1.18989e-06

           Step           Time
         275000     5500.00000

   Energies (kJ/mol)
           Bond  Harmonic Pot.          Angle       G96Angle  Restr. Angles
    1.85860e+04    5.19983e+00    1.28353e+04    4.84398e+02    6.84335e+02
    Proper Dih.  Improper Dih.        LJ (SR)   Coulomb (SR) Position Rest.
    4.34871e+02    4.26822e+02   -1.26705e+06   -1.41452e+04    1.99555e+01
      Potential    Kinetic En.   Total Energy  Conserved En.    Temperature
   -1.24772e+06    2.03031e+05   -1.04468e+06   -1.04856e+06    3.11610e+02
 Pressure (bar)   Constr. rmsd
    1.42346e+00    1.16255e-06

           Step           Time
         300000     6000.00000

   Energies (kJ/mol)
           Bond  Harmonic Pot.          Angle       G96Angle  Restr. Angles
    1.84263e+04    4.81113e+00    1.26529e+04    5.44030e+02    6.89933e+02
    Proper Dih.  Improper Dih.        LJ (SR)   Coulomb (SR) Position Rest.
    3.86849e+02    4.52039e+02   -1.26677e+06   -1.43017e+04    1.98497e+01
      Potential    Kinetic En.   Total Energy  Conserved En.    Temperature
   -1.24789e+06    2.01309e+05   -1.04658e+06   -1.04849e+06    3.08967e+02
 Pressure (bar)   Constr. rmsd
   -1.72634e+01    1.15514e-06

           Step           Time
         325000     6500.00000

   Energies (kJ/mol)
           Bond  Harmonic Pot.          Angle       G96Angle  Restr. Angles
    1.86286e+04    3.83742e+00    1.28052e+04    5.12249e+02    6.61885e+02
    Proper Dih.  Improper Dih.        LJ (SR)   Coulomb (SR) Position Rest.
    3.89698e+02    4.07712e+02   -1.26746e+06   -1.42443e+04    1.54733e+01
      Potential    Kinetic En.   Total Energy  Conserved En.    Temperature
   -1.24828e+06    2.02644e+05   -1.04563e+06   -1.04845e+06    3.11016e+02
 Pressure (bar)   Constr. rmsd
    5.25578e+01    1.14847e-06

           Step           Time
         350000     7000.00000

   Energies (kJ/mol)
           Bond  Harmonic Pot.          Angle       G96Angle  Restr. Angles
    1.86767e+04    4.57260e+00    1.25558e+04    5.04628e+02    7.27087e+02
    Proper Dih.  Improper Dih.        LJ (SR)   Coulomb (SR) Position Rest.
    4.34062e+02    4.49067e+02   -1.26731e+06   -1.44675e+04    1.62083e+01
      Potential    Kinetic En.   Total Energy  Conserved En.    Temperature
   -1.24841e+06    2.03065e+05   -1.04534e+06   -1.04868e+06    3.11663e+02
 Pressure (bar)   Constr. rmsd
   -2.64682e+01    1.20984e-06

           Step           Time
         375000     7500.00000

   Energies (kJ/mol)
           Bond  Harmonic Pot.          Angle       G96Angle  Restr. Angles
    1.86134e+04    3.42907e+00    1.27626e+04    5.45032e+02    7.16511e+02
    Proper Dih.  Improper Dih.        LJ (SR)   Coulomb (SR) Position Rest.
    4.85378e+02    4.24087e+02   -1.26844e+06   -1.43345e+04    2.04913e+01
      Potential    Kinetic En.   Total Energy  Conserved En.    Temperature
   -1.24921e+06    2.00271e+05   -1.04894e+06   -1.04875e+06    3.07374e+02
 Pressure (bar)   Constr. rmsd
   -9.66836e+00    1.15885e-06

           Step           Time
         400000     8000.00000

   Energies (kJ/mol)
           Bond  Harmonic Pot.          Angle       G96Angle  Restr. Angles
    1.81334e+04    5.09816e+00    1.27897e+04    5.38083e+02    6.52807e+02
    Proper Dih.  Improper Dih.        LJ (SR)   Coulomb (SR) Position Rest.
    4.56382e+02    4.79811e+02   -1.26974e+06   -1.41762e+04    1.99075e+01
      Potential    Kinetic En.   Total Energy  Conserved En.    Temperature
   -1.25085e+06    2.01765e+05   -1.04908e+06   -1.04900e+06    3.09668e+02
 Pressure (bar)   Constr. rmsd
   -4.65065e+00    1.16250e-06

           Step           Time
         425000     8500.00000

   Energies (kJ/mol)
           Bond  Harmonic Pot.          Angle       G96Angle  Restr. Angles
    1.83558e+04    8.22379e+00    1.28381e+04    5.18939e+02    6.91952e+02
    Proper Dih.  Improper Dih.        LJ (SR)   Coulomb (SR) Position Rest.
    5.11806e+02    4.59811e+02   -1.26680e+06   -1.42259e+04    1.54968e+01
      Potential    Kinetic En.   Total Energy  Conserved En.    Temperature
   -1.24763e+06    2.01929e+05   -1.04570e+06   -1.04914e+06    3.09918e+02
 Pressure (bar)   Constr. rmsd
   -8.15794e-01    1.09998e-06

           Step           Time
         450000     9000.00000

   Energies (kJ/mol)
           Bond  Harmonic Pot.          Angle       G96Angle  Restr. Angles
    1.86172e+04    3.26228e+00    1.28157e+04    5.06790e+02    6.49046e+02
    Proper Dih.  Improper Dih.        LJ (SR)   Coulomb (SR) Position Rest.
    4.35930e+02    4.16021e+02   -1.26687e+06   -1.40958e+04    1.52489e+01
      Potential    Kinetic En.   Total Energy  Conserved En.    Temperature
   -1.24751e+06    2.02729e+05   -1.04478e+06   -1.04925e+06    3.11146e+02
 Pressure (bar)   Constr. rmsd
   -1.83447e+01    1.14553e-06

           Step           Time
         475000     9500.00000

   Energies (kJ/mol)
           Bond  Harmonic Pot.          Angle       G96Angle  Restr. Angles
    1.84549e+04    3.92859e+00    1.28026e+04    5.82099e+02    7.04117e+02
    Proper Dih.  Improper Dih.        LJ (SR)   Coulomb (SR) Position Rest.
    4.16765e+02    4.50647e+02   -1.26755e+06   -1.42674e+04    2.26097e+01
      Potential    Kinetic En.   Total Energy  Conserved En.    Temperature
   -1.24838e+06    2.01679e+05   -1.04670e+06   -1.04935e+06    3.09535e+02
 Pressure (bar)   Constr. rmsd
   -4.03794e+01    1.14596e-06

           Step           Time
         500000    10000.00000

   Energies (kJ/mol)
           Bond  Harmonic Pot.          Angle       G96Angle  Restr. Angles
    1.85556e+04    3.69983e+00    1.26369e+04    5.31517e+02    6.85545e+02
    Proper Dih.  Improper Dih.        LJ (SR)   Coulomb (SR) Position Rest.
    3.83467e+02    4.75977e+02   -1.27093e+06   -1.43757e+04    2.37269e+01
      Potential    Kinetic En.   Total Energy  Conserved En.    Temperature
   -1.25200e+06    2.02621e+05   -1.04938e+06   -1.04951e+06    3.10981e+02
 Pressure (bar)   Constr. rmsd
   -2.48817e+01    1.22491e-06

           Step           Time
         525000    10500.00000

   Energies (kJ/mol)
           Bond  Harmonic Pot.          Angle       G96Angle  Restr. Angles
    1.84691e+04    3.42224e+00    1.27592e+04    5.57657e+02    6.60442e+02
    Proper Dih.  Improper Dih.        LJ (SR)   Coulomb (SR) Position Rest.
    3.81633e+02    4.15283e+02   -1.27071e+06   -1.40617e+04    2.27651e+01
      Potential    Kinetic En.   Total Energy  Conserved En.    Temperature
   -1.25150e+06    2.02560e+05   -1.04894e+06   -1.04964e+06    3.10887e+02
 Pressure (bar)   Constr. rmsd
    9.32670e+00    1.15393e-06

           Step           Time
         550000    11000.00000

   Energies (kJ/mol)
           Bond  Harmonic Pot.          Angle       G96Angle  Restr. Angles
    1.83737e+04    4.04486e+00    1.26676e+04    5.39533e+02    6.59892e+02
    Proper Dih.  Improper Dih.        LJ (SR)   Coulomb (SR) Position Rest.
    4.33964e+02    4.29194e+02   -1.27030e+06   -1.41975e+04    2.74668e+01
      Potential    Kinetic En.   Total Energy  Conserved En.    Temperature
   -1.25137e+06    2.01365e+05   -1.05000e+06   -1.04983e+06    3.09054e+02
 Pressure (bar)   Constr. rmsd
   -1.45725e+01    1.18810e-06

           Step           Time
         575000    11500.00000

   Energies (kJ/mol)
           Bond  Harmonic Pot.          Angle       G96Angle  Restr. Angles
    1.86631e+04    8.63867e+00    1.27619e+04    5.50649e+02    6.59137e+02
    Proper Dih.  Improper Dih.        LJ (SR)   Coulomb (SR) Position Rest.
    4.17646e+02    4.05754e+02   -1.27022e+06   -1.42945e+04    3.04787e+01
      Potential    Kinetic En.   Total Energy  Conserved En.    Temperature
   -1.25102e+06    2.02153e+05   -1.04887e+06   -1.04999e+06    3.10262e+02
 Pressure (bar)   Constr. rmsd
    2.45039e+01    1.20428e-06

           Step           Time
         600000    12000.00000

   Energies (kJ/mol)
           Bond  Harmonic Pot.          Angle       G96Angle  Restr. Angles
    1.88716e+04    3.47224e+00    1.27809e+04    5.22014e+02    6.66093e+02
    Proper Dih.  Improper Dih.        LJ (SR)   Coulomb (SR) Position Rest.
    4.26484e+02    4.32497e+02   -1.26928e+06   -1.41145e+04    2.65512e+01
      Potential    Kinetic En.   Total Energy  Conserved En.    Temperature
   -1.24967e+06    2.00975e+05   -1.04869e+06   -1.05010e+06    3.08455e+02
 Pressure (bar)   Constr. rmsd
   -7.95310e-01    1.18892e-06

           Step           Time
         625000    12500.00000

   Energies (kJ/mol)
           Bond  Harmonic Pot.          Angle       G96Angle  Restr. Angles
    1.79309e+04    2.22626e+00    1.29177e+04    5.42203e+02    6.56943e+02
    Proper Dih.  Improper Dih.        LJ (SR)   Coulomb (SR) Position Rest.
    3.71316e+02    4.15948e+02   -1.26775e+06   -1.41183e+04    2.84607e+01
      Potential    Kinetic En.   Total Energy  Conserved En.    Temperature
   -1.24901e+06    2.02717e+05   -1.04629e+06   -1.05034e+06    3.11127e+02
 Pressure (bar)   Constr. rmsd
    2.63923e+01    1.20792e-06

           Step           Time
         650000    13000.00000

   Energies (kJ/mol)
           Bond  Harmonic Pot.          Angle       G96Angle  Restr. Angles
    1.85745e+04    4.62188e+00    1.29601e+04    4.85294e+02    6.75801e+02
    Proper Dih.  Improper Dih.        LJ (SR)   Coulomb (SR) Position Rest.
    3.47200e+02    4.43859e+02   -1.26927e+06   -1.42539e+04    2.35597e+01
      Potential    Kinetic En.   Total Energy  Conserved En.    Temperature
   -1.25001e+06    2.03236e+05   -1.04678e+06   -1.05036e+06    3.11925e+02
 Pressure (bar)   Constr. rmsd
    3.69875e+01    1.21449e-06

           Step           Time
         675000    13500.00000

   Energies (kJ/mol)
           Bond  Harmonic Pot.          Angle       G96Angle  Restr. Angles
    1.89437e+04    2.78528e+00    1.24971e+04    5.71291e+02    6.90125e+02
    Proper Dih.  Improper Dih.        LJ (SR)   Coulomb (SR) Position Rest.
    3.85353e+02    4.85943e+02   -1.26948e+06   -1.42484e+04    2.33591e+01
      Potential    Kinetic En.   Total Energy  Conserved En.    Temperature
   -1.25013e+06    2.01774e+05   -1.04835e+06   -1.05018e+06    3.09681e+02
 Pressure (bar)   Constr. rmsd
    3.05298e+01    1.12818e-06

           Step           Time
         700000    14000.00000

   Energies (kJ/mol)
           Bond  Harmonic Pot.          Angle       G96Angle  Restr. Angles
    1.84089e+04    2.87093e+00    1.26734e+04    5.46856e+02    6.65566e+02
    Proper Dih.  Improper Dih.        LJ (SR)   Coulomb (SR) Position Rest.
    4.36190e+02    4.41426e+02   -1.26822e+06   -1.42381e+04    1.86537e+01
      Potential    Kinetic En.   Total Energy  Conserved En.    Temperature
   -1.24926e+06    2.02159e+05   -1.04710e+06   -1.05019e+06    3.10272e+02
 Pressure (bar)   Constr. rmsd
    2.79067e+00    1.18927e-06

           Step           Time
         725000    14500.00000

   Energies (kJ/mol)
           Bond  Harmonic Pot.          Angle       G96Angle  Restr. Angles
    1.85297e+04    7.26913e+00    1.27464e+04    5.27599e+02    6.29507e+02
    Proper Dih.  Improper Dih.        LJ (SR)   Coulomb (SR) Position Rest.
    4.16999e+02    4.46477e+02   -1.26981e+06   -1.39815e+04    1.96203e+01
      Potential    Kinetic En.   Total Energy  Conserved En.    Temperature
   -1.25047e+06    2.00939e+05   -1.04953e+06   -1.05014e+06    3.08399e+02
 Pressure (bar)   Constr. rmsd
   -4.90408e+01    1.13922e-06

           Step           Time
         750000    15000.00000

   Energies (kJ/mol)
           Bond  Harmonic Pot.          Angle       G96Angle  Restr. Angles
    1.85209e+04    3.43291e+00    1.27516e+04    5.21641e+02    7.14672e+02
    Proper Dih.  Improper Dih.        LJ (SR)   Coulomb (SR) Position Rest.
    4.26069e+02    4.51646e+02   -1.26982e+06   -1.41700e+04    1.50530e+01
      Potential    Kinetic En.   Total Energy  Conserved En.    Temperature
   -1.25059e+06    2.03327e+05   -1.04726e+06   -1.05029e+06    3.12064e+02
 Pressure (bar)   Constr. rmsd
    2.23206e+01    1.15518e-06

           Step           Time
         775000    15500.00000

   Energies (kJ/mol)
           Bond  Harmonic Pot.          Angle       G96Angle  Restr. Angles
    1.84815e+04    3.17435e+00    1.27480e+04    5.65614e+02    6.51448e+02
    Proper Dih.  Improper Dih.        LJ (SR)   Coulomb (SR) Position Rest.
    4.45173e+02    4.66990e+02   -1.26957e+06   -1.43920e+04    2.25853e+01
      Potential    Kinetic En.   Total Energy  Conserved En.    Temperature
   -1.25058e+06    2.00751e+05   -1.04982e+06   -1.05048e+06    3.08111e+02
 Pressure (bar)   Constr. rmsd
   -3.68536e+01    1.15482e-06

           Step           Time
         800000    16000.00000

   Energies (kJ/mol)
           Bond  Harmonic Pot.          Angle       G96Angle  Restr. Angles
    1.84724e+04    4.63015e+00    1.26738e+04    5.34182e+02    6.94155e+02
    Proper Dih.  Improper Dih.        LJ (SR)   Coulomb (SR) Position Rest.
    3.96451e+02    4.43643e+02   -1.26729e+06   -1.45053e+04    2.23884e+01
      Potential    Kinetic En.   Total Energy  Conserved En.    Temperature
   -1.24856e+06    2.00826e+05   -1.04773e+06   -1.05040e+06    3.08226e+02
 Pressure (bar)   Constr. rmsd
   -2.27942e+01    1.14789e-06

           Step           Time
         825000    16500.00000

   Energies (kJ/mol)
           Bond  Harmonic Pot.          Angle       G96Angle  Restr. Angles
    1.80975e+04    6.07091e+00    1.28049e+04    5.33489e+02    6.44147e+02
    Proper Dih.  Improper Dih.        LJ (SR)   Coulomb (SR) Position Rest.
    4.17345e+02    4.16608e+02   -1.26639e+06   -1.43242e+04    1.91867e+01
      Potential    Kinetic En.   Total Energy  Conserved En.    Temperature
   -1.24777e+06    2.01488e+05   -1.04629e+06   -1.05035e+06    3.09242e+02
 Pressure (bar)   Constr. rmsd
   -6.67853e+00    1.10381e-06

           Step           Time
         850000    17000.00000

   Energies (kJ/mol)
           Bond  Harmonic Pot.          Angle       G96Angle  Restr. Angles
    1.86884e+04    6.13807e+00    1.25700e+04    5.12892e+02    6.63224e+02
    Proper Dih.  Improper Dih.        LJ (SR)   Coulomb (SR) Position Rest.
    4.41101e+02    4.39322e+02   -1.26976e+06   -1.44712e+04    2.03252e+01
      Potential    Kinetic En.   Total Energy  Conserved En.    Temperature
   -1.25089e+06    2.02493e+05   -1.04840e+06   -1.05034e+06    3.10784e+02
 Pressure (bar)   Constr. rmsd
    4.23853e+00    1.12577e-06

           Step           Time
         875000    17500.00000

   Energies (kJ/mol)
           Bond  Harmonic Pot.          Angle       G96Angle  Restr. Angles
    1.82393e+04    3.18745e+00    1.27801e+04    5.67263e+02    7.12776e+02
    Proper Dih.  Improper Dih.        LJ (SR)   Coulomb (SR) Position Rest.
    3.80580e+02    4.61464e+02   -1.27001e+06   -1.41654e+04    1.98296e+01
      Potential    Kinetic En.   Total Energy  Conserved En.    Temperature
   -1.25101e+06    2.02192e+05   -1.04882e+06   -1.05038e+06    3.10323e+02
 Pressure (bar)   Constr. rmsd
    8.21685e+00    1.16738e-06

           Step           Time
         900000    18000.00000

   Energies (kJ/mol)
           Bond  Harmonic Pot.          Angle       G96Angle  Restr. Angles
    1.82905e+04    5.72461e+00    1.29397e+04    4.97703e+02    6.59973e+02
    Proper Dih.  Improper Dih.        LJ (SR)   Coulomb (SR) Position Rest.
    4.03741e+02    4.23142e+02   -1.26912e+06   -1.43185e+04    3.02496e+01
      Potential    Kinetic En.   Total Energy  Conserved En.    Temperature
   -1.25019e+06    2.02519e+05   -1.04767e+06   -1.05038e+06    3.10824e+02
 Pressure (bar)   Constr. rmsd
    1.06742e+01    1.10610e-06

           Step           Time
         925000    18500.00000

   Energies (kJ/mol)
           Bond  Harmonic Pot.          Angle       G96Angle  Restr. Angles
    1.86022e+04    7.65417e+00    1.28310e+04    5.39397e+02    7.05658e+02
    Proper Dih.  Improper Dih.        LJ (SR)   Coulomb (SR) Position Rest.
    4.13600e+02    4.44474e+02   -1.26980e+06   -1.41098e+04    2.00457e+01
      Potential    Kinetic En.   Total Energy  Conserved En.    Temperature
   -1.25035e+06    2.01342e+05   -1.04901e+06   -1.05025e+06    3.09018e+02
 Pressure (bar)   Constr. rmsd
   -1.42042e+01    1.06935e-06

           Step           Time
         950000    19000.00000

   Energies (kJ/mol)
           Bond  Harmonic Pot.          Angle       G96Angle  Restr. Angles
    1.84058e+04    5.66640e+00    1.29089e+04    4.75739e+02    6.74552e+02
    Proper Dih.  Improper Dih.        LJ (SR)   Coulomb (SR) Position Rest.
    4.06278e+02    4.54747e+02   -1.26907e+06   -1.43675e+04    1.53362e+01
      Potential    Kinetic En.   Total Energy  Conserved En.    Temperature
   -1.25009e+06    2.01815e+05   -1.04828e+06   -1.05025e+06    3.09744e+02
 Pressure (bar)   Constr. rmsd
   -1.73765e+01    1.07016e-06

           Step           Time
         975000    19500.00000

   Energies (kJ/mol)
           Bond  Harmonic Pot.          Angle       G96Angle  Restr. Angles
    1.87714e+04    4.62702e+00    1.29610e+04    5.69356e+02    6.42327e+02
    Proper Dih.  Improper Dih.        LJ (SR)   Coulomb (SR) Position Rest.
    4.02406e+02    4.33298e+02   -1.26973e+06   -1.41463e+04    2.05943e+01
      Potential    Kinetic En.   Total Energy  Conserved En.    Temperature
   -1.25007e+06    2.01789e+05   -1.04828e+06   -1.05033e+06    3.09703e+02
 Pressure (bar)   Constr. rmsd
    2.55881e+01    1.11040e-06

           Step           Time
        1000000    20000.00000

   Energies (kJ/mol)
           Bond  Harmonic Pot.          Angle       G96Angle  Restr. Angles
    1.85206e+04    4.48131e+00    1.26120e+04    5.12299e+02    6.59672e+02
    Proper Dih.  Improper Dih.        LJ (SR)   Coulomb (SR) Position Rest.
    3.78564e+02    3.80743e+02   -1.26815e+06   -1.43971e+04    1.96697e+01
      Potential    Kinetic En.   Total Energy  Conserved En.    Temperature
   -1.24946e+06    2.01423e+05   -1.04804e+06   -1.05044e+06    3.09141e+02
 Pressure (bar)   Constr. rmsd
    9.01545e+00    1.05130e-06

           Step           Time
        1025000    20500.00000

   Energies (kJ/mol)
           Bond  Harmonic Pot.          Angle       G96Angle  Restr. Angles
    1.84817e+04    4.50154e+00    1.28456e+04    5.54628e+02    6.71933e+02
    Proper Dih.  Improper Dih.        LJ (SR)   Coulomb (SR) Position Rest.
    4.15994e+02    4.19175e+02   -1.26718e+06   -1.43158e+04    1.74067e+01
      Potential    Kinetic En.   Total Energy  Conserved En.    Temperature
   -1.24808e+06    2.01667e+05   -1.04642e+06   -1.05051e+06    3.09517e+02
 Pressure (bar)   Constr. rmsd
   -2.09301e+01    1.08856e-06

           Step           Time
        1050000    21000.00000

   Energies (kJ/mol)
           Bond  Harmonic Pot.          Angle       G96Angle  Restr. Angles
    1.80705e+04    5.95829e+00    1.26181e+04    5.22028e+02    6.53769e+02
    Proper Dih.  Improper Dih.        LJ (SR)   Coulomb (SR) Position Rest.
    3.65156e+02    4.85174e+02   -1.27157e+06   -1.42025e+04    2.06990e+01
      Potential    Kinetic En.   Total Energy  Conserved En.    Temperature
   -1.25303e+06    2.01994e+05   -1.05104e+06   -1.05063e+06    3.10019e+02
 Pressure (bar)   Constr. rmsd
   -1.09662e+01    1.09963e-06

           Step           Time
        1075000    21500.00000

   Energies (kJ/mol)
           Bond  Harmonic Pot.          Angle       G96Angle  Restr. Angles
    1.85623e+04    5.79102e+00    1.28145e+04    4.95587e+02    6.42699e+02
    Proper Dih.  Improper Dih.        LJ (SR)   Coulomb (SR) Position Rest.
    4.42026e+02    4.20005e+02   -1.26966e+06   -1.42023e+04    2.62083e+01
      Potential    Kinetic En.   Total Energy  Conserved En.    Temperature
   -1.25045e+06    2.00177e+05   -1.05028e+06   -1.05076e+06    3.07229e+02
 Pressure (bar)   Constr. rmsd
   -1.60776e+01    1.07947e-06

           Step           Time
        1100000    22000.00000

   Energies (kJ/mol)
           Bond  Harmonic Pot.          Angle       G96Angle  Restr. Angles
    1.83750e+04    3.77035e+00    1.27228e+04    4.71345e+02    6.37793e+02
    Proper Dih.  Improper Dih.        LJ (SR)   Coulomb (SR) Position Rest.
    4.08036e+02    4.13586e+02   -1.27051e+06   -1.43082e+04    2.45760e+01
      Potential    Kinetic En.   Total Energy  Conserved En.    Temperature
   -1.25176e+06    2.00673e+05   -1.05109e+06   -1.05084e+06    3.07991e+02
 Pressure (bar)   Constr. rmsd
   -2.05855e+01    1.11434e-06

           Step           Time
        1125000    22500.00000

   Energies (kJ/mol)
           Bond  Harmonic Pot.          Angle       G96Angle  Restr. Angles
    1.84366e+04    5.29799e+00    1.24000e+04    5.33950e+02    7.02018e+02
    Proper Dih.  Improper Dih.        LJ (SR)   Coulomb (SR) Position Rest.
    3.83137e+02    4.08139e+02   -1.26847e+06   -1.42620e+04    2.60026e+01
      Potential    Kinetic En.   Total Energy  Conserved En.    Temperature
   -1.24984e+06    2.01905e+05   -1.04793e+06   -1.05106e+06    3.09882e+02
 Pressure (bar)   Constr. rmsd
   -2.30053e+01    1.10510e-06

           Step           Time
        1150000    23000.00000

   Energies (kJ/mol)
           Bond  Harmonic Pot.          Angle       G96Angle  Restr. Angles
    1.88980e+04    4.28719e+00    1.30063e+04    5.21608e+02    6.76264e+02
    Proper Dih.  Improper Dih.        LJ (SR)   Coulomb (SR) Position Rest.
    3.58282e+02    3.86247e+02   -1.26847e+06   -1.41049e+04    2.53056e+01
      Potential    Kinetic En.   Total Energy  Conserved En.    Temperature
   -1.24870e+06    2.01363e+05   -1.04734e+06   -1.05110e+06    3.09050e+02
 Pressure (bar)   Constr. rmsd
   -2.31280e+01    1.10727e-06

           Step           Time
        1175000    23500.00000

   Energies (kJ/mol)
           Bond  Harmonic Pot.          Angle       G96Angle  Restr. Angles
    1.82666e+04    5.30431e+00    1.26502e+04    5.54060e+02    6.94699e+02
    Proper Dih.  Improper Dih.        LJ (SR)   Coulomb (SR) Position Rest.
    4.23241e+02    4.06784e+02   -1.26952e+06   -1.44101e+04    2.49943e+01
      Potential    Kinetic En.   Total Energy  Conserved En.    Temperature
   -1.25090e+06    2.01187e+05   -1.04971e+06   -1.05100e+06    3.08780e+02
 Pressure (bar)   Constr. rmsd
   -2.29192e+00    1.11054e-06

           Step           Time
        1200000    24000.00000

   Energies (kJ/mol)
           Bond  Harmonic Pot.          Angle       G96Angle  Restr. Angles
    1.81727e+04    5.50252e+00    1.28613e+04    4.73353e+02    6.64765e+02
    Proper Dih.  Improper Dih.        LJ (SR)   Coulomb (SR) Position Rest.
    4.06562e+02    4.27418e+02   -1.26811e+06   -1.42771e+04    1.91624e+01
      Potential    Kinetic En.   Total Energy  Conserved En.    Temperature
   -1.24936e+06    2.01555e+05   -1.04780e+06   -1.05115e+06    3.09344e+02
 Pressure (bar)   Constr. rmsd
   -3.92963e+01    1.04384e-06

           Step           Time
        1225000    24500.00000

   Energies (kJ/mol)
           Bond  Harmonic Pot.          Angle       G96Angle  Restr. Angles
    1.82132e+04    6.71746e+00    1.26666e+04    4.60482e+02    6.84854e+02
    Proper Dih.  Improper Dih.        LJ (SR)   Coulomb (SR) Position Rest.
    3.87385e+02    4.76303e+02   -1.26988e+06   -1.42297e+04    2.13504e+01
      Potential    Kinetic En.   Total Energy  Conserved En.    Temperature
   -1.25120e+06    2.01138e+05   -1.05006e+06   -1.05129e+06    3.08705e+02
 Pressure (bar)   Constr. rmsd
   -2.12469e+01    1.02753e-06

           Step           Time
        1250000    25000.00000

   Energies (kJ/mol)
           Bond  Harmonic Pot.          Angle       G96Angle  Restr. Angles
    1.83981e+04    5.15308e+00    1.28530e+04    4.89517e+02    6.28233e+02
    Proper Dih.  Improper Dih.        LJ (SR)   Coulomb (SR) Position Rest.
    4.06486e+02    4.34748e+02   -1.26982e+06   -1.41308e+04    2.75366e+01
      Potential    Kinetic En.   Total Energy  Conserved En.    Temperature
   -1.25070e+06    2.01569e+05   -1.04914e+06   -1.05134e+06    3.09366e+02
 Pressure (bar)   Constr. rmsd
   -5.93031e+00    1.11645e-06

           Step           Time
        1275000    25500.00000

   Energies (kJ/mol)
           Bond  Harmonic Pot.          Angle       G96Angle  Restr. Angles
    1.85065e+04    6.59782e+00    1.25119e+04    5.15712e+02    6.91344e+02
    Proper Dih.  Improper Dih.        LJ (SR)   Coulomb (SR) Position Rest.
    4.55924e+02    4.64130e+02   -1.26905e+06   -1.44105e+04    2.16434e+01
      Potential    Kinetic En.   Total Energy  Conserved En.    Temperature
   -1.25029e+06    2.02728e+05   -1.04756e+06   -1.05144e+06    3.11144e+02
 Pressure (bar)   Constr. rmsd
    3.30277e+01    1.06575e-06

           Step           Time
        1300000    26000.00000

   Energies (kJ/mol)
           Bond  Harmonic Pot.          Angle       G96Angle  Restr. Angles
    1.86313e+04    2.77173e+00    1.27037e+04    5.00409e+02    7.05238e+02
    Proper Dih.  Improper Dih.        LJ (SR)   Coulomb (SR) Position Rest.
    3.95556e+02    4.11193e+02   -1.26790e+06   -1.42928e+04    2.05941e+01
      Potential    Kinetic En.   Total Energy  Conserved En.    Temperature
   -1.24882e+06    2.03221e+05   -1.04560e+06   -1.05166e+06    3.11902e+02
 Pressure (bar)   Constr. rmsd
    4.57734e+01    1.05325e-06

Writing checkpoint, step 1311820 at Sun Mar 16 02:51:27 2025


           Step           Time
        1325000    26500.00000

   Energies (kJ/mol)
           Bond  Harmonic Pot.          Angle       G96Angle  Restr. Angles
    1.83349e+04    3.75829e+00    1.24961e+04    5.29799e+02    7.00609e+02
    Proper Dih.  Improper Dih.        LJ (SR)   Coulomb (SR) Position Rest.
    3.99951e+02    4.56091e+02   -1.26839e+06   -1.39998e+04    2.13593e+01
      Potential    Kinetic En.   Total Energy  Conserved En.    Temperature
   -1.24944e+06    2.01864e+05   -1.04758e+06   -1.05176e+06    3.09818e+02
 Pressure (bar)   Constr. rmsd
   -2.33398e+01    1.07144e-06

           Step           Time
        1350000    27000.00000

   Energies (kJ/mol)
           Bond  Harmonic Pot.          Angle       G96Angle  Restr. Angles
    1.86162e+04    6.12855e+00    1.30543e+04    5.52190e+02    6.78725e+02
    Proper Dih.  Improper Dih.        LJ (SR)   Coulomb (SR) Position Rest.
    3.71115e+02    4.71481e+02   -1.26730e+06   -1.40191e+04    2.48922e+01
      Potential    Kinetic En.   Total Energy  Conserved En.    Temperature
   -1.24755e+06    2.02693e+05   -1.04486e+06   -1.05198e+06    3.11091e+02
 Pressure (bar)   Constr. rmsd
    9.98461e+00    1.00922e-06

           Step           Time
        1375000    27500.00000

   Energies (kJ/mol)
           Bond  Harmonic Pot.          Angle       G96Angle  Restr. Angles
    1.84579e+04    4.66745e+00    1.27250e+04    5.37203e+02    6.26235e+02
    Proper Dih.  Improper Dih.        LJ (SR)   Coulomb (SR) Position Rest.
    4.05219e+02    4.45569e+02   -1.27089e+06   -1.41762e+04    2.14926e+01
      Potential    Kinetic En.   Total Energy  Conserved En.    Temperature
   -1.25184e+06    2.02469e+05   -1.04937e+06   -1.05206e+06    3.10747e+02
 Pressure (bar)   Constr. rmsd
    2.11865e+01    1.03312e-06

           Step           Time
        1400000    28000.00000

   Energies (kJ/mol)
           Bond  Harmonic Pot.          Angle       G96Angle  Restr. Angles
    1.84201e+04    7.21639e+00    1.24967e+04    5.21943e+02    6.80185e+02
    Proper Dih.  Improper Dih.        LJ (SR)   Coulomb (SR) Position Rest.
    4.33552e+02    4.19067e+02   -1.26835e+06   -1.41060e+04    2.60586e+01
      Potential    Kinetic En.   Total Energy  Conserved En.    Temperature
   -1.24945e+06    2.01933e+05   -1.04752e+06   -1.05210e+06    3.09925e+02
 Pressure (bar)   Constr. rmsd
    1.13536e+00    1.08631e-06

           Step           Time
        1425000    28500.00000

   Energies (kJ/mol)
           Bond  Harmonic Pot.          Angle       G96Angle  Restr. Angles
    1.82709e+04    6.18828e+00    1.28943e+04    5.12946e+02    6.15600e+02
    Proper Dih.  Improper Dih.        LJ (SR)   Coulomb (SR) Position Rest.
    4.70798e+02    4.64595e+02   -1.26902e+06   -1.40237e+04    1.70598e+01
      Potential    Kinetic En.   Total Energy  Conserved En.    Temperature
   -1.24980e+06    2.02431e+05   -1.04736e+06   -1.05207e+06    3.10690e+02
 Pressure (bar)   Constr. rmsd
    3.60086e+01    1.04704e-06

           Step           Time
        1450000    29000.00000

   Energies (kJ/mol)
           Bond  Harmonic Pot.          Angle       G96Angle  Restr. Angles
    1.84641e+04    5.19603e+00    1.28589e+04    5.83773e+02    6.82583e+02
    Proper Dih.  Improper Dih.        LJ (SR)   Coulomb (SR) Position Rest.
    3.94837e+02    4.11104e+02   -1.26926e+06   -1.43082e+04    1.87115e+01
      Potential    Kinetic En.   Total Energy  Conserved En.    Temperature
   -1.25015e+06    2.01259e+05   -1.04889e+06   -1.05215e+06    3.08891e+02
 Pressure (bar)   Constr. rmsd
   -9.95588e+00    1.05632e-06

           Step           Time
        1475000    29500.00000

   Energies (kJ/mol)
           Bond  Harmonic Pot.          Angle       G96Angle  Restr. Angles
    1.84281e+04    3.59508e+00    1.30037e+04    4.83349e+02    6.22625e+02
    Proper Dih.  Improper Dih.        LJ (SR)   Coulomb (SR) Position Rest.
    4.34720e+02    3.83117e+02   -1.27061e+06   -1.44755e+04    2.32222e+01
      Potential    Kinetic En.   Total Energy  Conserved En.    Temperature
   -1.25170e+06    2.01204e+05   -1.05050e+06   -1.05220e+06    3.08806e+02
 Pressure (bar)   Constr. rmsd
    2.04553e+01    1.06992e-06

           Step           Time
        1500000    30000.00000

   Energies (kJ/mol)
           Bond  Harmonic Pot.          Angle       G96Angle  Restr. Angles
    1.87739e+04    5.87122e+00    1.27391e+04    5.76945e+02    6.54420e+02
    Proper Dih.  Improper Dih.        LJ (SR)   Coulomb (SR) Position Rest.
    3.77268e+02    3.85287e+02   -1.26847e+06   -1.42579e+04    1.94324e+01
      Potential    Kinetic En.   Total Energy  Conserved En.    Temperature
   -1.24919e+06    2.02693e+05   -1.04650e+06   -1.05247e+06    3.11091e+02
 Pressure (bar)   Constr. rmsd
    2.18031e+01    1.01672e-06

           Step           Time
        1525000    30500.00000

   Energies (kJ/mol)
           Bond  Harmonic Pot.          Angle       G96Angle  Restr. Angles
    1.86233e+04    5.41077e+00    1.28828e+04    5.41299e+02    6.85829e+02
    Proper Dih.  Improper Dih.        LJ (SR)   Coulomb (SR) Position Rest.
    4.30468e+02    4.61603e+02   -1.26985e+06   -1.41074e+04    1.73356e+01
      Potential    Kinetic En.   Total Energy  Conserved En.    Temperature
   -1.25031e+06    2.02936e+05   -1.04737e+06   -1.05276e+06    3.11464e+02
 Pressure (bar)   Constr. rmsd
    5.09018e+00    1.07029e-06

           Step           Time
        1550000    31000.00000

   Energies (kJ/mol)
           Bond  Harmonic Pot.          Angle       G96Angle  Restr. Angles
    1.86956e+04    3.88821e+00    1.26026e+04    5.28373e+02    6.30352e+02
    Proper Dih.  Improper Dih.        LJ (SR)   Coulomb (SR) Position Rest.
    4.20241e+02    4.36354e+02   -1.26924e+06   -1.42097e+04    1.75135e+01
      Potential    Kinetic En.   Total Energy  Conserved En.    Temperature
   -1.25012e+06    2.00750e+05   -1.04937e+06   -1.05286e+06    3.08109e+02
 Pressure (bar)   Constr. rmsd
   -2.65665e+01    1.05560e-06

           Step           Time
        1575000    31500.00000

   Energies (kJ/mol)
           Bond  Harmonic Pot.          Angle       G96Angle  Restr. Angles
    1.86601e+04    6.18590e+00    1.24707e+04    5.54983e+02    6.57102e+02
    Proper Dih.  Improper Dih.        LJ (SR)   Coulomb (SR) Position Rest.
    4.44773e+02    4.72709e+02   -1.26700e+06   -1.43338e+04    2.30685e+01
      Potential    Kinetic En.   Total Energy  Conserved En.    Temperature
   -1.24804e+06    2.02225e+05   -1.04582e+06   -1.05300e+06    3.10374e+02
 Pressure (bar)   Constr. rmsd
    1.38144e+01    1.01423e-06

           Step           Time
        1600000    32000.00000

   Energies (kJ/mol)
           Bond  Harmonic Pot.          Angle       G96Angle  Restr. Angles
    1.82669e+04    6.07340e+00    1.27547e+04    5.38799e+02    6.77033e+02
    Proper Dih.  Improper Dih.        LJ (SR)   Coulomb (SR) Position Rest.
    3.59791e+02    4.20503e+02   -1.26717e+06   -1.42881e+04    1.84148e+01
      Potential    Kinetic En.   Total Energy  Conserved En.    Temperature
   -1.24842e+06    2.01515e+05   -1.04691e+06   -1.05293e+06    3.09283e+02
 Pressure (bar)   Constr. rmsd
   -2.20158e+01    1.01750e-06

           Step           Time
        1625000    32500.00000

   Energies (kJ/mol)
           Bond  Harmonic Pot.          Angle       G96Angle  Restr. Angles
    1.81314e+04    6.40107e+00    1.28115e+04    5.84618e+02    6.44512e+02
    Proper Dih.  Improper Dih.        LJ (SR)   Coulomb (SR) Position Rest.
    3.97743e+02    3.74362e+02   -1.26612e+06   -1.40558e+04    2.62294e+01
      Potential    Kinetic En.   Total Energy  Conserved En.    Temperature
   -1.24720e+06    2.02059e+05   -1.04514e+06   -1.05298e+06    3.10118e+02
 Pressure (bar)   Constr. rmsd
   -1.90874e+01    1.01843e-06

           Step           Time
        1650000    33000.00000

   Energies (kJ/mol)
           Bond  Harmonic Pot.          Angle       G96Angle  Restr. Angles
    1.85857e+04    5.38941e+00    1.27003e+04    5.68283e+02    6.58378e+02
    Proper Dih.  Improper Dih.        LJ (SR)   Coulomb (SR) Position Rest.
    4.33840e+02    4.45383e+02   -1.26767e+06   -1.41510e+04    2.47161e+01
      Potential    Kinetic En.   Total Energy  Conserved En.    Temperature
   -1.24840e+06    2.01235e+05   -1.04717e+06   -1.05305e+06    3.08854e+02
 Pressure (bar)   Constr. rmsd
   -2.84792e+01    1.07352e-06

           Step           Time
        1675000    33500.00000

   Energies (kJ/mol)
           Bond  Harmonic Pot.          Angle       G96Angle  Restr. Angles
    1.81910e+04    5.47792e+00    1.27605e+04    5.39688e+02    7.28518e+02
    Proper Dih.  Improper Dih.        LJ (SR)   Coulomb (SR) Position Rest.
    4.04855e+02    4.39496e+02   -1.26704e+06   -1.39851e+04    2.09211e+01
      Potential    Kinetic En.   Total Energy  Conserved En.    Temperature
   -1.24794e+06    2.02829e+05   -1.04511e+06   -1.05328e+06    3.11300e+02
 Pressure (bar)   Constr. rmsd
   -2.55512e+01    1.12105e-06

           Step           Time
        1700000    34000.00000

   Energies (kJ/mol)
           Bond  Harmonic Pot.          Angle       G96Angle  Restr. Angles
    1.87455e+04    5.26509e+00    1.29131e+04    6.04441e+02    6.82348e+02
    Proper Dih.  Improper Dih.        LJ (SR)   Coulomb (SR) Position Rest.
    4.17952e+02    4.42639e+02   -1.26619e+06   -1.40232e+04    1.93589e+01
      Potential    Kinetic En.   Total Energy  Conserved En.    Temperature
   -1.24638e+06    2.03729e+05   -1.04265e+06   -1.05331e+06    3.12681e+02
 Pressure (bar)   Constr. rmsd
    2.79906e+01    1.09088e-06

           Step           Time
        1725000    34500.00000

   Energies (kJ/mol)
           Bond  Harmonic Pot.          Angle       G96Angle  Restr. Angles
    1.82307e+04    5.93548e+00    1.26277e+04    5.12008e+02    6.25258e+02
    Proper Dih.  Improper Dih.        LJ (SR)   Coulomb (SR) Position Rest.
    4.42756e+02    4.73610e+02   -1.26826e+06   -1.42319e+04    1.70769e+01
      Potential    Kinetic En.   Total Energy  Conserved En.    Temperature
   -1.24955e+06    2.00674e+05   -1.04888e+06   -1.05321e+06    3.07993e+02
 Pressure (bar)   Constr. rmsd
   -1.78309e+01    1.05843e-06

           Step           Time
        1750000    35000.00000

   Energies (kJ/mol)
           Bond  Harmonic Pot.          Angle       G96Angle  Restr. Angles
    1.87379e+04    3.72994e+00    1.26171e+04    5.75217e+02    6.95521e+02
    Proper Dih.  Improper Dih.        LJ (SR)   Coulomb (SR) Position Rest.
    3.94515e+02    4.66404e+02   -1.26764e+06   -1.41951e+04    2.01934e+01
      Potential    Kinetic En.   Total Energy  Conserved En.    Temperature
   -1.24833e+06    2.02265e+05   -1.04606e+06   -1.05310e+06    3.10434e+02
 Pressure (bar)   Constr. rmsd
    1.21644e+01    1.11173e-06

           Step           Time
        1775000    35500.00000

   Energies (kJ/mol)
           Bond  Harmonic Pot.          Angle       G96Angle  Restr. Angles
    1.83775e+04    7.23106e+00    1.25868e+04    5.59299e+02    6.65890e+02
    Proper Dih.  Improper Dih.        LJ (SR)   Coulomb (SR) Position Rest.
    4.25237e+02    4.46292e+02   -1.26732e+06   -1.41095e+04    2.06802e+01
      Potential    Kinetic En.   Total Energy  Conserved En.    Temperature
   -1.24834e+06    2.01517e+05   -1.04682e+06   -1.05313e+06    3.09287e+02
 Pressure (bar)   Constr. rmsd
   -7.75037e+00    1.06370e-06

           Step           Time
        1800000    36000.00000

   Energies (kJ/mol)
           Bond  Harmonic Pot.          Angle       G96Angle  Restr. Angles
    1.86006e+04    6.65018e+00    1.28794e+04    5.60674e+02    6.46362e+02
    Proper Dih.  Improper Dih.        LJ (SR)   Coulomb (SR) Position Rest.
    4.14524e+02    4.40697e+02   -1.26815e+06   -1.43569e+04    2.06713e+01
      Potential    Kinetic En.   Total Energy  Conserved En.    Temperature
   -1.24894e+06    2.04094e+05   -1.04484e+06   -1.05325e+06    3.13241e+02
 Pressure (bar)   Constr. rmsd
   -1.97596e-01    1.00555e-06

           Step           Time
        1825000    36500.00000

   Energies (kJ/mol)
           Bond  Harmonic Pot.          Angle       G96Angle  Restr. Angles
    1.82052e+04    5.84463e+00    1.24426e+04    4.53237e+02    6.39177e+02
    Proper Dih.  Improper Dih.        LJ (SR)   Coulomb (SR) Position Rest.
    4.06654e+02    4.58617e+02   -1.26724e+06   -1.44166e+04    2.28410e+01
      Potential    Kinetic En.   Total Energy  Conserved En.    Temperature
   -1.24902e+06    2.02740e+05   -1.04628e+06   -1.05312e+06    3.11164e+02
 Pressure (bar)   Constr. rmsd
   -1.45389e+00    1.09649e-06

           Step           Time
        1850000    37000.00000

   Energies (kJ/mol)
           Bond  Harmonic Pot.          Angle       G96Angle  Restr. Angles
    1.83291e+04    4.89255e+00    1.25399e+04    6.07820e+02    6.64736e+02
    Proper Dih.  Improper Dih.        LJ (SR)   Coulomb (SR) Position Rest.
    4.03358e+02    4.56097e+02   -1.26761e+06   -1.43276e+04    2.29640e+01
      Potential    Kinetic En.   Total Energy  Conserved En.    Temperature
   -1.24891e+06    2.03634e+05   -1.04528e+06   -1.05316e+06    3.12536e+02
 Pressure (bar)   Constr. rmsd
   -9.99379e+00    1.04755e-06

           Step           Time
        1875000    37500.00000

   Energies (kJ/mol)
           Bond  Harmonic Pot.          Angle       G96Angle  Restr. Angles
    1.81319e+04    7.86274e+00    1.26955e+04    5.41398e+02    7.03062e+02
    Proper Dih.  Improper Dih.        LJ (SR)   Coulomb (SR) Position Rest.
    3.46662e+02    4.80848e+02   -1.27113e+06   -1.42540e+04    1.93958e+01
      Potential    Kinetic En.   Total Energy  Conserved En.    Temperature
   -1.25246e+06    2.01826e+05   -1.05063e+06   -1.05340e+06    3.09761e+02
 Pressure (bar)   Constr. rmsd
    3.03938e+01    1.05331e-06

           Step           Time
        1900000    38000.00000

   Energies (kJ/mol)
           Bond  Harmonic Pot.          Angle       G96Angle  Restr. Angles
    1.86540e+04    4.82422e+00    1.27618e+04    5.54226e+02    6.45235e+02
    Proper Dih.  Improper Dih.        LJ (SR)   Coulomb (SR) Position Rest.
    4.18235e+02    4.81576e+02   -1.26945e+06   -1.43902e+04    1.88250e+01
      Potential    Kinetic En.   Total Energy  Conserved En.    Temperature
   -1.25030e+06    2.02576e+05   -1.04772e+06   -1.05376e+06    3.10911e+02
 Pressure (bar)   Constr. rmsd
    5.38791e+00    1.04002e-06

           Step           Time
        1925000    38500.00000

   Energies (kJ/mol)
           Bond  Harmonic Pot.          Angle       G96Angle  Restr. Angles
    1.84661e+04    8.81789e+00    1.27889e+04    5.62269e+02    6.82925e+02
    Proper Dih.  Improper Dih.        LJ (SR)   Coulomb (SR) Position Rest.
    3.98066e+02    4.27194e+02   -1.26833e+06   -1.39091e+04    1.44090e+01
      Potential    Kinetic En.   Total Energy  Conserved En.    Temperature
   -1.24889e+06    2.01296e+05   -1.04760e+06   -1.05359e+06    3.08946e+02
 Pressure (bar)   Constr. rmsd
    1.90909e+00    1.01726e-06

           Step           Time
        1950000    39000.00000

   Energies (kJ/mol)
           Bond  Harmonic Pot.          Angle       G96Angle  Restr. Angles
    1.81239e+04    9.94155e+00    1.25606e+04    5.50555e+02    6.60968e+02
    Proper Dih.  Improper Dih.        LJ (SR)   Coulomb (SR) Position Rest.
    4.12101e+02    4.12113e+02   -1.26965e+06   -1.43386e+04    1.59016e+01
      Potential    Kinetic En.   Total Energy  Conserved En.    Temperature
   -1.25124e+06    2.02988e+05   -1.04825e+06   -1.05365e+06    3.11545e+02
 Pressure (bar)   Constr. rmsd
    2.39974e+00    1.03026e-06

           Step           Time
        1975000    39500.00000

   Energies (kJ/mol)
           Bond  Harmonic Pot.          Angle       G96Angle  Restr. Angles
    1.84701e+04    6.65316e+00    1.25251e+04    5.26470e+02    7.37644e+02
    Proper Dih.  Improper Dih.        LJ (SR)   Coulomb (SR) Position Rest.
    3.82986e+02    4.85893e+02   -1.26678e+06   -1.41282e+04    2.20355e+01
      Potential    Kinetic En.   Total Energy  Conserved En.    Temperature
   -1.24775e+06    2.01299e+05   -1.04645e+06   -1.05378e+06    3.08952e+02
 Pressure (bar)   Constr. rmsd
   -2.74287e+00    1.07190e-06

           Step           Time
        2000000    40000.00000

   Energies (kJ/mol)
           Bond  Harmonic Pot.          Angle       G96Angle  Restr. Angles
    1.86024e+04    7.90648e+00    1.27816e+04    5.59324e+02    6.80749e+02
    Proper Dih.  Improper Dih.        LJ (SR)   Coulomb (SR) Position Rest.
    4.21539e+02    5.13042e+02   -1.26902e+06   -1.43202e+04    1.94897e+01
      Potential    Kinetic En.   Total Energy  Conserved En.    Temperature
   -1.24976e+06    2.02720e+05   -1.04704e+06   -1.05398e+06    3.11134e+02
 Pressure (bar)   Constr. rmsd
    3.37081e+00    1.09183e-06

           Step           Time
        2025000    40500.00000

   Energies (kJ/mol)
           Bond  Harmonic Pot.          Angle       G96Angle  Restr. Angles
    1.84301e+04    5.62393e+00    1.26182e+04    5.29788e+02    6.73974e+02
    Proper Dih.  Improper Dih.        LJ (SR)   Coulomb (SR) Position Rest.
    3.75174e+02    4.45541e+02   -1.26825e+06   -1.44500e+04    2.65094e+01
      Potential    Kinetic En.   Total Energy  Conserved En.    Temperature
   -1.24960e+06    2.01161e+05   -1.04844e+06   -1.05416e+06    3.08739e+02
 Pressure (bar)   Constr. rmsd
    6.17986e-01    1.05507e-06

           Step           Time
        2050000    41000.00000

   Energies (kJ/mol)
           Bond  Harmonic Pot.          Angle       G96Angle  Restr. Angles
    1.85229e+04    6.76297e+00    1.25271e+04    5.16871e+02    6.55681e+02
    Proper Dih.  Improper Dih.        LJ (SR)   Coulomb (SR) Position Rest.
    4.02381e+02    4.40790e+02   -1.26833e+06   -1.41494e+04    2.06483e+01
      Potential    Kinetic En.   Total Energy  Conserved En.    Temperature
   -1.24938e+06    2.02585e+05   -1.04680e+06   -1.05438e+06    3.10926e+02
 Pressure (bar)   Constr. rmsd
   -3.35723e+01    1.11294e-06

           Step           Time
        2075000    41500.00000

   Energies (kJ/mol)
           Bond  Harmonic Pot.          Angle       G96Angle  Restr. Angles
    1.81703e+04    3.15265e+00    1.27651e+04    5.44579e+02    7.50712e+02
    Proper Dih.  Improper Dih.        LJ (SR)   Coulomb (SR) Position Rest.
    4.12048e+02    3.94667e+02   -1.26975e+06   -1.38675e+04    2.22417e+01
      Potential    Kinetic En.   Total Energy  Conserved En.    Temperature
   -1.25055e+06    2.02870e+05   -1.04768e+06   -1.05451e+06    3.11363e+02
 Pressure (bar)   Constr. rmsd
   -9.22718e-01    1.04959e-06

           Step           Time
        2100000    42000.00000

   Energies (kJ/mol)
           Bond  Harmonic Pot.          Angle       G96Angle  Restr. Angles
    1.82443e+04    4.77174e+00    1.29672e+04    5.73406e+02    7.03382e+02
    Proper Dih.  Improper Dih.        LJ (SR)   Coulomb (SR) Position Rest.
    3.69293e+02    4.26282e+02   -1.26810e+06   -1.41363e+04    2.56054e+01
      Potential    Kinetic En.   Total Energy  Conserved En.    Temperature
   -1.24892e+06    2.01649e+05   -1.04727e+06   -1.05467e+06    3.09490e+02
 Pressure (bar)   Constr. rmsd
    9.50448e+00    1.10739e-06

           Step           Time
        2125000    42500.00000

   Energies (kJ/mol)
           Bond  Harmonic Pot.          Angle       G96Angle  Restr. Angles
    1.86999e+04    6.02051e+00    1.30739e+04    5.90389e+02    6.52424e+02
    Proper Dih.  Improper Dih.        LJ (SR)   Coulomb (SR) Position Rest.
    3.79468e+02    4.03634e+02   -1.26782e+06   -1.41237e+04    2.21711e+01
      Potential    Kinetic En.   Total Energy  Conserved En.    Temperature
   -1.24812e+06    2.02954e+05   -1.04516e+06   -1.05481e+06    3.11492e+02
 Pressure (bar)   Constr. rmsd
    3.42818e+01    1.11871e-06

           Step           Time
        2150000    43000.00000

   Energies (kJ/mol)
           Bond  Harmonic Pot.          Angle       G96Angle  Restr. Angles
    1.84634e+04    3.87840e+00    1.29539e+04    5.41975e+02    7.08516e+02
    Proper Dih.  Improper Dih.        LJ (SR)   Coulomb (SR) Position Rest.
    3.67207e+02    3.90472e+02   -1.26746e+06   -1.43465e+04    2.14729e+01
      Potential    Kinetic En.   Total Energy  Conserved En.    Temperature
   -1.24835e+06    2.00144e+05   -1.04821e+06   -1.05479e+06    3.07180e+02
 Pressure (bar)   Constr. rmsd
   -1.90151e+01    1.11877e-06

           Step           Time
        2175000    43500.00000

   Energies (kJ/mol)
           Bond  Harmonic Pot.          Angle       G96Angle  Restr. Angles
    1.82842e+04    7.98313e+00    1.23389e+04    5.76501e+02    6.45490e+02
    Proper Dih.  Improper Dih.        LJ (SR)   Coulomb (SR) Position Rest.
    4.31017e+02    4.44557e+02   -1.26966e+06   -1.41970e+04    2.25383e+01
      Potential    Kinetic En.   Total Energy  Conserved En.    Temperature
   -1.25111e+06    2.01678e+05   -1.04943e+06   -1.05480e+06    3.09533e+02
 Pressure (bar)   Constr. rmsd
   -1.60568e+01    1.04298e-06

           Step           Time
        2200000    44000.00000

   Energies (kJ/mol)
           Bond  Harmonic Pot.          Angle       G96Angle  Restr. Angles
    1.86185e+04    6.26194e+00    1.27928e+04    5.05675e+02    6.39526e+02
    Proper Dih.  Improper Dih.        LJ (SR)   Coulomb (SR) Position Rest.
    4.05408e+02    4.16698e+02   -1.26729e+06   -1.41649e+04    2.25907e+01
      Potential    Kinetic En.   Total Energy  Conserved En.    Temperature
   -1.24805e+06    2.03085e+05   -1.04496e+06   -1.05508e+06    3.11693e+02
 Pressure (bar)   Constr. rmsd
    1.41011e+01    1.11724e-06

           Step           Time
        2225000    44500.00000

   Energies (kJ/mol)
           Bond  Harmonic Pot.          Angle       G96Angle  Restr. Angles
    1.83628e+04    7.05534e+00    1.26521e+04    5.53198e+02    7.08293e+02
    Proper Dih.  Improper Dih.        LJ (SR)   Coulomb (SR) Position Rest.
    3.98014e+02    4.45837e+02   -1.27003e+06   -1.40290e+04    1.95883e+01
      Potential    Kinetic En.   Total Energy  Conserved En.    Temperature
   -1.25091e+06    2.02526e+05   -1.04839e+06   -1.05526e+06    3.10834e+02
 Pressure (bar)   Constr. rmsd
    7.02193e+00    1.04346e-06

           Step           Time
        2250000    45000.00000

   Energies (kJ/mol)
           Bond  Harmonic Pot.          Angle       G96Angle  Restr. Angles
    1.82477e+04    9.81449e+00    1.26420e+04    5.09630e+02    6.83384e+02
    Proper Dih.  Improper Dih.        LJ (SR)   Coulomb (SR) Position Rest.
    4.19644e+02    4.27659e+02   -1.27035e+06   -1.41457e+04    1.94301e+01
      Potential    Kinetic En.   Total Energy  Conserved En.    Temperature
   -1.25154e+06    2.01277e+05   -1.05026e+06   -1.05536e+06    3.08919e+02
 Pressure (bar)   Constr. rmsd
   -1.41075e+01    1.05827e-06

           Step           Time
        2275000    45500.00000

   Energies (kJ/mol)
           Bond  Harmonic Pot.          Angle       G96Angle  Restr. Angles
    1.83930e+04    6.82608e+00    1.24746e+04    5.01670e+02    6.26173e+02
    Proper Dih.  Improper Dih.        LJ (SR)   Coulomb (SR) Position Rest.
    3.97715e+02    4.58559e+02   -1.26946e+06   -1.43451e+04    1.92632e+01
      Potential    Kinetic En.   Total Energy  Conserved En.    Temperature
   -1.25093e+06    2.01570e+05   -1.04936e+06   -1.05550e+06    3.09368e+02
 Pressure (bar)   Constr. rmsd
   -1.65147e+01    1.06735e-06

           Step           Time
        2300000    46000.00000

   Energies (kJ/mol)
           Bond  Harmonic Pot.          Angle       G96Angle  Restr. Angles
    1.83136e+04    5.24313e+00    1.23922e+04    5.28334e+02    6.61108e+02
    Proper Dih.  Improper Dih.        LJ (SR)   Coulomb (SR) Position Rest.
    3.84876e+02    4.22240e+02   -1.26996e+06   -1.42766e+04    2.05116e+01
      Potential    Kinetic En.   Total Energy  Conserved En.    Temperature
   -1.25151e+06    2.01975e+05   -1.04953e+06   -1.05542e+06    3.09990e+02
 Pressure (bar)   Constr. rmsd
    2.14702e+01    1.07857e-06

           Step           Time
        2325000    46500.00000

   Energies (kJ/mol)
           Bond  Harmonic Pot.          Angle       G96Angle  Restr. Angles
    1.84665e+04    6.12531e+00    1.27969e+04    5.20389e+02    6.63904e+02
    Proper Dih.  Improper Dih.        LJ (SR)   Coulomb (SR) Position Rest.
    4.51814e+02    4.28129e+02   -1.26982e+06   -1.44889e+04    1.97162e+01
      Potential    Kinetic En.   Total Energy  Conserved En.    Temperature
   -1.25096e+06    2.01775e+05   -1.04918e+06   -1.05527e+06    3.09683e+02
 Pressure (bar)   Constr. rmsd
   -1.64154e+01    1.06568e-06

           Step           Time
        2350000    47000.00000

   Energies (kJ/mol)
           Bond  Harmonic Pot.          Angle       G96Angle  Restr. Angles
    1.86988e+04    1.02469e+01    1.28349e+04    5.57531e+02    6.87289e+02
    Proper Dih.  Improper Dih.        LJ (SR)   Coulomb (SR) Position Rest.
    4.02562e+02    4.23882e+02   -1.26828e+06   -1.43854e+04    1.57693e+01
      Potential    Kinetic En.   Total Energy  Conserved En.    Temperature
   -1.24904e+06    2.00809e+05   -1.04823e+06   -1.05541e+06    3.08201e+02
 Pressure (bar)   Constr. rmsd
   -2.62497e+01    1.06894e-06

           Step           Time
        2375000    47500.00000

   Energies (kJ/mol)
           Bond  Harmonic Pot.          Angle       G96Angle  Restr. Angles
    1.84730e+04    6.34139e+00    1.27401e+04    5.40596e+02    6.84981e+02
    Proper Dih.  Improper Dih.        LJ (SR)   Coulomb (SR) Position Rest.
    3.99664e+02    4.71115e+02   -1.27025e+06   -1.43098e+04    1.99172e+01
      Potential    Kinetic En.   Total Energy  Conserved En.    Temperature
   -1.25122e+06    2.01125e+05   -1.05010e+06   -1.05549e+06    3.08684e+02
 Pressure (bar)   Constr. rmsd
   -2.76748e+01    1.11444e-06

           Step           Time
        2400000    48000.00000

   Energies (kJ/mol)
           Bond  Harmonic Pot.          Angle       G96Angle  Restr. Angles
    1.81132e+04    8.32990e+00    1.29020e+04    5.60486e+02    7.06460e+02
    Proper Dih.  Improper Dih.        LJ (SR)   Coulomb (SR) Position Rest.
    4.29183e+02    4.27517e+02   -1.26802e+06   -1.41217e+04    2.52415e+01
      Potential    Kinetic En.   Total Energy  Conserved En.    Temperature
   -1.24897e+06    2.03137e+05   -1.04583e+06   -1.05557e+06    3.11773e+02
 Pressure (bar)   Constr. rmsd
    4.69175e+01    1.10759e-06

           Step           Time
        2425000    48500.00000

   Energies (kJ/mol)
           Bond  Harmonic Pot.          Angle       G96Angle  Restr. Angles
    1.84231e+04    7.03669e+00    1.28080e+04    6.03744e+02    6.66970e+02
    Proper Dih.  Improper Dih.        LJ (SR)   Coulomb (SR) Position Rest.
    4.04967e+02    4.28951e+02   -1.27124e+06   -1.44261e+04    2.47491e+01
      Potential    Kinetic En.   Total Energy  Conserved En.    Temperature
   -1.25230e+06    2.00951e+05   -1.05135e+06   -1.05559e+06    3.08417e+02
 Pressure (bar)   Constr. rmsd
    8.77962e+00    1.08921e-06

           Step           Time
        2450000    49000.00000

   Energies (kJ/mol)
           Bond  Harmonic Pot.          Angle       G96Angle  Restr. Angles
    1.79894e+04    7.83693e+00    1.26447e+04    5.14446e+02    6.68821e+02
    Proper Dih.  Improper Dih.        LJ (SR)   Coulomb (SR) Position Rest.
    4.27920e+02    4.50458e+02   -1.26890e+06   -1.42086e+04    2.03425e+01
      Potential    Kinetic En.   Total Energy  Conserved En.    Temperature
   -1.25038e+06    2.00815e+05   -1.04957e+06   -1.05581e+06    3.08210e+02
 Pressure (bar)   Constr. rmsd
   -3.02486e+01    1.13466e-06

           Step           Time
        2475000    49500.00000

   Energies (kJ/mol)
           Bond  Harmonic Pot.          Angle       G96Angle  Restr. Angles
    1.85745e+04    6.72678e+00    1.30067e+04    5.51634e+02    6.68411e+02
    Proper Dih.  Improper Dih.        LJ (SR)   Coulomb (SR) Position Rest.
    4.16330e+02    4.33597e+02   -1.27018e+06   -1.41792e+04    1.82821e+01
      Potential    Kinetic En.   Total Energy  Conserved En.    Temperature
   -1.25068e+06    2.00985e+05   -1.04969e+06   -1.05581e+06    3.08470e+02
 Pressure (bar)   Constr. rmsd
    2.79515e+01    1.06344e-06

           Step           Time
        2500000    50000.00000

   Energies (kJ/mol)
           Bond  Harmonic Pot.          Angle       G96Angle  Restr. Angles
    1.86164e+04    6.94084e+00    1.27857e+04    5.05309e+02    7.12260e+02
    Proper Dih.  Improper Dih.        LJ (SR)   Coulomb (SR) Position Rest.
    3.72843e+02    3.92987e+02   -1.27173e+06   -1.40522e+04    1.91895e+01
      Potential    Kinetic En.   Total Energy  Conserved En.    Temperature
   -1.25237e+06    2.04125e+05   -1.04824e+06   -1.05588e+06    3.13290e+02
 Pressure (bar)   Constr. rmsd
    3.27389e+01    1.10308e-06

           Step           Time
        2525000    50500.00000

   Energies (kJ/mol)
           Bond  Harmonic Pot.          Angle       G96Angle  Restr. Angles
    1.86321e+04    8.35385e+00    1.23820e+04    5.70693e+02    6.69227e+02
    Proper Dih.  Improper Dih.        LJ (SR)   Coulomb (SR) Position Rest.
    4.36170e+02    4.36227e+02   -1.26750e+06   -1.45789e+04    1.94449e+01
      Potential    Kinetic En.   Total Energy  Conserved En.    Temperature
   -1.24892e+06    2.03093e+05   -1.04583e+06   -1.05606e+06    3.11705e+02
 Pressure (bar)   Constr. rmsd
   -1.46188e+01    1.07301e-06

           Step           Time
        2550000    51000.00000

   Energies (kJ/mol)
           Bond  Harmonic Pot.          Angle       G96Angle  Restr. Angles
    1.83939e+04    9.59593e+00    1.26157e+04    5.87731e+02    7.21402e+02
    Proper Dih.  Improper Dih.        LJ (SR)   Coulomb (SR) Position Rest.
    3.86737e+02    4.22315e+02   -1.26808e+06   -1.43422e+04    1.71320e+01
      Potential    Kinetic En.   Total Energy  Conserved En.    Temperature
   -1.24927e+06    2.01686e+05   -1.04758e+06   -1.05599e+06    3.09545e+02
 Pressure (bar)   Constr. rmsd
    1.38518e+01    1.09493e-06

           Step           Time
        2575000    51500.00000

   Energies (kJ/mol)
           Bond  Harmonic Pot.          Angle       G96Angle  Restr. Angles
    1.85682e+04    8.86737e+00    1.27065e+04    5.54510e+02    6.67241e+02
    Proper Dih.  Improper Dih.        LJ (SR)   Coulomb (SR) Position Rest.
    3.87211e+02    4.39515e+02   -1.26978e+06   -1.40244e+04    2.24670e+01
      Potential    Kinetic En.   Total Energy  Conserved En.    Temperature
   -1.25045e+06    2.01252e+05   -1.04920e+06   -1.05612e+06    3.08880e+02
 Pressure (bar)   Constr. rmsd
    1.66944e+01    1.12175e-06


Step 2597780: Run time exceeded 0.495 hours, will terminate the run within 40 steps
           Step           Time
        2597800    51956.00000

Writing checkpoint, step 2597800 at Sun Mar 16 03:06:08 2025


   Energies (kJ/mol)
           Bond  Harmonic Pot.          Angle       G96Angle  Restr. Angles
    1.84344e+04    1.00568e+01    1.26619e+04    5.39475e+02    6.59815e+02
    Proper Dih.  Improper Dih.        LJ (SR)   Coulomb (SR) Position Rest.
    3.77406e+02    4.39611e+02   -1.26987e+06   -1.39776e+04    2.51302e+01
      Potential    Kinetic En.   Total Energy  Conserved En.    Temperature
   -1.25070e+06    2.01877e+05   -1.04882e+06   -1.05598e+06    3.09839e+02
 Pressure (bar)   Constr. rmsd
   -3.87416e+00    1.09267e-06


Energy conservation over simulation part #1 of length 51956 ps, time 0 to 51956 ps
  Conserved energy drift: -2.93e-06 kJ/mol/ps per atom


	<======  ###############  ==>
	<====  A V E R A G E S  ====>
	<==  ###############  ======>

	Statistics over 2597801 steps using 25979 frames

   Energies (kJ/mol)
           Bond  Harmonic Pot.          Angle       G96Angle  Restr. Angles
    1.84765e+04    5.64250e+00    1.27215e+04    5.33137e+02    6.70903e+02
    Proper Dih.  Improper Dih.        LJ (SR)   Coulomb (SR) Position Rest.
    4.15172e+02    4.43862e+02   -1.26890e+06   -1.42306e+04    2.09899e+01
      Potential    Kinetic En.   Total Energy  Conserved En.    Temperature
   -1.24984e+06    2.01986e+05   -1.04785e+06   -1.05185e+06    3.10006e+02
 Pressure (bar)   Constr. rmsd
    1.03894e+00    0.00000e+00

          Box-X          Box-Y          Box-Z
    1.80801e+01    1.80801e+01    1.83877e+01

   Total Virial (kJ/mol)
    6.72387e+04    1.66951e+01    7.61777e+00
    1.66948e+01    6.73216e+04    2.25426e+01
    7.61701e+00    2.25433e+01    6.68699e+04

   Pressure (bar)
    1.29309e+00   -1.02881e-01   -4.32301e-02
   -1.02880e-01    8.10018e-01   -1.02007e-01
   -4.32259e-02   -1.02011e-01    1.01371e+00

      T-Solvent         T-Rest
    3.09994e+02    3.10041e+02


	M E G A - F L O P S   A C C O U N T I N G

 NB=Group-cutoff nonbonded kernels    NxN=N-by-N cluster Verlet kernels
 RF=Reaction-Field  VdW=Van der Waals  QSTab=quadratic-spline table
 W3=SPC/TIP3p  W4=TIP4p (single or pairs)
 V&F=Potential and force  V=Potential only  F=Force only

 Computing:                               M-Number         M-Flops  % Flops
-----------------------------------------------------------------------------
 Pair Search distance check         1011359.081248     9102231.731     1.4
 NxN RF Elec. + LJ [F]              2900612.525560   110223275.971    17.3
 NxN RF Elec. + LJ [V&F]              29299.823656     1582190.477     0.2
 NxN LJ [F]                        15099661.776704   498288838.631    78.4
 NxN LJ [V&F]                        152529.358240     6558762.404     1.0
 NxN RF Electrostatics [F]             5445.997656      168825.927     0.0
 NxN RF Electrostatics [V&F]             55.108136        1983.893     0.0
 Shift-X                               7100.621406       42603.728     0.0
 Bonds                                37701.885913     2224411.269     0.4
 Angles                               27845.828919     4678099.258     0.7
 Propers                                576.711822      132067.007     0.0
 Impropers                             1124.847833      233968.349     0.0
 Pos. Restr.                            413.050359       20652.518     0.0
 Virial                                7106.466501      127916.397     0.0
 Stop-CM                               1420.222680       14202.227     0.0
 Calc-Ekin                            14201.242812      383433.556     0.1
 Lincs                                 3883.715485      233022.929     0.0
 Lincs-Mat                           190948.911712      763795.647     0.1
 Constraint-V                          7767.427980       69906.852     0.0
 Constraint-Vir                         194.187045        4660.489     0.0
 Virtual Site 3out                     5196.253260      452074.034     0.1
 Virtual Site N                         144.567676        2168.515     0.0
-----------------------------------------------------------------------------
 Total                                               635309091.811   100.0
-----------------------------------------------------------------------------


      R E A L   C Y C L E   A N D   T I M E   A C C O U N T I N G

On 1 MPI rank, each using 64 OpenMP threads

 Activity:              Num   Num      Call    Wall time         Giga-Cycles
                        Ranks Threads  Count      (s)         total sum    %
--------------------------------------------------------------------------------
 Vsite constr.             1   64    2597801      27.479       1846.571   1.5
 Neighbor search           1   64     129891     125.459       8430.844   7.0
 Force                     1   64    2597801     822.468      55269.791  46.2
 NB X/F buffer ops.        1   64    5065711     148.555       9982.862   8.3
 Vsite spread              1   64    2727692      39.181       2632.929   2.2
 Write traj.               1   64        106       0.444         29.859   0.0
 Update                    1   64    2597801      55.407       3723.340   3.1
 Constraints               1   64    2597803     538.120      36161.615  30.2
 Rest                                             25.047       1683.141   1.4
--------------------------------------------------------------------------------
 Total                                          1782.158     119760.951 100.0
--------------------------------------------------------------------------------

               Core t (s)   Wall t (s)        (%)
       Time:   114057.577     1782.158     6400.0
                 (ns/day)    (hour/ns)
Performance:     2518.857        0.010
Finished mdrun on rank 0 Sun Mar 16 03:06:08 2025

