>> jobid        = structure_077031477
>> outpath      = /tmp/out
>> registry     = registry-0.mummi.default.svc.cluster.local:5000
>> hostname     = cganalysis-p3-2xlarge-structure-077031477-xpnpx
mkdir: created directory '/tmp/out'
  % Total    % Received % Xferd  Average Speed   Time    Time     Time  Current
                                 Dload  Upload   Total   Spent    Left  Speed
  0     0    0     0    0     0      0      0 --:--:-- --:--:-- --:--:--     0  0     0    0     0    0     0      0      0 --:--:-- --:--:-- --:--:--     0
100 4132k  100 4132k    0     0  25.7M      0 --:--:-- --:--:-- --:--:-- 25.7M
/tmp/out
>> simname  = structure_099868581
>> outpath  = /tmp/out
>> registry = 
>> locpath  = /tmp/workdir
>> gmx      = /miniconda3/bin/gmx
>> pwd      = /tmp/workdir
>> hostname = cganalysis-p3-2xlarge-structure-077031477-xpnpx
>> xtclast = , cframe = 0
2025-03-24 01:14:42,800 - [MainProcess:49] root:init_logger:344 - INFO - Enabled
2025-03-24 01:14:42,800 - [MainProcess:49] root:init_logger:345 - WARNING - Enabled
2025-03-24 01:14:42,800 - [MainProcess:49] root:init_logger:346 - ERROR - Enabled
2025-03-24 01:14:42,800 - [MainProcess:49] root:init_logger:347 - CRITICAL - Enabled
2025-03-24 01:14:42,812 - [MainProcess:49] root:_log_profile:78 - PROFILE - [196.676 MB]: Enabled
2025-03-24 01:14:42,812 - [MainProcess:49] mummi_ras.online.cg.cganalysis:run_cganalysis:849 - INFO - Running CG analysis, options are:
2025-03-24 01:14:42,812 - [MainProcess:49] mummi_ras.online.cg.cganalysis:run_cganalysis:850 - INFO - Namespace(simname='structure_099868581', fcount=0, noninteractive=False, path='/tmp/workdir', pathremote='', fstype='mummi', fbio='mummi', nprocs=1, loglevel=2, logpath='./', logstdout=True, test=False, no_gpu=False, logfile='cg_analysis', maxsimtime=250000000, stopsimtime=100, minsimtime=100000000, frameProcessBatchSize=10, siminputs='/tmp/out', simbin='gmx', simruntime='0.5', simcores=3, nofeedback=False, backend=<MDEngine.GROMACS_PARTS: <class 'mummi_ras.online.simulation.GROMACS_PARTS'>>, mini=True)
2025-03-24 01:14:42,812 - [MainProcess:49] mummi_ras.online.cg.cganalysis:run_cganalysis:851 - INFO - local path = /tmp/workdir
2025-03-24 01:14:42,812 - [MainProcess:49] mummi_ras.online.cg.cganalysis:run_cganalysis:855 - INFO - No remote path
2025-03-24 01:14:42,871 - [MainProcess:49] mummi_ras.online.cg.cganalysis:run_cganalysis:863 - INFO - Using IO_Interface [<class 'mummi_ras.interfaces.mummi.IO_Mummi'>] for data output
2025-03-24 01:14:42,871 - [MainProcess:49] mummi_ras.online.cg.cganalysis:run_cganalysis:864 - INFO - Using IO_Interface [<class 'mummi_ras.interfaces.mummi.IO_Mummi'>] for feedback output
2025-03-24 01:14:42,871 - [MainProcess:49] mummi_ras.online.cg.cgoptions:__init__:46 - INFO - Loading parameters from /opt/clones/mummi_resources/analysis/cg/cg_analysis_parameters.yaml
2025-03-24 01:14:42,873 - [MainProcess:49] mummi_ras.feedback.feedback_manager_cg2ml:__init__:56 - INFO - Initialized FeedbackManager (type = FeedbackManagerType.Worker; name = structure_099868581; host = cganalysis-p3-2xlarge-structure-077031477-xpnpx)
2025-03-24 01:14:42,893 - [MainProcess:49] mummi_ras.parsers.cg:setup:68 - INFO - Initializing CGParser (MDAnalysis version 2.8.0)
2025-03-24 01:14:42,893 - [MainProcess:49] mummi_ras.parsers.cg:setup:69 - INFO - 	Loading: (/tmp/workdir/lipids-water-eq6.gro) (/tmp/workdir/topol.tpr)
2025-03-24 01:14:42,894 - [MainProcess:49] MDAnalysis.topology.TPRparser:_log_header:257 - INFO - Gromacs version   : b'VERSION 2024.2-conda_forge'
2025-03-24 01:14:42,894 - [MainProcess:49] MDAnalysis.topology.TPRparser:_log_header:258 - INFO - tpx version       : 133
2025-03-24 01:14:42,895 - [MainProcess:49] MDAnalysis.topology.TPRparser:_log_header:259 - INFO - tpx generation    : 28
2025-03-24 01:14:42,895 - [MainProcess:49] MDAnalysis.topology.TPRparser:_log_header:260 - INFO - tpx precision     : 4
2025-03-24 01:14:42,895 - [MainProcess:49] MDAnalysis.topology.TPRparser:_log_header:261 - INFO - tpx file_tag      : b'release'
2025-03-24 01:14:42,895 - [MainProcess:49] MDAnalysis.topology.TPRparser:_log_header:262 - INFO - tpx natoms        : 54810
2025-03-24 01:14:42,895 - [MainProcess:49] MDAnalysis.topology.TPRparser:_log_header:263 - INFO - tpx ngtc          : 2
2025-03-24 01:14:42,895 - [MainProcess:49] MDAnalysis.topology.TPRparser:_log_header:264 - INFO - tpx fep_state     : 0
2025-03-24 01:14:42,895 - [MainProcess:49] MDAnalysis.topology.TPRparser:_log_header:265 - INFO - tpx lambda        : 0.0
2025-03-24 01:14:43,368 - [MainProcess:49] MDAnalysis.core.universe:guess_TopologyAttrs:1645 - INFO - The attribute(s) types, masses have already been read from the topology file. The guesser will only guess empty values for this attribute, if any exists. To overwrite it by completely guessed values, you can pass the attribute to the force_guess parameter instead of the to_guess one
2025-03-24 01:14:43,371 - [MainProcess:49] MDAnalysis.guesser.base:guess_attr:177 - INFO - There is no empty types values. Guesser did not guess any new values for types attribute
2025-03-24 01:14:43,371 - [MainProcess:49] MDAnalysis.guesser.base:guess_attr:177 - INFO - There is no empty masses values. Guesser did not guess any new values for masses attribute
2025-03-24 01:14:43,371 - [MainProcess:49] mummi_ras.parsers.cg:setup:74 - INFO - 	Number of frames in sim: 1
2025-03-24 01:14:43,371 - [MainProcess:49] mummi_ras.parsers.cg:setup:75 - INFO - 	Number of atoms in sim: 54810
2025-03-24 01:14:43,372 - [MainProcess:49] mummi_ras.parsers.cg:setup:76 - INFO - 	Sim dimensions: [180.58821 180.58821 184.80869]
2025-03-24 01:14:43,397 - [MainProcess:49] mummi_ras.parsers.cg:_setup_lipids:103 - WARNING -  Resnames ['ALA' 'ARG' 'ASN' 'ASP' 'CGW' 'CYF' 'CYM' 'CYS' 'GLN' 'GLU' 'GLY' 'GTP'
 'HSE' 'ILE' 'ION' 'LEU' 'LYS' 'MET' 'MG' 'PHE' 'PRO' 'SER' 'THR' 'TRP'
 'TYR' 'VAL' 'W' 'ZN2'] either not lipids or not supported!
2025-03-24 01:14:43,663 - [MainProcess:49] mummi_ras.parsers.cg:_setup_lipids:145 - WARNING - Found leaflets of size 448 355
2025-03-24 01:14:43,667 - [MainProcess:49] mummi_ras.parsers.cg_aligner:init:144 - INFO - origin: (165,): ['THR', 'GLU', 'TYR', 'LYS', 'LEU', 'VAL', 'VAL', 'VAL', 'GLY', 'ALA', 'ASP', 'GLY', 'VAL', 'GLY', 'LYS', 'SER', 'ALA', 'LEU', 'THR', 'ILE', 'GLN', 'LEU', 'ILE', 'GLN', 'ASN', 'HSE', 'PHE', 'VAL', 'ASP', 'GLU', 'TYR', 'ASP', 'PRO', 'THR', 'ILE', 'GLU', 'ASP', 'SER', 'TYR', 'ARG', 'LYS', 'GLN', 'VAL', 'VAL', 'ILE', 'ASP', 'GLY', 'GLU', 'THR', 'CYS', 'LEU', 'LEU', 'ASP', 'ILE', 'LEU', 'ASP', 'THR', 'ALA', 'GLY', 'GLN', 'GLU', 'GLU', 'TYR', 'SER', 'ALA', 'MET', 'ARG', 'ASP', 'GLN', 'TYR', 'MET', 'ARG', 'THR', 'GLY', 'GLU', 'GLY', 'PHE', 'LEU', 'CYS', 'VAL', 'PHE', 'ALA', 'ILE', 'ASN', 'ASN', 'THR', 'LYS', 'SER', 'PHE', 'GLU', 'ASP', 'ILE', 'HSE', 'HSE', 'TYR', 'ARG', 'GLU', 'GLN', 'ILE', 'LYS', 'ARG', 'VAL', 'LYS', 'ASP', 'SER', 'GLU', 'ASP', 'VAL', 'PRO', 'MET', 'VAL', 'LEU', 'VAL', 'GLY', 'ASN', 'LYS', 'CYS', 'ASP', 'LEU', 'PRO', 'SER', 'ARG', 'THR', 'VAL', 'ASP', 'THR', 'LYS', 'GLN', 'ALA', 'GLN', 'ASP', 'LEU', 'ALA', 'ARG', 'SER', 'TYR', 'GLY', 'ILE', 'PRO', 'PHE', 'ILE', 'GLU', 'THR', 'SER', 'ALA', 'LYS', 'THR', 'ARG', 'GLN', 'GLY', 'VAL', 'ASP', 'ASP', 'ALA', 'PHE', 'TYR', 'THR', 'LEU', 'VAL', 'ARG', 'GLU', 'ILE', 'ARG', 'LYS', 'HSE']
2025-03-24 01:14:43,667 - [MainProcess:49] mummi_ras.parsers.cg_aligner:init:145 - INFO - xaxis:  (8,): ['THR', 'PHE', 'PHE', 'THR', 'LEU', 'LEU', 'PHE', 'GLN']
2025-03-24 01:14:43,670 - [MainProcess:49] mummi_ras.online.cg.cganalysis:run_cganalysis:946 - INFO - Testing flags: [Success='cg_success', Fail='cg_failure']
2025-03-24 01:14:43,670 - [MainProcess:49] mummi_ras.online.cg.cganalysis:run_cganalysis:947 - INFO - Checking for exit condition [/tmp/workdir] (pass=False fail=False)
2025-03-24 01:14:43,670 - [MainProcess:49] mummi_ras.online.simulation:run:98 - INFO - Starting /miniconda3/bin/gmx....
2025-03-24 01:14:43,670 - [MainProcess:49] mummi_ras.online.simulation:run:112 - INFO - cmd =       /miniconda3/bin/gmx mdrun -cpi -nb gpu -ntmpi 1 -ntomp 3 -pin off -maxh 0.5 >> mdrun.log 2>&1
2025-03-24 01:14:43,670 - [MainProcess:49] mummi_ras.online.simulation:run:113 - INFO - os.pwd =    /tmp/out
2025-03-24 01:14:43,670 - [MainProcess:49] mummi_ras.online.simulation:run:114 - INFO - simdir =    /tmp/workdir
2025-03-24 01:14:48,679 - [MainProcess:49] mummi_ras.online.simulation:run:119 - INFO - Process Running? None
2025-03-24 01:14:48,680 - [MainProcess:49] mummi_ras.online.simulation:run:123 - INFO - CUDA_VISIBLE_DEVICES=UNSET
2025-03-24 01:14:48,680 - [MainProcess:49] mummi_ras.online.simulation:run:124 - INFO - ROCR_VISIBLE_DEVICES=UNSET
2025-03-24 01:44:26,947 - [MainProcess:49] mummi_ras.online.cg.cganalysis:run_main_analysis:293 - INFO - CG analysis is stopping.
> Initialized MuMMI
	> MuMMI_ROOT: (/opt/clones/mummi-ras)
	> MuMMI_Resources: (/opt/clones/mummi_resources)
	> MuMMI_Specs: (/opt/clones/mummi-ras/specs)

> Creating MuMMI root hierarchy at (/opt/clones/mummi-ras)

> Initializing logger:  level = (2), stdout = (True), file = (./cg_analysis.log), history = (False),  memusage = (False)
=== times
{"times": {}, "timestamps": {"cganalysis_run_start": 1742778882.81238, "cganalysis_load_mdanalysis_start": 1742778882.893389, "cganalysis_load_mdanalysis_complete": 1742778883.6676364, "cganalysis_run_simulation_start": 1742778883.6703396, "cganalysis_simrun_start": 1742778883.6704679, "cganalysis_simrun_complete": 1742778888.6807559, "cganalysis_run_simulation_complete": 1742778888.6807745, "cganalysis_main_analysis_start": 1742778888.6807811, "cganalysis_main_analysis_complete": 1742780666.9476523, "cganalysis_run_complete": 1742780666.947823}}
===

real	29m45.305s
user	88m5.570s
sys	0m28.468s
Simulation was successful
099868581
cganalysis-times.json
createsims-times.json
createsims.log
createsims.tar.gz
createsims_success
ener.edr
index.ndx
lipids-water-eq6.gro
martini_v2.x_new-rf-prod.mdp
md.log
mdrun.log
psim.npz
state.cpt
state_prev.cpt
structure_099868581_000000000000.gro
system.top
topol.tpr
traj_comp.xtc
./traj_comp.xtc      => 19.5 ns | 19.5 ns
Job was successful, pushing result to registry-0.mummi.default.svc.cluster.local:5000/structure_077031477:cganalysis-p3-2xlarge
Uploading 1dbed6d4ea18 .
Uploaded  1dbed6d4ea18 .
Pushed [registry] registry-0.mummi.default.svc.cluster.local:5000/structure_077031477:cganalysis-p3-2xlarge
ArtifactType: application/vnd.unknown.artifact.v1
Digest: sha256:5a581f1a1092dd88a198e777c73cde8d3cbcb02823b2f766f31f3380d70a5a88
