                      :-) GROMACS - gmx mdrun, 2024.1 (-:

Copyright 1991-2024 The GROMACS Authors.
GROMACS is free software; you can redistribute it and/or modify it
under the terms of the GNU Lesser General Public License
as published by the Free Software Foundation; either version 2.1
of the License, or (at your option) any later version.

                         Current GROMACS contributors:
       Mark Abraham           Andrey Alekseenko           Vladimir Basov      
      Cathrine Bergh            Eliane Briand               Ania Brown        
      Mahesh Doijade            Giacomo Fiorin          Stefan Fleischmann    
      Sergey Gorelov         Gilles Gouaillardet            Alan Gray         
     M. Eric Irrgang         Farzaneh Jalalypour            Joe Jordan        
     Carsten Kutzner           Justin A. Lemkul          Magnus Lundborg      
       Pascal Merz              Vedran Miletic            Dmitry Morozov      
       Julien Nabet              Szilard Pall        Andrea Pasquadibisceglie 
    Michele Pellegrino          Hubert Santuz             Roland Schulz       
     Tatiana Shugaeva          Alexey Shvetsov            Philip Turner       
     Alessandra Villa      Sebastian Wingbermuehle  

                         Previous GROMACS contributors:
        Emile Apol             Rossen Apostolov           James Barnett       
        Paul Bauer          Herman J.C. Berendsen          Par Bjelkmar       
      Christian Blau          Viacheslav Bolnykh            Kevin Boyd        
    Aldert van Buuren          Carlo Camilloni           Rudi van Drunen      
      Anton Feenstra           Oliver Fleetwood            Vytas Gapsys       
       Gaurav Garg             Gerrit Groenhof            Bert de Groot       
      Anca Hamuraru           Vincent Hindriksen          Victor Holanda      
     Aleksei Iupinov          Christoph Junghans        Prashanth Kanduri     
   Dimitrios Karkoulis           Peter Kasson             Sebastian Kehl      
     Sebastian Keller             Jiri Kraus               Per Larsson        
      Viveca Lindahl            Erik Marklund           Pieter Meulenhoff     
      Teemu Murtola              Sander Pronk             Michael Shirts      
      Alfons Sijbers            Balint Soproni         David van der Spoel    
      Peter Tieleman            Carsten Uphoff             Jon Vincent        
     Teemu Virolainen         Christian Wennberg           Maarten Wolf       
      Artem Zhmurov       

                  Coordinated by the GROMACS project leaders:
                           Berk Hess and Erik Lindahl

GROMACS:      gmx mdrun, version 2024.1
Executable:   /usr/WS1/mummiusr/mummi-spack/spack/0.21/opt/spack/__spack_path_placeholder__/__spack_path_placeholder__/__spack_path_placeholder__/__spack_path_placeholder__/__spack_path_placeholder__/__spack_path_placeholder__/__spack_path_placeholder__/__spack_path_pla/linux-rhel7-power9le/gcc-11.2.1/gromacs-2024.1-qjy7zpleiv5vefcx74wqch3gy2rui4uh/bin/gmx
Data prefix:  /usr/WS1/mummiusr/mummi-spack/spack/0.21/opt/spack/__spack_path_placeholder__/__spack_path_placeholder__/__spack_path_placeholder__/__spack_path_placeholder__/__spack_path_placeholder__/__spack_path_placeholder__/__spack_path_placeholder__/__spack_path_pla/linux-rhel7-power9le/gcc-11.2.1/gromacs-2024.1-qjy7zpleiv5vefcx74wqch3gy2rui4uh
Working dir:  /tmp/mummi/cg/structure_iter00_000000000002-20250408_181157
Process ID:   55437
Command line:
  gmx mdrun -cpi -nb gpu -ntmpi 1 -ntomp 8 -pin off -maxh 0.5

GROMACS version:     2024.1
Precision:           mixed
Memory model:        64 bit
MPI library:         thread_mpi
OpenMP support:      enabled (GMX_OPENMP_MAX_THREADS = 128)
GPU support:         CUDA
NBNxM GPU setup:     super-cluster 2x2x2 / cluster 8
SIMD instructions:   IBM_VSX
CPU FFT library:     fftw-3.3.9-vsx
GPU FFT library:     cuFFT
Multi-GPU FFT:       none
TNG support:         enabled
Hwloc support:       hwloc-2.9.1
Tracing support:     disabled
C compiler:          /usr/WS1/mummiusr/mummi-spack/spack/0.21/lib/spack/env/gcc/gcc GNU 11.2.1
C compiler flags:    -fexcess-precision=fast -funroll-all-loops -mcpu=power9 -mtune=power9 -mvsx -Wno-missing-field-initializers -O3 -DNDEBUG
C++ compiler:        /usr/WS1/mummiusr/mummi-spack/spack/0.21/lib/spack/env/gcc/g++ GNU 11.2.1
C++ compiler flags:  -fexcess-precision=fast -funroll-all-loops -mcpu=power9 -mtune=power9 -mvsx -Wno-missing-field-initializers -Wno-cast-function-type-strict -fopenmp -O3 -DNDEBUG
BLAS library:        External - user-supplied
LAPACK library:      External - user-supplied
CUDA compiler:       /usr/tce/packages/cuda/cuda-11.6.1/bin/nvcc nvcc: NVIDIA (R) Cuda compiler driver;Copyright (c) 2005-2022 NVIDIA Corporation;Built on Thu_Feb_10_18:24:19_PST_2022;Cuda compilation tools, release 11.6, V11.6.112;Build cuda_11.6.r11.6/compiler.30978841_0
CUDA compiler flags:-std=c++17;--generate-code=arch=compute_35,code=sm_35;--generate-code=arch=compute_37,code=sm_37;--generate-code=arch=compute_50,code=sm_50;--generate-code=arch=compute_52,code=sm_52;--generate-code=arch=compute_60,code=sm_60;--generate-code=arch=compute_61,code=sm_61;--generate-code=arch=compute_70,code=sm_70;--generate-code=arch=compute_75,code=sm_75;--generate-code=arch=compute_80,code=sm_80;--generate-code=arch=compute_86,code=sm_86;-Wno-deprecated-gpu-targets;--generate-code=arch=compute_53,code=sm_53;--generate-code=arch=compute_80,code=sm_80;-use_fast_math;-Xptxas;-warn-double-usage;-Xptxas;-Werror;;-Xcompiler;-fopenmp;-fexcess-precision=fast -funroll-all-loops -mcpu=power9 -mtune=power9 -mvsx -Wno-missing-field-initializers -Wno-cast-function-type-strict -fopenmp -O3 -DNDEBUG
CUDA driver:         11.60
CUDA runtime:        11.60


Running on 1 node with total 40 cores, 160 processing units, 1 compatible GPU
Hardware detected on host lassen741:
  CPU info:
    Vendor: IBM
    Brand:  POWER9, altivec supported
    Family: 0   Model: 0   Stepping: 0
    Features: vmx vsx
  Hardware topology: Full, with devices
    Packages, cores, and logical processors:
    [indices refer to OS logical processors]
      Package  0: [   8   9  10  11] [  12  13  14  15] [  16  17  18  19] [  20  21  22  23] [  24  25  26  27] [  28  29  30  31] [  32  33  34  35] [  36  37  38  39] [  40  41  42  43] [  44  45  46  47] [  48  49  50  51] [  52  53  54  55] [  56  57  58  59] [  60  61  62  63] [  64  65  66  67] [  68  69  70  71] [  72  73  74  75] [  76  77  78  79] [  80  81  82  83] [  84  85  86  87]
      Package  1: [  96  97  98  99] [ 100 101 102 103] [ 104 105 106 107] [ 108 109 110 111] [ 112 113 114 115] [ 116 117 118 119] [ 120 121 122 123] [ 124 125 126 127] [ 128 129 130 131] [ 132 133 134 135] [ 136 137 138 139] [ 140 141 142 143] [ 144 145 146 147] [ 148 149 150 151] [ 152 153 154 155] [ 156 157 158 159] [ 160 161 162 163] [ 164 165 166 167] [ 168 169 170 171] [ 172 173 174 175]
    CPU limit set by OS: -1   Recommended max number of threads: 160
    Numa nodes:
      Node  0 (137100066816 bytes mem):   8   9  10  11  12  13  14  15  16  17  18  19  20  21  22  23  24  25  26  27  28  29  30  31  32  33  34  35  36  37  38  39  40  41  42  43  44  45  46  47  48  49  50  51  52  53  54  55  56  57  58  59  60  61  62  63  64  65  66  67  68  69  70  71  72  73  74  75  76  77  78  79  80  81  82  83  84  85  86  87
      Node  1 (137166913536 bytes mem):  96  97  98  99 100 101 102 103 104 105 106 107 108 109 110 111 112 113 114 115 116 117 118 119 120 121 122 123 124 125 126 127 128 129 130 131 132 133 134 135 136 137 138 139 140 141 142 143 144 145 146 147 148 149 150 151 152 153 154 155 156 157 158 159 160 161 162 163 164 165 166 167 168 169 170 171 172 173 174 175
      Latency:
               0     1
         0  1.00  4.00
         1  4.00  1.00
    Caches:
      L1: 32768 bytes, linesize 128 bytes, assoc. 32, shared 4 ways
      L2: 524288 bytes, linesize 0 bytes, assoc. 0, shared 8 ways
      L3: 10485760 bytes, linesize 0 bytes, assoc. 0, shared 8 ways
    PCI devices:
      0000:01:00.0  Id: 144d:a822  Class: 0x0108  Numa: 0
      0002:02:00.0  Id: 1a03:2000  Class: 0x0300  Numa: 0
      0003:01:00.0  Id: 15b3:1019  Class: 0x0207  Numa: 0
      0003:01:00.1  Id: 15b3:1019  Class: 0x0207  Numa: 0
      0004:03:00.0  Id: 1b4b:9235  Class: 0x0106  Numa: 0
      0004:04:00.0  Id: 10de:1db1  Class: 0x0302  Numa: 0
      0004:05:00.0  Id: 10de:1db1  Class: 0x0302  Numa: 0
      0005:01:00.0  Id: 14e4:1657  Class: 0x0200  Numa: 0
      0005:01:00.1  Id: 14e4:1657  Class: 0x0200  Numa: 0
      0033:01:00.0  Id: 15b3:1019  Class: 0x0207  Numa: 1
      0033:01:00.1  Id: 15b3:1019  Class: 0x0207  Numa: 1
      0035:03:00.0  Id: 10de:1db1  Class: 0x0302  Numa: 1
      0035:04:00.0  Id: 10de:1db1  Class: 0x0302  Numa: 1
  GPU info:
    Number of GPUs detected: 1
    #0: NVIDIA Tesla V100-SXM2-16GB, compute cap.: 7.0, ECC: yes, stat: compatible


++++ PLEASE READ AND CITE THE FOLLOWING REFERENCE ++++
M. J. Abraham, T. Murtola, R. Schulz, S. Páll, J. C. Smith, B. Hess, E.
Lindahl
GROMACS: High performance molecular simulations through multi-level
parallelism from laptops to supercomputers
SoftwareX 1 (2015) pp. 19-25
-------- -------- --- Thank You --- -------- --------


++++ PLEASE READ AND CITE THE FOLLOWING REFERENCE ++++
S. Páll, M. J. Abraham, C. Kutzner, B. Hess, E. Lindahl
Tackling Exascale Software Challenges in Molecular Dynamics Simulations with
GROMACS
In S. Markidis & E. Laure (Eds.), Solving Software Challenges for Exascale 8759 (2015) pp. 3-27
-------- -------- --- Thank You --- -------- --------


++++ PLEASE READ AND CITE THE FOLLOWING REFERENCE ++++
S. Pronk, S. Páll, R. Schulz, P. Larsson, P. Bjelkmar, R. Apostolov, M. R.
Shirts, J. C. Smith, P. M. Kasson, D. van der Spoel, B. Hess, and E. Lindahl
GROMACS 4.5: a high-throughput and highly parallel open source molecular
simulation toolkit
Bioinformatics 29 (2013) pp. 845-54
-------- -------- --- Thank You --- -------- --------


++++ PLEASE READ AND CITE THE FOLLOWING REFERENCE ++++
B. Hess and C. Kutzner and D. van der Spoel and E. Lindahl
GROMACS 4: Algorithms for highly efficient, load-balanced, and scalable
molecular simulation
J. Chem. Theory Comput. 4 (2008) pp. 435-447
-------- -------- --- Thank You --- -------- --------


++++ PLEASE READ AND CITE THE FOLLOWING REFERENCE ++++
D. van der Spoel, E. Lindahl, B. Hess, G. Groenhof, A. E. Mark and H. J. C.
Berendsen
GROMACS: Fast, Flexible and Free
J. Comp. Chem. 26 (2005) pp. 1701-1719
-------- -------- --- Thank You --- -------- --------


++++ PLEASE READ AND CITE THE FOLLOWING REFERENCE ++++
E. Lindahl and B. Hess and D. van der Spoel
GROMACS 3.0: A package for molecular simulation and trajectory analysis
J. Mol. Mod. 7 (2001) pp. 306-317
-------- -------- --- Thank You --- -------- --------


++++ PLEASE READ AND CITE THE FOLLOWING REFERENCE ++++
H. J. C. Berendsen, D. van der Spoel and R. van Drunen
GROMACS: A message-passing parallel molecular dynamics implementation
Comp. Phys. Comm. 91 (1995) pp. 43-56
-------- -------- --- Thank You --- -------- --------


++++ PLEASE CITE THE DOI FOR THIS VERSION OF GROMACS ++++
https://doi.org/10.5281/zenodo.10721181
-------- -------- --- Thank You --- -------- --------


The number of OpenMP threads was set by environment variable OMP_NUM_THREADS to 8 (and the command-line setting agreed with that)

Input Parameters:
   integrator                     = md
   tinit                          = 0
   dt                             = 0.02
   nsteps                         = -1
   init-step                      = 0
   simulation-part                = 1
   mts                            = false
   mass-repartition-factor        = 1
   comm-mode                      = Linear
   nstcomm                        = 100
   bd-fric                        = 0
   ld-seed                        = -1342316565
   emtol                          = 10
   emstep                         = 0.01
   niter                          = 20
   fcstep                         = 0
   nstcgsteep                     = 1000
   nbfgscorr                      = 10
   rtpi                           = 0.05
   nstxout                        = 0
   nstvout                        = 0
   nstfout                        = 0
   nstlog                         = 25000
   nstcalcenergy                  = 100
   nstenergy                      = 25000
   nstxout-compressed             = 25000
   compressed-x-precision         = 100
   cutoff-scheme                  = Verlet
   nstlist                        = 20
   pbc                            = xyz
   periodic-molecules             = false
   verlet-buffer-tolerance        = -1
   verlet-buffer-pressure-tolerance = -1
   rlist                          = 1.35
   coulombtype                    = Reaction-Field
   coulomb-modifier               = Potential-shift
   rcoulomb-switch                = 0
   rcoulomb                       = 1.1
   epsilon-r                      = 15
   epsilon-rf                     = inf
   vdw-type                       = Cut-off
   vdw-modifier                   = Potential-shift
   rvdw-switch                    = 0
   rvdw                           = 1.1
   DispCorr                       = No
   table-extension                = 1
   fourierspacing                 = 0.12
   fourier-nx                     = 0
   fourier-ny                     = 0
   fourier-nz                     = 0
   pme-order                      = 4
   ewald-rtol                     = 1e-05
   ewald-rtol-lj                  = 0.001
   lj-pme-comb-rule               = Geometric
   ewald-geometry                 = 3d
   epsilon-surface                = 0
   ensemble-temperature-setting   = constant
   ensemble-temperature           = 310
   tcoupl                         = V-rescale
   nsttcouple                     = 20
   nh-chain-length                = 0
   print-nose-hoover-chain-variables = false
   pcoupl                         = Parrinello-Rahman
   pcoupltype                     = Semiisotropic
   nstpcouple                     = 20
   tau-p                          = 12
   compressibility (3x3):
      compressibility[    0]={ 3.00000e-04,  0.00000e+00,  0.00000e+00}
      compressibility[    1]={ 0.00000e+00,  3.00000e-04,  0.00000e+00}
      compressibility[    2]={ 0.00000e+00,  0.00000e+00,  3.00000e-04}
   ref-p (3x3):
      ref-p[    0]={ 1.00000e+00,  0.00000e+00,  0.00000e+00}
      ref-p[    1]={ 0.00000e+00,  1.00000e+00,  0.00000e+00}
      ref-p[    2]={ 0.00000e+00,  0.00000e+00,  1.00000e+00}
   refcoord-scaling               = COM
   posres-com (3):
      posres-com[0]= 6.60573e-01
      posres-com[1]= 5.80309e-01
      posres-com[2]= 8.47368e-01
   posres-comB (3):
      posres-comB[0]= 6.60573e-01
      posres-comB[1]= 5.80309e-01
      posres-comB[2]= 8.47368e-01
   QMMM                           = false
qm-opts:
   ngQM                           = 0
   constraint-algorithm           = Lincs
   continuation                   = false
   Shake-SOR                      = false
   shake-tol                      = 0.0001
   lincs-order                    = 12
   lincs-iter                     = 2
   lincs-warnangle                = 90
   nwall                          = 0
   wall-type                      = 9-3
   wall-r-linpot                  = -1
   wall-atomtype[0]               = -1
   wall-atomtype[1]               = -1
   wall-density[0]                = 0
   wall-density[1]                = 0
   wall-ewald-zfac                = 3
   pull                           = false
   awh                            = false
   rotation                       = false
   interactiveMD                  = false
   disre                          = No
   disre-weighting                = Conservative
   disre-mixed                    = false
   dr-fc                          = 1000
   dr-tau                         = 0
   nstdisreout                    = 100
   orire-fc                       = 0
   orire-tau                      = 0
   nstorireout                    = 100
   free-energy                    = no
   cos-acceleration               = 0
   deform (3x3):
      deform[    0]={ 0.00000e+00,  0.00000e+00,  0.00000e+00}
      deform[    1]={ 0.00000e+00,  0.00000e+00,  0.00000e+00}
      deform[    2]={ 0.00000e+00,  0.00000e+00,  0.00000e+00}
   simulated-tempering            = false
   swapcoords                     = no
   userint1                       = 0
   userint2                       = 0
   userint3                       = 0
   userint4                       = 0
   userreal1                      = 0
   userreal2                      = 0
   userreal3                      = 0
   userreal4                      = 0
   applied-forces:
     electric-field:
       x:
         E0                       = 0
         omega                    = 0
         t0                       = 0
         sigma                    = 0
       y:
         E0                       = 0
         omega                    = 0
         t0                       = 0
         sigma                    = 0
       z:
         E0                       = 0
         omega                    = 0
         t0                       = 0
         sigma                    = 0
     density-guided-simulation:
       active                     = false
       group                      = protein
       similarity-measure         = inner-product
       atom-spreading-weight      = unity
       force-constant             = 1e+09
       gaussian-transform-spreading-width = 0.2
       gaussian-transform-spreading-range-in-multiples-of-width = 4
       reference-density-filename = reference.mrc
       nst                        = 1
       normalize-densities        = true
       adaptive-force-scaling     = false
       adaptive-force-scaling-time-constant = 4
       shift-vector               = 
       transformation-matrix      = 
     qmmm-cp2k:
       active                     = false
       qmgroup                    = System
       qmmethod                   = PBE
       qmfilenames                = 
       qmcharge                   = 0
       qmmultiplicity             = 1
     colvars:
       active                     = false
       configfile                 = 
       seed                       = -1
grpopts:
   nrdf:      115014       41867
   ref-t:         310         310
   tau-t:           1           1
annealing:          No          No
annealing-npoints:           0           0
   acc:	           0           0           0
   nfreeze:           N           N           N
   energygrp-flags[  0]: 0

Can not increase nstlist because verlet-buffer-tolerance is not set or used
Update groups can not be used for this system because an incompatible virtual site type is used

Update task can not run on the GPU, because the following condition(s) were not satisfied:

Virtual sites are not supported.

1 GPU selected for this run.
Mapping of GPU IDs to the 1 GPU task in the 1 rank on this node:
  PP:0
PP tasks will do (non-perturbed) short-ranged interactions on the GPU
PP task will update and constrain coordinates on the CPU
Using 1 MPI thread
Using 8 OpenMP threads 

System total charge: 0.000
Reaction-Field:
epsRF = 0, rc = 1.1, krf = 0.375657, crf = 1.36364, epsfac = 9.26236
The electrostatics potential has its minimum at r = 1.1
Potential shift: LJ r^-12: -3.186e-01 r^-6: -5.645e-01


Using GPU 8x8 nonbonded short-range kernels

Using a 8x8 pair-list setup:
  updated every 20 steps, buffer 0.250 nm, rlist 1.350 nm

The average pressure is off by at most nan bar due to missing LJ interactions

Using full Lennard-Jones parameter combination matrix
Removing pbc first time

Initializing LINear Constraint Solver

++++ PLEASE READ AND CITE THE FOLLOWING REFERENCE ++++
B. Hess
P-LINCS: A Parallel Linear Constraint Solver for molecular simulation
J. Chem. Theory Comput. 4 (2008) pp. 116-122
-------- -------- --- Thank You --- -------- --------

The number of constraints is 1504
1325 constraints are involved in constraint triangles,
will apply an additional matrix expansion of order 12 for couplings
between constraints inside triangles

++++ PLEASE READ AND CITE THE FOLLOWING REFERENCE ++++
G. Bussi, D. Donadio and M. Parrinello
Canonical sampling through velocity rescaling
J. Chem. Phys. 126 (2007) pp. 014101
-------- -------- --- Thank You --- -------- --------

There are: 52797 Atoms
There are: 1926 VSites

Constraining the starting coordinates (step 0)

Constraining the coordinates at t0-dt (step 0)
Center of mass motion removal mode is Linear
We have the following groups for center of mass motion removal:
  0:  Rest
  1:  Solvent
RMS relative constraint deviation after constraining: 1.11e-06
Initial temperature: 310.699 K

Started mdrun on rank 0 Tue Apr  8 18:12:21 2025

           Step           Time
              0        0.00000

   Energies (kJ/mol)
           Bond  Harmonic Pot.          Angle       G96Angle  Restr. Angles
    1.86934e+04    3.62348e+00    1.28129e+04    5.14571e+02    7.21547e+02
    Proper Dih.  Improper Dih.        LJ (SR)   Coulomb (SR) Position Rest.
    3.62538e+02    4.42749e+02   -1.27256e+06   -1.45536e+04    0.00000e+00
      Potential    Kinetic En.   Total Energy  Conserved En.    Temperature
   -1.25356e+06    2.02591e+05   -1.05097e+06   -1.05061e+06    3.10632e+02
 Pressure (bar)   Constr. rmsd
   -5.35688e+00    1.07144e-06

           Step           Time
          25000      500.00000

   Energies (kJ/mol)
           Bond  Harmonic Pot.          Angle       G96Angle  Restr. Angles
    1.85007e+04    6.52923e+00    1.29482e+04    5.91271e+02    6.18155e+02
    Proper Dih.  Improper Dih.        LJ (SR)   Coulomb (SR) Position Rest.
    3.79878e+02    4.78723e+02   -1.26945e+06   -1.45262e+04    1.80150e+01
      Potential    Kinetic En.   Total Energy  Conserved En.    Temperature
   -1.25044e+06    2.01852e+05   -1.04858e+06   -1.05044e+06    3.09499e+02
 Pressure (bar)   Constr. rmsd
   -1.39698e+01    1.11663e-06

           Step           Time
          50000     1000.00000

   Energies (kJ/mol)
           Bond  Harmonic Pot.          Angle       G96Angle  Restr. Angles
    1.84115e+04    6.84829e+00    1.28384e+04    6.03788e+02    6.71898e+02
    Proper Dih.  Improper Dih.        LJ (SR)   Coulomb (SR) Position Rest.
    4.21298e+02    4.47381e+02   -1.26976e+06   -1.47817e+04    1.50673e+01
      Potential    Kinetic En.   Total Energy  Conserved En.    Temperature
   -1.25113e+06    2.02343e+05   -1.04879e+06   -1.05052e+06    3.10252e+02
 Pressure (bar)   Constr. rmsd
    1.59245e+01    1.07952e-06

           Step           Time
          75000     1500.00000

   Energies (kJ/mol)
           Bond  Harmonic Pot.          Angle       G96Angle  Restr. Angles
    1.83788e+04    6.56546e+00    1.28348e+04    5.57630e+02    7.01894e+02
    Proper Dih.  Improper Dih.        LJ (SR)   Coulomb (SR) Position Rest.
    3.96237e+02    5.18927e+02   -1.26952e+06   -1.45416e+04    1.45997e+01
      Potential    Kinetic En.   Total Energy  Conserved En.    Temperature
   -1.25065e+06    2.02888e+05   -1.04776e+06   -1.05055e+06    3.11088e+02
 Pressure (bar)   Constr. rmsd
   -7.87603e+00    1.05789e-06

           Step           Time
         100000     2000.00000

   Energies (kJ/mol)
           Bond  Harmonic Pot.          Angle       G96Angle  Restr. Angles
    1.82741e+04    4.29973e+00    1.27898e+04    5.22662e+02    6.73423e+02
    Proper Dih.  Improper Dih.        LJ (SR)   Coulomb (SR) Position Rest.
    4.40244e+02    4.55771e+02   -1.27207e+06   -1.45460e+04    1.76617e+01
      Potential    Kinetic En.   Total Energy  Conserved En.    Temperature
   -1.25344e+06    2.03308e+05   -1.05013e+06   -1.05076e+06    3.11731e+02
 Pressure (bar)   Constr. rmsd
    2.21849e+01    1.08698e-06

           Step           Time
         125000     2500.00000

   Energies (kJ/mol)
           Bond  Harmonic Pot.          Angle       G96Angle  Restr. Angles
    1.83373e+04    4.53324e+00    1.28710e+04    5.28109e+02    6.93305e+02
    Proper Dih.  Improper Dih.        LJ (SR)   Coulomb (SR) Position Rest.
    4.05818e+02    5.31159e+02   -1.27045e+06   -1.48153e+04    1.77304e+01
      Potential    Kinetic En.   Total Energy  Conserved En.    Temperature
   -1.25188e+06    2.02578e+05   -1.04930e+06   -1.05077e+06    3.10611e+02
 Pressure (bar)   Constr. rmsd
   -8.60121e+00    1.09577e-06

           Step           Time
         150000     3000.00000

   Energies (kJ/mol)
           Bond  Harmonic Pot.          Angle       G96Angle  Restr. Angles
    1.84271e+04    2.92288e+00    1.26588e+04    5.55792e+02    7.52199e+02
    Proper Dih.  Improper Dih.        LJ (SR)   Coulomb (SR) Position Rest.
    3.60788e+02    4.68847e+02   -1.27040e+06   -1.46872e+04    1.65717e+01
      Potential    Kinetic En.   Total Energy  Conserved En.    Temperature
   -1.25184e+06    2.01450e+05   -1.05039e+06   -1.05064e+06    3.08882e+02
 Pressure (bar)   Constr. rmsd
    2.27344e+01    1.07438e-06

           Step           Time
         175000     3500.00000

   Energies (kJ/mol)
           Bond  Harmonic Pot.          Angle       G96Angle  Restr. Angles
    1.84108e+04    3.25483e+00    1.28620e+04    5.51074e+02    6.79653e+02
    Proper Dih.  Improper Dih.        LJ (SR)   Coulomb (SR) Position Rest.
    4.33009e+02    4.11175e+02   -1.26970e+06   -1.46528e+04    1.85492e+01
      Potential    Kinetic En.   Total Energy  Conserved En.    Temperature
   -1.25098e+06    2.02758e+05   -1.04822e+06   -1.05073e+06    3.10887e+02
 Pressure (bar)   Constr. rmsd
    4.36330e+00    1.00557e-06

           Step           Time
         200000     4000.00000

   Energies (kJ/mol)
           Bond  Harmonic Pot.          Angle       G96Angle  Restr. Angles
    1.86682e+04    3.60064e+00    1.28728e+04    5.06981e+02    6.77858e+02
    Proper Dih.  Improper Dih.        LJ (SR)   Coulomb (SR) Position Rest.
    4.15819e+02    4.38935e+02   -1.27293e+06   -1.46138e+04    1.48643e+01
      Potential    Kinetic En.   Total Energy  Conserved En.    Temperature
   -1.25394e+06    2.01940e+05   -1.05200e+06   -1.05070e+06    3.09633e+02
 Pressure (bar)   Constr. rmsd
    7.95920e+00    1.01134e-06

           Step           Time
         225000     4500.00000

   Energies (kJ/mol)
           Bond  Harmonic Pot.          Angle       G96Angle  Restr. Angles
    1.86978e+04    4.87412e+00    1.25605e+04    5.32742e+02    6.55273e+02
    Proper Dih.  Improper Dih.        LJ (SR)   Coulomb (SR) Position Rest.
    3.75106e+02    4.44719e+02   -1.27185e+06   -1.45660e+04    2.18568e+01
      Potential    Kinetic En.   Total Energy  Conserved En.    Temperature
   -1.25313e+06    2.01510e+05   -1.05162e+06   -1.05087e+06    3.08974e+02
 Pressure (bar)   Constr. rmsd
   -4.17480e+00    1.08395e-06

           Step           Time
         250000     5000.00000

   Energies (kJ/mol)
           Bond  Harmonic Pot.          Angle       G96Angle  Restr. Angles
    1.85970e+04    5.96448e+00    1.27344e+04    5.44805e+02    6.62415e+02
    Proper Dih.  Improper Dih.        LJ (SR)   Coulomb (SR) Position Rest.
    4.00116e+02    5.32817e+02   -1.27253e+06   -1.43753e+04    1.60713e+01
      Potential    Kinetic En.   Total Energy  Conserved En.    Temperature
   -1.25341e+06    2.00220e+05   -1.05319e+06   -1.05105e+06    3.06996e+02
 Pressure (bar)   Constr. rmsd
   -1.70270e+01    1.13832e-06

           Step           Time
         275000     5500.00000

   Energies (kJ/mol)
           Bond  Harmonic Pot.          Angle       G96Angle  Restr. Angles
    1.85423e+04    7.92094e+00    1.25754e+04    5.10402e+02    6.81833e+02
    Proper Dih.  Improper Dih.        LJ (SR)   Coulomb (SR) Position Rest.
    3.83103e+02    4.23467e+02   -1.27157e+06   -1.48461e+04    1.61156e+01
      Potential    Kinetic En.   Total Energy  Conserved En.    Temperature
   -1.25328e+06    2.02913e+05   -1.05036e+06   -1.05109e+06    3.11125e+02
 Pressure (bar)   Constr. rmsd
    2.07085e+01    1.07247e-06

           Step           Time
         300000     6000.00000

   Energies (kJ/mol)
           Bond  Harmonic Pot.          Angle       G96Angle  Restr. Angles
    1.83445e+04    5.21227e+00    1.25571e+04    5.28818e+02    6.98542e+02
    Proper Dih.  Improper Dih.        LJ (SR)   Coulomb (SR) Position Rest.
    4.09131e+02    4.48149e+02   -1.27055e+06   -1.45521e+04    1.71214e+01
      Potential    Kinetic En.   Total Energy  Conserved En.    Temperature
   -1.25210e+06    2.04219e+05   -1.04788e+06   -1.05105e+06    3.13127e+02
 Pressure (bar)   Constr. rmsd
    3.22151e+01    1.08769e-06

           Step           Time
         325000     6500.00000

   Energies (kJ/mol)
           Bond  Harmonic Pot.          Angle       G96Angle  Restr. Angles
    1.83105e+04    5.28334e+00    1.29178e+04    5.04530e+02    6.80499e+02
    Proper Dih.  Improper Dih.        LJ (SR)   Coulomb (SR) Position Rest.
    4.15638e+02    4.63053e+02   -1.27087e+06   -1.47946e+04    1.72110e+01
      Potential    Kinetic En.   Total Energy  Conserved En.    Temperature
   -1.25235e+06    2.02243e+05   -1.05011e+06   -1.05121e+06    3.10098e+02
 Pressure (bar)   Constr. rmsd
    6.48737e+00    1.13727e-06

           Step           Time
         350000     7000.00000

   Energies (kJ/mol)
           Bond  Harmonic Pot.          Angle       G96Angle  Restr. Angles
    1.80391e+04    7.64746e+00    1.28736e+04    5.30433e+02    6.47266e+02
    Proper Dih.  Improper Dih.        LJ (SR)   Coulomb (SR) Position Rest.
    3.87600e+02    4.83009e+02   -1.27168e+06   -1.45635e+04    1.76283e+01
      Potential    Kinetic En.   Total Energy  Conserved En.    Temperature
   -1.25325e+06    2.01259e+05   -1.05199e+06   -1.05128e+06    3.08589e+02
 Pressure (bar)   Constr. rmsd
   -9.86001e+00    1.05596e-06

           Step           Time
         375000     7500.00000

   Energies (kJ/mol)
           Bond  Harmonic Pot.          Angle       G96Angle  Restr. Angles
    1.85835e+04    5.11586e+00    1.27729e+04    5.66998e+02    6.42611e+02
    Proper Dih.  Improper Dih.        LJ (SR)   Coulomb (SR) Position Rest.
    4.01539e+02    4.18166e+02   -1.26966e+06   -1.46801e+04    2.12238e+01
      Potential    Kinetic En.   Total Energy  Conserved En.    Temperature
   -1.25093e+06    1.99514e+05   -1.05141e+06   -1.05131e+06    3.05913e+02
 Pressure (bar)   Constr. rmsd
   -3.30196e+01    1.04893e-06

           Step           Time
         400000     8000.00000

   Energies (kJ/mol)
           Bond  Harmonic Pot.          Angle       G96Angle  Restr. Angles
    1.83384e+04    4.94831e+00    1.26283e+04    5.43011e+02    6.79252e+02
    Proper Dih.  Improper Dih.        LJ (SR)   Coulomb (SR) Position Rest.
    3.85587e+02    4.80471e+02   -1.26940e+06   -1.48029e+04    1.72211e+01
      Potential    Kinetic En.   Total Energy  Conserved En.    Temperature
   -1.25113e+06    2.01969e+05   -1.04916e+06   -1.05143e+06    3.09677e+02
 Pressure (bar)   Constr. rmsd
   -3.81059e+01    1.09862e-06

           Step           Time
         425000     8500.00000

   Energies (kJ/mol)
           Bond  Harmonic Pot.          Angle       G96Angle  Restr. Angles
    1.84088e+04    3.55659e+00    1.26893e+04    5.56469e+02    6.92261e+02
    Proper Dih.  Improper Dih.        LJ (SR)   Coulomb (SR) Position Rest.
    4.18825e+02    4.26119e+02   -1.27172e+06   -1.48835e+04    2.25396e+01
      Potential    Kinetic En.   Total Energy  Conserved En.    Temperature
   -1.25339e+06    2.02260e+05   -1.05113e+06   -1.05145e+06    3.10124e+02
 Pressure (bar)   Constr. rmsd
   -1.33437e+01    1.05716e-06

           Step           Time
         450000     9000.00000

   Energies (kJ/mol)
           Bond  Harmonic Pot.          Angle       G96Angle  Restr. Angles
    1.84526e+04    5.40931e+00    1.30699e+04    5.14724e+02    6.63472e+02
    Proper Dih.  Improper Dih.        LJ (SR)   Coulomb (SR) Position Rest.
    4.39840e+02    4.44145e+02   -1.27069e+06   -1.48882e+04    1.68861e+01
      Potential    Kinetic En.   Total Energy  Conserved En.    Temperature
   -1.25197e+06    2.02962e+05   -1.04901e+06   -1.05154e+06    3.11201e+02
 Pressure (bar)   Constr. rmsd
    2.69504e+01    1.14027e-06

           Step           Time
         475000     9500.00000

   Energies (kJ/mol)
           Bond  Harmonic Pot.          Angle       G96Angle  Restr. Angles
    1.84424e+04    5.66570e+00    1.27170e+04    5.11723e+02    7.61820e+02
    Proper Dih.  Improper Dih.        LJ (SR)   Coulomb (SR) Position Rest.
    3.41978e+02    4.94523e+02   -1.27025e+06   -1.49540e+04    1.75178e+01
      Potential    Kinetic En.   Total Energy  Conserved En.    Temperature
   -1.25192e+06    2.01780e+05   -1.05014e+06   -1.05169e+06    3.09387e+02
 Pressure (bar)   Constr. rmsd
   -4.31398e+01    1.13266e-06

           Step           Time
         500000    10000.00000

   Energies (kJ/mol)
           Bond  Harmonic Pot.          Angle       G96Angle  Restr. Angles
    1.86438e+04    3.97054e+00    1.27576e+04    4.85048e+02    6.71486e+02
    Proper Dih.  Improper Dih.        LJ (SR)   Coulomb (SR) Position Rest.
    3.92682e+02    4.14817e+02   -1.27117e+06   -1.45068e+04    1.66162e+01
      Potential    Kinetic En.   Total Energy  Conserved En.    Temperature
   -1.25229e+06    2.02353e+05   -1.04994e+06   -1.05182e+06    3.10266e+02
 Pressure (bar)   Constr. rmsd
    1.73966e+01    1.12960e-06

           Step           Time
         525000    10500.00000

   Energies (kJ/mol)
           Bond  Harmonic Pot.          Angle       G96Angle  Restr. Angles
    1.88208e+04    6.72514e+00    1.26167e+04    4.87830e+02    6.95156e+02
    Proper Dih.  Improper Dih.        LJ (SR)   Coulomb (SR) Position Rest.
    3.71981e+02    5.03670e+02   -1.27085e+06   -1.45477e+04    1.78124e+01
      Potential    Kinetic En.   Total Energy  Conserved En.    Temperature
   -1.25188e+06    2.02777e+05   -1.04910e+06   -1.05197e+06    3.10917e+02
 Pressure (bar)   Constr. rmsd
    2.80708e+01    1.10180e-06

           Step           Time
         550000    11000.00000

   Energies (kJ/mol)
           Bond  Harmonic Pot.          Angle       G96Angle  Restr. Angles
    1.87770e+04    6.98566e+00    1.27370e+04    5.70216e+02    6.96574e+02
    Proper Dih.  Improper Dih.        LJ (SR)   Coulomb (SR) Position Rest.
    3.62869e+02    4.23193e+02   -1.27076e+06   -1.48916e+04    1.58175e+01
      Potential    Kinetic En.   Total Energy  Conserved En.    Temperature
   -1.25207e+06    2.01942e+05   -1.05012e+06   -1.05211e+06    3.09637e+02
 Pressure (bar)   Constr. rmsd
   -1.30514e+01    1.13020e-06

           Step           Time
         575000    11500.00000

   Energies (kJ/mol)
           Bond  Harmonic Pot.          Angle       G96Angle  Restr. Angles
    1.83555e+04    1.11237e+01    1.30476e+04    5.41821e+02    6.88681e+02
    Proper Dih.  Improper Dih.        LJ (SR)   Coulomb (SR) Position Rest.
    3.89365e+02    4.40060e+02   -1.27401e+06   -1.48780e+04    1.71890e+01
      Potential    Kinetic En.   Total Energy  Conserved En.    Temperature
   -1.25540e+06    2.02946e+05   -1.05245e+06   -1.05214e+06    3.11176e+02
 Pressure (bar)   Constr. rmsd
    1.88158e+01    1.11924e-06

           Step           Time
         600000    12000.00000

   Energies (kJ/mol)
           Bond  Harmonic Pot.          Angle       G96Angle  Restr. Angles
    1.86877e+04    6.51103e+00    1.28190e+04    5.32050e+02    7.34068e+02
    Proper Dih.  Improper Dih.        LJ (SR)   Coulomb (SR) Position Rest.
    4.27002e+02    4.25856e+02   -1.27083e+06   -1.45863e+04    1.85434e+01
      Potential    Kinetic En.   Total Energy  Conserved En.    Temperature
   -1.25177e+06    2.01202e+05   -1.05056e+06   -1.05216e+06    3.08501e+02
 Pressure (bar)   Constr. rmsd
   -7.26983e-01    1.08908e-06

           Step           Time
         625000    12500.00000

   Energies (kJ/mol)
           Bond  Harmonic Pot.          Angle       G96Angle  Restr. Angles
    1.85205e+04    1.00176e+01    1.27828e+04    5.20106e+02    6.71881e+02
    Proper Dih.  Improper Dih.        LJ (SR)   Coulomb (SR) Position Rest.
    3.27996e+02    4.22403e+02   -1.27020e+06   -1.48576e+04    1.92274e+01
      Potential    Kinetic En.   Total Energy  Conserved En.    Temperature
   -1.25178e+06    2.01755e+05   -1.05002e+06   -1.05220e+06    3.09350e+02
 Pressure (bar)   Constr. rmsd
   -2.63905e+00    1.12833e-06

           Step           Time
         650000    13000.00000

   Energies (kJ/mol)
           Bond  Harmonic Pot.          Angle       G96Angle  Restr. Angles
    1.85968e+04    1.09994e+01    1.25717e+04    5.08223e+02    6.61764e+02
    Proper Dih.  Improper Dih.        LJ (SR)   Coulomb (SR) Position Rest.
    4.42379e+02    4.45942e+02   -1.27130e+06   -1.46275e+04    1.86884e+01
      Potential    Kinetic En.   Total Energy  Conserved En.    Temperature
   -1.25267e+06    2.02944e+05   -1.04973e+06   -1.05233e+06    3.11173e+02
 Pressure (bar)   Constr. rmsd
    7.71459e+00    1.11704e-06

           Step           Time
         675000    13500.00000

   Energies (kJ/mol)
           Bond  Harmonic Pot.          Angle       G96Angle  Restr. Angles
    1.83045e+04    7.17763e+00    1.27509e+04    5.38155e+02    6.51327e+02
    Proper Dih.  Improper Dih.        LJ (SR)   Coulomb (SR) Position Rest.
    3.87265e+02    4.66233e+02   -1.27206e+06   -1.46546e+04    2.03790e+01
      Potential    Kinetic En.   Total Energy  Conserved En.    Temperature
   -1.25359e+06    2.01560e+05   -1.05203e+06   -1.05246e+06    3.09051e+02
 Pressure (bar)   Constr. rmsd
    1.48587e+01    1.09852e-06

           Step           Time
         700000    14000.00000

   Energies (kJ/mol)
           Bond  Harmonic Pot.          Angle       G96Angle  Restr. Angles
    1.85410e+04    9.13258e+00    1.25830e+04    5.53812e+02    6.48075e+02
    Proper Dih.  Improper Dih.        LJ (SR)   Coulomb (SR) Position Rest.
    4.68942e+02    4.46379e+02   -1.27327e+06   -1.45016e+04    1.74628e+01
      Potential    Kinetic En.   Total Energy  Conserved En.    Temperature
   -1.25450e+06    2.01211e+05   -1.05329e+06   -1.05258e+06    3.08516e+02
 Pressure (bar)   Constr. rmsd
    3.80519e+01    1.06471e-06

           Step           Time
         725000    14500.00000

   Energies (kJ/mol)
           Bond  Harmonic Pot.          Angle       G96Angle  Restr. Angles
    1.88813e+04    8.81689e+00    1.28638e+04    5.54165e+02    6.55571e+02
    Proper Dih.  Improper Dih.        LJ (SR)   Coulomb (SR) Position Rest.
    4.32812e+02    4.04379e+02   -1.27220e+06   -1.46801e+04    1.93579e+01
      Potential    Kinetic En.   Total Energy  Conserved En.    Temperature
   -1.25306e+06    2.02209e+05   -1.05085e+06   -1.05247e+06    3.10046e+02
 Pressure (bar)   Constr. rmsd
    3.16863e+01    1.15825e-06

           Step           Time
         750000    15000.00000

   Energies (kJ/mol)
           Bond  Harmonic Pot.          Angle       G96Angle  Restr. Angles
    1.85349e+04    7.74155e+00    1.24235e+04    5.39653e+02    6.81201e+02
    Proper Dih.  Improper Dih.        LJ (SR)   Coulomb (SR) Position Rest.
    4.43641e+02    3.71924e+02   -1.27334e+06   -1.43735e+04    2.09284e+01
      Potential    Kinetic En.   Total Energy  Conserved En.    Temperature
   -1.25469e+06    2.00714e+05   -1.05397e+06   -1.05245e+06    3.07754e+02
 Pressure (bar)   Constr. rmsd
   -2.63546e+00    1.09099e-06

           Step           Time
         775000    15500.00000

   Energies (kJ/mol)
           Bond  Harmonic Pot.          Angle       G96Angle  Restr. Angles
    1.85337e+04    7.08763e+00    1.27421e+04    5.85899e+02    6.90097e+02
    Proper Dih.  Improper Dih.        LJ (SR)   Coulomb (SR) Position Rest.
    4.08217e+02    4.41051e+02   -1.27185e+06   -1.47508e+04    1.58187e+01
      Potential    Kinetic En.   Total Energy  Conserved En.    Temperature
   -1.25317e+06    2.01765e+05   -1.05141e+06   -1.05250e+06    3.09365e+02
 Pressure (bar)   Constr. rmsd
   -7.97998e+00    1.14177e-06

           Step           Time
         800000    16000.00000

   Energies (kJ/mol)
           Bond  Harmonic Pot.          Angle       G96Angle  Restr. Angles
    1.88255e+04    8.57557e+00    1.26426e+04    5.28015e+02    6.83767e+02
    Proper Dih.  Improper Dih.        LJ (SR)   Coulomb (SR) Position Rest.
    4.03319e+02    4.91406e+02   -1.27267e+06   -1.48065e+04    2.12220e+01
      Potential    Kinetic En.   Total Energy  Conserved En.    Temperature
   -1.25387e+06    2.02513e+05   -1.05136e+06   -1.05260e+06    3.10513e+02
 Pressure (bar)   Constr. rmsd
    3.33226e+01    1.14069e-06

           Step           Time
         825000    16500.00000

   Energies (kJ/mol)
           Bond  Harmonic Pot.          Angle       G96Angle  Restr. Angles
    1.84200e+04    4.66196e+00    1.26663e+04    5.45486e+02    7.20458e+02
    Proper Dih.  Improper Dih.        LJ (SR)   Coulomb (SR) Position Rest.
    3.98203e+02    4.68574e+02   -1.27198e+06   -1.47424e+04    1.74235e+01
      Potential    Kinetic En.   Total Energy  Conserved En.    Temperature
   -1.25349e+06    2.00396e+05   -1.05309e+06   -1.05261e+06    3.07266e+02
 Pressure (bar)   Constr. rmsd
   -3.20401e+00    1.10585e-06

           Step           Time
         850000    17000.00000

   Energies (kJ/mol)
           Bond  Harmonic Pot.          Angle       G96Angle  Restr. Angles
    1.80029e+04    5.18060e+00    1.26928e+04    5.37800e+02    7.24044e+02
    Proper Dih.  Improper Dih.        LJ (SR)   Coulomb (SR) Position Rest.
    3.98134e+02    4.91715e+02   -1.27038e+06   -1.47926e+04    2.00022e+01
      Potential    Kinetic En.   Total Energy  Conserved En.    Temperature
   -1.25230e+06    2.02643e+05   -1.04966e+06   -1.05262e+06    3.10711e+02
 Pressure (bar)   Constr. rmsd
    6.48764e+00    1.11113e-06

           Step           Time
         875000    17500.00000

   Energies (kJ/mol)
           Bond  Harmonic Pot.          Angle       G96Angle  Restr. Angles
    1.88807e+04    6.73386e+00    1.28768e+04    5.71128e+02    6.62151e+02
    Proper Dih.  Improper Dih.        LJ (SR)   Coulomb (SR) Position Rest.
    4.27496e+02    4.64312e+02   -1.27170e+06   -1.46114e+04    2.07339e+01
      Potential    Kinetic En.   Total Energy  Conserved En.    Temperature
   -1.25240e+06    2.02260e+05   -1.05014e+06   -1.05266e+06    3.10124e+02
 Pressure (bar)   Constr. rmsd
   -1.66514e+01    1.16201e-06

           Step           Time
         900000    18000.00000

   Energies (kJ/mol)
           Bond  Harmonic Pot.          Angle       G96Angle  Restr. Angles
    1.85614e+04    8.54938e+00    1.27624e+04    5.74723e+02    6.85439e+02
    Proper Dih.  Improper Dih.        LJ (SR)   Coulomb (SR) Position Rest.
    4.27040e+02    4.43497e+02   -1.26955e+06   -1.48341e+04    1.91460e+01
      Potential    Kinetic En.   Total Energy  Conserved En.    Temperature
   -1.25091e+06    2.03156e+05   -1.04775e+06   -1.05268e+06    3.11498e+02
 Pressure (bar)   Constr. rmsd
   -1.18542e+01    1.10652e-06

           Step           Time
         925000    18500.00000

   Energies (kJ/mol)
           Bond  Harmonic Pot.          Angle       G96Angle  Restr. Angles
    1.86558e+04    1.02642e+01    1.27482e+04    5.70291e+02    7.14107e+02
    Proper Dih.  Improper Dih.        LJ (SR)   Coulomb (SR) Position Rest.
    3.59267e+02    4.59375e+02   -1.27230e+06   -1.44394e+04    1.95251e+01
      Potential    Kinetic En.   Total Energy  Conserved En.    Temperature
   -1.25320e+06    2.01668e+05   -1.05153e+06   -1.05284e+06    3.09217e+02
 Pressure (bar)   Constr. rmsd
   -2.92077e+01    1.15265e-06

           Step           Time
         950000    19000.00000

   Energies (kJ/mol)
           Bond  Harmonic Pot.          Angle       G96Angle  Restr. Angles
    1.83696e+04    7.09442e+00    1.30561e+04    5.58576e+02    6.46321e+02
    Proper Dih.  Improper Dih.        LJ (SR)   Coulomb (SR) Position Rest.
    4.65454e+02    4.41329e+02   -1.27180e+06   -1.47052e+04    2.06796e+01
      Potential    Kinetic En.   Total Energy  Conserved En.    Temperature
   -1.25294e+06    2.01787e+05   -1.05116e+06   -1.05301e+06    3.09399e+02
 Pressure (bar)   Constr. rmsd
   -2.04974e+01    1.08180e-06

           Step           Time
         975000    19500.00000

   Energies (kJ/mol)
           Bond  Harmonic Pot.          Angle       G96Angle  Restr. Angles
    1.80975e+04    9.13390e+00    1.25551e+04    5.33867e+02    6.95892e+02
    Proper Dih.  Improper Dih.        LJ (SR)   Coulomb (SR) Position Rest.
    4.09425e+02    4.81335e+02   -1.27077e+06   -1.48575e+04    2.24712e+01
      Potential    Kinetic En.   Total Energy  Conserved En.    Temperature
   -1.25283e+06    2.00928e+05   -1.05190e+06   -1.05300e+06    3.08082e+02
 Pressure (bar)   Constr. rmsd
   -4.14024e+01    1.15923e-06

           Step           Time
        1000000    20000.00000

   Energies (kJ/mol)
           Bond  Harmonic Pot.          Angle       G96Angle  Restr. Angles
    1.85891e+04    8.57565e+00    1.24382e+04    4.94458e+02    6.60137e+02
    Proper Dih.  Improper Dih.        LJ (SR)   Coulomb (SR) Position Rest.
    3.74535e+02    3.93054e+02   -1.26908e+06   -1.47658e+04    1.86989e+01
      Potential    Kinetic En.   Total Energy  Conserved En.    Temperature
   -1.25087e+06    2.03185e+05   -1.04768e+06   -1.05287e+06    3.11542e+02
 Pressure (bar)   Constr. rmsd
   -7.63336e+00    1.13239e-06

           Step           Time
        1025000    20500.00000

   Energies (kJ/mol)
           Bond  Harmonic Pot.          Angle       G96Angle  Restr. Angles
    1.88491e+04    5.90732e+00    1.28332e+04    5.22351e+02    6.95533e+02
    Proper Dih.  Improper Dih.        LJ (SR)   Coulomb (SR) Position Rest.
    4.23639e+02    4.36710e+02   -1.27290e+06   -1.47592e+04    1.75421e+01
      Potential    Kinetic En.   Total Energy  Conserved En.    Temperature
   -1.25387e+06    2.02697e+05   -1.05117e+06   -1.05298e+06    3.10794e+02
 Pressure (bar)   Constr. rmsd
    5.54452e+01    1.12430e-06

           Step           Time
        1050000    21000.00000

   Energies (kJ/mol)
           Bond  Harmonic Pot.          Angle       G96Angle  Restr. Angles
    1.88316e+04    6.82015e+00    1.27108e+04    5.31720e+02    6.64091e+02
    Proper Dih.  Improper Dih.        LJ (SR)   Coulomb (SR) Position Rest.
    4.23906e+02    4.80311e+02   -1.27039e+06   -1.48815e+04    2.08525e+01
      Potential    Kinetic En.   Total Energy  Conserved En.    Temperature
   -1.25160e+06    2.01795e+05   -1.04981e+06   -1.05293e+06    3.09411e+02
 Pressure (bar)   Constr. rmsd
    2.59095e+01    1.16436e-06

           Step           Time
        1075000    21500.00000

   Energies (kJ/mol)
           Bond  Harmonic Pot.          Angle       G96Angle  Restr. Angles
    1.84261e+04    4.36049e+00    1.26646e+04    5.79721e+02    6.82174e+02
    Proper Dih.  Improper Dih.        LJ (SR)   Coulomb (SR) Position Rest.
    3.49435e+02    4.47192e+02   -1.27079e+06   -1.46890e+04    2.08810e+01
      Potential    Kinetic En.   Total Energy  Conserved En.    Temperature
   -1.25230e+06    2.02949e+05   -1.04935e+06   -1.05297e+06    3.11181e+02
 Pressure (bar)   Constr. rmsd
    3.35091e+01    1.14126e-06

           Step           Time
        1100000    22000.00000

   Energies (kJ/mol)
           Bond  Harmonic Pot.          Angle       G96Angle  Restr. Angles
    1.87762e+04    7.58679e+00    1.26036e+04    5.12828e+02    6.77792e+02
    Proper Dih.  Improper Dih.        LJ (SR)   Coulomb (SR) Position Rest.
    4.18256e+02    4.18670e+02   -1.27116e+06   -1.46740e+04    2.22059e+01
      Potential    Kinetic En.   Total Energy  Conserved En.    Temperature
   -1.25240e+06    2.00809e+05   -1.05159e+06   -1.05284e+06    3.07900e+02
 Pressure (bar)   Constr. rmsd
   -5.31761e+00    1.18581e-06

           Step           Time
        1125000    22500.00000

   Energies (kJ/mol)
           Bond  Harmonic Pot.          Angle       G96Angle  Restr. Angles
    1.84003e+04    9.38331e+00    1.27961e+04    5.52742e+02    7.32330e+02
    Proper Dih.  Improper Dih.        LJ (SR)   Coulomb (SR) Position Rest.
    3.94936e+02    4.74458e+02   -1.27308e+06   -1.48096e+04    2.16698e+01
      Potential    Kinetic En.   Total Energy  Conserved En.    Temperature
   -1.25451e+06    2.01790e+05   -1.05272e+06   -1.05301e+06    3.09404e+02
 Pressure (bar)   Constr. rmsd
    3.27874e+01    1.13518e-06

           Step           Time
        1150000    23000.00000

   Energies (kJ/mol)
           Bond  Harmonic Pot.          Angle       G96Angle  Restr. Angles
    1.86291e+04    8.68474e+00    1.24271e+04    5.72947e+02    6.84491e+02
    Proper Dih.  Improper Dih.        LJ (SR)   Coulomb (SR) Position Rest.
    3.67670e+02    4.53934e+02   -1.27079e+06   -1.44033e+04    2.26588e+01
      Potential    Kinetic En.   Total Energy  Conserved En.    Temperature
   -1.25203e+06    2.02642e+05   -1.04939e+06   -1.05322e+06    3.10709e+02
 Pressure (bar)   Constr. rmsd
   -8.72520e+00    1.11696e-06

           Step           Time
        1175000    23500.00000

   Energies (kJ/mol)
           Bond  Harmonic Pot.          Angle       G96Angle  Restr. Angles
    1.82721e+04    7.64255e+00    1.27116e+04    5.40755e+02    6.61122e+02
    Proper Dih.  Improper Dih.        LJ (SR)   Coulomb (SR) Position Rest.
    3.90908e+02    4.46597e+02   -1.26911e+06   -1.45174e+04    2.55114e+01
      Potential    Kinetic En.   Total Energy  Conserved En.    Temperature
   -1.25057e+06    2.02925e+05   -1.04765e+06   -1.05342e+06    3.11144e+02
 Pressure (bar)   Constr. rmsd
    1.67617e+01    1.15405e-06

           Step           Time
        1200000    24000.00000

   Energies (kJ/mol)
           Bond  Harmonic Pot.          Angle       G96Angle  Restr. Angles
    1.85209e+04    6.39836e+00    1.28837e+04    5.50526e+02    6.92098e+02
    Proper Dih.  Improper Dih.        LJ (SR)   Coulomb (SR) Position Rest.
    4.09048e+02    4.40211e+02   -1.27124e+06   -1.49065e+04    2.09163e+01
      Potential    Kinetic En.   Total Energy  Conserved En.    Temperature
   -1.25262e+06    2.00576e+05   -1.05205e+06   -1.05319e+06    3.07543e+02
 Pressure (bar)   Constr. rmsd
   -2.26565e+01    1.08402e-06

           Step           Time
        1225000    24500.00000

   Energies (kJ/mol)
           Bond  Harmonic Pot.          Angle       G96Angle  Restr. Angles
    1.88035e+04    5.49840e+00    1.27758e+04    5.01097e+02    6.48109e+02
    Proper Dih.  Improper Dih.        LJ (SR)   Coulomb (SR) Position Rest.
    4.30244e+02    4.32441e+02   -1.27169e+06   -1.47274e+04    2.63041e+01
      Potential    Kinetic En.   Total Energy  Conserved En.    Temperature
   -1.25279e+06    2.01363e+05   -1.05143e+06   -1.05320e+06    3.08749e+02
 Pressure (bar)   Constr. rmsd
   -1.74108e+01    1.08767e-06

           Step           Time
        1250000    25000.00000

   Energies (kJ/mol)
           Bond  Harmonic Pot.          Angle       G96Angle  Restr. Angles
    1.86387e+04    5.53986e+00    1.26828e+04    5.34594e+02    6.61082e+02
    Proper Dih.  Improper Dih.        LJ (SR)   Coulomb (SR) Position Rest.
    3.99263e+02    4.42347e+02   -1.26940e+06   -1.45426e+04    2.34863e+01
      Potential    Kinetic En.   Total Energy  Conserved En.    Temperature
   -1.25056e+06    2.03778e+05   -1.04678e+06   -1.05316e+06    3.12452e+02
 Pressure (bar)   Constr. rmsd
   -3.26847e+01    1.08822e-06

           Step           Time
        1275000    25500.00000

   Energies (kJ/mol)
           Bond  Harmonic Pot.          Angle       G96Angle  Restr. Angles
    1.81287e+04    1.13867e+01    1.25999e+04    5.76524e+02    6.87677e+02
    Proper Dih.  Improper Dih.        LJ (SR)   Coulomb (SR) Position Rest.
    3.88435e+02    4.44001e+02   -1.26806e+06   -1.45551e+04    1.92048e+01
      Potential    Kinetic En.   Total Energy  Conserved En.    Temperature
   -1.24975e+06    2.01559e+05   -1.04820e+06   -1.05306e+06    3.09050e+02
 Pressure (bar)   Constr. rmsd
   -2.59074e+01    1.11162e-06

           Step           Time
        1300000    26000.00000

   Energies (kJ/mol)
           Bond  Harmonic Pot.          Angle       G96Angle  Restr. Angles
    1.85423e+04    5.52016e+00    1.26878e+04    5.14209e+02    6.63052e+02
    Proper Dih.  Improper Dih.        LJ (SR)   Coulomb (SR) Position Rest.
    4.27409e+02    4.41596e+02   -1.27049e+06   -1.47918e+04    2.15043e+01
      Potential    Kinetic En.   Total Energy  Conserved En.    Temperature
   -1.25198e+06    2.02024e+05   -1.04996e+06   -1.05293e+06    3.09762e+02
 Pressure (bar)   Constr. rmsd
   -1.65387e+01    1.12534e-06

Writing checkpoint, step 1312180 at Tue Apr  8 18:27:21 2025


           Step           Time
        1325000    26500.00000

   Energies (kJ/mol)
           Bond  Harmonic Pot.          Angle       G96Angle  Restr. Angles
    1.88090e+04    6.27245e+00    1.25299e+04    5.56461e+02    6.62444e+02
    Proper Dih.  Improper Dih.        LJ (SR)   Coulomb (SR) Position Rest.
    4.14086e+02    4.60052e+02   -1.27009e+06   -1.47492e+04    1.98419e+01
      Potential    Kinetic En.   Total Energy  Conserved En.    Temperature
   -1.25138e+06    2.02597e+05   -1.04878e+06   -1.05295e+06    3.10640e+02
 Pressure (bar)   Constr. rmsd
    1.85395e+01    1.12030e-06

           Step           Time
        1350000    27000.00000

   Energies (kJ/mol)
           Bond  Harmonic Pot.          Angle       G96Angle  Restr. Angles
    1.81687e+04    6.33903e+00    1.26766e+04    5.23699e+02    6.85963e+02
    Proper Dih.  Improper Dih.        LJ (SR)   Coulomb (SR) Position Rest.
    3.32916e+02    5.16074e+02   -1.27133e+06   -1.47313e+04    2.17003e+01
      Potential    Kinetic En.   Total Energy  Conserved En.    Temperature
   -1.25313e+06    2.01913e+05   -1.05122e+06   -1.05311e+06    3.09592e+02
 Pressure (bar)   Constr. rmsd
   -4.89511e+00    1.13750e-06

           Step           Time
        1375000    27500.00000

   Energies (kJ/mol)
           Bond  Harmonic Pot.          Angle       G96Angle  Restr. Angles
    1.86007e+04    8.31985e+00    1.28118e+04    5.60526e+02    6.77444e+02
    Proper Dih.  Improper Dih.        LJ (SR)   Coulomb (SR) Position Rest.
    3.88257e+02    4.43701e+02   -1.27259e+06   -1.47808e+04    1.97140e+01
      Potential    Kinetic En.   Total Energy  Conserved En.    Temperature
   -1.25386e+06    2.02599e+05   -1.05126e+06   -1.05337e+06    3.10644e+02
 Pressure (bar)   Constr. rmsd
    1.39053e+01    1.11916e-06

           Step           Time
        1400000    28000.00000

   Energies (kJ/mol)
           Bond  Harmonic Pot.          Angle       G96Angle  Restr. Angles
    1.83264e+04    6.14393e+00    1.25244e+04    5.17604e+02    6.55985e+02
    Proper Dih.  Improper Dih.        LJ (SR)   Coulomb (SR) Position Rest.
    4.21298e+02    4.62796e+02   -1.27153e+06   -1.46709e+04    1.86811e+01
      Potential    Kinetic En.   Total Energy  Conserved En.    Temperature
   -1.25327e+06    2.02222e+05   -1.05105e+06   -1.05343e+06    3.10066e+02
 Pressure (bar)   Constr. rmsd
   -2.30699e+01    1.08667e-06

           Step           Time
        1425000    28500.00000

   Energies (kJ/mol)
           Bond  Harmonic Pot.          Angle       G96Angle  Restr. Angles
    1.86571e+04    5.36731e+00    1.21818e+04    4.83751e+02    6.58639e+02
    Proper Dih.  Improper Dih.        LJ (SR)   Coulomb (SR) Position Rest.
    3.94465e+02    4.11968e+02   -1.27450e+06   -1.47530e+04    1.55271e+01
      Potential    Kinetic En.   Total Energy  Conserved En.    Temperature
   -1.25645e+06    2.01948e+05   -1.05450e+06   -1.05358e+06    3.09646e+02
 Pressure (bar)   Constr. rmsd
    1.98692e+01    1.08445e-06

           Step           Time
        1450000    29000.00000

   Energies (kJ/mol)
           Bond  Harmonic Pot.          Angle       G96Angle  Restr. Angles
    1.85019e+04    6.82093e+00    1.25095e+04    4.83996e+02    6.54029e+02
    Proper Dih.  Improper Dih.        LJ (SR)   Coulomb (SR) Position Rest.
    3.79840e+02    4.35343e+02   -1.27204e+06   -1.46543e+04    1.38253e+01
      Potential    Kinetic En.   Total Energy  Conserved En.    Temperature
   -1.25371e+06    2.03664e+05   -1.05004e+06   -1.05380e+06    3.12276e+02
 Pressure (bar)   Constr. rmsd
    1.82537e+01    1.19988e-06

           Step           Time
        1475000    29500.00000

   Energies (kJ/mol)
           Bond  Harmonic Pot.          Angle       G96Angle  Restr. Angles
    1.86394e+04    5.83071e+00    1.26449e+04    4.87861e+02    6.90949e+02
    Proper Dih.  Improper Dih.        LJ (SR)   Coulomb (SR) Position Rest.
    3.99945e+02    4.52368e+02   -1.27221e+06   -1.46975e+04    1.47914e+01
      Potential    Kinetic En.   Total Energy  Conserved En.    Temperature
   -1.25357e+06    2.03097e+05   -1.05047e+06   -1.05375e+06    3.11407e+02
 Pressure (bar)   Constr. rmsd
    2.15379e+01    1.12559e-06

           Step           Time
        1500000    30000.00000

   Energies (kJ/mol)
           Bond  Harmonic Pot.          Angle       G96Angle  Restr. Angles
    1.82380e+04    5.56190e+00    1.22126e+04    5.42831e+02    6.59734e+02
    Proper Dih.  Improper Dih.        LJ (SR)   Coulomb (SR) Position Rest.
    3.77506e+02    4.42533e+02   -1.27162e+06   -1.47961e+04    1.79484e+01
      Potential    Kinetic En.   Total Energy  Conserved En.    Temperature
   -1.25392e+06    2.02585e+05   -1.05134e+06   -1.05383e+06    3.10622e+02
 Pressure (bar)   Constr. rmsd
    1.86866e+01    1.10378e-06

           Step           Time
        1525000    30500.00000

   Energies (kJ/mol)
           Bond  Harmonic Pot.          Angle       G96Angle  Restr. Angles
    1.84465e+04    5.64807e+00    1.27070e+04    4.67751e+02    6.60976e+02
    Proper Dih.  Improper Dih.        LJ (SR)   Coulomb (SR) Position Rest.
    3.64014e+02    4.26186e+02   -1.27273e+06   -1.47599e+04    1.66817e+01
      Potential    Kinetic En.   Total Energy  Conserved En.    Temperature
   -1.25439e+06    2.01580e+05   -1.05281e+06   -1.05408e+06    3.09081e+02
 Pressure (bar)   Constr. rmsd
    4.30118e+00    1.10753e-06

           Step           Time
        1550000    31000.00000

   Energies (kJ/mol)
           Bond  Harmonic Pot.          Angle       G96Angle  Restr. Angles
    1.85088e+04    7.94871e+00    1.26556e+04    5.70540e+02    6.91442e+02
    Proper Dih.  Improper Dih.        LJ (SR)   Coulomb (SR) Position Rest.
    4.30394e+02    4.52352e+02   -1.27339e+06   -1.46198e+04    1.59569e+01
      Potential    Kinetic En.   Total Energy  Conserved En.    Temperature
   -1.25468e+06    2.00654e+05   -1.05403e+06   -1.05403e+06    3.07662e+02
 Pressure (bar)   Constr. rmsd
   -9.39945e+00    1.07257e-06

           Step           Time
        1575000    31500.00000

   Energies (kJ/mol)
           Bond  Harmonic Pot.          Angle       G96Angle  Restr. Angles
    1.81932e+04    5.03375e+00    1.24612e+04    5.27923e+02    6.61396e+02
    Proper Dih.  Improper Dih.        LJ (SR)   Coulomb (SR) Position Rest.
    3.80972e+02    4.38542e+02   -1.27145e+06   -1.46866e+04    1.72809e+01
      Potential    Kinetic En.   Total Energy  Conserved En.    Temperature
   -1.25345e+06    2.01859e+05   -1.05159e+06   -1.05403e+06    3.09509e+02
 Pressure (bar)   Constr. rmsd
    1.41025e+01    1.16148e-06

           Step           Time
        1600000    32000.00000

   Energies (kJ/mol)
           Bond  Harmonic Pot.          Angle       G96Angle  Restr. Angles
    1.82868e+04    8.59912e+00    1.26697e+04    5.50176e+02    6.53082e+02
    Proper Dih.  Improper Dih.        LJ (SR)   Coulomb (SR) Position Rest.
    3.75735e+02    4.19597e+02   -1.27228e+06   -1.46876e+04    1.69297e+01
      Potential    Kinetic En.   Total Energy  Conserved En.    Temperature
   -1.25399e+06    2.03235e+05   -1.05075e+06   -1.05427e+06    3.11620e+02
 Pressure (bar)   Constr. rmsd
    1.06208e+00    1.11454e-06

           Step           Time
        1625000    32500.00000

   Energies (kJ/mol)
           Bond  Harmonic Pot.          Angle       G96Angle  Restr. Angles
    1.84096e+04    5.48199e+00    1.29343e+04    5.50142e+02    6.87710e+02
    Proper Dih.  Improper Dih.        LJ (SR)   Coulomb (SR) Position Rest.
    3.96077e+02    4.79002e+02   -1.27218e+06   -1.46068e+04    2.23854e+01
      Potential    Kinetic En.   Total Energy  Conserved En.    Temperature
   -1.25331e+06    2.02211e+05   -1.05109e+06   -1.05432e+06    3.10049e+02
 Pressure (bar)   Constr. rmsd
    4.50132e+00    1.13218e-06

           Step           Time
        1650000    33000.00000

   Energies (kJ/mol)
           Bond  Harmonic Pot.          Angle       G96Angle  Restr. Angles
    1.84254e+04    5.69909e+00    1.28453e+04    5.29020e+02    6.69838e+02
    Proper Dih.  Improper Dih.        LJ (SR)   Coulomb (SR) Position Rest.
    3.88275e+02    4.85350e+02   -1.27158e+06   -1.43759e+04    2.14911e+01
      Potential    Kinetic En.   Total Energy  Conserved En.    Temperature
   -1.25259e+06    2.01350e+05   -1.05123e+06   -1.05445e+06    3.08729e+02
 Pressure (bar)   Constr. rmsd
   -2.06922e+01    1.13029e-06

           Step           Time
        1675000    33500.00000

   Energies (kJ/mol)
           Bond  Harmonic Pot.          Angle       G96Angle  Restr. Angles
    1.88912e+04    1.00134e+01    1.26387e+04    4.80461e+02    6.91366e+02
    Proper Dih.  Improper Dih.        LJ (SR)   Coulomb (SR) Position Rest.
    4.24174e+02    4.72454e+02   -1.27198e+06   -1.46886e+04    2.49164e+01
      Potential    Kinetic En.   Total Energy  Conserved En.    Temperature
   -1.25303e+06    2.04025e+05   -1.04901e+06   -1.05429e+06    3.12830e+02
 Pressure (bar)   Constr. rmsd
   -1.01723e+01    1.17030e-06

           Step           Time
        1700000    34000.00000

   Energies (kJ/mol)
           Bond  Harmonic Pot.          Angle       G96Angle  Restr. Angles
    1.82896e+04    4.60363e+00    1.26270e+04    5.50231e+02    6.57477e+02
    Proper Dih.  Improper Dih.        LJ (SR)   Coulomb (SR) Position Rest.
    4.29732e+02    4.04712e+02   -1.27167e+06   -1.44063e+04    1.98699e+01
      Potential    Kinetic En.   Total Energy  Conserved En.    Temperature
   -1.25309e+06    2.02081e+05   -1.05101e+06   -1.05422e+06    3.09849e+02
 Pressure (bar)   Constr. rmsd
    2.12278e+01    1.09893e-06

           Step           Time
        1725000    34500.00000

   Energies (kJ/mol)
           Bond  Harmonic Pot.          Angle       G96Angle  Restr. Angles
    1.83011e+04    5.90823e+00    1.28021e+04    4.89688e+02    6.85460e+02
    Proper Dih.  Improper Dih.        LJ (SR)   Coulomb (SR) Position Rest.
    3.94493e+02    4.86976e+02   -1.27198e+06   -1.45109e+04    2.01074e+01
      Potential    Kinetic En.   Total Energy  Conserved En.    Temperature
   -1.25330e+06    2.02004e+05   -1.05130e+06   -1.05436e+06    3.09731e+02
 Pressure (bar)   Constr. rmsd
    1.14065e+01    1.10777e-06

           Step           Time
        1750000    35000.00000

   Energies (kJ/mol)
           Bond  Harmonic Pot.          Angle       G96Angle  Restr. Angles
    1.88417e+04    7.02990e+00    1.25055e+04    5.37051e+02    6.15370e+02
    Proper Dih.  Improper Dih.        LJ (SR)   Coulomb (SR) Position Rest.
    3.85282e+02    4.88282e+02   -1.26979e+06   -1.46700e+04    1.47127e+01
      Potential    Kinetic En.   Total Energy  Conserved En.    Temperature
   -1.25106e+06    2.02801e+05   -1.04826e+06   -1.05456e+06    3.10953e+02
 Pressure (bar)   Constr. rmsd
    9.52192e+00    1.09926e-06

           Step           Time
        1775000    35500.00000

   Energies (kJ/mol)
           Bond  Harmonic Pot.          Angle       G96Angle  Restr. Angles
    1.83127e+04    7.17705e+00    1.26442e+04    5.61624e+02    6.45035e+02
    Proper Dih.  Improper Dih.        LJ (SR)   Coulomb (SR) Position Rest.
    4.45413e+02    4.43419e+02   -1.27039e+06   -1.47246e+04    1.36827e+01
      Potential    Kinetic En.   Total Energy  Conserved En.    Temperature
   -1.25204e+06    2.02854e+05   -1.04919e+06   -1.05461e+06    3.11035e+02
 Pressure (bar)   Constr. rmsd
    5.77988e+00    1.08799e-06

           Step           Time
        1800000    36000.00000

   Energies (kJ/mol)
           Bond  Harmonic Pot.          Angle       G96Angle  Restr. Angles
    1.87038e+04    3.89638e+00    1.29377e+04    5.00211e+02    7.12154e+02
    Proper Dih.  Improper Dih.        LJ (SR)   Coulomb (SR) Position Rest.
    4.39104e+02    4.38294e+02   -1.27197e+06   -1.47617e+04    1.87408e+01
      Potential    Kinetic En.   Total Energy  Conserved En.    Temperature
   -1.25298e+06    2.02436e+05   -1.05054e+06   -1.05469e+06    3.10394e+02
 Pressure (bar)   Constr. rmsd
    2.69411e+01    1.04660e-06

           Step           Time
        1825000    36500.00000

   Energies (kJ/mol)
           Bond  Harmonic Pot.          Angle       G96Angle  Restr. Angles
    1.85044e+04    7.37957e+00    1.26356e+04    5.37294e+02    6.80348e+02
    Proper Dih.  Improper Dih.        LJ (SR)   Coulomb (SR) Position Rest.
    4.49172e+02    4.57938e+02   -1.27016e+06   -1.48082e+04    2.07406e+01
      Potential    Kinetic En.   Total Energy  Conserved En.    Temperature
   -1.25168e+06    2.01563e+05   -1.05011e+06   -1.05477e+06    3.09055e+02
 Pressure (bar)   Constr. rmsd
   -1.50267e+00    1.10069e-06

           Step           Time
        1850000    37000.00000

   Energies (kJ/mol)
           Bond  Harmonic Pot.          Angle       G96Angle  Restr. Angles
    1.85266e+04    3.93838e+00    1.28863e+04    5.55350e+02    6.45763e+02
    Proper Dih.  Improper Dih.        LJ (SR)   Coulomb (SR) Position Rest.
    3.75801e+02    4.41660e+02   -1.26971e+06   -1.45786e+04    1.96126e+01
      Potential    Kinetic En.   Total Energy  Conserved En.    Temperature
   -1.25083e+06    2.01832e+05   -1.04900e+06   -1.05480e+06    3.09469e+02
 Pressure (bar)   Constr. rmsd
    2.78526e+01    1.12629e-06

           Step           Time
        1875000    37500.00000

   Energies (kJ/mol)
           Bond  Harmonic Pot.          Angle       G96Angle  Restr. Angles
    1.84993e+04    4.41645e+00    1.28440e+04    6.23372e+02    6.77739e+02
    Proper Dih.  Improper Dih.        LJ (SR)   Coulomb (SR) Position Rest.
    3.76138e+02    4.62130e+02   -1.27036e+06   -1.48746e+04    2.09271e+01
      Potential    Kinetic En.   Total Energy  Conserved En.    Temperature
   -1.25173e+06    2.02817e+05   -1.04891e+06   -1.05498e+06    3.10978e+02
 Pressure (bar)   Constr. rmsd
   -2.21691e+01    1.08100e-06

           Step           Time
        1900000    38000.00000

   Energies (kJ/mol)
           Bond  Harmonic Pot.          Angle       G96Angle  Restr. Angles
    1.83007e+04    6.52836e+00    1.25272e+04    5.48135e+02    6.71431e+02
    Proper Dih.  Improper Dih.        LJ (SR)   Coulomb (SR) Position Rest.
    4.33250e+02    4.35375e+02   -1.27244e+06   -1.43771e+04    2.14535e+01
      Potential    Kinetic En.   Total Energy  Conserved En.    Temperature
   -1.25387e+06    2.02649e+05   -1.05122e+06   -1.05495e+06    3.10721e+02
 Pressure (bar)   Constr. rmsd
   -9.81118e+00    1.12140e-06

           Step           Time
        1925000    38500.00000

   Energies (kJ/mol)
           Bond  Harmonic Pot.          Angle       G96Angle  Restr. Angles
    1.85051e+04    8.94311e+00    1.24077e+04    5.05471e+02    6.37854e+02
    Proper Dih.  Improper Dih.        LJ (SR)   Coulomb (SR) Position Rest.
    3.81699e+02    4.58356e+02   -1.27366e+06   -1.45761e+04    2.27433e+01
      Potential    Kinetic En.   Total Energy  Conserved En.    Temperature
   -1.25530e+06    2.02780e+05   -1.05252e+06   -1.05490e+06    3.10921e+02
 Pressure (bar)   Constr. rmsd
    3.21493e+01    1.14533e-06

           Step           Time
        1950000    39000.00000

   Energies (kJ/mol)
           Bond  Harmonic Pot.          Angle       G96Angle  Restr. Angles
    1.82165e+04    9.68934e+00    1.26901e+04    5.18185e+02    7.13729e+02
    Proper Dih.  Improper Dih.        LJ (SR)   Coulomb (SR) Position Rest.
    3.64658e+02    4.68584e+02   -1.27338e+06   -1.45178e+04    1.97128e+01
      Potential    Kinetic En.   Total Energy  Conserved En.    Temperature
   -1.25489e+06    2.02272e+05   -1.05262e+06   -1.05484e+06    3.10142e+02
 Pressure (bar)   Constr. rmsd
   -2.37744e+00    1.10050e-06

           Step           Time
        1975000    39500.00000

   Energies (kJ/mol)
           Bond  Harmonic Pot.          Angle       G96Angle  Restr. Angles
    1.86873e+04    1.11623e+01    1.28409e+04    5.89008e+02    6.63837e+02
    Proper Dih.  Improper Dih.        LJ (SR)   Coulomb (SR) Position Rest.
    4.03696e+02    4.56085e+02   -1.26875e+06   -1.46925e+04    2.12484e+01
      Potential    Kinetic En.   Total Energy  Conserved En.    Temperature
   -1.24977e+06    2.03679e+05   -1.04609e+06   -1.05487e+06    3.12300e+02
 Pressure (bar)   Constr. rmsd
   -2.15390e+00    1.13142e-06

           Step           Time
        2000000    40000.00000

   Energies (kJ/mol)
           Bond  Harmonic Pot.          Angle       G96Angle  Restr. Angles
    1.86253e+04    7.94390e+00    1.27867e+04    5.23016e+02    7.12625e+02
    Proper Dih.  Improper Dih.        LJ (SR)   Coulomb (SR) Position Rest.
    3.89367e+02    4.33009e+02   -1.27273e+06   -1.46489e+04    1.74409e+01
      Potential    Kinetic En.   Total Energy  Conserved En.    Temperature
   -1.25388e+06    2.01111e+05   -1.05277e+06   -1.05490e+06    3.08362e+02
 Pressure (bar)   Constr. rmsd
    7.98210e+00    1.05606e-06

           Step           Time
        2025000    40500.00000

   Energies (kJ/mol)
           Bond  Harmonic Pot.          Angle       G96Angle  Restr. Angles
    1.87120e+04    6.71902e+00    1.26171e+04    5.91706e+02    6.87637e+02
    Proper Dih.  Improper Dih.        LJ (SR)   Coulomb (SR) Position Rest.
    3.92443e+02    4.51570e+02   -1.26999e+06   -1.47977e+04    2.01774e+01
      Potential    Kinetic En.   Total Energy  Conserved En.    Temperature
   -1.25131e+06    2.03696e+05   -1.04762e+06   -1.05486e+06    3.12327e+02
 Pressure (bar)   Constr. rmsd
    1.66909e+01    1.19598e-06

           Step           Time
        2050000    41000.00000

   Energies (kJ/mol)
           Bond  Harmonic Pot.          Angle       G96Angle  Restr. Angles
    1.87752e+04    3.67219e+00    1.26913e+04    5.64440e+02    6.37832e+02
    Proper Dih.  Improper Dih.        LJ (SR)   Coulomb (SR) Position Rest.
    4.11292e+02    5.16190e+02   -1.27243e+06   -1.49050e+04    1.89253e+01
      Potential    Kinetic En.   Total Energy  Conserved En.    Temperature
   -1.25372e+06    2.03171e+05   -1.05055e+06   -1.05468e+06    3.11521e+02
 Pressure (bar)   Constr. rmsd
    3.55778e+01    1.05784e-06

           Step           Time
        2075000    41500.00000

   Energies (kJ/mol)
           Bond  Harmonic Pot.          Angle       G96Angle  Restr. Angles
    1.86404e+04    3.96142e+00    1.30375e+04    5.84101e+02    7.36541e+02
    Proper Dih.  Improper Dih.        LJ (SR)   Coulomb (SR) Position Rest.
    3.94538e+02    5.11971e+02   -1.27101e+06   -1.46724e+04    1.70132e+01
      Potential    Kinetic En.   Total Energy  Conserved En.    Temperature
   -1.25176e+06    2.02402e+05   -1.04936e+06   -1.05475e+06    3.10343e+02
 Pressure (bar)   Constr. rmsd
    1.47041e+01    1.08864e-06

           Step           Time
        2100000    42000.00000

   Energies (kJ/mol)
           Bond  Harmonic Pot.          Angle       G96Angle  Restr. Angles
    1.86708e+04    7.91349e+00    1.25338e+04    5.66519e+02    6.89990e+02
    Proper Dih.  Improper Dih.        LJ (SR)   Coulomb (SR) Position Rest.
    4.03273e+02    4.22256e+02   -1.27218e+06   -1.46847e+04    1.77401e+01
      Potential    Kinetic En.   Total Energy  Conserved En.    Temperature
   -1.25355e+06    2.02143e+05   -1.05141e+06   -1.05481e+06    3.09944e+02
 Pressure (bar)   Constr. rmsd
    1.91856e+00    1.05637e-06

           Step           Time
        2125000    42500.00000

   Energies (kJ/mol)
           Bond  Harmonic Pot.          Angle       G96Angle  Restr. Angles
    1.84331e+04    1.10372e+01    1.25960e+04    5.20450e+02    6.51293e+02
    Proper Dih.  Improper Dih.        LJ (SR)   Coulomb (SR) Position Rest.
    3.77066e+02    4.71676e+02   -1.27231e+06   -1.46238e+04    2.16601e+01
      Potential    Kinetic En.   Total Energy  Conserved En.    Temperature
   -1.25385e+06    2.01529e+05   -1.05232e+06   -1.05476e+06    3.09003e+02
 Pressure (bar)   Constr. rmsd
   -1.59787e+01    1.10606e-06

           Step           Time
        2150000    43000.00000

   Energies (kJ/mol)
           Bond  Harmonic Pot.          Angle       G96Angle  Restr. Angles
    1.81910e+04    4.11575e+00    1.26882e+04    5.18816e+02    7.32035e+02
    Proper Dih.  Improper Dih.        LJ (SR)   Coulomb (SR) Position Rest.
    4.11122e+02    4.76696e+02   -1.27168e+06   -1.46160e+04    2.21213e+01
      Potential    Kinetic En.   Total Energy  Conserved En.    Temperature
   -1.25325e+06    2.03700e+05   -1.04955e+06   -1.05470e+06    3.12331e+02
 Pressure (bar)   Constr. rmsd
    1.88541e+01    1.17130e-06

           Step           Time
        2175000    43500.00000

   Energies (kJ/mol)
           Bond  Harmonic Pot.          Angle       G96Angle  Restr. Angles
    1.86892e+04    5.86993e+00    1.22640e+04    5.24564e+02    6.97574e+02
    Proper Dih.  Improper Dih.        LJ (SR)   Coulomb (SR) Position Rest.
    4.34135e+02    4.20253e+02   -1.27153e+06   -1.45550e+04    2.44017e+01
      Potential    Kinetic En.   Total Energy  Conserved En.    Temperature
   -1.25303e+06    2.00964e+05   -1.05206e+06   -1.05469e+06    3.08137e+02
 Pressure (bar)   Constr. rmsd
   -5.33146e+00    1.14403e-06

           Step           Time
        2200000    44000.00000

   Energies (kJ/mol)
           Bond  Harmonic Pot.          Angle       G96Angle  Restr. Angles
    1.86144e+04    7.24753e+00    1.28164e+04    5.61929e+02    6.85894e+02
    Proper Dih.  Improper Dih.        LJ (SR)   Coulomb (SR) Position Rest.
    3.96254e+02    4.81140e+02   -1.26962e+06   -1.48299e+04    1.68156e+01
      Potential    Kinetic En.   Total Energy  Conserved En.    Temperature
   -1.25087e+06    2.01561e+05   -1.04931e+06   -1.05486e+06    3.09052e+02
 Pressure (bar)   Constr. rmsd
   -1.75559e+00    1.17213e-06

           Step           Time
        2225000    44500.00000

   Energies (kJ/mol)
           Bond  Harmonic Pot.          Angle       G96Angle  Restr. Angles
    1.85196e+04    8.30264e+00    1.26984e+04    5.33957e+02    6.76910e+02
    Proper Dih.  Improper Dih.        LJ (SR)   Coulomb (SR) Position Rest.
    3.56917e+02    4.08944e+02   -1.27235e+06   -1.45949e+04    2.04988e+01
      Potential    Kinetic En.   Total Energy  Conserved En.    Temperature
   -1.25372e+06    2.03673e+05   -1.05005e+06   -1.05494e+06    3.12291e+02
 Pressure (bar)   Constr. rmsd
   -1.14306e+01    1.08599e-06

           Step           Time
        2250000    45000.00000

   Energies (kJ/mol)
           Bond  Harmonic Pot.          Angle       G96Angle  Restr. Angles
    1.82335e+04    6.45372e+00    1.23586e+04    5.14943e+02    6.60466e+02
    Proper Dih.  Improper Dih.        LJ (SR)   Coulomb (SR) Position Rest.
    4.23011e+02    4.36119e+02   -1.27364e+06   -1.47984e+04    1.91740e+01
      Potential    Kinetic En.   Total Energy  Conserved En.    Temperature
   -1.25579e+06    2.00351e+05   -1.05544e+06   -1.05489e+06    3.07196e+02
 Pressure (bar)   Constr. rmsd
   -1.46320e+01    1.11563e-06

           Step           Time
        2275000    45500.00000

   Energies (kJ/mol)
           Bond  Harmonic Pot.          Angle       G96Angle  Restr. Angles
    1.86248e+04    4.64480e+00    1.28990e+04    5.39106e+02    7.08295e+02
    Proper Dih.  Improper Dih.        LJ (SR)   Coulomb (SR) Position Rest.
    3.42246e+02    4.45969e+02   -1.27215e+06   -1.47767e+04    1.91553e+01
      Potential    Kinetic En.   Total Energy  Conserved En.    Temperature
   -1.25334e+06    2.02409e+05   -1.05093e+06   -1.05482e+06    3.10352e+02
 Pressure (bar)   Constr. rmsd
   -4.12095e+00    1.10144e-06

           Step           Time
        2300000    46000.00000

   Energies (kJ/mol)
           Bond  Harmonic Pot.          Angle       G96Angle  Restr. Angles
    1.85877e+04    7.56021e+00    1.26386e+04    5.08635e+02    6.55270e+02
    Proper Dih.  Improper Dih.        LJ (SR)   Coulomb (SR) Position Rest.
    3.86970e+02    4.67446e+02   -1.27161e+06   -1.46154e+04    1.99394e+01
      Potential    Kinetic En.   Total Energy  Conserved En.    Temperature
   -1.25296e+06    2.01907e+05   -1.05105e+06   -1.05497e+06    3.09583e+02
 Pressure (bar)   Constr. rmsd
   -4.95904e+00    1.12590e-06

           Step           Time
        2325000    46500.00000

   Energies (kJ/mol)
           Bond  Harmonic Pot.          Angle       G96Angle  Restr. Angles
    1.86979e+04    6.06655e+00    1.27809e+04    5.87810e+02    6.63710e+02
    Proper Dih.  Improper Dih.        LJ (SR)   Coulomb (SR) Position Rest.
    4.05151e+02    5.22474e+02   -1.27022e+06   -1.46481e+04    2.11562e+01
      Potential    Kinetic En.   Total Energy  Conserved En.    Temperature
   -1.25118e+06    2.02240e+05   -1.04894e+06   -1.05508e+06    3.10094e+02
 Pressure (bar)   Constr. rmsd
    1.27262e+01    1.14821e-06

           Step           Time
        2350000    47000.00000

   Energies (kJ/mol)
           Bond  Harmonic Pot.          Angle       G96Angle  Restr. Angles
    1.83616e+04    5.69654e+00    1.27900e+04    5.03559e+02    6.58656e+02
    Proper Dih.  Improper Dih.        LJ (SR)   Coulomb (SR) Position Rest.
    4.33300e+02    4.75383e+02   -1.27087e+06   -1.46318e+04    1.97860e+01
      Potential    Kinetic En.   Total Energy  Conserved En.    Temperature
   -1.25226e+06    2.02128e+05   -1.05013e+06   -1.05498e+06    3.09922e+02
 Pressure (bar)   Constr. rmsd
    1.14030e+01    1.13022e-06

           Step           Time
        2375000    47500.00000

   Energies (kJ/mol)
           Bond  Harmonic Pot.          Angle       G96Angle  Restr. Angles
    1.85558e+04    7.72609e+00    1.30043e+04    4.55534e+02    6.44414e+02
    Proper Dih.  Improper Dih.        LJ (SR)   Coulomb (SR) Position Rest.
    3.92712e+02    4.75140e+02   -1.27074e+06   -1.48154e+04    1.98866e+01
      Potential    Kinetic En.   Total Energy  Conserved En.    Temperature
   -1.25200e+06    2.01227e+05   -1.05077e+06   -1.05498e+06    3.08540e+02
 Pressure (bar)   Constr. rmsd
   -2.39090e-01    1.18541e-06

           Step           Time
        2400000    48000.00000

   Energies (kJ/mol)
           Bond  Harmonic Pot.          Angle       G96Angle  Restr. Angles
    1.85912e+04    9.21842e+00    1.25806e+04    4.77059e+02    6.25399e+02
    Proper Dih.  Improper Dih.        LJ (SR)   Coulomb (SR) Position Rest.
    4.15650e+02    4.37505e+02   -1.27319e+06   -1.46691e+04    2.48988e+01
      Potential    Kinetic En.   Total Energy  Conserved En.    Temperature
   -1.25470e+06    2.01204e+05   -1.05350e+06   -1.05493e+06    3.08504e+02
 Pressure (bar)   Constr. rmsd
    7.45825e-01    1.13392e-06

           Step           Time
        2425000    48500.00000

   Energies (kJ/mol)
           Bond  Harmonic Pot.          Angle       G96Angle  Restr. Angles
    1.87158e+04    6.22320e+00    1.28840e+04    5.03449e+02    6.88062e+02
    Proper Dih.  Improper Dih.        LJ (SR)   Coulomb (SR) Position Rest.
    3.94842e+02    5.33650e+02   -1.27021e+06   -1.47843e+04    1.99190e+01
      Potential    Kinetic En.   Total Energy  Conserved En.    Temperature
   -1.25125e+06    2.02208e+05   -1.04904e+06   -1.05492e+06    3.10045e+02
 Pressure (bar)   Constr. rmsd
   -8.92935e+00    1.21253e-06

           Step           Time
        2450000    49000.00000

   Energies (kJ/mol)
           Bond  Harmonic Pot.          Angle       G96Angle  Restr. Angles
    1.84357e+04    3.50056e+00    1.23995e+04    4.83692e+02    6.80061e+02
    Proper Dih.  Improper Dih.        LJ (SR)   Coulomb (SR) Position Rest.
    4.44929e+02    4.42693e+02   -1.27416e+06   -1.45702e+04    2.19420e+01
      Potential    Kinetic En.   Total Energy  Conserved En.    Temperature
   -1.25582e+06    2.02109e+05   -1.05371e+06   -1.05496e+06    3.09892e+02
 Pressure (bar)   Constr. rmsd
    2.77160e+01    1.13770e-06

           Step           Time
        2475000    49500.00000

   Energies (kJ/mol)
           Bond  Harmonic Pot.          Angle       G96Angle  Restr. Angles
    1.84202e+04    7.34768e+00    1.28312e+04    5.01440e+02    7.31740e+02
    Proper Dih.  Improper Dih.        LJ (SR)   Coulomb (SR) Position Rest.
    3.70372e+02    4.82566e+02   -1.26803e+06   -1.47712e+04    1.87640e+01
      Potential    Kinetic En.   Total Energy  Conserved En.    Temperature
   -1.24944e+06    2.02275e+05   -1.04716e+06   -1.05518e+06    3.10147e+02
 Pressure (bar)   Constr. rmsd
   -6.61638e+01    1.08400e-06

           Step           Time
        2500000    50000.00000

   Energies (kJ/mol)
           Bond  Harmonic Pot.          Angle       G96Angle  Restr. Angles
    1.88384e+04    3.90281e+00    1.30865e+04    4.95322e+02    6.54391e+02
    Proper Dih.  Improper Dih.        LJ (SR)   Coulomb (SR) Position Rest.
    3.84694e+02    4.46089e+02   -1.26833e+06   -1.46124e+04    1.60460e+01
      Potential    Kinetic En.   Total Energy  Conserved En.    Temperature
   -1.24902e+06    2.02535e+05   -1.04648e+06   -1.05515e+06    3.10545e+02
 Pressure (bar)   Constr. rmsd
   -7.82593e+00    1.14207e-06

           Step           Time
        2525000    50500.00000

   Energies (kJ/mol)
           Bond  Harmonic Pot.          Angle       G96Angle  Restr. Angles
    1.81441e+04    6.00554e+00    1.26200e+04    5.07898e+02    6.94043e+02
    Proper Dih.  Improper Dih.        LJ (SR)   Coulomb (SR) Position Rest.
    3.89130e+02    4.65232e+02   -1.27134e+06   -1.47501e+04    1.93694e+01
      Potential    Kinetic En.   Total Energy  Conserved En.    Temperature
   -1.25325e+06    2.01351e+05   -1.05190e+06   -1.05519e+06    3.08730e+02
 Pressure (bar)   Constr. rmsd
   -1.79425e+01    1.06188e-06

           Step           Time
        2550000    51000.00000

   Energies (kJ/mol)
           Bond  Harmonic Pot.          Angle       G96Angle  Restr. Angles
    1.86890e+04    7.17272e+00    1.28264e+04    5.65052e+02    7.23201e+02
    Proper Dih.  Improper Dih.        LJ (SR)   Coulomb (SR) Position Rest.
    4.01749e+02    4.73239e+02   -1.27093e+06   -1.46068e+04    1.62656e+01
      Potential    Kinetic En.   Total Energy  Conserved En.    Temperature
   -1.25183e+06    2.01101e+05   -1.05073e+06   -1.05519e+06    3.08347e+02
 Pressure (bar)   Constr. rmsd
   -1.76529e+00    1.11592e-06

           Step           Time
        2575000    51500.00000

   Energies (kJ/mol)
           Bond  Harmonic Pot.          Angle       G96Angle  Restr. Angles
    1.82652e+04    1.00010e+01    1.27951e+04    5.30817e+02    7.04717e+02
    Proper Dih.  Improper Dih.        LJ (SR)   Coulomb (SR) Position Rest.
    4.23808e+02    4.29803e+02   -1.27065e+06   -1.46535e+04    1.52680e+01
      Potential    Kinetic En.   Total Energy  Conserved En.    Temperature
   -1.25213e+06    2.01991e+05   -1.05014e+06   -1.05530e+06    3.09711e+02
 Pressure (bar)   Constr. rmsd
    2.10351e+01    1.12228e-06


Step 2597700: Run time exceeded 0.495 hours, will terminate the run within 40 steps
           Step           Time
        2597720    51954.40000

Writing checkpoint, step 2597720 at Tue Apr  8 18:42:03 2025


   Energies (kJ/mol)
           Bond  Harmonic Pot.          Angle       G96Angle  Restr. Angles
    1.87501e+04    4.67787e+00    1.26471e+04    5.39510e+02    7.49384e+02
    Proper Dih.  Improper Dih.        LJ (SR)   Coulomb (SR) Position Rest.
    3.65915e+02    4.82676e+02   -1.27213e+06   -1.48271e+04    1.72840e+01
      Potential    Kinetic En.   Total Energy  Conserved En.    Temperature
   -1.25340e+06    2.01049e+05   -1.05235e+06   -1.05549e+06    3.08267e+02
 Pressure (bar)   Constr. rmsd
    3.36155e+01    1.09445e-06


Energy conservation over simulation part #1 of length 51954.4 ps, time 0 to 51954.4 ps
  Conserved energy drift: -1.71e-06 kJ/mol/ps per atom


	<======  ###############  ==>
	<====  A V E R A G E S  ====>
	<==  ###############  ======>

	Statistics over 2597721 steps using 25978 frames

   Energies (kJ/mol)
           Bond  Harmonic Pot.          Angle       G96Angle  Restr. Angles
    1.85060e+04    6.60126e+00    1.27371e+04    5.32959e+02    6.77161e+02
    Proper Dih.  Improper Dih.        LJ (SR)   Coulomb (SR) Position Rest.
    4.04248e+02    4.53873e+02   -1.27135e+06   -1.46707e+04    1.89995e+01
      Potential    Kinetic En.   Total Energy  Conserved En.    Temperature
   -1.25268e+06    2.02180e+05   -1.05050e+06   -1.05330e+06    3.10001e+02
 Pressure (bar)   Constr. rmsd
    9.41767e-01    0.00000e+00

          Box-X          Box-Y          Box-Z
    1.80787e+01    1.80787e+01    1.84008e+01

   Total Virial (kJ/mol)
    6.73876e+04   -1.22993e+01   -2.60045e+01
   -1.22978e+01    6.73513e+04   -1.29111e+00
   -2.60053e+01   -1.29126e+00    6.69375e+04

   Pressure (bar)
    8.30672e-01    5.98888e-02    1.53314e-01
    5.98804e-02    1.02177e+00    1.04325e-02
    1.53318e-01    1.04334e-02    9.72860e-01

      T-Solvent         T-Rest
    3.09990e+02    3.10031e+02


	M E G A - F L O P S   A C C O U N T I N G

 NB=Group-cutoff nonbonded kernels    NxN=N-by-N cluster Verlet kernels
 RF=Reaction-Field  VdW=Van der Waals  QSTab=quadratic-spline table
 W3=SPC/TIP3p  W4=TIP4p (single or pairs)
 V&F=Potential and force  V=Potential only  F=Force only

 Computing:                               M-Number         M-Flops  % Flops
-----------------------------------------------------------------------------
 Pair Search distance check          343180.261776     3088622.356     0.2
 NxN RF Elec. + LJ [F]             42584093.803968  1618195564.551    97.8
 NxN RF Elec. + LJ [V&F]             430167.662144    23229053.756     1.4
 Shift-X                               7107.806301       42646.838     0.0
 Bonds                                37731.897525     2226181.954     0.1
 Angles                               27868.350888     4681882.949     0.3
 Propers                                584.487225      133847.575     0.0
 Impropers                             1148.192682      238824.078     0.0
 Pos. Restr.                            413.037639       20651.882     0.0
 Virial                                7113.651216      128045.722     0.0
 Stop-CM                               1421.648817       14216.488     0.0
 Calc-Ekin                            14215.612602      383821.540     0.0
 Lincs                                 3906.975392      234418.524     0.0
 Lincs-Mat                           192158.765756      768635.063     0.0
 Constraint-V                          7813.947776       70325.530     0.0
 Constraint-Vir                         195.350048        4688.401     0.0
 Virtual Site 3out                     5196.093240      452060.112     0.0
 Virtual Site N                         169.111696        2536.675     0.0
-----------------------------------------------------------------------------
 Total                                              1653916023.993   100.0
-----------------------------------------------------------------------------


      R E A L   C Y C L E   A N D   T I M E   A C C O U N T I N G

On 1 MPI rank, each using 8 OpenMP threads

 Activity:              Num   Num      Call    Wall time         Giga-Cycles
                        Ranks Threads  Count      (s)         total sum    %
--------------------------------------------------------------------------------
 Vsite constr.             1    8    2597721      84.315        345.369   4.7
 Neighbor search           1    8     129887     304.049       1245.431  17.1
 Launch PP GPU ops.        1    8    2597721      80.953        331.594   4.5
 Force                     1    8    2597721     441.609       1808.897  24.8
 Wait GPU NB local         1    8    2597721      15.679         64.225   0.9
 NB X/F buffer ops.        1    8    5065555     196.568        805.173  11.0
 Vsite spread              1    8    2727608      91.736        375.764   5.1
 Write traj.               1    8        106       0.465          1.904   0.0
 Update                    1    8    2597721      66.420        272.066   3.7
 Constraints               1    8    2597723     434.920       1781.500  24.4
 Rest                                             65.330        267.601   3.7
--------------------------------------------------------------------------------
 Total                                          1782.044       7299.524 100.0
--------------------------------------------------------------------------------

NOTE: 17 % of the run time was spent in pair search,
      you might want to increase nstlist (this has no effect on accuracy)

               Core t (s)   Wall t (s)        (%)
       Time:    14256.350     1782.044      800.0
                 (ns/day)    (hour/ns)
Performance:     2518.940        0.010
Finished mdrun on rank 0 Tue Apr  8 18:42:03 2025

