>> jobid        = structure_046077434
>> outpath      = /mnt/efs/iter-1/structure_046077434/cganalysis
>> hostname     = i-06b29aafb1a70a26d
cganalysis
createsim
createsims.log
mlrunner
structure_046077434_000000000000.npz
tmp
>> xtclast = , cframe = 0
 Resnames ['ALA' 'ARG' 'ASN' 'ASP' 'CGW' 'CYF' 'CYM' 'CYS' 'GLN' 'GLU' 'GLY' 'GTP'
 'HSE' 'ILE' 'ION' 'LEU' 'LYS' 'MET' 'MG' 'PHE' 'PRO' 'SER' 'THR' 'TRP'
 'TYR' 'VAL' 'W' 'ZN2'] either not lipids or not supported!
Found leaflets of size 448 354
cp: cannot stat '/mnt/efs/iter-1/structure_046077434/createsim/cg_analysis.out': No such file or directory
cp: cannot stat '/mnt/efs/iter-1/structure_046077434/createsim/cg_analysis.log': No such file or directory
cp: cannot stat '/mnt/efs/iter-1/structure_046077434/createsim/cg_analysis.out': No such file or directory
> Initialized MuMMI
	> MuMMI_ROOT: (/mnt/efs/iter-1)
	> MuMMI_Resources: (/opt/clones/mummi_resources)
	> MuMMI_Specs: (/opt/clones/mummi-ras/specs)

> Creating MuMMI root hierarchy at (/mnt/efs/iter-1)

=== times
{"times": {}, "timestamps": {"cganalysis_run_start": 1742125606.308603, "cganalysis_load_mdanalysis_start": 1742125606.5347345, "cganalysis_load_mdanalysis_complete": 1742125608.3953302, "cganalysis_run_simulation_start": 1742125608.3988993, "cganalysis_simrun_start": 1742125608.3989904, "cganalysis_simrun_complete": 1742125613.4088373, "cganalysis_run_simulation_complete": 1742125613.4088519, "cganalysis_main_analysis_start": 1742125613.4088566, "cganalysis_main_analysis_complete": 1742127391.8573318, "cganalysis_run_complete": 1742127391.8574636}}
===
0
START OF JOBSPEC
{"resources": [{"type": "node", "count": 1, "exclusive": true, "with": [{"type": "slot", "count": 1, "with": [{"type": "core", "count": 1}], "label": "task"}]}], "tasks": [{"command": ["/usr/local/bin/singularity", "exec", "--bind", "/mnt/efs", "/home/ubuntu/containers/mini-mummi_cganalysis-arm.sif", "bash", "./entrypoint.sh"], "slot": "task", "count": {"per_slot": 1}}], "attributes": {"system": {"duration": 0.0, "job": {"name": "cganalysis"}, "cwd": "/mnt/efs/iter-1/structure_046077434/cganalysis"}, "user": {"workflow": "state-machine", "app": "cganalysis", "jobname": "structure_046077434"}}, "version": 1}
START OF EVENTLOG
{"timestamp":1742125596.3276327,"name":"init"}
{"timestamp":1742125596.3283443,"name":"starting"}
{"timestamp":1742125596.3436618,"name":"shell.init","context":{"service":"1000-shell-fBJkkdras","leader-rank":2,"size":1}}
{"timestamp":1742125596.3453467,"name":"shell.start","context":{"taskmap":{"version":1,"map":[[0,1,1,1]]}}}
{"timestamp":1742127392.1304314,"name":"shell.task-exit","context":{"localid":0,"rank":0,"state":"Exited","pid":4139,"wait_status":0,"signaled":0,"exitcode":0}}
{"timestamp":1742127392.1331015,"name":"complete","context":{"status":0}}
{"timestamp":1742127392.1331353,"name":"done"}

