>> jobid        = structure_007417746
>> outpath      = /mnt/efs/iter-1/structure_007417746/cganalysis
>> hostname     = i-0ff08d2ee5cb6ce50
cganalysis
createsim
createsims.log
mlrunner
structure_007417746_000000000000.npz
tmp
>> xtclast = , cframe = 0
 Resnames ['ALA' 'ARG' 'ASN' 'ASP' 'CGW' 'CYF' 'CYM' 'CYS' 'GLN' 'GLU' 'GLY' 'GTP'
 'HSE' 'ILE' 'ION' 'LEU' 'LYS' 'MET' 'MG' 'PHE' 'PRO' 'SER' 'THR' 'TRP'
 'TYR' 'VAL' 'W' 'ZN2'] either not lipids or not supported!
Found leaflets of size 448 352
cp: cannot stat '/mnt/efs/iter-1/structure_007417746/createsim/cg_analysis.out': No such file or directory
cp: cannot stat '/mnt/efs/iter-1/structure_007417746/createsim/cg_analysis.log': No such file or directory
cp: cannot stat '/mnt/efs/iter-1/structure_007417746/createsim/cg_analysis.out': No such file or directory
> Initialized MuMMI
	> MuMMI_ROOT: (/mnt/efs/iter-1)
	> MuMMI_Resources: (/opt/clones/mummi_resources)
	> MuMMI_Specs: (/opt/clones/mummi-ras/specs)

> Creating MuMMI root hierarchy at (/mnt/efs/iter-1)

=== times
{"times": {}, "timestamps": {"cganalysis_run_start": 1742127905.3983417, "cganalysis_load_mdanalysis_start": 1742127905.4888613, "cganalysis_load_mdanalysis_complete": 1742127906.366431, "cganalysis_run_simulation_start": 1742127906.3699007, "cganalysis_simrun_start": 1742127906.3699908, "cganalysis_simrun_complete": 1742127911.3781805, "cganalysis_run_simulation_complete": 1742127911.3781965, "cganalysis_main_analysis_start": 1742127911.3782005, "cganalysis_main_analysis_complete": 1742129689.8072538, "cganalysis_run_complete": 1742129689.8073764}}
===
0
START OF JOBSPEC
{"resources": [{"type": "node", "count": 1, "exclusive": true, "with": [{"type": "slot", "count": 1, "with": [{"type": "core", "count": 1}], "label": "task"}]}], "tasks": [{"command": ["/usr/local/bin/singularity", "exec", "--bind", "/mnt/efs", "/home/ubuntu/containers/mini-mummi_cganalysis-arm.sif", "bash", "./entrypoint.sh"], "slot": "task", "count": {"per_slot": 1}}], "attributes": {"system": {"duration": 0.0, "job": {"name": "cganalysis"}, "cwd": "/mnt/efs/iter-1/structure_007417746/cganalysis"}, "user": {"workflow": "state-machine", "app": "cganalysis", "jobname": "structure_007417746"}}, "version": 1}
START OF EVENTLOG
{"timestamp":1742127903.7786958,"name":"init"}
{"timestamp":1742127903.7879941,"name":"shell.init","context":{"service":"1000-shell-fUqg2DRpj","leader-rank":0,"size":1}}
{"timestamp":1742127903.7793546,"name":"starting"}
{"timestamp":1742127903.7900133,"name":"shell.start","context":{"taskmap":{"version":1,"map":[[0,1,1,1]]}}}
{"timestamp":1742129690.0809698,"name":"shell.task-exit","context":{"localid":0,"rank":0,"state":"Exited","pid":8424,"wait_status":0,"signaled":0,"exitcode":0}}
{"timestamp":1742129690.0829422,"name":"complete","context":{"status":0}}
{"timestamp":1742129690.082969,"name":"done"}

