                :-) GROMACS - gmx mdrun, 2024.2-conda_forge (-:

Copyright 1991-2024 The GROMACS Authors.
GROMACS is free software; you can redistribute it and/or modify it
under the terms of the GNU Lesser General Public License
as published by the Free Software Foundation; either version 2.1
of the License, or (at your option) any later version.

                         Current GROMACS contributors:
       Mark Abraham           Andrey Alekseenko           Vladimir Basov      
      Cathrine Bergh            Eliane Briand               Ania Brown        
      Mahesh Doijade            Giacomo Fiorin          Stefan Fleischmann    
      Sergey Gorelov         Gilles Gouaillardet            Alan Gray         
     M. Eric Irrgang         Farzaneh Jalalypour            Joe Jordan        
     Carsten Kutzner           Justin A. Lemkul          Magnus Lundborg      
       Pascal Merz              Vedran Miletic            Dmitry Morozov      
       Julien Nabet              Szilard Pall        Andrea Pasquadibisceglie 
    Michele Pellegrino          Hubert Santuz             Roland Schulz       
     Tatiana Shugaeva          Alexey Shvetsov            Philip Turner       
     Alessandra Villa      Sebastian Wingbermuehle  

                         Previous GROMACS contributors:
        Emile Apol             Rossen Apostolov           James Barnett       
        Paul Bauer          Herman J.C. Berendsen          Par Bjelkmar       
      Christian Blau          Viacheslav Bolnykh            Kevin Boyd        
    Aldert van Buuren          Carlo Camilloni           Rudi van Drunen      
      Anton Feenstra           Oliver Fleetwood            Vytas Gapsys       
       Gaurav Garg             Gerrit Groenhof            Bert de Groot       
      Anca Hamuraru           Vincent Hindriksen          Victor Holanda      
     Aleksei Iupinov          Christoph Junghans        Prashanth Kanduri     
   Dimitrios Karkoulis           Peter Kasson             Sebastian Kehl      
     Sebastian Keller             Jiri Kraus               Per Larsson        
      Viveca Lindahl            Erik Marklund           Pieter Meulenhoff     
      Teemu Murtola              Sander Pronk             Michael Shirts      
      Alfons Sijbers            Balint Soproni         David van der Spoel    
      Peter Tieleman            Carsten Uphoff             Jon Vincent        
     Teemu Virolainen         Christian Wennberg           Maarten Wolf       
      Artem Zhmurov       

                  Coordinated by the GROMACS project leaders:
                           Berk Hess and Erik Lindahl

GROMACS:      gmx mdrun, version 2024.2-conda_forge
Executable:   /miniconda3/bin.AVX2_256/gmx
Data prefix:  /miniconda3
Working dir:  /tmp/workdir
Process ID:   150
Command line:
  gmx mdrun -cpi -ntmpi 1 -ntomp 94 -pin off -maxh 0.5

GROMACS version:     2024.2-conda_forge
Precision:           mixed
Memory model:        64 bit
MPI library:         thread_mpi
OpenMP support:      enabled (GMX_OPENMP_MAX_THREADS = 128)
GPU support:         OpenCL
NBNxM GPU setup:     super-cluster 2x2x2 / cluster 8
SIMD instructions:   AVX2_256
CPU FFT library:     fftw-3.3.10-sse2-avx
GPU FFT library:     clFFT
Multi-GPU FFT:       none
RDTSCP usage:        disabled
TNG support:         enabled
Hwloc support:       disabled
Tracing support:     disabled
C compiler:          /home/conda/feedstock_root/build_artifacts/gromacs_1720551669321/_build_env/bin/x86_64-conda-linux-gnu-cc GNU 12.3.0
C compiler flags:    -fexcess-precision=fast -funroll-all-loops -mavx2 -mfma -Wno-missing-field-initializers -O3 -DNDEBUG
C++ compiler:        /home/conda/feedstock_root/build_artifacts/gromacs_1720551669321/_build_env/bin/x86_64-conda-linux-gnu-c++ GNU 12.3.0
C++ compiler flags:  -fexcess-precision=fast -funroll-all-loops -mavx2 -mfma -Wno-missing-field-initializers -Wno-cast-function-type-strict SHELL:-fopenmp -O3 -DNDEBUG
BLAS library:        Internal
LAPACK library:      Internal
OpenCL include dir:  /miniconda3/include
OpenCL library:      /miniconda3/lib/libOpenCL.so
OpenCL version:      3.0


Running on 1 node with total 96 cores, 96 processing units (GPU detection failed)
Hardware detected on host cganalysis-structure-073573891-hc7k4:
  CPU info:
    Vendor: AMD
    Brand:  AMD EPYC 7R13 Processor
    Family: 25   Model: 1   Stepping: 1
    Features: aes amd apic avx avx2 clfsh cmov cx8 cx16 f16c fma htt lahf misalignsse mmx msr nonstop_tsc pcid pclmuldq pdpe1gb popcnt pse rdrnd rdtscp sha sse2 sse3 sse4a sse4.1 sse4.2 ssse3 x2apic
  Hardware topology: Basic
    Packages, cores, and logical processors:
    [indices refer to OS logical processors]
      Package  0: [   0] [   1] [   2] [   3] [   4] [   5] [   6] [   7] [   8] [   9] [  10] [  11] [  12] [  13] [  14] [  15] [  16] [  17] [  18] [  19] [  20] [  21] [  22] [  23] [  24] [  25] [  26] [  27] [  28] [  29] [  30] [  31] [  32] [  33] [  34] [  35] [  36] [  37] [  38] [  39] [  40] [  41] [  42] [  43] [  44] [  45] [  46] [  47]
      Package  1: [  48] [  49] [  50] [  51] [  52] [  53] [  54] [  55] [  56] [  57] [  58] [  59] [  60] [  61] [  62] [  63] [  64] [  65] [  66] [  67] [  68] [  69] [  70] [  71] [  72] [  73] [  74] [  75] [  76] [  77] [  78] [  79] [  80] [  81] [  82] [  83] [  84] [  85] [  86] [  87] [  88] [  89] [  90] [  91] [  92] [  93] [  94] [  95]
    CPU limit set by OS: 94   Recommended max number of threads: 94

The current CPU can measure timings more accurately than the code in
gmx mdrun was configured to use. This might affect your simulation
speed as accurate timings are needed for load-balancing.
Please consider rebuilding gmx mdrun with the GMX_USE_RDTSCP=ON CMake option.

++++ PLEASE READ AND CITE THE FOLLOWING REFERENCE ++++
M. J. Abraham, T. Murtola, R. Schulz, S. Páll, J. C. Smith, B. Hess, E.
Lindahl
GROMACS: High performance molecular simulations through multi-level
parallelism from laptops to supercomputers
SoftwareX 1 (2015) pp. 19-25
-------- -------- --- Thank You --- -------- --------


++++ PLEASE READ AND CITE THE FOLLOWING REFERENCE ++++
S. Páll, M. J. Abraham, C. Kutzner, B. Hess, E. Lindahl
Tackling Exascale Software Challenges in Molecular Dynamics Simulations with
GROMACS
In S. Markidis & E. Laure (Eds.), Solving Software Challenges for Exascale 8759 (2015) pp. 3-27
-------- -------- --- Thank You --- -------- --------


++++ PLEASE READ AND CITE THE FOLLOWING REFERENCE ++++
S. Pronk, S. Páll, R. Schulz, P. Larsson, P. Bjelkmar, R. Apostolov, M. R.
Shirts, J. C. Smith, P. M. Kasson, D. van der Spoel, B. Hess, and E. Lindahl
GROMACS 4.5: a high-throughput and highly parallel open source molecular
simulation toolkit
Bioinformatics 29 (2013) pp. 845-54
-------- -------- --- Thank You --- -------- --------


++++ PLEASE READ AND CITE THE FOLLOWING REFERENCE ++++
B. Hess and C. Kutzner and D. van der Spoel and E. Lindahl
GROMACS 4: Algorithms for highly efficient, load-balanced, and scalable
molecular simulation
J. Chem. Theory Comput. 4 (2008) pp. 435-447
-------- -------- --- Thank You --- -------- --------


++++ PLEASE READ AND CITE THE FOLLOWING REFERENCE ++++
D. van der Spoel, E. Lindahl, B. Hess, G. Groenhof, A. E. Mark and H. J. C.
Berendsen
GROMACS: Fast, Flexible and Free
J. Comp. Chem. 26 (2005) pp. 1701-1719
-------- -------- --- Thank You --- -------- --------


++++ PLEASE READ AND CITE THE FOLLOWING REFERENCE ++++
E. Lindahl and B. Hess and D. van der Spoel
GROMACS 3.0: A package for molecular simulation and trajectory analysis
J. Mol. Mod. 7 (2001) pp. 306-317
-------- -------- --- Thank You --- -------- --------


++++ PLEASE READ AND CITE THE FOLLOWING REFERENCE ++++
H. J. C. Berendsen, D. van der Spoel and R. van Drunen
GROMACS: A message-passing parallel molecular dynamics implementation
Comp. Phys. Comm. 91 (1995) pp. 43-56
-------- -------- --- Thank You --- -------- --------


The number of OpenMP threads was set by environment variable OMP_NUM_THREADS to 94 (and the command-line setting agreed with that)

Input Parameters:
   integrator                     = md
   tinit                          = 0
   dt                             = 0.02
   nsteps                         = -1
   init-step                      = 0
   simulation-part                = 1
   mts                            = false
   mass-repartition-factor        = 1
   comm-mode                      = Linear
   nstcomm                        = 100
   bd-fric                        = 0
   ld-seed                        = -579110549
   emtol                          = 10
   emstep                         = 0.01
   niter                          = 20
   fcstep                         = 0
   nstcgsteep                     = 1000
   nbfgscorr                      = 10
   rtpi                           = 0.05
   nstxout                        = 0
   nstvout                        = 0
   nstfout                        = 0
   nstlog                         = 25000
   nstcalcenergy                  = 100
   nstenergy                      = 25000
   nstxout-compressed             = 25000
   compressed-x-precision         = 100
   cutoff-scheme                  = Verlet
   nstlist                        = 20
   pbc                            = xyz
   periodic-molecules             = false
   verlet-buffer-tolerance        = -1
   verlet-buffer-pressure-tolerance = -1
   rlist                          = 1.35
   coulombtype                    = Reaction-Field
   coulomb-modifier               = Potential-shift
   rcoulomb-switch                = 0
   rcoulomb                       = 1.1
   epsilon-r                      = 15
   epsilon-rf                     = inf
   vdw-type                       = Cut-off
   vdw-modifier                   = Potential-shift
   rvdw-switch                    = 0
   rvdw                           = 1.1
   DispCorr                       = No
   table-extension                = 1
   fourierspacing                 = 0.12
   fourier-nx                     = 0
   fourier-ny                     = 0
   fourier-nz                     = 0
   pme-order                      = 4
   ewald-rtol                     = 1e-05
   ewald-rtol-lj                  = 0.001
   lj-pme-comb-rule               = Geometric
   ewald-geometry                 = 3d
   epsilon-surface                = 0
   ensemble-temperature-setting   = constant
   ensemble-temperature           = 310
   tcoupl                         = V-rescale
   nsttcouple                     = 20
   nh-chain-length                = 0
   print-nose-hoover-chain-variables = false
   pcoupl                         = Parrinello-Rahman
   pcoupltype                     = Semiisotropic
   nstpcouple                     = 20
   tau-p                          = 12
   compressibility (3x3):
      compressibility[    0]={ 3.00000e-04,  0.00000e+00,  0.00000e+00}
      compressibility[    1]={ 0.00000e+00,  3.00000e-04,  0.00000e+00}
      compressibility[    2]={ 0.00000e+00,  0.00000e+00,  3.00000e-04}
   ref-p (3x3):
      ref-p[    0]={ 1.00000e+00,  0.00000e+00,  0.00000e+00}
      ref-p[    1]={ 0.00000e+00,  1.00000e+00,  0.00000e+00}
      ref-p[    2]={ 0.00000e+00,  0.00000e+00,  1.00000e+00}
   refcoord-scaling               = COM
   posres-com (3):
      posres-com[0]= 9.12509e-01
      posres-com[1]= 6.06457e-01
      posres-com[2]= 8.57103e-01
   posres-comB (3):
      posres-comB[0]= 9.12509e-01
      posres-comB[1]= 6.06457e-01
      posres-comB[2]= 8.57103e-01
   QMMM                           = false
qm-opts:
   ngQM                           = 0
   constraint-algorithm           = Lincs
   continuation                   = false
   Shake-SOR                      = false
   shake-tol                      = 0.0001
   lincs-order                    = 12
   lincs-iter                     = 2
   lincs-warnangle                = 90
   nwall                          = 0
   wall-type                      = 9-3
   wall-r-linpot                  = -1
   wall-atomtype[0]               = -1
   wall-atomtype[1]               = -1
   wall-density[0]                = 0
   wall-density[1]                = 0
   wall-ewald-zfac                = 3
   pull                           = false
   awh                            = false
   rotation                       = false
   interactiveMD                  = false
   disre                          = No
   disre-weighting                = Conservative
   disre-mixed                    = false
   dr-fc                          = 1000
   dr-tau                         = 0
   nstdisreout                    = 100
   orire-fc                       = 0
   orire-tau                      = 0
   nstorireout                    = 100
   free-energy                    = no
   cos-acceleration               = 0
   deform (3x3):
      deform[    0]={ 0.00000e+00,  0.00000e+00,  0.00000e+00}
      deform[    1]={ 0.00000e+00,  0.00000e+00,  0.00000e+00}
      deform[    2]={ 0.00000e+00,  0.00000e+00,  0.00000e+00}
   simulated-tempering            = false
   swapcoords                     = no
   userint1                       = 0
   userint2                       = 0
   userint3                       = 0
   userint4                       = 0
   userreal1                      = 0
   userreal2                      = 0
   userreal3                      = 0
   userreal4                      = 0
   applied-forces:
     electric-field:
       x:
         E0                       = 0
         omega                    = 0
         t0                       = 0
         sigma                    = 0
       y:
         E0                       = 0
         omega                    = 0
         t0                       = 0
         sigma                    = 0
       z:
         E0                       = 0
         omega                    = 0
         t0                       = 0
         sigma                    = 0
     density-guided-simulation:
       active                     = false
       group                      = protein
       similarity-measure         = inner-product
       atom-spreading-weight      = unity
       force-constant             = 1e+09
       gaussian-transform-spreading-width = 0.2
       gaussian-transform-spreading-range-in-multiples-of-width = 4
       reference-density-filename = reference.mrc
       nst                        = 1
       normalize-densities        = true
       adaptive-force-scaling     = false
       adaptive-force-scaling-time-constant = 4
       shift-vector               = 
       transformation-matrix      = 
     qmmm-cp2k:
       active                     = false
       qmgroup                    = System
       qmmethod                   = PBE
       qmfilenames                = 
       qmcharge                   = 0
       qmmultiplicity             = 1
     colvars:
       active                     = false
       configfile                 = 
       seed                       = -1
grpopts:
   nrdf:      115476       41771
   ref-t:         310         310
   tau-t:           1           1
annealing:          No          No
annealing-npoints:           0           0
   acc:	           0           0           0
   nfreeze:           N           N           N
   energygrp-flags[  0]: 0

Can not increase nstlist because verlet-buffer-tolerance is not set or used
Update groups can not be used for this system because an incompatible virtual site type is used

Using 1 MPI thread
Using 94 OpenMP threads 

System total charge: 0.000
Reaction-Field:
epsRF = 0, rc = 1.1, krf = 0.375657, crf = 1.36364, epsfac = 9.26236
The electrostatics potential has its minimum at r = 1.1
Potential shift: LJ r^-12: -3.186e-01 r^-6: -5.645e-01


Using SIMD4xM 4x8 nonbonded short-range kernels

Using a 4x8 pair-list setup:
  updated every 20 steps, buffer 0.250 nm, rlist 1.350 nm

The average pressure is off by at most nan bar due to missing LJ interactions

Using full Lennard-Jones parameter combination matrix
Removing pbc first time

Initializing LINear Constraint Solver

++++ PLEASE READ AND CITE THE FOLLOWING REFERENCE ++++
B. Hess
P-LINCS: A Parallel Linear Constraint Solver for molecular simulation
J. Chem. Theory Comput. 4 (2008) pp. 116-122
-------- -------- --- Thank You --- -------- --------

The number of constraints is 1504
1325 constraints are involved in constraint triangles,
will apply an additional matrix expansion of order 12 for couplings
between constraints inside triangles

++++ PLEASE READ AND CITE THE FOLLOWING REFERENCE ++++
G. Bussi, D. Donadio and M. Parrinello
Canonical sampling through velocity rescaling
J. Chem. Phys. 126 (2007) pp. 014101
-------- -------- --- Thank You --- -------- --------

There are: 52919 Atoms
There are: 1934 VSites

Constraining the starting coordinates (step 0)

Constraining the coordinates at t0-dt (step 0)
Center of mass motion removal mode is Linear
We have the following groups for center of mass motion removal:
  0:  Rest
  1:  Solvent
RMS relative constraint deviation after constraining: 1.08e-06
Initial temperature: 308.937 K

Started mdrun on rank 0 Mon Mar 10 06:05:18 2025

           Step           Time
              0        0.00000

   Energies (kJ/mol)
           Bond  Harmonic Pot.          Angle       G96Angle  Restr. Angles
    1.85122e+04    4.80385e+00    1.26096e+04    5.02493e+02    6.88089e+02
    Proper Dih.  Improper Dih.        LJ (SR)   Coulomb (SR) Position Rest.
    3.54855e+02    3.39376e+02   -1.27509e+06   -1.43353e+04    0.00000e+00
      Potential    Kinetic En.   Total Energy  Conserved En.    Temperature
   -1.25641e+06    2.01712e+05   -1.05470e+06   -1.05434e+06    3.08564e+02
 Pressure (bar)   Constr. rmsd
    3.75993e+01    1.03614e-06

           Step           Time
          25000      500.00000

   Energies (kJ/mol)
           Bond  Harmonic Pot.          Angle       G96Angle  Restr. Angles
    1.84391e+04    4.14444e+00    1.28023e+04    4.87569e+02    6.58532e+02
    Proper Dih.  Improper Dih.        LJ (SR)   Coulomb (SR) Position Rest.
    4.13362e+02    4.03555e+02   -1.27122e+06   -1.44753e+04    1.44078e+01
      Potential    Kinetic En.   Total Energy  Conserved En.    Temperature
   -1.25247e+06    2.01936e+05   -1.05053e+06   -1.05441e+06    3.08906e+02
 Pressure (bar)   Constr. rmsd
    1.42947e+01    1.12683e-06

           Step           Time
          50000     1000.00000

   Energies (kJ/mol)
           Bond  Harmonic Pot.          Angle       G96Angle  Restr. Angles
    1.84300e+04    6.96470e+00    1.29792e+04    5.44237e+02    6.59559e+02
    Proper Dih.  Improper Dih.        LJ (SR)   Coulomb (SR) Position Rest.
    3.92857e+02    3.91250e+02   -1.27211e+06   -1.40786e+04    1.78615e+01
      Potential    Kinetic En.   Total Energy  Conserved En.    Temperature
   -1.25277e+06    2.02545e+05   -1.05022e+06   -1.05442e+06    3.09838e+02
 Pressure (bar)   Constr. rmsd
   -9.37251e+00    1.13702e-06

           Step           Time
          75000     1500.00000

   Energies (kJ/mol)
           Bond  Harmonic Pot.          Angle       G96Angle  Restr. Angles
    1.82856e+04    4.82308e+00    1.29104e+04    5.04900e+02    6.08476e+02
    Proper Dih.  Improper Dih.        LJ (SR)   Coulomb (SR) Position Rest.
    4.11697e+02    4.74013e+02   -1.27226e+06   -1.41861e+04    1.92767e+01
      Potential    Kinetic En.   Total Energy  Conserved En.    Temperature
   -1.25323e+06    2.02384e+05   -1.05085e+06   -1.05461e+06    3.09592e+02
 Pressure (bar)   Constr. rmsd
   -1.81131e+01    1.16771e-06

           Step           Time
         100000     2000.00000

   Energies (kJ/mol)
           Bond  Harmonic Pot.          Angle       G96Angle  Restr. Angles
    1.89645e+04    7.15802e+00    1.25848e+04    5.40241e+02    6.36527e+02
    Proper Dih.  Improper Dih.        LJ (SR)   Coulomb (SR) Position Rest.
    4.12563e+02    4.27916e+02   -1.27250e+06   -1.43246e+04    1.72748e+01
      Potential    Kinetic En.   Total Energy  Conserved En.    Temperature
   -1.25323e+06    2.01872e+05   -1.05136e+06   -1.05466e+06    3.08809e+02
 Pressure (bar)   Constr. rmsd
    1.05520e+01    1.12760e-06

           Step           Time
         125000     2500.00000

   Energies (kJ/mol)
           Bond  Harmonic Pot.          Angle       G96Angle  Restr. Angles
    1.86140e+04    3.42609e+00    1.27039e+04    4.81638e+02    6.93696e+02
    Proper Dih.  Improper Dih.        LJ (SR)   Coulomb (SR) Position Rest.
    3.73047e+02    4.57010e+02   -1.27107e+06   -1.44881e+04    1.84127e+01
      Potential    Kinetic En.   Total Energy  Conserved En.    Temperature
   -1.25221e+06    2.02679e+05   -1.04954e+06   -1.05469e+06    3.10044e+02
 Pressure (bar)   Constr. rmsd
   -1.95149e+01    1.11986e-06

           Step           Time
         150000     3000.00000

   Energies (kJ/mol)
           Bond  Harmonic Pot.          Angle       G96Angle  Restr. Angles
    1.83832e+04    7.61732e+00    1.25692e+04    5.24816e+02    6.39561e+02
    Proper Dih.  Improper Dih.        LJ (SR)   Coulomb (SR) Position Rest.
    3.81812e+02    4.28607e+02   -1.27526e+06   -1.45737e+04    1.79262e+01
      Potential    Kinetic En.   Total Energy  Conserved En.    Temperature
   -1.25688e+06    2.04093e+05   -1.05279e+06   -1.05465e+06    3.12206e+02
 Pressure (bar)   Constr. rmsd
    2.18593e+01    1.12903e-06

           Step           Time
         175000     3500.00000

   Energies (kJ/mol)
           Bond  Harmonic Pot.          Angle       G96Angle  Restr. Angles
    1.82531e+04    6.31764e+00    1.28003e+04    5.32579e+02    6.75123e+02
    Proper Dih.  Improper Dih.        LJ (SR)   Coulomb (SR) Position Rest.
    4.35556e+02    4.44751e+02   -1.27225e+06   -1.42413e+04    2.38840e+01
      Potential    Kinetic En.   Total Energy  Conserved En.    Temperature
   -1.25332e+06    2.01921e+05   -1.05139e+06   -1.05473e+06    3.08884e+02
 Pressure (bar)   Constr. rmsd
    4.63539e+00    1.05490e-06

           Step           Time
         200000     4000.00000

   Energies (kJ/mol)
           Bond  Harmonic Pot.          Angle       G96Angle  Restr. Angles
    1.80263e+04    5.90304e+00    1.28839e+04    5.48615e+02    6.73433e+02
    Proper Dih.  Improper Dih.        LJ (SR)   Coulomb (SR) Position Rest.
    4.13250e+02    4.65173e+02   -1.27396e+06   -1.43552e+04    2.92891e+01
      Potential    Kinetic En.   Total Energy  Conserved En.    Temperature
   -1.25527e+06    2.01798e+05   -1.05347e+06   -1.05486e+06    3.08696e+02
 Pressure (bar)   Constr. rmsd
    7.48842e+00    1.08974e-06

           Step           Time
         225000     4500.00000

   Energies (kJ/mol)
           Bond  Harmonic Pot.          Angle       G96Angle  Restr. Angles
    1.85263e+04    5.72020e+00    1.25479e+04    5.38815e+02    6.95442e+02
    Proper Dih.  Improper Dih.        LJ (SR)   Coulomb (SR) Position Rest.
    4.10821e+02    4.39814e+02   -1.27266e+06   -1.42817e+04    3.35976e+01
      Potential    Kinetic En.   Total Energy  Conserved En.    Temperature
   -1.25374e+06    2.03610e+05   -1.05013e+06   -1.05501e+06    3.11468e+02
 Pressure (bar)   Constr. rmsd
    2.25691e+01    1.10535e-06

           Step           Time
         250000     5000.00000

   Energies (kJ/mol)
           Bond  Harmonic Pot.          Angle       G96Angle  Restr. Angles
    1.86151e+04    5.19299e+00    1.27887e+04    5.08626e+02    6.66496e+02
    Proper Dih.  Improper Dih.        LJ (SR)   Coulomb (SR) Position Rest.
    3.78889e+02    4.92297e+02   -1.27563e+06   -1.44328e+04    2.69725e+01
      Potential    Kinetic En.   Total Energy  Conserved En.    Temperature
   -1.25658e+06    2.00551e+05   -1.05603e+06   -1.05499e+06    3.06787e+02
 Pressure (bar)   Constr. rmsd
   -2.12034e+01    1.08049e-06

           Step           Time
         275000     5500.00000

   Energies (kJ/mol)
           Bond  Harmonic Pot.          Angle       G96Angle  Restr. Angles
    1.84830e+04    8.21795e+00    1.27129e+04    5.27487e+02    6.63173e+02
    Proper Dih.  Improper Dih.        LJ (SR)   Coulomb (SR) Position Rest.
    3.91390e+02    4.64341e+02   -1.27527e+06   -1.44623e+04    2.82026e+01
      Potential    Kinetic En.   Total Energy  Conserved En.    Temperature
   -1.25646e+06    2.02080e+05   -1.05438e+06   -1.05518e+06    3.09127e+02
 Pressure (bar)   Constr. rmsd
   -5.43029e+01    1.13890e-06

           Step           Time
         300000     6000.00000

   Energies (kJ/mol)
           Bond  Harmonic Pot.          Angle       G96Angle  Restr. Angles
    1.85484e+04    5.21212e+00    1.27177e+04    5.32057e+02    7.08705e+02
    Proper Dih.  Improper Dih.        LJ (SR)   Coulomb (SR) Position Rest.
    3.78478e+02    4.65349e+02   -1.27433e+06   -1.42203e+04    2.48520e+01
      Potential    Kinetic En.   Total Energy  Conserved En.    Temperature
   -1.25517e+06    2.04242e+05   -1.05092e+06   -1.05503e+06    3.12435e+02
 Pressure (bar)   Constr. rmsd
    1.18244e+01    1.15906e-06

           Step           Time
         325000     6500.00000

   Energies (kJ/mol)
           Bond  Harmonic Pot.          Angle       G96Angle  Restr. Angles
    1.83395e+04    6.87193e+00    1.26644e+04    4.84301e+02    6.80515e+02
    Proper Dih.  Improper Dih.        LJ (SR)   Coulomb (SR) Position Rest.
    4.19672e+02    3.70772e+02   -1.27482e+06   -1.43388e+04    1.98973e+01
      Potential    Kinetic En.   Total Energy  Conserved En.    Temperature
   -1.25617e+06    2.00978e+05   -1.05520e+06   -1.05507e+06    3.07441e+02
 Pressure (bar)   Constr. rmsd
    2.37214e+00    1.11694e-06

           Step           Time
         350000     7000.00000

   Energies (kJ/mol)
           Bond  Harmonic Pot.          Angle       G96Angle  Restr. Angles
    1.82046e+04    4.80204e+00    1.27742e+04    4.86986e+02    6.36951e+02
    Proper Dih.  Improper Dih.        LJ (SR)   Coulomb (SR) Position Rest.
    4.48997e+02    4.52888e+02   -1.27251e+06   -1.44284e+04    2.47403e+01
      Potential    Kinetic En.   Total Energy  Conserved En.    Temperature
   -1.25390e+06    2.02306e+05   -1.05160e+06   -1.05514e+06    3.09472e+02
 Pressure (bar)   Constr. rmsd
   -2.03466e+01    1.15815e-06

           Step           Time
         375000     7500.00000

   Energies (kJ/mol)
           Bond  Harmonic Pot.          Angle       G96Angle  Restr. Angles
    1.87163e+04    3.72050e+00    1.24210e+04    4.74413e+02    6.50004e+02
    Proper Dih.  Improper Dih.        LJ (SR)   Coulomb (SR) Position Rest.
    4.48395e+02    4.60699e+02   -1.27372e+06   -1.42878e+04    1.97795e+01
      Potential    Kinetic En.   Total Energy  Conserved En.    Temperature
   -1.25481e+06    2.03358e+05   -1.05145e+06   -1.05515e+06    3.11082e+02
 Pressure (bar)   Constr. rmsd
    4.84670e+00    1.14172e-06

           Step           Time
         400000     8000.00000

   Energies (kJ/mol)
           Bond  Harmonic Pot.          Angle       G96Angle  Restr. Angles
    1.85319e+04    4.71933e+00    1.26015e+04    5.27592e+02    7.10701e+02
    Proper Dih.  Improper Dih.        LJ (SR)   Coulomb (SR) Position Rest.
    4.11960e+02    4.97255e+02   -1.27370e+06   -1.44730e+04    2.00798e+01
      Potential    Kinetic En.   Total Energy  Conserved En.    Temperature
   -1.25486e+06    2.03036e+05   -1.05183e+06   -1.05524e+06    3.10590e+02
 Pressure (bar)   Constr. rmsd
   -1.94536e+00    1.09668e-06

           Step           Time
         425000     8500.00000

   Energies (kJ/mol)
           Bond  Harmonic Pot.          Angle       G96Angle  Restr. Angles
    1.83049e+04    4.34410e+00    1.26592e+04    5.88936e+02    6.34615e+02
    Proper Dih.  Improper Dih.        LJ (SR)   Coulomb (SR) Position Rest.
    4.14102e+02    4.39387e+02   -1.27397e+06   -1.45842e+04    2.01083e+01
      Potential    Kinetic En.   Total Energy  Conserved En.    Temperature
   -1.25549e+06    2.03695e+05   -1.05179e+06   -1.05528e+06    3.11597e+02
 Pressure (bar)   Constr. rmsd
   -6.43118e+00    1.08321e-06

           Step           Time
         450000     9000.00000

   Energies (kJ/mol)
           Bond  Harmonic Pot.          Angle       G96Angle  Restr. Angles
    1.86296e+04    7.56805e+00    1.28454e+04    5.61050e+02    6.62473e+02
    Proper Dih.  Improper Dih.        LJ (SR)   Coulomb (SR) Position Rest.
    3.61959e+02    4.48817e+02   -1.27207e+06   -1.43959e+04    1.60281e+01
      Potential    Kinetic En.   Total Energy  Conserved En.    Temperature
   -1.25293e+06    2.03072e+05   -1.04986e+06   -1.05535e+06    3.10645e+02
 Pressure (bar)   Constr. rmsd
    1.12734e+01    1.19513e-06

           Step           Time
         475000     9500.00000

   Energies (kJ/mol)
           Bond  Harmonic Pot.          Angle       G96Angle  Restr. Angles
    1.83552e+04    6.96306e+00    1.27806e+04    6.12895e+02    6.76961e+02
    Proper Dih.  Improper Dih.        LJ (SR)   Coulomb (SR) Position Rest.
    3.82936e+02    4.27000e+02   -1.27291e+06   -1.41519e+04    1.51711e+01
      Potential    Kinetic En.   Total Energy  Conserved En.    Temperature
   -1.25380e+06    2.02942e+05   -1.05086e+06   -1.05531e+06    3.10446e+02
 Pressure (bar)   Constr. rmsd
    1.32581e+00    1.11095e-06

           Step           Time
         500000    10000.00000

   Energies (kJ/mol)
           Bond  Harmonic Pot.          Angle       G96Angle  Restr. Angles
    1.83224e+04    4.51467e+00    1.29061e+04    5.45753e+02    6.73607e+02
    Proper Dih.  Improper Dih.        LJ (SR)   Coulomb (SR) Position Rest.
    3.55161e+02    4.47262e+02   -1.27340e+06   -1.45404e+04    1.62323e+01
      Potential    Kinetic En.   Total Energy  Conserved En.    Temperature
   -1.25467e+06    2.02277e+05   -1.05239e+06   -1.05560e+06    3.09428e+02
 Pressure (bar)   Constr. rmsd
   -8.14720e+00    1.08990e-06

           Step           Time
         525000    10500.00000

   Energies (kJ/mol)
           Bond  Harmonic Pot.          Angle       G96Angle  Restr. Angles
    1.82570e+04    9.20033e+00    1.28675e+04    5.10271e+02    6.75581e+02
    Proper Dih.  Improper Dih.        LJ (SR)   Coulomb (SR) Position Rest.
    4.43980e+02    4.21817e+02   -1.27649e+06   -1.46575e+04    1.52476e+01
      Potential    Kinetic En.   Total Energy  Conserved En.    Temperature
   -1.25795e+06    2.03163e+05   -1.05478e+06   -1.05549e+06    3.10784e+02
 Pressure (bar)   Constr. rmsd
    2.26781e+01    1.14101e-06

           Step           Time
         550000    11000.00000

   Energies (kJ/mol)
           Bond  Harmonic Pot.          Angle       G96Angle  Restr. Angles
    1.83503e+04    8.32939e+00    1.21916e+04    5.20308e+02    7.07083e+02
    Proper Dih.  Improper Dih.        LJ (SR)   Coulomb (SR) Position Rest.
    3.77778e+02    4.49339e+02   -1.27325e+06   -1.45773e+04    1.62442e+01
      Potential    Kinetic En.   Total Energy  Conserved En.    Temperature
   -1.25521e+06    2.01838e+05   -1.05337e+06   -1.05551e+06    3.08756e+02
 Pressure (bar)   Constr. rmsd
   -1.80788e+01    1.09515e-06

           Step           Time
         575000    11500.00000

   Energies (kJ/mol)
           Bond  Harmonic Pot.          Angle       G96Angle  Restr. Angles
    1.85436e+04    5.75273e+00    1.23198e+04    5.23211e+02    6.91590e+02
    Proper Dih.  Improper Dih.        LJ (SR)   Coulomb (SR) Position Rest.
    3.83384e+02    4.07785e+02   -1.27359e+06   -1.44032e+04    1.54252e+01
      Potential    Kinetic En.   Total Energy  Conserved En.    Temperature
   -1.25510e+06    2.01116e+05   -1.05399e+06   -1.05564e+06    3.07652e+02
 Pressure (bar)   Constr. rmsd
    2.12755e+01    1.08600e-06

           Step           Time
         600000    12000.00000

   Energies (kJ/mol)
           Bond  Harmonic Pot.          Angle       G96Angle  Restr. Angles
    1.89917e+04    7.04952e+00    1.26038e+04    5.20045e+02    6.85329e+02
    Proper Dih.  Improper Dih.        LJ (SR)   Coulomb (SR) Position Rest.
    4.16768e+02    4.51153e+02   -1.27256e+06   -1.40954e+04    1.93443e+01
      Potential    Kinetic En.   Total Energy  Conserved En.    Temperature
   -1.25296e+06    2.03986e+05   -1.04897e+06   -1.05580e+06    3.12043e+02
 Pressure (bar)   Constr. rmsd
    6.34605e+00    1.09781e-06

           Step           Time
         625000    12500.00000

   Energies (kJ/mol)
           Bond  Harmonic Pot.          Angle       G96Angle  Restr. Angles
    1.86314e+04    5.02843e+00    1.27973e+04    5.00545e+02    7.19449e+02
    Proper Dih.  Improper Dih.        LJ (SR)   Coulomb (SR) Position Rest.
    4.27241e+02    4.41739e+02   -1.27393e+06   -1.44511e+04    1.80038e+01
      Potential    Kinetic En.   Total Energy  Conserved En.    Temperature
   -1.25484e+06    2.01372e+05   -1.05347e+06   -1.05588e+06    3.08043e+02
 Pressure (bar)   Constr. rmsd
    1.60457e+01    1.10776e-06

Writing checkpoint, step 637780 at Mon Mar 10 06:20:18 2025


           Step           Time
         650000    13000.00000

   Energies (kJ/mol)
           Bond  Harmonic Pot.          Angle       G96Angle  Restr. Angles
    1.87001e+04    8.94408e+00    1.27432e+04    5.08727e+02    6.91533e+02
    Proper Dih.  Improper Dih.        LJ (SR)   Coulomb (SR) Position Rest.
    3.86872e+02    4.66039e+02   -1.27462e+06   -1.43586e+04    1.93987e+01
      Potential    Kinetic En.   Total Energy  Conserved En.    Temperature
   -1.25545e+06    2.03128e+05   -1.05232e+06   -1.05586e+06    3.10730e+02
 Pressure (bar)   Constr. rmsd
    1.41846e+01    1.09651e-06

           Step           Time
         675000    13500.00000

   Energies (kJ/mol)
           Bond  Harmonic Pot.          Angle       G96Angle  Restr. Angles
    1.82183e+04    6.28538e+00    1.28993e+04    5.29591e+02    6.82226e+02
    Proper Dih.  Improper Dih.        LJ (SR)   Coulomb (SR) Position Rest.
    4.10934e+02    3.96458e+02   -1.27400e+06   -1.43133e+04    2.24381e+01
      Potential    Kinetic En.   Total Energy  Conserved En.    Temperature
   -1.25515e+06    2.03439e+05   -1.05171e+06   -1.05609e+06    3.11206e+02
 Pressure (bar)   Constr. rmsd
    1.12889e+01    1.11645e-06

           Step           Time
         700000    14000.00000

   Energies (kJ/mol)
           Bond  Harmonic Pot.          Angle       G96Angle  Restr. Angles
    1.84277e+04    6.78336e+00    1.26941e+04    4.96908e+02    6.26459e+02
    Proper Dih.  Improper Dih.        LJ (SR)   Coulomb (SR) Position Rest.
    3.72943e+02    4.12591e+02   -1.27253e+06   -1.44493e+04    1.88091e+01
      Potential    Kinetic En.   Total Energy  Conserved En.    Temperature
   -1.25392e+06    2.03454e+05   -1.05047e+06   -1.05615e+06    3.11229e+02
 Pressure (bar)   Constr. rmsd
    2.69744e+01    1.06505e-06

           Step           Time
         725000    14500.00000

   Energies (kJ/mol)
           Bond  Harmonic Pot.          Angle       G96Angle  Restr. Angles
    1.84498e+04    5.49944e+00    1.27479e+04    5.44017e+02    7.05468e+02
    Proper Dih.  Improper Dih.        LJ (SR)   Coulomb (SR) Position Rest.
    3.90290e+02    4.34491e+02   -1.27398e+06   -1.44323e+04    2.60913e+01
      Potential    Kinetic En.   Total Energy  Conserved En.    Temperature
   -1.25510e+06    2.01587e+05   -1.05352e+06   -1.05627e+06    3.08372e+02
 Pressure (bar)   Constr. rmsd
    2.70371e+00    1.09959e-06

           Step           Time
         750000    15000.00000

   Energies (kJ/mol)
           Bond  Harmonic Pot.          Angle       G96Angle  Restr. Angles
    1.81123e+04    4.41009e+00    1.23679e+04    5.04419e+02    6.43468e+02
    Proper Dih.  Improper Dih.        LJ (SR)   Coulomb (SR) Position Rest.
    4.02970e+02    5.08421e+02   -1.27394e+06   -1.42999e+04    2.02546e+01
      Potential    Kinetic En.   Total Energy  Conserved En.    Temperature
   -1.25568e+06    2.00995e+05   -1.05468e+06   -1.05623e+06    3.07468e+02
 Pressure (bar)   Constr. rmsd
   -1.96355e+01    1.04561e-06

           Step           Time
         775000    15500.00000

   Energies (kJ/mol)
           Bond  Harmonic Pot.          Angle       G96Angle  Restr. Angles
    1.81063e+04    4.24945e+00    1.26103e+04    5.13967e+02    6.89078e+02
    Proper Dih.  Improper Dih.        LJ (SR)   Coulomb (SR) Position Rest.
    3.65050e+02    4.46224e+02   -1.27455e+06   -1.42513e+04    2.17078e+01
      Potential    Kinetic En.   Total Energy  Conserved En.    Temperature
   -1.25605e+06    2.02512e+05   -1.05353e+06   -1.05636e+06    3.09787e+02
 Pressure (bar)   Constr. rmsd
    9.16469e+00    1.08544e-06

           Step           Time
         800000    16000.00000

   Energies (kJ/mol)
           Bond  Harmonic Pot.          Angle       G96Angle  Restr. Angles
    1.80393e+04    6.32804e+00    1.28120e+04    4.89726e+02    6.80669e+02
    Proper Dih.  Improper Dih.        LJ (SR)   Coulomb (SR) Position Rest.
    4.36713e+02    4.96336e+02   -1.27421e+06   -1.41494e+04    1.65586e+01
      Potential    Kinetic En.   Total Energy  Conserved En.    Temperature
   -1.25538e+06    2.01977e+05   -1.05341e+06   -1.05636e+06    3.08969e+02
 Pressure (bar)   Constr. rmsd
   -1.87249e+01    1.04107e-06

           Step           Time
         825000    16500.00000

   Energies (kJ/mol)
           Bond  Harmonic Pot.          Angle       G96Angle  Restr. Angles
    1.84506e+04    6.14602e+00    1.28364e+04    5.13846e+02    6.99109e+02
    Proper Dih.  Improper Dih.        LJ (SR)   Coulomb (SR) Position Rest.
    4.09118e+02    4.72972e+02   -1.27157e+06   -1.44621e+04    1.82999e+01
      Potential    Kinetic En.   Total Energy  Conserved En.    Temperature
   -1.25262e+06    2.01376e+05   -1.05125e+06   -1.05637e+06    3.08050e+02
 Pressure (bar)   Constr. rmsd
    4.28730e+00    1.08621e-06

           Step           Time
         850000    17000.00000

   Energies (kJ/mol)
           Bond  Harmonic Pot.          Angle       G96Angle  Restr. Angles
    1.85042e+04    6.30917e+00    1.24674e+04    4.89900e+02    6.83644e+02
    Proper Dih.  Improper Dih.        LJ (SR)   Coulomb (SR) Position Rest.
    3.86199e+02    5.07106e+02   -1.27543e+06   -1.44884e+04    2.11650e+01
      Potential    Kinetic En.   Total Energy  Conserved En.    Temperature
   -1.25685e+06    2.02611e+05   -1.05424e+06   -1.05645e+06    3.09939e+02
 Pressure (bar)   Constr. rmsd
    2.94090e+01    1.03804e-06

           Step           Time
         875000    17500.00000

   Energies (kJ/mol)
           Bond  Harmonic Pot.          Angle       G96Angle  Restr. Angles
    1.90720e+04    4.77909e+00    1.25012e+04    5.11736e+02    6.45619e+02
    Proper Dih.  Improper Dih.        LJ (SR)   Coulomb (SR) Position Rest.
    3.80553e+02    4.55998e+02   -1.27298e+06   -1.45138e+04    1.40409e+01
      Potential    Kinetic En.   Total Energy  Conserved En.    Temperature
   -1.25391e+06    2.02711e+05   -1.05120e+06   -1.05642e+06    3.10092e+02
 Pressure (bar)   Constr. rmsd
    2.47751e+01    1.09676e-06

           Step           Time
         900000    18000.00000

   Energies (kJ/mol)
           Bond  Harmonic Pot.          Angle       G96Angle  Restr. Angles
    1.82903e+04    3.58280e+00    1.26837e+04    5.32930e+02    6.56936e+02
    Proper Dih.  Improper Dih.        LJ (SR)   Coulomb (SR) Position Rest.
    3.88231e+02    4.28972e+02   -1.27328e+06   -1.44445e+04    1.21857e+01
      Potential    Kinetic En.   Total Energy  Conserved En.    Temperature
   -1.25472e+06    2.03224e+05   -1.05150e+06   -1.05653e+06    3.10877e+02
 Pressure (bar)   Constr. rmsd
    1.08347e+01    1.12079e-06

           Step           Time
         925000    18500.00000

   Energies (kJ/mol)
           Bond  Harmonic Pot.          Angle       G96Angle  Restr. Angles
    1.81678e+04    5.76968e+00    1.27066e+04    5.31592e+02    7.21101e+02
    Proper Dih.  Improper Dih.        LJ (SR)   Coulomb (SR) Position Rest.
    4.62302e+02    4.62090e+02   -1.27617e+06   -1.43956e+04    1.73988e+01
      Potential    Kinetic En.   Total Energy  Conserved En.    Temperature
   -1.25749e+06    2.00906e+05   -1.05658e+06   -1.05646e+06    3.07332e+02
 Pressure (bar)   Constr. rmsd
   -6.49747e+00    1.09027e-06

           Step           Time
         950000    19000.00000

   Energies (kJ/mol)
           Bond  Harmonic Pot.          Angle       G96Angle  Restr. Angles
    1.82381e+04    4.51407e+00    1.28145e+04    4.88140e+02    6.88243e+02
    Proper Dih.  Improper Dih.        LJ (SR)   Coulomb (SR) Position Rest.
    3.93949e+02    4.85076e+02   -1.27343e+06   -1.42746e+04    1.72066e+01
      Potential    Kinetic En.   Total Energy  Conserved En.    Temperature
   -1.25458e+06    2.03202e+05   -1.05138e+06   -1.05658e+06    3.10844e+02
 Pressure (bar)   Constr. rmsd
   -7.98908e+00    1.14142e-06

           Step           Time
         975000    19500.00000

   Energies (kJ/mol)
           Bond  Harmonic Pot.          Angle       G96Angle  Restr. Angles
    1.82458e+04    4.38684e+00    1.26115e+04    5.50045e+02    7.16317e+02
    Proper Dih.  Improper Dih.        LJ (SR)   Coulomb (SR) Position Rest.
    4.00932e+02    4.82050e+02   -1.27378e+06   -1.43757e+04    1.82963e+01
      Potential    Kinetic En.   Total Energy  Conserved En.    Temperature
   -1.25513e+06    2.02685e+05   -1.05244e+06   -1.05657e+06    3.10052e+02
 Pressure (bar)   Constr. rmsd
   -2.07324e+00    1.05629e-06

           Step           Time
        1000000    20000.00000

   Energies (kJ/mol)
           Bond  Harmonic Pot.          Angle       G96Angle  Restr. Angles
    1.84941e+04    5.48136e+00    1.26160e+04    5.51162e+02    6.67020e+02
    Proper Dih.  Improper Dih.        LJ (SR)   Coulomb (SR) Position Rest.
    4.49480e+02    4.96913e+02   -1.27349e+06   -1.44467e+04    1.59359e+01
      Potential    Kinetic En.   Total Energy  Conserved En.    Temperature
   -1.25464e+06    2.03251e+05   -1.05139e+06   -1.05661e+06    3.10918e+02
 Pressure (bar)   Constr. rmsd
    9.63295e-01    1.14429e-06

           Step           Time
        1025000    20500.00000

   Energies (kJ/mol)
           Bond  Harmonic Pot.          Angle       G96Angle  Restr. Angles
    1.83883e+04    6.21296e+00    1.27957e+04    5.06470e+02    6.31045e+02
    Proper Dih.  Improper Dih.        LJ (SR)   Coulomb (SR) Position Rest.
    3.87554e+02    4.66400e+02   -1.27186e+06   -1.45991e+04    1.53905e+01
      Potential    Kinetic En.   Total Energy  Conserved En.    Temperature
   -1.25326e+06    2.01776e+05   -1.05148e+06   -1.05654e+06    3.08662e+02
 Pressure (bar)   Constr. rmsd
   -2.25527e+01    1.09413e-06

           Step           Time
        1050000    21000.00000

   Energies (kJ/mol)
           Bond  Harmonic Pot.          Angle       G96Angle  Restr. Angles
    1.82994e+04    3.46730e+00    1.26779e+04    5.31545e+02    6.74565e+02
    Proper Dih.  Improper Dih.        LJ (SR)   Coulomb (SR) Position Rest.
    3.99895e+02    4.63301e+02   -1.27423e+06   -1.43957e+04    1.87447e+01
      Potential    Kinetic En.   Total Energy  Conserved En.    Temperature
   -1.25555e+06    2.03406e+05   -1.05215e+06   -1.05649e+06    3.11155e+02
 Pressure (bar)   Constr. rmsd
    2.43595e+01    1.11285e-06

           Step           Time
        1075000    21500.00000

   Energies (kJ/mol)
           Bond  Harmonic Pot.          Angle       G96Angle  Restr. Angles
    1.82314e+04    6.35290e+00    1.27371e+04    5.07801e+02    6.84654e+02
    Proper Dih.  Improper Dih.        LJ (SR)   Coulomb (SR) Position Rest.
    3.85129e+02    4.49821e+02   -1.27576e+06   -1.43713e+04    1.84404e+01
      Potential    Kinetic En.   Total Energy  Conserved En.    Temperature
   -1.25711e+06    2.01908e+05   -1.05520e+06   -1.05665e+06    3.08863e+02
 Pressure (bar)   Constr. rmsd
    2.83374e+01    1.09474e-06

           Step           Time
        1100000    22000.00000

   Energies (kJ/mol)
           Bond  Harmonic Pot.          Angle       G96Angle  Restr. Angles
    1.80383e+04    5.18117e+00    1.27019e+04    5.03466e+02    7.28223e+02
    Proper Dih.  Improper Dih.        LJ (SR)   Coulomb (SR) Position Rest.
    4.35016e+02    4.29086e+02   -1.27202e+06   -1.43364e+04    1.63609e+01
      Potential    Kinetic En.   Total Energy  Conserved En.    Temperature
   -1.25350e+06    2.03753e+05   -1.04974e+06   -1.05663e+06    3.11686e+02
 Pressure (bar)   Constr. rmsd
    1.66539e+01    1.04619e-06

           Step           Time
        1125000    22500.00000

   Energies (kJ/mol)
           Bond  Harmonic Pot.          Angle       G96Angle  Restr. Angles
    1.83271e+04    5.74822e+00    1.27723e+04    5.46816e+02    6.53563e+02
    Proper Dih.  Improper Dih.        LJ (SR)   Coulomb (SR) Position Rest.
    4.03868e+02    4.32634e+02   -1.27310e+06   -1.41358e+04    2.08958e+01
      Potential    Kinetic En.   Total Energy  Conserved En.    Temperature
   -1.25407e+06    2.01525e+05   -1.05255e+06   -1.05655e+06    3.08277e+02
 Pressure (bar)   Constr. rmsd
   -1.29314e+01    1.08653e-06

           Step           Time
        1150000    23000.00000

   Energies (kJ/mol)
           Bond  Harmonic Pot.          Angle       G96Angle  Restr. Angles
    1.83553e+04    6.23952e+00    1.24453e+04    4.91967e+02    6.48525e+02
    Proper Dih.  Improper Dih.        LJ (SR)   Coulomb (SR) Position Rest.
    4.54278e+02    4.20688e+02   -1.27459e+06   -1.43158e+04    2.02286e+01
      Potential    Kinetic En.   Total Energy  Conserved En.    Temperature
   -1.25607e+06    2.03067e+05   -1.05300e+06   -1.05669e+06    3.10636e+02
 Pressure (bar)   Constr. rmsd
    4.13665e+01    1.12099e-06

           Step           Time
        1175000    23500.00000

   Energies (kJ/mol)
           Bond  Harmonic Pot.          Angle       G96Angle  Restr. Angles
    1.85551e+04    1.09942e+01    1.26502e+04    5.59426e+02    6.61777e+02
    Proper Dih.  Improper Dih.        LJ (SR)   Coulomb (SR) Position Rest.
    3.41223e+02    4.67937e+02   -1.27453e+06   -1.45169e+04    2.01522e+01
      Potential    Kinetic En.   Total Energy  Conserved En.    Temperature
   -1.25578e+06    2.03093e+05   -1.05269e+06   -1.05678e+06    3.10676e+02
 Pressure (bar)   Constr. rmsd
    2.66798e+01    1.09745e-06

           Step           Time
        1200000    24000.00000

   Energies (kJ/mol)
           Bond  Harmonic Pot.          Angle       G96Angle  Restr. Angles
    1.88790e+04    9.20803e+00    1.25186e+04    5.55540e+02    7.49545e+02
    Proper Dih.  Improper Dih.        LJ (SR)   Coulomb (SR) Position Rest.
    4.01768e+02    4.08189e+02   -1.27091e+06   -1.44347e+04    1.75946e+01
      Potential    Kinetic En.   Total Energy  Conserved En.    Temperature
   -1.25180e+06    2.01953e+05   -1.04985e+06   -1.05681e+06    3.08932e+02
 Pressure (bar)   Constr. rmsd
   -1.52228e+01    1.06860e-06

           Step           Time
        1225000    24500.00000

   Energies (kJ/mol)
           Bond  Harmonic Pot.          Angle       G96Angle  Restr. Angles
    1.85070e+04    1.10266e+01    1.27437e+04    5.62592e+02    6.57556e+02
    Proper Dih.  Improper Dih.        LJ (SR)   Coulomb (SR) Position Rest.
    3.96620e+02    4.03529e+02   -1.27511e+06   -1.45940e+04    1.37977e+01
      Potential    Kinetic En.   Total Energy  Conserved En.    Temperature
   -1.25640e+06    2.02353e+05   -1.05405e+06   -1.05689e+06    3.09544e+02
 Pressure (bar)   Constr. rmsd
    2.61086e+01    1.07992e-06

           Step           Time
        1250000    25000.00000

   Energies (kJ/mol)
           Bond  Harmonic Pot.          Angle       G96Angle  Restr. Angles
    1.84970e+04    6.70413e+00    1.26456e+04    5.51518e+02    6.88274e+02
    Proper Dih.  Improper Dih.        LJ (SR)   Coulomb (SR) Position Rest.
    4.15414e+02    4.71520e+02   -1.27454e+06   -1.45678e+04    1.53749e+01
      Potential    Kinetic En.   Total Energy  Conserved En.    Temperature
   -1.25582e+06    2.01361e+05   -1.05446e+06   -1.05706e+06    3.08027e+02
 Pressure (bar)   Constr. rmsd
   -1.73692e+01    1.08717e-06


Step 1269400: Run time exceeded 0.495 hours, will terminate the run within 40 steps
           Step           Time
        1269420    25388.40000

Writing checkpoint, step 1269420 at Mon Mar 10 06:35:00 2025


   Energies (kJ/mol)
           Bond  Harmonic Pot.          Angle       G96Angle  Restr. Angles
    1.88655e+04    3.88722e+00    1.25194e+04    5.61616e+02    7.06966e+02
    Proper Dih.  Improper Dih.        LJ (SR)   Coulomb (SR) Position Rest.
    3.76787e+02    4.37283e+02   -1.27431e+06   -1.45687e+04    1.38133e+01
      Potential    Kinetic En.   Total Energy  Conserved En.    Temperature
   -1.25540e+06    2.04078e+05   -1.05132e+06   -1.05705e+06    3.12183e+02
 Pressure (bar)   Constr. rmsd
    1.14180e+01    1.08960e-06


Energy conservation over simulation part #1 of length 25388.4 ps, time 0 to 25388.4 ps
  Conserved energy drift: -1.95e-06 kJ/mol/ps per atom


	<======  ###############  ==>
	<====  A V E R A G E S  ====>
	<==  ###############  ======>

	Statistics over 1269421 steps using 12695 frames

   Energies (kJ/mol)
           Bond  Harmonic Pot.          Angle       G96Angle  Restr. Angles
    1.84543e+04    6.06052e+00    1.27096e+04    5.34178e+02    6.75624e+02
    Proper Dih.  Improper Dih.        LJ (SR)   Coulomb (SR) Position Rest.
    4.04769e+02    4.49708e+02   -1.27385e+06   -1.43933e+04    1.90047e+01
      Potential    Kinetic En.   Total Energy  Conserved En.    Temperature
   -1.25499e+06    2.02661e+05   -1.05233e+06   -1.05580e+06    3.10016e+02
 Pressure (bar)   Constr. rmsd
    1.08488e+00    0.00000e+00

          Box-X          Box-Y          Box-Z
    1.80661e+01    1.80661e+01    1.84792e+01

   Total Virial (kJ/mol)
    6.74668e+04   -3.95453e+00   -1.83099e+00
   -3.95351e+00    6.75212e+04    4.05620e+01
   -1.83071e+00    4.05620e+01    6.70902e+04

   Pressure (bar)
    1.24101e+00   -1.43839e-02    3.06050e-02
   -1.43895e-02    9.48848e-01   -2.17834e-01
    3.06035e-02   -2.17833e-01    1.06477e+00

      T-Solvent         T-Rest
    3.10005e+02    3.10046e+02


	M E G A - F L O P S   A C C O U N T I N G

 NB=Group-cutoff nonbonded kernels    NxN=N-by-N cluster Verlet kernels
 RF=Reaction-Field  VdW=Van der Waals  QSTab=quadratic-spline table
 W3=SPC/TIP3p  W4=TIP4p (single or pairs)
 V&F=Potential and force  V=Potential only  F=Force only

 Computing:                               M-Number         M-Flops  % Flops
-----------------------------------------------------------------------------
 Pair Search distance check          644593.299146     5801339.692     1.5
 NxN RF Elec. + LJ [F]              1671512.194448    63517463.389    16.8
 NxN RF Elec. + LJ [V&F]              16886.256128      911857.831     0.2
 NxN LJ [F]                         9084691.043136   299794804.423    79.2
 NxN LJ [V&F]                         91778.223360     3946463.604     1.0
 NxN RF Electrostatics [F]             2359.539952       73145.739     0.0
 NxN RF Electrostatics [V&F]             23.820704         857.545     0.0
 Shift-X                               3481.629616       20889.778     0.0
 Bonds                                18400.257395     1085615.186     0.3
 Angles                               13587.882384     2282764.241     0.6
 Propers                                283.080883       64825.522     0.0
 Impropers                              556.006398      115649.331     0.0
 Pos. Restr.                            201.837939       10091.897     0.0
 Virial                                3484.485856       62720.745     0.0
 Stop-CM                                696.413688        6964.137     0.0
 Calc-Ekin                             6963.259232      188007.999     0.0
 Lincs                                 1909.212192      114552.732     0.0
 Lincs-Mat                            93901.758156      375607.033     0.1
 Constraint-V                          3818.421376       34365.792     0.0
 Constraint-Vir                          95.461888        2291.085     0.0
 Virtual Site 3out                     2552.490095      222066.638     0.1
 Virtual Site N                          74.642008        1119.630     0.0
-----------------------------------------------------------------------------
 Total                                               378633463.970   100.0
-----------------------------------------------------------------------------


      R E A L   C Y C L E   A N D   T I M E   A C C O U N T I N G

On 1 MPI rank, each using 94 OpenMP threads

 Activity:              Num   Num      Call    Wall time         Giga-Cycles
                        Ranks Threads  Count      (s)         total sum    %
--------------------------------------------------------------------------------
 Vsite constr.             1   94    1269421      18.706       4659.460   1.0
 Neighbor search           1   94      63472     234.971      58527.702  13.2
 Force                     1   94    1269421     519.208     129327.022  29.1
 NB X/F buffer ops.        1   94    2475370     479.083     119332.333  26.9
 Vsite spread              1   94    1332893      24.800       6177.360   1.4
 Write traj.               1   94         53       0.160         39.955   0.0
 Update                    1   94    1269421     107.466      26768.147   6.0
 Constraints               1   94    1269423     369.011      91915.220  20.7
 Rest                                             28.659       7138.459   1.6
--------------------------------------------------------------------------------
 Total                                          1782.065     443885.657 100.0
--------------------------------------------------------------------------------

NOTE: 13 % of the run time was spent in pair search,
      you might want to increase nstlist (this has no effect on accuracy)

               Core t (s)   Wall t (s)        (%)
       Time:   167514.090     1782.065     9400.0
                 (ns/day)    (hour/ns)
Performance:     1230.909        0.019
Finished mdrun on rank 0 Mon Mar 10 06:35:00 2025

