>> jobid        = structure_000920520
>> outpath      = /mnt/efs/iter-1/structure_000920520/cganalysis
>> hostname     = i-034d6092a996afb92
cganalysis
createsim
createsims.log
mlrunner
structure_000920520_000000000000.npz
tmp
>> xtclast = , cframe = 0
 Resnames ['ALA' 'ARG' 'ASN' 'ASP' 'CGW' 'CYF' 'CYM' 'CYS' 'GLN' 'GLU' 'GLY' 'GTP'
 'HSE' 'ILE' 'ION' 'LEU' 'LYS' 'MET' 'MG' 'PHE' 'PRO' 'SER' 'THR' 'TRP'
 'TYR' 'VAL' 'W' 'ZN2'] either not lipids or not supported!
Found leaflets of size 448 355
cp: cannot stat '/mnt/efs/iter-1/structure_000920520/createsim/cg_analysis.out': No such file or directory
cp: cannot stat '/mnt/efs/iter-1/structure_000920520/createsim/cg_analysis.log': No such file or directory
cp: cannot stat '/mnt/efs/iter-1/structure_000920520/createsim/cg_analysis.out': No such file or directory
> Initialized MuMMI
	> MuMMI_ROOT: (/mnt/efs/iter-1)
	> MuMMI_Resources: (/opt/clones/mummi_resources)
	> MuMMI_Specs: (/opt/clones/mummi-ras/specs)

> Creating MuMMI root hierarchy at (/mnt/efs/iter-1)

=== times
{"times": {}, "timestamps": {"cganalysis_run_start": 1742092581.0047503, "cganalysis_load_mdanalysis_start": 1742092581.2832274, "cganalysis_load_mdanalysis_complete": 1742092584.4702349, "cganalysis_run_simulation_start": 1742092584.473733, "cganalysis_simrun_start": 1742092584.473827, "cganalysis_simrun_complete": 1742092589.4822297, "cganalysis_run_simulation_complete": 1742092589.4822445, "cganalysis_main_analysis_start": 1742092589.4822488, "cganalysis_main_analysis_complete": 1742094369.9795454, "cganalysis_run_complete": 1742094369.979682}}
===
0
START OF JOBSPEC
{"resources": [{"type": "node", "count": 1, "exclusive": true, "with": [{"type": "slot", "count": 1, "with": [{"type": "core", "count": 1}], "label": "task"}]}], "tasks": [{"command": ["/usr/local/bin/singularity", "exec", "--bind", "/mnt/efs", "/home/ubuntu/containers/mini-mummi_cganalysis-arm.sif", "bash", "./entrypoint.sh"], "slot": "task", "count": {"per_slot": 1}}], "attributes": {"system": {"duration": 0.0, "job": {"name": "cganalysis"}, "cwd": "/mnt/efs/iter-1/structure_000920520/cganalysis"}, "user": {"workflow": "state-machine", "app": "cganalysis", "jobname": "structure_000920520"}}, "version": 1}
START OF EVENTLOG
{"timestamp":1742092562.0228772,"name":"init"}
{"timestamp":1742092562.0240531,"name":"starting"}
{"timestamp":1742092562.0373461,"name":"shell.init","context":{"service":"1000-shell-f9UjLNqDH","leader-rank":4,"size":1}}
{"timestamp":1742092562.0389092,"name":"shell.start","context":{"taskmap":{"version":1,"map":[[0,1,1,1]]}}}
{"timestamp":1742094370.2418959,"name":"shell.task-exit","context":{"localid":0,"rank":0,"state":"Exited","pid":3683,"wait_status":0,"signaled":0,"exitcode":0}}
{"timestamp":1742094370.2439344,"name":"complete","context":{"status":0}}
{"timestamp":1742094370.243947,"name":"done"}

