>> jobid        = structure_054411423
>> outpath      = /mnt/efs/iter-1/structure_054411423/cganalysis
>> hostname     = i-0de06d9cee1bee270
cganalysis
createsim
createsims.log
mlrunner
structure_054411423_000000000000.npz
tmp
>> xtclast = , cframe = 0
 Resnames ['ALA' 'ARG' 'ASN' 'ASP' 'CGW' 'CYF' 'CYM' 'CYS' 'GLN' 'GLU' 'GLY' 'GTP'
 'HSE' 'ILE' 'ION' 'LEU' 'LYS' 'MET' 'MG' 'PHE' 'PRO' 'SER' 'THR' 'TRP'
 'TYR' 'VAL' 'W' 'ZN2'] either not lipids or not supported!
Found leaflets of size 448 354
cp: cannot stat '/mnt/efs/iter-1/structure_054411423/createsim/cg_analysis.out': No such file or directory
cp: cannot stat '/mnt/efs/iter-1/structure_054411423/createsim/cg_analysis.log': No such file or directory
cp: cannot stat '/mnt/efs/iter-1/structure_054411423/createsim/cg_analysis.out': No such file or directory
> Initialized MuMMI
	> MuMMI_ROOT: (/mnt/efs/iter-1)
	> MuMMI_Resources: (/opt/clones/mummi_resources)
	> MuMMI_Specs: (/opt/clones/mummi-ras/specs)

> Creating MuMMI root hierarchy at (/mnt/efs/iter-1)

=== times
{"times": {}, "timestamps": {"cganalysis_run_start": 1742092581.0056567, "cganalysis_load_mdanalysis_start": 1742092581.2990348, "cganalysis_load_mdanalysis_complete": 1742092584.4751458, "cganalysis_run_simulation_start": 1742092584.4785848, "cganalysis_simrun_start": 1742092584.478673, "cganalysis_simrun_complete": 1742092589.4895134, "cganalysis_run_simulation_complete": 1742092589.4895308, "cganalysis_main_analysis_start": 1742092589.489535, "cganalysis_main_analysis_complete": 1742094369.967477, "cganalysis_run_complete": 1742094369.9676106}}
===
0
START OF JOBSPEC
{"resources": [{"type": "node", "count": 1, "exclusive": true, "with": [{"type": "slot", "count": 1, "with": [{"type": "core", "count": 1}], "label": "task"}]}], "tasks": [{"command": ["/usr/local/bin/singularity", "exec", "--bind", "/mnt/efs", "/home/ubuntu/containers/mini-mummi_cganalysis-arm.sif", "bash", "./entrypoint.sh"], "slot": "task", "count": {"per_slot": 1}}], "attributes": {"system": {"duration": 0.0, "job": {"name": "cganalysis"}, "cwd": "/mnt/efs/iter-1/structure_054411423/cganalysis"}, "user": {"workflow": "state-machine", "app": "cganalysis", "jobname": "structure_054411423"}}, "version": 1}
START OF EVENTLOG
{"timestamp":1742092563.2871888,"name":"init"}
{"timestamp":1742092563.2877057,"name":"starting"}
{"timestamp":1742092563.2999322,"name":"shell.init","context":{"service":"1000-shell-f9VHim9GB","leader-rank":3,"size":1}}
{"timestamp":1742092563.3014715,"name":"shell.start","context":{"taskmap":{"version":1,"map":[[0,1,1,1]]}}}
{"timestamp":1742094370.2326419,"name":"shell.task-exit","context":{"localid":0,"rank":0,"state":"Exited","pid":4438,"wait_status":0,"signaled":0,"exitcode":0}}
{"timestamp":1742094370.2346256,"name":"complete","context":{"status":0}}
{"timestamp":1742094370.2346377,"name":"done"}

