2025-04-05T03:33:54.674795346Z >> jobid        = job_022813226
2025-04-05T03:33:54.674824250Z >> outpath      = /tmp/out
2025-04-05T03:33:54.674829183Z >> registry     = registry-0.state-machine.default.svc.cluster.local:5000
2025-04-05T03:33:54.676295873Z >> hostname     = pytorch-job-022813226-jobset-0-0
2025-04-05T03:33:54.686699546Z   % Total    % Received % Xferd  Average Speed   Time    Time     Time  Current
2025-04-05T03:33:54.686767266Z                                  Dload  Upload   Total   Spent    Left  Speed
2025-04-05T03:33:54.706236886Z   0     0    0     0    0     0      0      0 --:--:-- --:--:-- --:--:--     0  0     0    0     0    0     0      0      0 --:--:-- --:--:-- --:--:--     0
2025-04-05T03:33:54.776535341Z 100 4132k  100 4132k    0     0  45.3M      0 --:--:-- --:--:-- --:--:-- 45.3M
2025-04-05T03:33:54.881834569Z /tmp/out
2025-04-05T03:33:54.890375208Z Downloading e00b48d6a4da .
2025-04-05T03:34:01.607596336Z Downloaded  e00b48d6a4da .
2025-04-05T03:34:01.607715383Z Pulled [registry] registry-0.state-machine.default.svc.cluster.local:5000/models:resnet-cifar
2025-04-05T03:34:01.607726833Z Digest: sha256:db5307386eecaf165f9c969e62258d5940e5f51f160c8dbdeca2503e13885398
2025-04-05T03:34:01.651510653Z Found model checkpoint to resume from.
2025-04-05T03:34:01.651576260Z torchrun --nproc_per_node=1 --nnodes=4 --node_rank=0 --rdzv_endpoint=pytorch-job-022813226-jobset-0-0.pytorch-job-022813226.default.svc.cluster.local:3389 /resnet.py --backend=gloo --num_epochs=6 --resume
2025-04-05T03:34:09.561034015Z Files already downloaded and verified
2025-04-05T03:34:10.600192948Z Files already downloaded and verified
2025-04-05T03:34:11.039787592Z Local Rank: 0, Epoch: 0, Training ...
2025-04-05T03:34:15.614151355Z ---------------------------------------------------------------------------
2025-04-05T03:34:15.614186983Z Epoch: 0, Accuracy: 0.6143
2025-04-05T03:34:15.614190919Z ---------------------------------------------------------------------------
2025-04-05T03:34:21.945936535Z Local Rank: 0, Epoch: 1, Training ...
2025-04-05T03:34:25.227413212Z ---------------------------------------------------------------------------
2025-04-05T03:34:25.227463564Z Epoch: 1, Accuracy: 0.6421
2025-04-05T03:34:25.227470050Z ---------------------------------------------------------------------------
2025-04-05T03:34:31.439016957Z Local Rank: 0, Epoch: 2, Training ...
2025-04-05T03:34:34.741050444Z ---------------------------------------------------------------------------
2025-04-05T03:34:34.741100973Z Epoch: 2, Accuracy: 0.6369
2025-04-05T03:34:34.741109843Z ---------------------------------------------------------------------------
2025-04-05T03:34:41.047805567Z Local Rank: 0, Epoch: 3, Training ...
2025-04-05T03:34:44.286232472Z ---------------------------------------------------------------------------
2025-04-05T03:34:44.286280301Z Epoch: 3, Accuracy: 0.6565
2025-04-05T03:34:44.286289420Z ---------------------------------------------------------------------------
2025-04-05T03:34:50.564640008Z Local Rank: 0, Epoch: 4, Training ...
2025-04-05T03:34:54.003103061Z ---------------------------------------------------------------------------
2025-04-05T03:34:54.003154308Z Epoch: 4, Accuracy: 0.6568
2025-04-05T03:34:54.003162938Z ---------------------------------------------------------------------------
2025-04-05T03:35:00.432877188Z Local Rank: 0, Epoch: 5, Training ...
2025-04-05T03:35:03.820565093Z ---------------------------------------------------------------------------
2025-04-05T03:35:03.820616895Z Epoch: 5, Accuracy: 0.6746
2025-04-05T03:35:03.820625702Z ---------------------------------------------------------------------------
2025-04-05T03:35:34.383526280Z Uploading d353e299e1c2 .
2025-04-05T03:35:46.573379383Z Uploaded  d353e299e1c2 .
2025-04-05T03:35:46.893684709Z Pushed [registry] registry-0.state-machine.default.svc.cluster.local:5000/models:resnet-cifar
2025-04-05T03:35:46.893735051Z ArtifactType: application/vnd.unknown.artifact.v1
2025-04-05T03:35:46.893742211Z Digest: sha256:fff66383272b200e5cd921daa4e81dbc7706984cc60530a55b4f076e095b2e5c
