2025-04-05T03:33:54.372639008Z >> jobid        = job_022813226
2025-04-05T03:33:54.372666024Z >> outpath      = /tmp/out
2025-04-05T03:33:54.372672690Z >> registry     = registry-0.state-machine.default.svc.cluster.local:5000
2025-04-05T03:33:54.373933613Z >> hostname     = pytorch-job-022813226-jobset-0-2
2025-04-05T03:33:54.384599030Z   % Total    % Received % Xferd  Average Speed   Time    Time     Time  Current
2025-04-05T03:33:54.384682137Z                                  Dload  Upload   Total   Spent    Left  Speed
2025-04-05T03:33:54.459343036Z   0     0    0     0    0     0      0      0 --:--:-- --:--:-- --:--:--     0  0     0    0     0    0     0      0      0 --:--:-- --:--:-- --:--:--     0
2025-04-05T03:33:54.529581761Z 100 4132k  100 4132k    0     0  27.8M      0 --:--:-- --:--:-- --:--:-- 27.8M
2025-04-05T03:33:54.634870445Z /tmp/out
2025-04-05T03:33:54.643194575Z Downloading e00b48d6a4da .
2025-04-05T03:34:01.294022488Z Downloaded  e00b48d6a4da .
2025-04-05T03:34:01.294206128Z Pulled [registry] registry-0.state-machine.default.svc.cluster.local:5000/models:resnet-cifar
2025-04-05T03:34:01.294221379Z Digest: sha256:db5307386eecaf165f9c969e62258d5940e5f51f160c8dbdeca2503e13885398
2025-04-05T03:34:01.336860625Z Found model checkpoint to resume from.
2025-04-05T03:34:01.336914147Z torchrun --nproc_per_node=1 --nnodes=4 --node_rank=2 --rdzv_endpoint=pytorch-job-022813226-jobset-0-0.pytorch-job-022813226.default.svc.cluster.local:3389 /resnet.py --backend=gloo --num_epochs=6 --resume
2025-04-05T03:34:09.557717620Z Files already downloaded and verified
2025-04-05T03:34:10.593493333Z Files already downloaded and verified
2025-04-05T03:34:11.030105526Z Local Rank: 0, Epoch: 0, Training ...
2025-04-05T03:34:15.578392532Z ---------------------------------------------------------------------------
2025-04-05T03:34:15.578415080Z Epoch: 0, Accuracy: 0.6143
2025-04-05T03:34:15.578419069Z ---------------------------------------------------------------------------
2025-04-05T03:34:21.953164047Z Local Rank: 0, Epoch: 1, Training ...
2025-04-05T03:34:25.230756745Z ---------------------------------------------------------------------------
2025-04-05T03:34:25.230778604Z Epoch: 1, Accuracy: 0.6421
2025-04-05T03:34:25.230782806Z ---------------------------------------------------------------------------
2025-04-05T03:34:31.442554280Z Local Rank: 0, Epoch: 2, Training ...
2025-04-05T03:34:34.696674109Z ---------------------------------------------------------------------------
2025-04-05T03:34:34.696693565Z Epoch: 2, Accuracy: 0.6369
2025-04-05T03:34:34.696697549Z ---------------------------------------------------------------------------
2025-04-05T03:34:41.052238781Z Local Rank: 0, Epoch: 3, Training ...
2025-04-05T03:34:44.296214698Z ---------------------------------------------------------------------------
2025-04-05T03:34:44.296234746Z Epoch: 3, Accuracy: 0.6565
2025-04-05T03:34:44.296239860Z ---------------------------------------------------------------------------
2025-04-05T03:34:50.560916549Z Local Rank: 0, Epoch: 4, Training ...
2025-04-05T03:34:53.999667162Z ---------------------------------------------------------------------------
2025-04-05T03:34:53.999700295Z Epoch: 4, Accuracy: 0.6568
2025-04-05T03:34:53.999708120Z ---------------------------------------------------------------------------
2025-04-05T03:35:00.433236903Z Local Rank: 0, Epoch: 5, Training ...
2025-04-05T03:35:03.836282153Z ---------------------------------------------------------------------------
2025-04-05T03:35:03.836303659Z Epoch: 5, Accuracy: 0.6746
2025-04-05T03:35:03.836308243Z ---------------------------------------------------------------------------
2025-04-05T03:35:34.370940369Z Uploading 197249a6cfbc .
2025-04-05T03:35:46.894314497Z Uploaded  197249a6cfbc .
2025-04-05T03:35:46.905585552Z Pushed [registry] registry-0.state-machine.default.svc.cluster.local:5000/models:resnet-cifar
2025-04-05T03:35:46.905603338Z ArtifactType: application/vnd.unknown.artifact.v1
2025-04-05T03:35:46.905625206Z Digest: sha256:372575b90009624b60f5e6812f6fd054e04ed2178eef94d83ca3bf45a42338eb
