                :-) GROMACS - gmx mdrun, 2024.5-conda_forge (-:

Executable:   /miniconda3/bin.ARM_NEON_ASIMD/gmx
Data prefix:  /miniconda3
Working dir:  /tmp/workdir
Command line:
  gmx mdrun -cpi -ntmpi 1 -ntomp 64 -pin off -maxh 0.5

Compiled SIMD is ARM_NEON_ASIMD, but ARM_SVE might be faster (see log).
Reading file topol.tpr, VERSION 2024.5-conda_forge (single precision)
Can not increase nstlist because verlet-buffer-tolerance is not set or used
Update groups can not be used for this system because an incompatible virtual site type is used

Using 1 MPI thread
Using 64 OpenMP threads 


WARNING: Oversubscribing the recommended max load of 62 logical CPUs with 64 threads.
         This will cause considerable performance loss.
starting mdrun 'lipids-sim'
-1 steps, infinite ps.

Step 2670380: Run time exceeded 0.495 hours, will terminate the run within 40 steps

               Core t (s)   Wall t (s)        (%)
       Time:   114050.977     1782.047     6400.0
                 (ns/day)    (hour/ns)
Performance:     2589.412        0.009

GROMACS reminds you: "Chemistry: It tends to be a messy science." (Gunnar von Heijne, former chair of the Nobel Committee for chemistry)

