2025-03-13 23:40:49,997 - [MainProcess:62] root:init_logger:344 - INFO - Enabled
2025-03-13 23:40:49,997 - [MainProcess:62] root:init_logger:345 - WARNING - Enabled
2025-03-13 23:40:49,997 - [MainProcess:62] root:init_logger:346 - ERROR - Enabled
2025-03-13 23:40:49,997 - [MainProcess:62] root:init_logger:347 - CRITICAL - Enabled
2025-03-13 23:40:50,006 - [MainProcess:62] root:_log_profile:78 - PROFILE - [105.820 MB]: Enabled
2025-03-13 23:40:50,006 - [MainProcess:62] mummi_ras.transformations.createsim.createsims:main:2180 - INFO - Running createsims, options are:
2025-03-13 23:40:50,006 - [MainProcess:62] mummi_ras.transformations.createsim.createsims:main:2181 - INFO - Namespace(fstype='simple', outpath='/tmp/out', outlocal='/tmp/workdir', inpath='/tmp/workdir', loglevel=2, logpath='/tmp/workdir', logstdout=False, logfile='createsims', patch='structure_026923795', gromacs='gmx', mpi='gmx mdrun', mdrunopt=' -nb gpu -ntmpi 1 -ntomp 7 -pin off', simnum='', mini=True)
2025-03-13 23:40:50,006 - [MainProcess:62] mummi_ras.transformations.createsim.createsims:main:2182 - INFO - GROMACS       = gmx
2025-03-13 23:40:50,007 - [MainProcess:62] mummi_ras.transformations.createsim.createsims:main:2183 - INFO - GROMACS single precision path /miniconda3/bin/gmx
2025-03-13 23:40:50,007 - [MainProcess:62] mummi_ras.transformations.createsim.createsims:main:2184 - INFO - mdrun_o       =  -nb gpu -ntmpi 1 -ntomp 7 -pin off
2025-03-13 23:40:50,007 - [MainProcess:62] mummi_ras.transformations.createsim.createsims:main:2185 - INFO - mdrun_mpi     = gmx mdrun
2025-03-13 23:40:50,007 - [MainProcess:62] mummi_ras.transformations.createsim.createsims:main:2186 - INFO - init outpath  = /tmp/out
2025-03-13 23:40:50,007 - [MainProcess:62] mummi_ras.transformations.createsim.createsims:main:2187 - INFO - init outlocal = /tmp/workdir
2025-03-13 23:40:50,011 - [MainProcess:62] mummi_ras.transformations.createsim.createsims:main:2196 - INFO - Using IO_Interface [<class 'mummi_core.interfaces.simple.IO_Simple'>] for all output
2025-03-13 23:40:50,012 - [MainProcess:62] mummi_ras.transformations.createsim.createsims:main:2365 - INFO - Read in generated input structure after healing = /tmp/workdir/026923795/structure_026923795.gro
2025-03-13 23:40:50,023 - [MainProcess:62] MDAnalysis.core.universe:guess_TopologyAttrs:1682 - INFO - attribute types has been guessed successfully.
2025-03-13 23:40:50,023 - [MainProcess:62] MDAnalysis.core.universe:guess_TopologyAttrs:1682 - INFO - attribute masses has been guessed successfully.
2025-03-13 23:40:50,023 - [MainProcess:62] mummi_ras.transformations.createsim.createsims:main:2369 - INFO - Setting up patch structure_026923795 in mini-MuMMI style
2025-03-13 23:40:50,024 - [MainProcess:62] mummi_ras.transformations.createsim.particlesim:getProteinFeedback:168 - INFO - Feedback AA to CG - no new .itp's found in /opt/clones/mummi-ras/feedback-aa2cg use inital/default RAS-ONLY .itp - /opt/clones/mummi_resources/martini3/RAS_scfix-CYFpos
2025-03-13 23:40:50,024 - [MainProcess:62] mummi_ras.transformations.createsim.particlesim:getProteinFeedback:168 - INFO - Feedback AA to CG - no new .itp's found in /opt/clones/mummi-ras/feedback-aa2cg use inital/default RAS-RAF .itp - /opt/clones/mummi_resources/martini3/RAS_RAF_TERNARY_scfix-CYFpos
2025-03-13 23:40:50,024 - [MainProcess:62] mummi_ras.transformations.createsim.particlesim:getProteinFeedback:168 - INFO - Feedback AA to CG - no new .itp's found in /opt/clones/mummi-ras/feedback-aa2cg use inital/default RAS4A-ONLY .itp - /opt/clones/mummi_resources/martini3/RAS4A_scfix-CYFpos
2025-03-13 23:40:50,025 - [MainProcess:62] mummi_ras.transformations.createsim.particlesim:getProteinFeedback:168 - INFO - Feedback AA to CG - no new .itp's found in /opt/clones/mummi-ras/feedback-aa2cg use inital/default RAS4A-RAF .itp - /opt/clones/mummi_resources/martini3/RAS4A_RAF_scfix-CYFpos
2025-03-13 23:40:50,025 - [MainProcess:62] mummi_ras.transformations.createsim.particlesim:__init__:149 - INFO - Final itp's after feedback check: RAS4B /opt/clones/mummi_resources/martini3/RAS_scfix-CYFpos, RAS4B-RAF /opt/clones/mummi_resources/martini3/RAS_RAF_TERNARY_scfix-CYFpos, RAS4A /opt/clones/mummi_resources/martini3/RAS4A_scfix-CYFpos, RAS4A-RAF /opt/clones/mummi_resources/martini3/RAS4A_RAF_scfix-CYFpos, ddcMD folder /opt/clones/mummi_resources/ddcmd-martini3, ref pdbs []
2025-03-13 23:40:50,029 - [MainProcess:62] mummi_ras.transformations.createsim.createsims:main:2571 - INFO - final outpath = /tmp/out
2025-03-13 23:40:50,029 - [MainProcess:62] mummi_ras.transformations.createsim.createsims:main:2572 - INFO - final outlocal = /tmp/workdir
2025-03-13 23:40:50,030 - [MainProcess:62] mummi_ras.transformations.createsim.createsims:main:2597 - INFO - Creating PG Particle simulation...
2025-03-13 23:40:50,030 - [MainProcess:62] mummi_ras.transformations.createsim.particlesim:create:230 - INFO - -> Particle simulation RAS_RAF has been created
2025-03-13 23:40:50,030 - [MainProcess:62] mummi_ras.transformations.createsim.createsims:setup_cg_sim:97 - INFO - ---> Setup CG sim and run eq in dir /tmp/workdir
2025-03-13 23:40:50,034 - [MainProcess:62] mummi_core.utils.utilities:sys_call:184 - INFO - Run command: cp /opt/clones/mummi_resources/martini3/martini_v2.x_new-rf*.mdp .
2025-03-13 23:40:50,038 - [MainProcess:62] mummi_core.utils.utilities:sys_call:184 - INFO - Run command: sed -ie 's/XXX/ -DACYM280/g' martini_v2.x_new-rf-*.mdp
2025-03-13 23:40:50,039 - [MainProcess:62] mummi_ras.transformations.createsim.createsims:setup_cg_sim:129 - INFO - ---> Proteins are pressent they are: [{'id': 0, 'type': 'RAS-RAF', 'angle': '', 'beads': -1, 'state': 'N/A', 'position': [10, 10], 'structure_pre_assigned': True, 'structure': '/tmp/workdir/struct_createsim.gro', 'charge': -1, 'ff_options': ' -DACYM280'}]
2025-03-13 23:40:50,039 - [MainProcess:62] mummi_ras.transformations.createsim.createsims:setup_cg_sim:130 - INFO - ---> After protein alignment: rotation ['/tmp/workdir/struct_createsim.gro'] posInserted [[10, 10]]
2025-03-13 23:40:50,039 - [MainProcess:62] mummi_ras.transformations.createsim.createsims:setup_cg_sim:175 - INFO - ---> Manual protein alignment insane protein string =  -ras /tmp/workdir/struct_createsim.gro l 10 10 -1 -1 
2025-03-13 23:40:50,039 - [MainProcess:62] mummi_ras.transformations.createsim.createsims:setup_cg_sim:180 - INFO - ---> System setup/EM try number 0
2025-03-13 23:40:50,042 - [MainProcess:62] mummi_core.utils.utilities:sys_call:184 - INFO - Run command: sed -ie 's/xPATHx/\/opt\/clones\/mummi_resources\/martini3/g' system.top
2025-03-13 23:40:50,433 - [MainProcess:62] mummi_core.utils.utilities:sys_call:184 - INFO - Run command: python /opt/clones/mummi_resources/martini3/insane-ck-m3.py -salt 0.15 -x 20 -y 20 -z 15 -charge -1 -pbc square -sol W -asym -65 -rand 0.095 -o lipids-water.gro -uf psimSubPatch_upper.pat -lf psimSubPatch_lower.pat  -ras /tmp/workdir/struct_createsim.gro l 10 10 -1 -1  2>&1 | tee -a system.top
2025-03-13 23:40:50,436 - [MainProcess:62] mummi_core.utils.utilities:sys_call:184 - INFO - Run command: sed -ie '0,/Protein          1/s//RAS_RAF          1/g' system.top
2025-03-13 23:40:51,624 - [MainProcess:62] mummi_core.utils.utilities:sys_call:184 - INFO - Run command: gmx grompp -c lipids-water.gro -r lipids-water.gro -f martini_v2.x_new-rf-em.mdp -p system.top -o topol.tpr -maxwarn 5
2025-03-13 23:40:52,196 - [MainProcess:62] mummi_core.utils.utilities:sys_call:184 - INFO - Run command: gmx mdrun  -nb gpu -ntmpi 1 -ntomp 7 -pin off  -c lipids-water-em.gro >> mdrun-em.log 2>&1
2025-03-13 23:40:52,458 - [MainProcess:62] mummi_core.utils.utilities:sys_call:184 - INFO - Run command: echo 0 | gmx trjconv -f lipids-water-em.gro -o lipids-water-em.gro -pbc mol -s topol.tpr
2025-03-13 23:40:52,458 - [MainProcess:62] mummi_ras.transformations.createsim.createsims:setup_cg_sim:313 - INFO - ---> Energy minimization failed in try 0, inf force found, Norm of force     =            inf
, retry
2025-03-13 23:40:52,458 - [MainProcess:62] mummi_ras.transformations.createsim.createsims:setup_cg_sim:180 - INFO - ---> System setup/EM try number 1
2025-03-13 23:40:52,463 - [MainProcess:62] mummi_core.utils.utilities:sys_call:184 - INFO - Run command: sed -ie 's/xPATHx/\/opt\/clones\/mummi_resources\/martini3/g' system.top
2025-03-13 23:40:52,888 - [MainProcess:62] mummi_core.utils.utilities:sys_call:184 - INFO - Run command: python /opt/clones/mummi_resources/martini3/insane-ck-m3.py -salt 0.15 -x 20 -y 20 -z 15 -charge -1 -pbc square -sol W -asym -65 -rand 0.095 -o lipids-water.gro -uf psimSubPatch_upper.pat -lf psimSubPatch_lower.pat  -ras /tmp/workdir/struct_createsim.gro l 10 10 -1 -1  2>&1 | tee -a system.top
2025-03-13 23:40:52,892 - [MainProcess:62] mummi_core.utils.utilities:sys_call:184 - INFO - Run command: sed -ie '0,/Protein          1/s//RAS_RAF          1/g' system.top
2025-03-13 23:40:54,097 - [MainProcess:62] mummi_core.utils.utilities:sys_call:184 - INFO - Run command: gmx grompp -c lipids-water.gro -r lipids-water.gro -f martini_v2.x_new-rf-em.mdp -p system.top -o topol.tpr -maxwarn 5
2025-03-13 23:40:56,550 - [MainProcess:62] mummi_core.utils.utilities:sys_call:184 - INFO - Run command: gmx mdrun  -nb gpu -ntmpi 1 -ntomp 7 -pin off  -c lipids-water-em.gro >> mdrun-em.log 2>&1
2025-03-13 23:40:56,839 - [MainProcess:62] mummi_core.utils.utilities:sys_call:184 - INFO - Run command: echo 0 | gmx trjconv -f lipids-water-em.gro -o lipids-water-em.gro -pbc mol -s topol.tpr
2025-03-13 23:40:56,839 - [MainProcess:62] mummi_ras.transformations.createsim.createsims:setup_cg_sim:313 - INFO - ---> Energy minimization failed in try 1, inf force found, Norm of force     =            inf
, retry
2025-03-13 23:40:56,839 - [MainProcess:62] mummi_ras.transformations.createsim.createsims:setup_cg_sim:180 - INFO - ---> System setup/EM try number 2
2025-03-13 23:40:56,867 - [MainProcess:62] mummi_core.utils.utilities:sys_call:184 - INFO - Run command: sed -ie 's/xPATHx/\/opt\/clones\/mummi_resources\/martini3/g' system.top
2025-03-13 23:40:57,263 - [MainProcess:62] mummi_core.utils.utilities:sys_call:184 - INFO - Run command: python /opt/clones/mummi_resources/martini3/insane-ck-m3.py -salt 0.15 -x 20 -y 20 -z 15 -charge -1 -pbc square -sol W -asym -65 -rand 0.095 -o lipids-water.gro -uf psimSubPatch_upper.pat -lf psimSubPatch_lower.pat  -ras /tmp/workdir/struct_createsim.gro l 10 10 -1 -1  2>&1 | tee -a system.top
2025-03-13 23:40:57,266 - [MainProcess:62] mummi_core.utils.utilities:sys_call:184 - INFO - Run command: sed -ie '0,/Protein          1/s//RAS_RAF          1/g' system.top
2025-03-13 23:40:58,448 - [MainProcess:62] mummi_core.utils.utilities:sys_call:184 - INFO - Run command: gmx grompp -c lipids-water.gro -r lipids-water.gro -f martini_v2.x_new-rf-em.mdp -p system.top -o topol.tpr -maxwarn 5
2025-03-13 23:41:01,109 - [MainProcess:62] mummi_core.utils.utilities:sys_call:184 - INFO - Run command: gmx mdrun  -nb gpu -ntmpi 1 -ntomp 7 -pin off  -c lipids-water-em.gro >> mdrun-em.log 2>&1
2025-03-13 23:41:01,386 - [MainProcess:62] mummi_core.utils.utilities:sys_call:184 - INFO - Run command: echo 0 | gmx trjconv -f lipids-water-em.gro -o lipids-water-em.gro -pbc mol -s topol.tpr
2025-03-13 23:41:01,387 - [MainProcess:62] mummi_ras.transformations.createsim.createsims:setup_cg_sim:313 - INFO - ---> Energy minimization failed in try 2, inf force found, Norm of force     =            inf
, retry
2025-03-13 23:41:01,387 - [MainProcess:62] mummi_ras.transformations.createsim.createsims:setup_cg_sim:180 - INFO - ---> System setup/EM try number 3
2025-03-13 23:41:01,391 - [MainProcess:62] mummi_core.utils.utilities:sys_call:184 - INFO - Run command: sed -ie 's/xPATHx/\/opt\/clones\/mummi_resources\/martini3/g' system.top
2025-03-13 23:41:01,789 - [MainProcess:62] mummi_core.utils.utilities:sys_call:184 - INFO - Run command: python /opt/clones/mummi_resources/martini3/insane-ck-m3.py -salt 0.15 -x 20 -y 20 -z 15 -charge -1 -pbc square -sol W -asym -65 -rand 0.095 -o lipids-water.gro -uf psimSubPatch_upper.pat -lf psimSubPatch_lower.pat  -ras /tmp/workdir/struct_createsim.gro l 10 10 -1 -1  2>&1 | tee -a system.top
2025-03-13 23:41:01,792 - [MainProcess:62] mummi_core.utils.utilities:sys_call:184 - INFO - Run command: sed -ie '0,/Protein          1/s//RAS_RAF          1/g' system.top
2025-03-13 23:41:02,956 - [MainProcess:62] mummi_core.utils.utilities:sys_call:184 - INFO - Run command: gmx grompp -c lipids-water.gro -r lipids-water.gro -f martini_v2.x_new-rf-em.mdp -p system.top -o topol.tpr -maxwarn 5
2025-03-13 23:41:05,501 - [MainProcess:62] mummi_core.utils.utilities:sys_call:184 - INFO - Run command: gmx mdrun  -nb gpu -ntmpi 1 -ntomp 7 -pin off  -c lipids-water-em.gro >> mdrun-em.log 2>&1
2025-03-13 23:41:05,786 - [MainProcess:62] mummi_core.utils.utilities:sys_call:184 - INFO - Run command: echo 0 | gmx trjconv -f lipids-water-em.gro -o lipids-water-em.gro -pbc mol -s topol.tpr
2025-03-13 23:41:05,786 - [MainProcess:62] mummi_ras.transformations.createsim.createsims:setup_cg_sim:313 - INFO - ---> Energy minimization failed in try 3, inf force found, Norm of force     =            inf
, retry
2025-03-13 23:41:05,786 - [MainProcess:62] mummi_ras.transformations.createsim.createsims:setup_cg_sim:180 - INFO - ---> System setup/EM try number 4
2025-03-13 23:41:05,812 - [MainProcess:62] mummi_core.utils.utilities:sys_call:184 - INFO - Run command: sed -ie 's/xPATHx/\/opt\/clones\/mummi_resources\/martini3/g' system.top
2025-03-13 23:41:06,209 - [MainProcess:62] mummi_core.utils.utilities:sys_call:184 - INFO - Run command: python /opt/clones/mummi_resources/martini3/insane-ck-m3.py -salt 0.15 -x 20 -y 20 -z 15 -charge -1 -pbc square -sol W -asym -65 -rand 0.095 -o lipids-water.gro -uf psimSubPatch_upper.pat -lf psimSubPatch_lower.pat  -ras /tmp/workdir/struct_createsim.gro l 10 10 -1 -1  2>&1 | tee -a system.top
2025-03-13 23:41:06,212 - [MainProcess:62] mummi_core.utils.utilities:sys_call:184 - INFO - Run command: sed -ie '0,/Protein          1/s//RAS_RAF          1/g' system.top
2025-03-13 23:41:07,385 - [MainProcess:62] mummi_core.utils.utilities:sys_call:184 - INFO - Run command: gmx grompp -c lipids-water.gro -r lipids-water.gro -f martini_v2.x_new-rf-em.mdp -p system.top -o topol.tpr -maxwarn 5
2025-03-13 23:41:07,907 - [MainProcess:62] mummi_core.utils.utilities:sys_call:184 - INFO - Run command: gmx mdrun  -nb gpu -ntmpi 1 -ntomp 7 -pin off  -c lipids-water-em.gro >> mdrun-em.log 2>&1
2025-03-13 23:41:08,177 - [MainProcess:62] mummi_core.utils.utilities:sys_call:184 - INFO - Run command: echo 0 | gmx trjconv -f lipids-water-em.gro -o lipids-water-em.gro -pbc mol -s topol.tpr
2025-03-13 23:41:08,178 - [MainProcess:62] mummi_ras.transformations.createsim.createsims:setup_cg_sim:313 - INFO - ---> Energy minimization failed in try 4, inf force found, Norm of force     =            inf
, retry
2025-03-13 23:41:08,178 - [MainProcess:62] mummi_ras.transformations.createsim.createsims:setup_cg_sim:180 - INFO - ---> System setup/EM try number 5
2025-03-13 23:41:08,205 - [MainProcess:62] mummi_core.utils.utilities:sys_call:184 - INFO - Run command: sed -ie 's/xPATHx/\/opt\/clones\/mummi_resources\/martini3/g' system.top
2025-03-13 23:41:08,610 - [MainProcess:62] mummi_core.utils.utilities:sys_call:184 - INFO - Run command: python /opt/clones/mummi_resources/martini3/insane-ck-m3.py -salt 0.15 -x 20 -y 20 -z 15 -charge -1 -pbc square -sol W -asym -65 -rand 0.095 -o lipids-water.gro -uf psimSubPatch_upper.pat -lf psimSubPatch_lower.pat  -ras /tmp/workdir/struct_createsim.gro l 10 10 -1 -1  2>&1 | tee -a system.top
2025-03-13 23:41:08,613 - [MainProcess:62] mummi_core.utils.utilities:sys_call:184 - INFO - Run command: sed -ie '0,/Protein          1/s//RAS_RAF          1/g' system.top
2025-03-13 23:41:09,822 - [MainProcess:62] mummi_core.utils.utilities:sys_call:184 - INFO - Run command: gmx grompp -c lipids-water.gro -r lipids-water.gro -f martini_v2.x_new-rf-em.mdp -p system.top -o topol.tpr -maxwarn 5
2025-03-13 23:41:12,348 - [MainProcess:62] mummi_core.utils.utilities:sys_call:184 - INFO - Run command: gmx mdrun  -nb gpu -ntmpi 1 -ntomp 7 -pin off  -c lipids-water-em.gro >> mdrun-em.log 2>&1
2025-03-13 23:41:12,644 - [MainProcess:62] mummi_core.utils.utilities:sys_call:184 - INFO - Run command: echo 0 | gmx trjconv -f lipids-water-em.gro -o lipids-water-em.gro -pbc mol -s topol.tpr
2025-03-13 23:41:12,644 - [MainProcess:62] mummi_ras.transformations.createsim.createsims:setup_cg_sim:313 - INFO - ---> Energy minimization failed in try 5, inf force found, Norm of force     =            inf
, retry
2025-03-13 23:41:12,644 - [MainProcess:62] mummi_ras.transformations.createsim.createsims:setup_cg_sim:180 - INFO - ---> System setup/EM try number 6
2025-03-13 23:41:12,692 - [MainProcess:62] mummi_core.utils.utilities:sys_call:184 - INFO - Run command: sed -ie 's/xPATHx/\/opt\/clones\/mummi_resources\/martini3/g' system.top
2025-03-13 23:41:13,079 - [MainProcess:62] mummi_core.utils.utilities:sys_call:184 - INFO - Run command: python /opt/clones/mummi_resources/martini3/insane-ck-m3.py -salt 0.15 -x 20 -y 20 -z 15 -charge -1 -pbc square -sol W -asym -65 -rand 0.095 -o lipids-water.gro -uf psimSubPatch_upper.pat -lf psimSubPatch_lower.pat  -ras /tmp/workdir/struct_createsim.gro l 10 10 -1 -1  2>&1 | tee -a system.top
2025-03-13 23:41:13,083 - [MainProcess:62] mummi_core.utils.utilities:sys_call:184 - INFO - Run command: sed -ie '0,/Protein          1/s//RAS_RAF          1/g' system.top
2025-03-13 23:41:14,253 - [MainProcess:62] mummi_core.utils.utilities:sys_call:184 - INFO - Run command: gmx grompp -c lipids-water.gro -r lipids-water.gro -f martini_v2.x_new-rf-em.mdp -p system.top -o topol.tpr -maxwarn 5
2025-03-13 23:41:14,761 - [MainProcess:62] mummi_core.utils.utilities:sys_call:184 - INFO - Run command: gmx mdrun  -nb gpu -ntmpi 1 -ntomp 7 -pin off  -c lipids-water-em.gro >> mdrun-em.log 2>&1
2025-03-13 23:41:15,033 - [MainProcess:62] mummi_core.utils.utilities:sys_call:184 - INFO - Run command: echo 0 | gmx trjconv -f lipids-water-em.gro -o lipids-water-em.gro -pbc mol -s topol.tpr
2025-03-13 23:41:15,033 - [MainProcess:62] mummi_ras.transformations.createsim.createsims:setup_cg_sim:313 - INFO - ---> Energy minimization failed in try 6, inf force found, Norm of force     =            inf
, retry
2025-03-13 23:41:15,033 - [MainProcess:62] mummi_ras.transformations.createsim.createsims:setup_cg_sim:180 - INFO - ---> System setup/EM try number 7
2025-03-13 23:41:15,056 - [MainProcess:62] mummi_core.utils.utilities:sys_call:184 - INFO - Run command: sed -ie 's/xPATHx/\/opt\/clones\/mummi_resources\/martini3/g' system.top
2025-03-13 23:41:15,481 - [MainProcess:62] mummi_core.utils.utilities:sys_call:184 - INFO - Run command: python /opt/clones/mummi_resources/martini3/insane-ck-m3.py -salt 0.15 -x 20 -y 20 -z 15 -charge -1 -pbc square -sol W -asym -65 -rand 0.095 -o lipids-water.gro -uf psimSubPatch_upper.pat -lf psimSubPatch_lower.pat  -ras /tmp/workdir/struct_createsim.gro l 10 10 -1 -1  2>&1 | tee -a system.top
2025-03-13 23:41:15,484 - [MainProcess:62] mummi_core.utils.utilities:sys_call:184 - INFO - Run command: sed -ie '0,/Protein          1/s//RAS_RAF          1/g' system.top
2025-03-13 23:41:16,772 - [MainProcess:62] mummi_core.utils.utilities:sys_call:184 - INFO - Run command: gmx grompp -c lipids-water.gro -r lipids-water.gro -f martini_v2.x_new-rf-em.mdp -p system.top -o topol.tpr -maxwarn 5
2025-03-13 23:41:19,410 - [MainProcess:62] mummi_core.utils.utilities:sys_call:184 - INFO - Run command: gmx mdrun  -nb gpu -ntmpi 1 -ntomp 7 -pin off  -c lipids-water-em.gro >> mdrun-em.log 2>&1
2025-03-13 23:41:19,695 - [MainProcess:62] mummi_core.utils.utilities:sys_call:184 - INFO - Run command: echo 0 | gmx trjconv -f lipids-water-em.gro -o lipids-water-em.gro -pbc mol -s topol.tpr
2025-03-13 23:41:19,695 - [MainProcess:62] mummi_ras.transformations.createsim.createsims:setup_cg_sim:313 - INFO - ---> Energy minimization failed in try 7, inf force found, Norm of force     =            inf
, retry
2025-03-13 23:41:19,695 - [MainProcess:62] mummi_ras.transformations.createsim.createsims:setup_cg_sim:180 - INFO - ---> System setup/EM try number 8
2025-03-13 23:41:19,700 - [MainProcess:62] mummi_core.utils.utilities:sys_call:184 - INFO - Run command: sed -ie 's/xPATHx/\/opt\/clones\/mummi_resources\/martini3/g' system.top
2025-03-13 23:41:20,090 - [MainProcess:62] mummi_core.utils.utilities:sys_call:184 - INFO - Run command: python /opt/clones/mummi_resources/martini3/insane-ck-m3.py -salt 0.15 -x 20 -y 20 -z 15 -charge -1 -pbc square -sol W -asym -65 -rand 0.095 -o lipids-water.gro -uf psimSubPatch_upper.pat -lf psimSubPatch_lower.pat  -ras /tmp/workdir/struct_createsim.gro l 10 10 -1 -1  2>&1 | tee -a system.top
2025-03-13 23:41:20,094 - [MainProcess:62] mummi_core.utils.utilities:sys_call:184 - INFO - Run command: sed -ie '0,/Protein          1/s//RAS_RAF          1/g' system.top
2025-03-13 23:41:21,293 - [MainProcess:62] mummi_core.utils.utilities:sys_call:184 - INFO - Run command: gmx grompp -c lipids-water.gro -r lipids-water.gro -f martini_v2.x_new-rf-em.mdp -p system.top -o topol.tpr -maxwarn 5
2025-03-13 23:41:21,785 - [MainProcess:62] mummi_core.utils.utilities:sys_call:184 - INFO - Run command: gmx mdrun  -nb gpu -ntmpi 1 -ntomp 7 -pin off  -c lipids-water-em.gro >> mdrun-em.log 2>&1
2025-03-13 23:41:22,046 - [MainProcess:62] mummi_core.utils.utilities:sys_call:184 - INFO - Run command: echo 0 | gmx trjconv -f lipids-water-em.gro -o lipids-water-em.gro -pbc mol -s topol.tpr
2025-03-13 23:41:22,046 - [MainProcess:62] mummi_ras.transformations.createsim.createsims:setup_cg_sim:313 - INFO - ---> Energy minimization failed in try 8, inf force found, Norm of force     =            inf
, retry
2025-03-13 23:41:22,046 - [MainProcess:62] mummi_ras.transformations.createsim.createsims:setup_cg_sim:180 - INFO - ---> System setup/EM try number 9
2025-03-13 23:41:22,051 - [MainProcess:62] mummi_core.utils.utilities:sys_call:184 - INFO - Run command: sed -ie 's/xPATHx/\/opt\/clones\/mummi_resources\/martini3/g' system.top
2025-03-13 23:41:22,450 - [MainProcess:62] mummi_core.utils.utilities:sys_call:184 - INFO - Run command: python /opt/clones/mummi_resources/martini3/insane-ck-m3.py -salt 0.15 -x 20 -y 20 -z 15 -charge -1 -pbc square -sol W -asym -65 -rand 0.095 -o lipids-water.gro -uf psimSubPatch_upper.pat -lf psimSubPatch_lower.pat  -ras /tmp/workdir/struct_createsim.gro l 10 10 -1 -1  2>&1 | tee -a system.top
2025-03-13 23:41:22,454 - [MainProcess:62] mummi_core.utils.utilities:sys_call:184 - INFO - Run command: sed -ie '0,/Protein          1/s//RAS_RAF          1/g' system.top
2025-03-13 23:41:23,735 - [MainProcess:62] mummi_core.utils.utilities:sys_call:184 - INFO - Run command: gmx grompp -c lipids-water.gro -r lipids-water.gro -f martini_v2.x_new-rf-em.mdp -p system.top -o topol.tpr -maxwarn 5
2025-03-13 23:41:26,207 - [MainProcess:62] mummi_core.utils.utilities:sys_call:184 - INFO - Run command: gmx mdrun  -nb gpu -ntmpi 1 -ntomp 7 -pin off  -c lipids-water-em.gro >> mdrun-em.log 2>&1
2025-03-13 23:41:26,490 - [MainProcess:62] mummi_core.utils.utilities:sys_call:184 - INFO - Run command: echo 0 | gmx trjconv -f lipids-water-em.gro -o lipids-water-em.gro -pbc mol -s topol.tpr
2025-03-13 23:41:26,490 - [MainProcess:62] mummi_ras.transformations.createsim.createsims:setup_cg_sim:313 - INFO - ---> Energy minimization failed in try 9, inf force found, Norm of force     =            inf
, retry
2025-03-13 23:41:26,996 - [MainProcess:62] mummi_core.utils.utilities:sys_call:184 - INFO - Run command: gmx make_ndx -f lipids-water-em.gro -o index.ndx < index-selection.txt
2025-03-13 23:41:28,148 - [MainProcess:62] mummi_core.utils.utilities:sys_call:184 - INFO - Run command: gmx grompp -c lipids-water-em.gro -f martini_v2.x_new-rf-eq1.mdp  -p system.top -o topol.tpr -maxwarn 5 -n index.ndx -r lipids-water-em.gro
2025-03-13 23:42:13,217 - [MainProcess:62] mummi_core.utils.utilities:sys_call:184 - INFO - Run command: gmx mdrun  -nb gpu -ntmpi 1 -ntomp 7 -pin off  -c lipids-water-eq1.gro >> mdrun-eq1.log 2>&1 
2025-03-13 23:42:14,427 - [MainProcess:62] mummi_core.utils.utilities:sys_call:184 - INFO - Run command: gmx grompp -c lipids-water-eq1.gro -f martini_v2.x_new-rf-eq2.mdp  -p system.top -o topol.tpr -maxwarn 5 -n index.ndx -r lipids-water-em.gro
2025-03-13 23:43:58,405 - [MainProcess:62] mummi_core.utils.utilities:sys_call:184 - INFO - Run command: gmx mdrun  -nb gpu -ntmpi 1 -ntomp 7 -pin off  -c lipids-water-eq2.gro >> mdrun-eq2.log 2>&1
2025-03-13 23:43:59,633 - [MainProcess:62] mummi_core.utils.utilities:sys_call:184 - INFO - Run command: gmx grompp -c lipids-water-eq2.gro -f martini_v2.x_new-rf-eq3-PULL.mdp -p system.top -o topol.tpr -maxwarn 5 -n index.ndx -r lipids-water-em.gro
2025-03-13 23:50:55,627 - [MainProcess:62] mummi_core.utils.utilities:sys_call:184 - INFO - Run command: gmx mdrun  -nb gpu -ntmpi 1 -ntomp 7 -pin off  -c lipids-water-eq3.gro >> mdrun-eq3.log 2>&1
2025-03-13 23:50:56,915 - [MainProcess:62] mummi_core.utils.utilities:sys_call:184 - INFO - Run command: gmx grompp -c lipids-water-eq3.gro -f martini_v2.x_new-rf-eq4.mdp -p system.top -o topol.tpr -maxwarn 5 -n index.ndx -r lipids-water-eq3.gro
2025-03-13 23:51:07,838 - [MainProcess:62] mummi_core.utils.utilities:sys_call:184 - INFO - Run command: gmx mdrun  -nb gpu -ntmpi 1 -ntomp 7 -pin off  -c lipids-water-eq4.gro >> mdrun-eq4.log 2>&1
2025-03-13 23:51:09,116 - [MainProcess:62] mummi_core.utils.utilities:sys_call:184 - INFO - Run command: gmx grompp -c lipids-water-eq4.gro -f martini_v2.x_new-rf-eq5.mdp -p system.top -o topol.tpr -maxwarn 5 -n index.ndx -r lipids-water-eq4.gro
2025-03-13 23:51:30,403 - [MainProcess:62] mummi_core.utils.utilities:sys_call:184 - INFO - Run command: gmx mdrun  -nb gpu -ntmpi 1 -ntomp 7 -pin off  -c lipids-water-eq5.gro >> mdrun-eq5.log 2>&1
2025-03-13 23:51:31,703 - [MainProcess:62] mummi_core.utils.utilities:sys_call:184 - INFO - Run command: gmx grompp -c lipids-water-eq5.gro -f martini_v2.x_new-rf-eq6.mdp -p system.top -o topol.tpr -maxwarn 5 -n index.ndx -r lipids-water-eq5.gro
2025-03-13 23:53:17,216 - [MainProcess:62] mummi_core.utils.utilities:sys_call:184 - INFO - Run command: gmx mdrun  -nb gpu -ntmpi 1 -ntomp 7 -pin off  -c lipids-water-eq6.gro >> mdrun-eq6.log 2>&1
2025-03-13 23:53:17,230 - [MainProcess:62] mummi_core.utils.utilities:sys_call:184 - INFO - Run command: rm \#* step*.pdb || true
2025-03-13 23:53:17,234 - [MainProcess:62] mummi_core.utils.utilities:sys_call:184 - INFO - Run command: rm system.tope state.cpt state_prev.cpt traj_comp.xtc traj.trr mdout.mdp md.log ener.edr index-old.ndx temp-index-end.txt || true
2025-03-13 23:53:19,710 - [MainProcess:62] mummi_core.utils.utilities:sys_call:184 - INFO - Run command: tar -czvf createsims.tar.gz psimSubPatch_lower.pat psimSubPatch_upper.pat protein-*-rotate.gro protein-ALL.gro index-selection.txt lipids-water-em.gro lipids-water-eq1.gro lipids-water-eq2.gro lipids-water-eq3.gro lipids-water.gro martini_v2.x_new-rf-eq3-PULL.mdp mdrun-em.log mdrun-eq1.log mdrun-eq2.log mdrun-eq3.log mdrun-eq4.log pullf.xvg pullx.xvg lipid_counts.npz mdrun-eq5.log lipids-water-eq5.gro mdrun-eq6.log lipids-water-eq4.gro macro_sim_dir/snapshot.* macro_sim_dir/macro_createsims.out struct_createsim.gro || true
2025-03-13 23:53:19,717 - [MainProcess:62] mummi_core.utils.utilities:sys_call:184 - INFO - Run command: rm psimSubPatch_lower.pat psimSubPatch_upper.pat protein-*-rotate.gro protein-ALL.gro index-selection.txt lipids-water-em.gro lipids-water-eq1.gro lipids-water-eq2.gro lipids-water-eq3.gro lipids-water.gro martini_v2.x_new-rf-e*.mdp martini_v2.x_new-rf-*.mdpe mdrun-em.log mdrun-eq1.log mdrun-eq2.log mdrun-eq3.log traj_comp.step*.xtc mdrun-eq4.log pullf.xvg pullx.xvg lipid_counts.npz mdrun-eq5.log lipids-water-eq5.gro mdrun-eq6.log lipids-water-eq4.gro struct_createsim.gro || true
2025-03-13 23:53:19,720 - [MainProcess:62] mummi_core.utils.utilities:sys_call:184 - INFO - Run command: rm -r macro_sim_dir || true
2025-03-13 23:53:19,721 - [MainProcess:62] mummi_ras.transformations.createsim.createsims:main:2608 - INFO - Running conversion from GROMACS to ddcMD...
2025-03-13 23:53:19,721 - [MainProcess:62] mummi_ras.transformations.createsim.createsims:prime_cg_sim:592 - INFO - ---> Setup CG production sim in dir /tmp/workdir
2025-03-13 23:53:20,046 - [MainProcess:62] mummi_core.utils.utilities:sys_call:184 - INFO - Run command: gmx editconf -f lipids-water-eq6.gro -o lipids-water-eq6.gro -translate 0 0 -0.5 
2025-03-13 23:53:21,288 - [MainProcess:62] mummi_core.utils.utilities:sys_call:184 - INFO - Run command: gmx grompp -c lipids-water-eq6.gro -r lipids-water-eq6.gro -f martini_v2.x_new-rf-prod.mdp -p system.top -o topol.tpr -maxwarn 5 -n index.ndx
2025-03-13 23:53:21,293 - [MainProcess:62] mummi_core.utils.utilities:sys_call:184 - INFO - Run command: rm \#* || true
2025-03-13 23:53:21,296 - [MainProcess:62] mummi_core.utils.utilities:sys_call:184 - INFO - Run command: rm fancy-slurm-syrah.she fancy.she lipids-water-eq4-fix.pdbe mdout.mdp system.tope molecule_1.data molecule_2.data molecule_3.data || true
2025-03-13 23:53:21,297 - [MainProcess:62] mummi_core.interfaces.base:send_signal:280 - INFO - Saved signal (/tmp/out/createsims_success)
2025-03-13 23:53:21,297 - [MainProcess:62] mummi_ras.transformations.createsim.createsims:main:2619 - INFO - ---> Createsims finish successfully for sim RAS_RAF
2025-03-13 23:53:21,297 - [MainProcess:62] mummi_ras.transformations.createsim.createsims:main:2624 - INFO - Creatsims takes = 751.2852101325989 seconds
2025-03-13 23:53:21,297 - [MainProcess:62] mummi_ras.transformations.createsim.createsims:main:2660 - INFO - ---> Copied form local to global - /tmp/workdir/* /tmp/out/
