2025-04-08 21:08:22,443 - [MainProcess:66248] root:init_logger:344 - INFO - Enabled
2025-04-08 21:08:22,443 - [MainProcess:66248] root:init_logger:345 - WARNING - Enabled
2025-04-08 21:08:22,443 - [MainProcess:66248] root:init_logger:346 - ERROR - Enabled
2025-04-08 21:08:22,443 - [MainProcess:66248] root:init_logger:347 - CRITICAL - Enabled
2025-04-08 21:08:22,804 - [MainProcess:66248] root:_log_profile:78 - PROFILE - [417.438 MB]: Enabled

> Initializing MuMMI (/g/g92/pottier1/admirral_sc25/mummi-core/mummi_core)
> Initialized MuMMI
	> MuMMI_ROOT: (/p/gpfs1/pottier1/minimummi-sc25/roots/root3)
	> MuMMI_Resources: (/g/g92/pottier1/admirral_sc25/mummi_resources)
	> MuMMI_Specs: (/g/g92/pottier1/admirral_sc25/mummi-ras/specs)

> Creating MuMMI root hierarchy at (/p/gpfs1/pottier1/minimummi-sc25/roots/root3)

> Initializing logger:  level = (2), stdout = (True), file = (), history = (False),  memusage = (False)
2025-04-08 21:08:22,913 - [MainProcess:66248] __main__:read_specs:410 - INFO - ML Server launched on host: lassen655.coral.llnl.gov
2025-04-08 21:08:22,913 - [MainProcess:66248] mummi_core.workflow.flux_env:flux_uri:30 - INFO - Read local Flux URI from env: [local:///var/tmp/flux-uJMwOX/local-5]
2025-04-08 21:08:22,914 - [MainProcess:66248] mummi_core.workflow.flux_env:flux_uri:39 - INFO - Read Flux URI from server file: [ssh://lassen172/var/tmp/flux-8tWXUO/local-0]
2025-04-08 21:08:22,914 - [MainProcess:66248] __main__:read_specs:412 - INFO -   flux  uri: [ssh://lassen172/var/tmp/flux-8tWXUO/local-0]
2025-04-08 21:08:22,914 - [MainProcess:66248] __main__:read_specs:414 - INFO -   local uri: [local:///var/tmp/flux-uJMwOX/local-5]
2025-04-08 21:08:22,926 - [MainProcess:66248] mummi_ras.ml.mlserver:read_specs:457 - INFO - Run in mini MuMMI mode
2025-04-08 21:08:22,926 - [MainProcess:66248] __main__:read_specs:487 - INFO - > Initializing MuMMI ML Server
2025-04-08 21:08:22,926 - [MainProcess:66248] __main__:read_specs:488 - INFO -   > Server
2025-04-08 21:08:22,926 - [MainProcess:66248] __main__:read_specs:489 - INFO -     > Interface                rabbitmq
2025-04-08 21:08:22,926 - [MainProcess:66248] __main__:read_specs:490 - INFO -     > Credentials              /p/gpfs1/pottier1/minimummi-sc25/roots/root3/mlserver/rabbitmq-credentials.json
2025-04-08 21:08:22,926 - [MainProcess:66248] __main__:read_specs:491 - INFO -     > Certificate              /p/gpfs1/pottier1/minimummi-sc25/roots/root3/mlserver/rabbitmq-credentials.cacert
2025-04-08 21:08:22,926 - [MainProcess:66248] __main__:read_specs:492 - INFO -     > Queue                    mummi_queue_pottier1
2025-04-08 21:08:22,926 - [MainProcess:66248] __main__:read_specs:493 - INFO -   > Sampler
2025-04-08 21:08:22,926 - [MainProcess:66248] __main__:read_specs:494 - INFO -     > Interpolator             ot_feedback
2025-04-08 21:08:22,926 - [MainProcess:66248] __main__:read_specs:495 - INFO -     > Run with feedback        True
2025-04-08 21:08:22,926 - [MainProcess:66248] __main__:read_specs:496 - INFO -     > Createsims Feedback DB   /p/gpfs1/pottier1/minimummi-sc25/roots/root3/ml/iter00/feedback/db-feedback-sampling.npz
2025-04-08 21:08:22,926 - [MainProcess:66248] __main__:read_specs:497 - INFO -     > CG frames Feedback DB    /p/gpfs1/pottier1/minimummi-sc25/roots/root3/ml/iter00/feedback/db-feedback-frames.npz
2025-04-08 21:08:22,926 - [MainProcess:66248] __main__:read_specs:498 - INFO -   > Generator
2025-04-08 21:08:22,926 - [MainProcess:66248] __main__:read_specs:499 - INFO -     > Encoder                  /p/vast1/mummiusr/mummi_large_resources/mini_mummi/model-protein_latent_space-mini_mummi_ls-c2289_z32-t2024-10-01-23-33-17_h443704
2025-04-08 21:08:22,927 - [MainProcess:66248] __main__:read_specs:500 - INFO -   > Validator
2025-04-08 21:08:22,927 - [MainProcess:66248] __main__:read_specs:501 - INFO -   > nMaxSelectedPatchBuffer    15
2025-04-08 21:08:22,927 - [MainProcess:66248] mummi_ras.ml.autoencoders.mini.full_dense_autoencoder:_setup:102 - INFO -  > Using torch v2.0.1 (/usr/WS1/mummiusr/mummi-spack/spack/0.21/opt/spack/__spack_path_placeholder__/__spack_path_placeholder__/__spack_path_placeholder__/__spack_path_placeholder__/__spack_path_placeholder__/__spack_path_placeholder__/__spack_path_placeholder__/__spack_path_pla/linux-rhel7-power9le/gcc-11.2.1/py-torch-2.0.1-r6xhtvel6xpxyeyj4czbb7eb4cja6umf/lib/python3.11/site-packages/torch/__init__.py)
2025-04-08 21:08:22,947 - [MainProcess:66248] mummi_ras.ml.autoencoders.mini.full_dense_autoencoder:__init__:61 - INFO - > Initialization of generator with:
2025-04-08 21:08:22,947 - [MainProcess:66248] mummi_ras.ml.autoencoders.mini.full_dense_autoencoder:__init__:62 - INFO -   > encoder      = /p/vast1/mummiusr/mummi_large_resources/mini_mummi/model-protein_latent_space-mini_mummi_ls-c2289_z32-t2024-10-01-23-33-17_h443704
2025-04-08 21:08:22,947 - [MainProcess:66248] mummi_ras.ml.autoencoders.mini.full_dense_autoencoder:__init__:63 - INFO -   > dimensions   = ((2289,), (32,))
2025-04-08 21:08:22,947 - [MainProcess:66248] mummi_ras.ml.autoencoders.mini.full_dense_autoencoder:__init__:64 - INFO -   > #beads       = 763
2025-04-08 21:08:22,948 - [MainProcess:66248] mummi_ras.ml.autoencoders.mini.model.model_torch:__init__:59 - INFO - Initializing (model-protein_latent_space-mini_mummi_ls-c2289_z32-0)
2025-04-08 21:08:23,037 - [MainProcess:66248] mummi_ras.ml.autoencoders.mini.full_dense_autoencoder:_load_model:123 - INFO -  > Device used : cpu
2025-04-08 21:08:23,038 - [MainProcess:66248] mummi_ras.ml.autoencoders.mini.model.model_torch:load_model:134 - INFO - loading model (/p/vast1/mummiusr/mummi_large_resources/mini_mummi/model-protein_latent_space-mini_mummi_ls-c2289_z32-t2024-10-01-23-33-17_h443704/model.pth)
2025-04-08 21:08:23,337 - [MainProcess:66248] mummi_ras.ml.autoencoders.mini.model.model_torch:load_model:139 - INFO - loading model standardization file (/p/vast1/mummiusr/mummi_large_resources/mini_mummi/model-protein_latent_space-mini_mummi_ls-c2289_z32-t2024-10-01-23-33-17_h443704/CG_pos_data_summary_pos_dis_C1_v1.npz)
2025-04-08 21:08:23,350 - [MainProcess:66248] mummi_ras.ml.validators.cg_validator:__init__:57 - INFO - > Initialization of validator with
2025-04-08 21:08:23,350 - [MainProcess:66248] mummi_ras.ml.validators.cg_validator:__init__:58 - INFO -   > iteration_path        = /p/gpfs1/pottier1/minimummi-sc25/roots/root3/ml
2025-04-08 21:08:23,350 - [MainProcess:66248] mummi_ras.ml.validators.cg_validator:__init__:59 - INFO -   > resource_path         = /g/g92/pottier1/admirral_sc25/mummi_resources/martini3-validator-resources
2025-04-08 21:08:23,350 - [MainProcess:66248] mummi_ras.ml.validators.cg_validator:__init__:60 - INFO -   > complex_name          = ras-rbdcrd-ref-CG.gro
2025-04-08 21:08:23,350 - [MainProcess:66248] mummi_ras.ml.validators.cg_validator:__init__:61 - INFO -   > maximum force         = [-1000000.0, 1000000.0]
2025-04-08 21:08:23,350 - [MainProcess:66248] mummi_ras.ml.validators.cg_validator:__init__:62 - INFO -   > potential energy      = [-10000000.0, 10000000.0]
2025-04-08 21:08:23,351 - [MainProcess:66248] mummi_ras.ml.validators.cg_validator:__init__:63 - INFO -   > cleanup               = True
2025-04-08 21:08:23,351 - [MainProcess:66248] mummi_ras.ml.validators.cg_validator:__init__:64 - INFO -   > healing               = True
2025-04-08 21:08:23,351 - [MainProcess:66248] mummi_ras.ml.validators.cg_validator:__init__:65 - INFO -   > logical cores         = 96
2025-04-08 21:08:23,351 - [MainProcess:66248] mummi_ras.ml.validators.cg_validator:__init__:67 - INFO -   > available cores       = 94
2025-04-08 21:08:23,365 - [MainProcess:66248] __main__:run:716 - INFO - Started process <Process name='Process-3' pid=66591 parent=66248 started> to watch createsims
2025-04-08 21:08:23,367 - [Process-2:66589] mummi_ras.ml.mlserver:create_sampling_db:117 - INFO - Created new DB at /p/gpfs1/pottier1/minimummi-sc25/roots/root3/ml/iter00/feedback/db-feedback-sampling.npz
2025-04-08 21:08:23,368 - [Process-3:66591] __main__:watch_createsims:739 - INFO - Start monitoring for feedback /p/gpfs1/pottier1/minimummi-sc25/roots/root3/ml/iter00/feedback/db-feedback-sampling.npz
2025-04-08 21:08:23,369 - [Process-2:66589] mummi_ras.ml.mlserver:setup_sampler:556 - INFO - Feedback DB for sampling located in /p/gpfs1/pottier1/minimummi-sc25/roots/root3/ml/iter00/feedback/db-feedback-sampling.npz
2025-04-08 21:08:23,371 - [MainProcess:66248] __main__:run:719 - INFO - Started process to process feedback frames in /p/gpfs1/pottier1/minimummi-sc25/roots/root3/ml/iter00/feedback/db-feedback-frames.npz
2025-04-08 21:08:23,372 - [Process-2:66589] mummi_ras.ml.mlserver:_setup_training_sets:514 - INFO - Training data /p/vast1/mummiusr/mummi_large_resources/mini_mummi/model-protein_latent_space-mini_mummi_ls-c2289_z32-t2024-10-01-23-33-17_h443704/training => 1 files
2025-04-08 21:08:23,374 - [Process-4:66593] mummi_ras.ml.autoencoders.mini.full_dense_autoencoder:_setup:102 - INFO -  > Using torch v2.0.1 (/usr/WS1/mummiusr/mummi-spack/spack/0.21/opt/spack/__spack_path_placeholder__/__spack_path_placeholder__/__spack_path_placeholder__/__spack_path_placeholder__/__spack_path_placeholder__/__spack_path_placeholder__/__spack_path_placeholder__/__spack_path_pla/linux-rhel7-power9le/gcc-11.2.1/py-torch-2.0.1-r6xhtvel6xpxyeyj4czbb7eb4cja6umf/lib/python3.11/site-packages/torch/__init__.py)
2025-04-08 21:08:23,381 - [Process-4:66593] mummi_ras.ml.autoencoders.mini.full_dense_autoencoder:__init__:61 - INFO - > Initialization of generator with:
2025-04-08 21:08:23,381 - [Process-4:66593] mummi_ras.ml.autoencoders.mini.full_dense_autoencoder:__init__:62 - INFO -   > encoder      = /p/vast1/mummiusr/mummi_large_resources/mini_mummi/model-protein_latent_space-mini_mummi_ls-c2289_z32-t2024-10-01-23-33-17_h443704
2025-04-08 21:08:23,381 - [Process-4:66593] mummi_ras.ml.autoencoders.mini.full_dense_autoencoder:__init__:63 - INFO -   > dimensions   = ((2289,), (32,))
2025-04-08 21:08:23,381 - [Process-4:66593] mummi_ras.ml.autoencoders.mini.full_dense_autoencoder:__init__:64 - INFO -   > #beads       = 763
2025-04-08 21:08:23,382 - [MainProcess:66248] __main__:connect:135 - INFO - Connecting to cz-ws-mummi-rabbitmq.apps.czapps.llnl.gov ...
2025-04-08 21:08:23,382 - [Process-4:66593] mummi_ras.ml.autoencoders.mini.model.model_torch:__init__:59 - INFO - Initializing (model-protein_latent_space-mini_mummi_ls-c2289_z32-0)
2025-04-08 21:08:23,425 - [MainProcess:66248] pika.adapters.utils.connection_workflow:start:179 - INFO - Pika version 1.3.1 connecting to ('134.9.65.24', 32353)
2025-04-08 21:08:23,425 - [MainProcess:66248] pika.adapters.utils.io_services_utils:_on_writable:345 - INFO - Socket connected: <socket.socket fd=20, family=2, type=1, proto=6, laddr=('192.168.130.147', 59878), raddr=('134.9.65.24', 32353)>
2025-04-08 21:08:23,433 - [MainProcess:66248] pika.adapters.utils.io_services_utils:_do_ssl_handshake:655 - INFO - SSL handshake completed successfully: <ssl.SSLSocket fd=20, family=2, type=1, proto=6, laddr=('192.168.130.147', 59878), raddr=('134.9.65.24', 32353)>
2025-04-08 21:08:23,434 - [MainProcess:66248] pika.adapters.utils.connection_workflow:_on_transport_establishment_done:428 - INFO - Streaming transport linked up: (<pika.adapters.utils.io_services_utils._AsyncSSLTransport object at 0x200062ddfdd0>, _StreamingProtocolShim: <SelectConnection PROTOCOL transport=<pika.adapters.utils.io_services_utils._AsyncSSLTransport object at 0x200062ddfdd0> params=<ConnectionParameters host=cz-ws-mummi-rabbitmq.apps.czapps.llnl.gov port=32353 virtual_host=mummi ssl=True>>).
2025-04-08 21:08:23,438 - [MainProcess:66248] pika.adapters.utils.connection_workflow:_report_completion_and_cleanup:293 - INFO - AMQPConnector - reporting success: <SelectConnection OPEN transport=<pika.adapters.utils.io_services_utils._AsyncSSLTransport object at 0x200062ddfdd0> params=<ConnectionParameters host=cz-ws-mummi-rabbitmq.apps.czapps.llnl.gov port=32353 virtual_host=mummi ssl=True>>
2025-04-08 21:08:23,438 - [MainProcess:66248] pika.adapters.utils.connection_workflow:_report_completion_and_cleanup:725 - INFO - AMQPConnectionWorkflow - reporting success: <SelectConnection OPEN transport=<pika.adapters.utils.io_services_utils._AsyncSSLTransport object at 0x200062ddfdd0> params=<ConnectionParameters host=cz-ws-mummi-rabbitmq.apps.czapps.llnl.gov port=32353 virtual_host=mummi ssl=True>>
2025-04-08 21:08:23,438 - [MainProcess:66248] pika.adapters.blocking_connection:_create_connection:453 - INFO - Connection workflow succeeded: <SelectConnection OPEN transport=<pika.adapters.utils.io_services_utils._AsyncSSLTransport object at 0x200062ddfdd0> params=<ConnectionParameters host=cz-ws-mummi-rabbitmq.apps.czapps.llnl.gov port=32353 virtual_host=mummi ssl=True>>
2025-04-08 21:08:23,438 - [MainProcess:66248] pika.adapters.blocking_connection:__init__:1264 - INFO - Created channel=1
2025-04-08 21:08:23,440 - [MainProcess:66248] __main__:connect:140 - INFO - Channel "<BlockingChannel impl=<Channel number=1 OPEN conn=<SelectConnection OPEN transport=<pika.adapters.utils.io_services_utils._AsyncSSLTransport object at 0x200062ddfdd0> params=<ConnectionParameters host=cz-ws-mummi-rabbitmq.apps.czapps.llnl.gov port=32353 virtual_host=mummi ssl=True>>>>" declared.
2025-04-08 21:08:23,441 - [MainProcess:66248] __main__:connect:143 - INFO - Queue "mummi_queue_pottier1" declared.
2025-04-08 21:08:23,481 - [Process-4:66593] mummi_ras.ml.autoencoders.mini.full_dense_autoencoder:_load_model:123 - INFO -  > Device used : cpu
2025-04-08 21:08:23,482 - [Process-4:66593] mummi_ras.ml.autoencoders.mini.model.model_torch:load_model:134 - INFO - loading model (/p/vast1/mummiusr/mummi_large_resources/mini_mummi/model-protein_latent_space-mini_mummi_ls-c2289_z32-t2024-10-01-23-33-17_h443704/model.pth)
2025-04-08 21:08:24,948 - [Process-2:66589] mummi_ras.ml.mlserver:setup_sampler:570 - WARNING - Could not load pre-computed interpolator. Computing interpolator
2025-04-08 21:08:24,948 - [Process-2:66589] mummi_ras.ml.samplers.interpolators.feedback_interpolator:__init__:49 - INFO - creating all states
2025-04-08 21:08:24,960 - [Process-2:66589] mummi_ras.ml.samplers.interpolators.feedback_interpolator:compute_optimal_transport_pairwise:148 - INFO - compute_optimal_transport_pairwise with source=(4218, 32) / target=(4218, 32)
2025-04-08 21:08:25,061 - [Process-2:66589] mummi_ras.ml.samplers.interpolators.feedback_interpolator:compute_optimal_transport_pairwise:153 - INFO - ot.emd with a=(4218,) / b=(4218,) and M=(4218, 4218)
2025-04-08 21:08:27,652 - [MainProcess:66248] __main__:worker:215 - INFO - [35186073399728] Workflow requested 15 samples
2025-04-08 21:08:27,652 - [MainProcess:66248] mummi_ras.ml.mlserver:generate_new_samples:235 - INFO - Waiting on sampler (<Process name='Process-2' pid=66589 parent=66248 started>) to be created...
2025-04-08 21:08:30,010 - [Process-2:66589] mummi_ras.ml.mlserver:setup_sampler:580 - INFO - Interpolator ot_feedback created in 6.641 seconds for 8436 LS points
2025-04-08 21:08:30,618 - [Process-2:66589] mummi_ras.ml.samplers.ls_sampler:_update_feedback_db_from_file:257 - INFO - Updating feedback database from /p/gpfs1/pottier1/minimummi-sc25/roots/root3/ml/iter00/feedback/db-feedback-frames.npz
2025-04-08 21:08:30,618 - [Process-2:66589] mummi_ras.ml.samplers.ls_sampler:_update_feedback_db_from_file:260 - INFO - Reading feedback sampling db.
2025-04-08 21:08:30,619 - [Process-2:66589] mummi_ras.ml.samplers.ls_sampler:_update_feedback_db_from_file:372 - INFO - Skipping updating /p/gpfs1/pottier1/minimummi-sc25/roots/root3/ml/iter00/feedback/db-feedback-frames.npz. DB is empty
2025-04-08 21:08:31,884 - [MainProcess:66248] mummi_ras.ml.mlserver:generate_new_samples:260 - INFO - => 0 / 15. We can sample more
2025-04-08 21:08:31,884 - [MainProcess:66248] mummi_ras.ml.mlserver:generate_new_samples:274 - INFO - Sampled 15 in 1.0013580322265625e-05 seconds
2025-04-08 21:08:31,948 - [MainProcess:66248] mummi_ras.ml.autoencoders.mini.full_dense_autoencoder:_destandardize:161 - INFO - De-standardizing (15, 763, 3) predicted_positions
2025-04-08 21:08:31,948 - [MainProcess:66248] mummi_ras.ml.mlserver:write_patches:59 - INFO - Write patches in /p/gpfs1/pottier1/minimummi-sc25/roots/root3/ml/iter00
2025-04-08 21:08:31,948 - [MainProcess:66248] mummi_ras.ml.mlserver:write_patches:79 - INFO - Writing /p/gpfs1/pottier1/minimummi-sc25/roots/root3/ml/iter00/structure_iter00_000000000000.npz
2025-04-08 21:08:31,950 - [MainProcess:66248] mummi_ras.ml.mlserver:write_patches:79 - INFO - Writing /p/gpfs1/pottier1/minimummi-sc25/roots/root3/ml/iter00/structure_iter00_000000000001.npz
2025-04-08 21:08:31,951 - [MainProcess:66248] mummi_ras.ml.mlserver:write_patches:79 - INFO - Writing /p/gpfs1/pottier1/minimummi-sc25/roots/root3/ml/iter00/structure_iter00_000000000002.npz
2025-04-08 21:08:31,952 - [MainProcess:66248] mummi_ras.ml.mlserver:write_patches:79 - INFO - Writing /p/gpfs1/pottier1/minimummi-sc25/roots/root3/ml/iter00/structure_iter00_000000000003.npz
2025-04-08 21:08:31,952 - [MainProcess:66248] mummi_ras.ml.mlserver:write_patches:79 - INFO - Writing /p/gpfs1/pottier1/minimummi-sc25/roots/root3/ml/iter00/structure_iter00_000000000004.npz
2025-04-08 21:08:31,953 - [MainProcess:66248] mummi_ras.ml.mlserver:write_patches:79 - INFO - Writing /p/gpfs1/pottier1/minimummi-sc25/roots/root3/ml/iter00/structure_iter00_000000000005.npz
2025-04-08 21:08:31,954 - [MainProcess:66248] mummi_ras.ml.mlserver:write_patches:79 - INFO - Writing /p/gpfs1/pottier1/minimummi-sc25/roots/root3/ml/iter00/structure_iter00_000000000006.npz
2025-04-08 21:08:31,955 - [MainProcess:66248] mummi_ras.ml.mlserver:write_patches:79 - INFO - Writing /p/gpfs1/pottier1/minimummi-sc25/roots/root3/ml/iter00/structure_iter00_000000000007.npz
2025-04-08 21:08:31,956 - [MainProcess:66248] mummi_ras.ml.mlserver:write_patches:79 - INFO - Writing /p/gpfs1/pottier1/minimummi-sc25/roots/root3/ml/iter00/structure_iter00_000000000008.npz
2025-04-08 21:08:31,957 - [MainProcess:66248] mummi_ras.ml.mlserver:write_patches:79 - INFO - Writing /p/gpfs1/pottier1/minimummi-sc25/roots/root3/ml/iter00/structure_iter00_000000000009.npz
2025-04-08 21:08:31,958 - [MainProcess:66248] mummi_ras.ml.mlserver:write_patches:79 - INFO - Writing /p/gpfs1/pottier1/minimummi-sc25/roots/root3/ml/iter00/structure_iter00_000000000010.npz
2025-04-08 21:08:31,959 - [MainProcess:66248] mummi_ras.ml.mlserver:write_patches:79 - INFO - Writing /p/gpfs1/pottier1/minimummi-sc25/roots/root3/ml/iter00/structure_iter00_000000000011.npz
2025-04-08 21:08:31,960 - [MainProcess:66248] mummi_ras.ml.mlserver:write_patches:79 - INFO - Writing /p/gpfs1/pottier1/minimummi-sc25/roots/root3/ml/iter00/structure_iter00_000000000012.npz
2025-04-08 21:08:31,961 - [MainProcess:66248] mummi_ras.ml.mlserver:write_patches:79 - INFO - Writing /p/gpfs1/pottier1/minimummi-sc25/roots/root3/ml/iter00/structure_iter00_000000000013.npz
2025-04-08 21:08:31,961 - [MainProcess:66248] mummi_ras.ml.mlserver:write_patches:79 - INFO - Writing /p/gpfs1/pottier1/minimummi-sc25/roots/root3/ml/iter00/structure_iter00_000000000014.npz
(15, 763, 3)
2025-04-08 21:08:33,916 - [ForkPoolWorker-7:66701] mummi_ras.ml.validators.cg_validator:_internal_validate:543 - INFO - Run GROMACS minimization in dir /p/gpfs1/pottier1/minimummi-sc25/roots/root3/ml/iter00/structure_iter00_000000000002/structure_iter00_000000000002
2025-04-08 21:08:33,920 - [ForkPoolWorker-19:66728] mummi_ras.ml.validators.cg_validator:_internal_validate:543 - INFO - Run GROMACS minimization in dir /p/gpfs1/pottier1/minimummi-sc25/roots/root3/ml/iter00/structure_iter00_000000000014/structure_iter00_000000000014
2025-04-08 21:08:33,926 - [ForkPoolWorker-5:66697] mummi_ras.ml.validators.cg_validator:_internal_validate:543 - INFO - Run GROMACS minimization in dir /p/gpfs1/pottier1/minimummi-sc25/roots/root3/ml/iter00/structure_iter00_000000000000/structure_iter00_000000000000
2025-04-08 21:08:33,926 - [ForkPoolWorker-10:66707] mummi_ras.ml.validators.cg_validator:_internal_validate:543 - INFO - Run GROMACS minimization in dir /p/gpfs1/pottier1/minimummi-sc25/roots/root3/ml/iter00/structure_iter00_000000000005/structure_iter00_000000000005
2025-04-08 21:08:33,927 - [ForkPoolWorker-9:66705] mummi_ras.ml.validators.cg_validator:_internal_validate:543 - INFO - Run GROMACS minimization in dir /p/gpfs1/pottier1/minimummi-sc25/roots/root3/ml/iter00/structure_iter00_000000000004/structure_iter00_000000000004
2025-04-08 21:08:33,928 - [ForkPoolWorker-13:66716] mummi_ras.ml.validators.cg_validator:_internal_validate:543 - INFO - Run GROMACS minimization in dir /p/gpfs1/pottier1/minimummi-sc25/roots/root3/ml/iter00/structure_iter00_000000000008/structure_iter00_000000000008
2025-04-08 21:08:33,931 - [ForkPoolWorker-17:66724] mummi_ras.ml.validators.cg_validator:_internal_validate:543 - INFO - Run GROMACS minimization in dir /p/gpfs1/pottier1/minimummi-sc25/roots/root3/ml/iter00/structure_iter00_000000000012/structure_iter00_000000000012
2025-04-08 21:08:33,932 - [ForkPoolWorker-6:66699] mummi_ras.ml.validators.cg_validator:_internal_validate:543 - INFO - Run GROMACS minimization in dir /p/gpfs1/pottier1/minimummi-sc25/roots/root3/ml/iter00/structure_iter00_000000000001/structure_iter00_000000000001
2025-04-08 21:08:33,932 - [ForkPoolWorker-16:66722] mummi_ras.ml.validators.cg_validator:_internal_validate:543 - INFO - Run GROMACS minimization in dir /p/gpfs1/pottier1/minimummi-sc25/roots/root3/ml/iter00/structure_iter00_000000000011/structure_iter00_000000000011
2025-04-08 21:08:33,933 - [ForkPoolWorker-14:66718] mummi_ras.ml.validators.cg_validator:_internal_validate:543 - INFO - Run GROMACS minimization in dir /p/gpfs1/pottier1/minimummi-sc25/roots/root3/ml/iter00/structure_iter00_000000000009/structure_iter00_000000000009
2025-04-08 21:08:33,933 - [ForkPoolWorker-12:66714] mummi_ras.ml.validators.cg_validator:_internal_validate:543 - INFO - Run GROMACS minimization in dir /p/gpfs1/pottier1/minimummi-sc25/roots/root3/ml/iter00/structure_iter00_000000000007/structure_iter00_000000000007
2025-04-08 21:08:33,933 - [ForkPoolWorker-15:66720] mummi_ras.ml.validators.cg_validator:_internal_validate:543 - INFO - Run GROMACS minimization in dir /p/gpfs1/pottier1/minimummi-sc25/roots/root3/ml/iter00/structure_iter00_000000000010/structure_iter00_000000000010
2025-04-08 21:08:33,933 - [ForkPoolWorker-8:66703] mummi_ras.ml.validators.cg_validator:_internal_validate:543 - INFO - Run GROMACS minimization in dir /p/gpfs1/pottier1/minimummi-sc25/roots/root3/ml/iter00/structure_iter00_000000000003/structure_iter00_000000000003
2025-04-08 21:08:33,933 - [ForkPoolWorker-11:66710] mummi_ras.ml.validators.cg_validator:_internal_validate:543 - INFO - Run GROMACS minimization in dir /p/gpfs1/pottier1/minimummi-sc25/roots/root3/ml/iter00/structure_iter00_000000000006/structure_iter00_000000000006
2025-04-08 21:08:33,982 - [ForkPoolWorker-18:66726] mummi_ras.ml.validators.cg_validator:_internal_validate:543 - INFO - Run GROMACS minimization in dir /p/gpfs1/pottier1/minimummi-sc25/roots/root3/ml/iter00/structure_iter00_000000000013/structure_iter00_000000000013
2025-04-08 21:08:40,747 - [ForkPoolWorker-5:66697] mummi_ras.ml.validators.cg_validator:_internal_validate:624 - INFO - Structure structure_iter00_000000000000 VALID (potential energy of -4316.1748, maximum force of 782.57404) in 8.704 seconds
2025-04-08 21:08:42,382 - [ForkPoolWorker-6:66699] mummi_ras.ml.validators.cg_validator:_internal_validate:624 - INFO - Structure structure_iter00_000000000001 VALID (potential energy of -3364.0537, maximum force of 6321.1416) in 10.338 seconds
2025-04-08 21:08:42,413 - [ForkPoolWorker-16:66722] mummi_ras.ml.validators.cg_validator:_internal_validate:627 - INFO - Structure structure_iter00_000000000011 INVALID in 10.366 seconds
2025-04-08 21:08:42,413 - [ForkPoolWorker-16:66722] mummi_ras.ml.validators.cg_validator:_internal_validate:629 - WARNING -   > maximum force of inf higher than threshold 1000000.0
2025-04-08 21:08:42,540 - [ForkPoolWorker-11:66710] mummi_ras.ml.validators.cg_validator:_internal_validate:624 - INFO - Structure structure_iter00_000000000006 VALID (potential energy of 1980.7915, maximum force of 4889.231) in 10.495 seconds
2025-04-08 21:08:42,804 - [ForkPoolWorker-19:66728] mummi_ras.ml.validators.cg_validator:_internal_validate:624 - INFO - Structure structure_iter00_000000000014 VALID (potential energy of -4069.2039, maximum force of 3278.6565) in 10.757 seconds
2025-04-08 21:08:42,833 - [ForkPoolWorker-10:66707] mummi_ras.ml.validators.cg_validator:_internal_validate:624 - INFO - Structure structure_iter00_000000000005 VALID (potential energy of -4419.1924, maximum force of 3935.771) in 10.788 seconds
2025-04-08 21:08:43,080 - [ForkPoolWorker-12:66714] mummi_ras.ml.validators.cg_validator:_internal_validate:624 - INFO - Structure structure_iter00_000000000007 VALID (potential energy of -2173.8647, maximum force of 9205.6523) in 11.034 seconds
2025-04-08 21:08:43,155 - [ForkPoolWorker-8:66703] mummi_ras.ml.validators.cg_validator:_internal_validate:624 - INFO - Structure structure_iter00_000000000003 VALID (potential energy of -2595.5107, maximum force of 4452.5718) in 11.112 seconds
2025-04-08 21:08:43,340 - [ForkPoolWorker-13:66716] mummi_ras.ml.validators.cg_validator:_internal_validate:624 - INFO - Structure structure_iter00_000000000008 VALID (potential energy of -3138.6169, maximum force of 4531.9351) in 11.294 seconds
2025-04-08 21:08:43,379 - [ForkPoolWorker-18:66726] mummi_ras.ml.validators.cg_validator:_internal_validate:624 - INFO - Structure structure_iter00_000000000013 VALID (potential energy of -4529.8037, maximum force of 1894.5906) in 11.332 seconds
2025-04-08 21:08:43,415 - [ForkPoolWorker-17:66724] mummi_ras.ml.validators.cg_validator:_internal_validate:624 - INFO - Structure structure_iter00_000000000012 VALID (potential energy of -3628.6885, maximum force of 4219.6338) in 11.368 seconds
2025-04-08 21:08:43,491 - [ForkPoolWorker-9:66705] mummi_ras.ml.validators.cg_validator:_internal_validate:624 - INFO - Structure structure_iter00_000000000004 VALID (potential energy of -4673.1519, maximum force of 2356.0745) in 11.447 seconds
2025-04-08 21:08:43,525 - [ForkPoolWorker-15:66720] mummi_ras.ml.validators.cg_validator:_internal_validate:624 - INFO - Structure structure_iter00_000000000010 VALID (potential energy of -4376.8188, maximum force of 4265.0669) in 11.478 seconds
2025-04-08 21:08:43,578 - [ForkPoolWorker-14:66718] mummi_ras.ml.validators.cg_validator:_internal_validate:624 - INFO - Structure structure_iter00_000000000009 VALID (potential energy of -2389.7581, maximum force of 3767.1982) in 11.532 seconds
2025-04-08 21:08:43,608 - [ForkPoolWorker-7:66701] mummi_ras.ml.validators.cg_validator:_internal_validate:624 - INFO - Structure structure_iter00_000000000002 VALID (potential energy of -3251.8342, maximum force of 848.6424) in 11.564 seconds
2025-04-08 21:08:43,626 - [MainProcess:66248] mummi_ras.ml.validators.cg_validator:validateArrayThreaded:165 - INFO - Validator returned with 15 elements and took: 11.661201496142894 sec (1.2863153526867497 sample/sec)
2025-04-08 21:08:43,629 - [MainProcess:66248] mummi_ras.ml.validators.cg_validator:write_validation_info:227 - INFO - Found 14 valid patches out of 15 patches
2025-04-08 21:08:43,636 - [MainProcess:66248] mummi_ras.ml.mlserver:update_sampling_db:225 - INFO - Upgraded DB at /p/gpfs1/pottier1/minimummi-sc25/roots/root3/ml/iter00/feedback/db-feedback-sampling.npz with 1 new records
2025-04-08 21:08:43,636 - [MainProcess:66248] mummi_ras.ml.mlserver:generate_new_samples:324 - INFO - [1] valid_files(14)=['/p/gpfs1/pottier1/minimummi-sc25/roots/root3/ml/iter00/structure_iter00_000000000000', '/p/gpfs1/pottier1/minimummi-sc25/roots/root3/ml/iter00/structure_iter00_000000000001', '/p/gpfs1/pottier1/minimummi-sc25/roots/root3/ml/iter00/structure_iter00_000000000002', '/p/gpfs1/pottier1/minimummi-sc25/roots/root3/ml/iter00/structure_iter00_000000000003', '/p/gpfs1/pottier1/minimummi-sc25/roots/root3/ml/iter00/structure_iter00_000000000004', '/p/gpfs1/pottier1/minimummi-sc25/roots/root3/ml/iter00/structure_iter00_000000000005', '/p/gpfs1/pottier1/minimummi-sc25/roots/root3/ml/iter00/structure_iter00_000000000006', '/p/gpfs1/pottier1/minimummi-sc25/roots/root3/ml/iter00/structure_iter00_000000000007', '/p/gpfs1/pottier1/minimummi-sc25/roots/root3/ml/iter00/structure_iter00_000000000008', '/p/gpfs1/pottier1/minimummi-sc25/roots/root3/ml/iter00/structure_iter00_000000000009', '/p/gpfs1/pottier1/minimummi-sc25/roots/root3/ml/iter00/structure_iter00_000000000010', '/p/gpfs1/pottier1/minimummi-sc25/roots/root3/ml/iter00/structure_iter00_000000000012', '/p/gpfs1/pottier1/minimummi-sc25/roots/root3/ml/iter00/structure_iter00_000000000013', '/p/gpfs1/pottier1/minimummi-sc25/roots/root3/ml/iter00/structure_iter00_000000000014']
2025-04-08 21:08:45,417 - [MainProcess:66248] __main__:worker:215 - INFO - [35186687865264] Workflow requested 15 samples
2025-04-08 21:08:45,584 - [MainProcess:66248] mummi_ras.ml.mlserver:generate_new_samples:260 - INFO - => 14 / 15. We can sample more
2025-04-08 21:08:45,584 - [MainProcess:66248] mummi_ras.ml.mlserver:generate_new_samples:274 - INFO - Sampled 15 in 2.7179718017578125e-05 seconds
2025-04-08 21:08:45,625 - [MainProcess:66248] mummi_ras.ml.autoencoders.mini.full_dense_autoencoder:_destandardize:161 - INFO - De-standardizing (15, 763, 3) predicted_positions
2025-04-08 21:08:45,625 - [MainProcess:66248] mummi_ras.ml.mlserver:write_patches:59 - INFO - Write patches in /p/gpfs1/pottier1/minimummi-sc25/roots/root3/ml/iter00
2025-04-08 21:08:45,625 - [MainProcess:66248] mummi_ras.ml.mlserver:write_patches:79 - INFO - Writing /p/gpfs1/pottier1/minimummi-sc25/roots/root3/ml/iter00/structure_iter00_000000000015.npz
2025-04-08 21:08:45,626 - [MainProcess:66248] mummi_ras.ml.mlserver:write_patches:79 - INFO - Writing /p/gpfs1/pottier1/minimummi-sc25/roots/root3/ml/iter00/structure_iter00_000000000016.npz
2025-04-08 21:08:45,627 - [MainProcess:66248] mummi_ras.ml.mlserver:write_patches:79 - INFO - Writing /p/gpfs1/pottier1/minimummi-sc25/roots/root3/ml/iter00/structure_iter00_000000000017.npz
2025-04-08 21:08:45,628 - [MainProcess:66248] mummi_ras.ml.mlserver:write_patches:79 - INFO - Writing /p/gpfs1/pottier1/minimummi-sc25/roots/root3/ml/iter00/structure_iter00_000000000018.npz
2025-04-08 21:08:45,629 - [MainProcess:66248] mummi_ras.ml.mlserver:write_patches:79 - INFO - Writing /p/gpfs1/pottier1/minimummi-sc25/roots/root3/ml/iter00/structure_iter00_000000000019.npz
2025-04-08 21:08:45,630 - [MainProcess:66248] mummi_ras.ml.mlserver:write_patches:79 - INFO - Writing /p/gpfs1/pottier1/minimummi-sc25/roots/root3/ml/iter00/structure_iter00_000000000020.npz
2025-04-08 21:08:45,630 - [MainProcess:66248] mummi_ras.ml.mlserver:write_patches:79 - INFO - Writing /p/gpfs1/pottier1/minimummi-sc25/roots/root3/ml/iter00/structure_iter00_000000000021.npz
2025-04-08 21:08:45,631 - [MainProcess:66248] mummi_ras.ml.mlserver:write_patches:79 - INFO - Writing /p/gpfs1/pottier1/minimummi-sc25/roots/root3/ml/iter00/structure_iter00_000000000022.npz
2025-04-08 21:08:45,632 - [MainProcess:66248] mummi_ras.ml.mlserver:write_patches:79 - INFO - Writing /p/gpfs1/pottier1/minimummi-sc25/roots/root3/ml/iter00/structure_iter00_000000000023.npz
2025-04-08 21:08:45,633 - [MainProcess:66248] mummi_ras.ml.mlserver:write_patches:79 - INFO - Writing /p/gpfs1/pottier1/minimummi-sc25/roots/root3/ml/iter00/structure_iter00_000000000024.npz
2025-04-08 21:08:45,634 - [MainProcess:66248] mummi_ras.ml.mlserver:write_patches:79 - INFO - Writing /p/gpfs1/pottier1/minimummi-sc25/roots/root3/ml/iter00/structure_iter00_000000000025.npz
2025-04-08 21:08:45,634 - [MainProcess:66248] mummi_ras.ml.mlserver:write_patches:79 - INFO - Writing /p/gpfs1/pottier1/minimummi-sc25/roots/root3/ml/iter00/structure_iter00_000000000026.npz
2025-04-08 21:08:45,635 - [MainProcess:66248] mummi_ras.ml.mlserver:write_patches:79 - INFO - Writing /p/gpfs1/pottier1/minimummi-sc25/roots/root3/ml/iter00/structure_iter00_000000000027.npz
2025-04-08 21:08:45,636 - [MainProcess:66248] mummi_ras.ml.mlserver:write_patches:79 - INFO - Writing /p/gpfs1/pottier1/minimummi-sc25/roots/root3/ml/iter00/structure_iter00_000000000028.npz
2025-04-08 21:08:45,637 - [MainProcess:66248] mummi_ras.ml.mlserver:write_patches:79 - INFO - Writing /p/gpfs1/pottier1/minimummi-sc25/roots/root3/ml/iter00/structure_iter00_000000000029.npz
(15, 763, 3)
2025-04-08 21:08:47,851 - [ForkPoolWorker-29:67142] mummi_ras.ml.validators.cg_validator:_internal_validate:543 - INFO - Run GROMACS minimization in dir /p/gpfs1/pottier1/minimummi-sc25/roots/root3/ml/iter00/structure_iter00_000000000024/structure_iter00_000000000024
2025-04-08 21:08:47,862 - [ForkPoolWorker-34:67152] mummi_ras.ml.validators.cg_validator:_internal_validate:543 - INFO - Run GROMACS minimization in dir /p/gpfs1/pottier1/minimummi-sc25/roots/root3/ml/iter00/structure_iter00_000000000029/structure_iter00_000000000029
2025-04-08 21:08:47,874 - [ForkPoolWorker-33:67150] mummi_ras.ml.validators.cg_validator:_internal_validate:543 - INFO - Run GROMACS minimization in dir /p/gpfs1/pottier1/minimummi-sc25/roots/root3/ml/iter00/structure_iter00_000000000028/structure_iter00_000000000028
2025-04-08 21:08:47,892 - [ForkPoolWorker-30:67144] mummi_ras.ml.validators.cg_validator:_internal_validate:543 - INFO - Run GROMACS minimization in dir /p/gpfs1/pottier1/minimummi-sc25/roots/root3/ml/iter00/structure_iter00_000000000025/structure_iter00_000000000025
2025-04-08 21:08:47,893 - [ForkPoolWorker-31:67146] mummi_ras.ml.validators.cg_validator:_internal_validate:543 - INFO - Run GROMACS minimization in dir /p/gpfs1/pottier1/minimummi-sc25/roots/root3/ml/iter00/structure_iter00_000000000026/structure_iter00_000000000026
2025-04-08 21:08:47,895 - [ForkPoolWorker-21:67126] mummi_ras.ml.validators.cg_validator:_internal_validate:543 - INFO - Run GROMACS minimization in dir /p/gpfs1/pottier1/minimummi-sc25/roots/root3/ml/iter00/structure_iter00_000000000016/structure_iter00_000000000016
2025-04-08 21:08:47,898 - [ForkPoolWorker-20:67124] mummi_ras.ml.validators.cg_validator:_internal_validate:543 - INFO - Run GROMACS minimization in dir /p/gpfs1/pottier1/minimummi-sc25/roots/root3/ml/iter00/structure_iter00_000000000015/structure_iter00_000000000015
2025-04-08 21:08:47,946 - [ForkPoolWorker-26:67136] mummi_ras.ml.validators.cg_validator:_internal_validate:543 - INFO - Run GROMACS minimization in dir /p/gpfs1/pottier1/minimummi-sc25/roots/root3/ml/iter00/structure_iter00_000000000021/structure_iter00_000000000021
2025-04-08 21:08:47,946 - [ForkPoolWorker-27:67138] mummi_ras.ml.validators.cg_validator:_internal_validate:543 - INFO - Run GROMACS minimization in dir /p/gpfs1/pottier1/minimummi-sc25/roots/root3/ml/iter00/structure_iter00_000000000022/structure_iter00_000000000022
2025-04-08 21:08:47,950 - [ForkPoolWorker-23:67130] mummi_ras.ml.validators.cg_validator:_internal_validate:543 - INFO - Run GROMACS minimization in dir /p/gpfs1/pottier1/minimummi-sc25/roots/root3/ml/iter00/structure_iter00_000000000018/structure_iter00_000000000018
2025-04-08 21:08:47,952 - [ForkPoolWorker-25:67134] mummi_ras.ml.validators.cg_validator:_internal_validate:543 - INFO - Run GROMACS minimization in dir /p/gpfs1/pottier1/minimummi-sc25/roots/root3/ml/iter00/structure_iter00_000000000020/structure_iter00_000000000020
2025-04-08 21:08:47,952 - [ForkPoolWorker-32:67148] mummi_ras.ml.validators.cg_validator:_internal_validate:543 - INFO - Run GROMACS minimization in dir /p/gpfs1/pottier1/minimummi-sc25/roots/root3/ml/iter00/structure_iter00_000000000027/structure_iter00_000000000027
2025-04-08 21:08:47,953 - [ForkPoolWorker-22:67128] mummi_ras.ml.validators.cg_validator:_internal_validate:543 - INFO - Run GROMACS minimization in dir /p/gpfs1/pottier1/minimummi-sc25/roots/root3/ml/iter00/structure_iter00_000000000017/structure_iter00_000000000017
2025-04-08 21:08:47,954 - [ForkPoolWorker-24:67132] mummi_ras.ml.validators.cg_validator:_internal_validate:543 - INFO - Run GROMACS minimization in dir /p/gpfs1/pottier1/minimummi-sc25/roots/root3/ml/iter00/structure_iter00_000000000019/structure_iter00_000000000019
2025-04-08 21:08:47,957 - [ForkPoolWorker-28:67140] mummi_ras.ml.validators.cg_validator:_internal_validate:543 - INFO - Run GROMACS minimization in dir /p/gpfs1/pottier1/minimummi-sc25/roots/root3/ml/iter00/structure_iter00_000000000023/structure_iter00_000000000023
2025-04-08 21:08:56,054 - [ForkPoolWorker-23:67130] mummi_ras.ml.validators.cg_validator:_internal_validate:624 - INFO - Structure structure_iter00_000000000018 VALID (potential energy of -2595.5107, maximum force of 4452.5718) in 9.192 seconds
2025-04-08 21:08:56,169 - [ForkPoolWorker-25:67134] mummi_ras.ml.validators.cg_validator:_internal_validate:624 - INFO - Structure structure_iter00_000000000020 VALID (potential energy of -4419.1924, maximum force of 3935.771) in 9.306 seconds
2025-04-08 21:08:56,190 - [ForkPoolWorker-22:67128] mummi_ras.ml.validators.cg_validator:_internal_validate:624 - INFO - Structure structure_iter00_000000000017 VALID (potential energy of -3251.8342, maximum force of 848.6424) in 9.328 seconds
2025-04-08 21:08:56,431 - [ForkPoolWorker-31:67146] mummi_ras.ml.validators.cg_validator:_internal_validate:627 - INFO - Structure structure_iter00_000000000026 INVALID in 9.564 seconds
2025-04-08 21:08:56,431 - [ForkPoolWorker-31:67146] mummi_ras.ml.validators.cg_validator:_internal_validate:629 - WARNING -   > maximum force of inf higher than threshold 1000000.0
2025-04-08 21:08:56,431 - [ForkPoolWorker-29:67142] mummi_ras.ml.validators.cg_validator:_internal_validate:624 - INFO - Structure structure_iter00_000000000024 VALID (potential energy of -2389.7581, maximum force of 3767.1982) in 9.565 seconds
2025-04-08 21:08:56,559 - [ForkPoolWorker-33:67150] mummi_ras.ml.validators.cg_validator:_internal_validate:624 - INFO - Structure structure_iter00_000000000028 VALID (potential energy of -4529.8037, maximum force of 1894.5906) in 9.692 seconds
2025-04-08 21:08:56,654 - [ForkPoolWorker-26:67136] mummi_ras.ml.validators.cg_validator:_internal_validate:624 - INFO - Structure structure_iter00_000000000021 VALID (potential energy of 1980.7915, maximum force of 4889.231) in 9.790 seconds
2025-04-08 21:08:56,869 - [ForkPoolWorker-21:67126] mummi_ras.ml.validators.cg_validator:_internal_validate:624 - INFO - Structure structure_iter00_000000000016 VALID (potential energy of -3364.0537, maximum force of 6321.1416) in 10.007 seconds
2025-04-08 21:08:56,917 - [ForkPoolWorker-34:67152] mummi_ras.ml.validators.cg_validator:_internal_validate:624 - INFO - Structure structure_iter00_000000000029 VALID (potential energy of -4069.2039, maximum force of 3278.6565) in 10.049 seconds
2025-04-08 21:08:56,988 - [ForkPoolWorker-24:67132] mummi_ras.ml.validators.cg_validator:_internal_validate:624 - INFO - Structure structure_iter00_000000000019 VALID (potential energy of -4673.1519, maximum force of 2356.0745) in 10.126 seconds
2025-04-08 21:08:57,096 - [ForkPoolWorker-28:67140] mummi_ras.ml.validators.cg_validator:_internal_validate:624 - INFO - Structure structure_iter00_000000000023 VALID (potential energy of -3138.6169, maximum force of 4531.9351) in 10.230 seconds
2025-04-08 21:08:57,096 - [ForkPoolWorker-30:67144] mummi_ras.ml.validators.cg_validator:_internal_validate:624 - INFO - Structure structure_iter00_000000000025 VALID (potential energy of -4376.8188, maximum force of 4265.0669) in 10.230 seconds
2025-04-08 21:08:57,141 - [ForkPoolWorker-32:67148] mummi_ras.ml.validators.cg_validator:_internal_validate:624 - INFO - Structure structure_iter00_000000000027 VALID (potential energy of -3628.6885, maximum force of 4219.6338) in 10.274 seconds
2025-04-08 21:08:57,229 - [ForkPoolWorker-27:67138] mummi_ras.ml.validators.cg_validator:_internal_validate:624 - INFO - Structure structure_iter00_000000000022 VALID (potential energy of -2173.8647, maximum force of 9205.6523) in 10.362 seconds
2025-04-08 21:08:57,229 - [ForkPoolWorker-20:67124] mummi_ras.ml.validators.cg_validator:_internal_validate:624 - INFO - Structure structure_iter00_000000000015 VALID (potential energy of -4316.1748, maximum force of 782.57404) in 10.367 seconds
2025-04-08 21:08:57,247 - [MainProcess:66248] mummi_ras.ml.validators.cg_validator:validateArrayThreaded:165 - INFO - Validator returned with 15 elements and took: 10.463207286782563 sec (1.4335929366838895 sample/sec)
2025-04-08 21:08:57,252 - [MainProcess:66248] mummi_ras.ml.validators.cg_validator:write_validation_info:227 - INFO - Found 14 valid patches out of 15 patches
2025-04-08 21:08:57,258 - [MainProcess:66248] mummi_ras.ml.mlserver:update_sampling_db:225 - INFO - Upgraded DB at /p/gpfs1/pottier1/minimummi-sc25/roots/root3/ml/iter00/feedback/db-feedback-sampling.npz with 1 new records
2025-04-08 21:08:57,259 - [MainProcess:66248] mummi_ras.ml.mlserver:generate_new_samples:319 - INFO - => 28 / 15 have been selected, returning []
2025-04-08 21:08:57,259 - [MainProcess:66248] mummi_ras.ml.mlserver:generate_new_samples:324 - INFO - [1] valid_files(14)=['/p/gpfs1/pottier1/minimummi-sc25/roots/root3/ml/iter00/structure_iter00_000000000015', '/p/gpfs1/pottier1/minimummi-sc25/roots/root3/ml/iter00/structure_iter00_000000000016', '/p/gpfs1/pottier1/minimummi-sc25/roots/root3/ml/iter00/structure_iter00_000000000017', '/p/gpfs1/pottier1/minimummi-sc25/roots/root3/ml/iter00/structure_iter00_000000000018', '/p/gpfs1/pottier1/minimummi-sc25/roots/root3/ml/iter00/structure_iter00_000000000019', '/p/gpfs1/pottier1/minimummi-sc25/roots/root3/ml/iter00/structure_iter00_000000000020', '/p/gpfs1/pottier1/minimummi-sc25/roots/root3/ml/iter00/structure_iter00_000000000021', '/p/gpfs1/pottier1/minimummi-sc25/roots/root3/ml/iter00/structure_iter00_000000000022', '/p/gpfs1/pottier1/minimummi-sc25/roots/root3/ml/iter00/structure_iter00_000000000023', '/p/gpfs1/pottier1/minimummi-sc25/roots/root3/ml/iter00/structure_iter00_000000000024', '/p/gpfs1/pottier1/minimummi-sc25/roots/root3/ml/iter00/structure_iter00_000000000025', '/p/gpfs1/pottier1/minimummi-sc25/roots/root3/ml/iter00/structure_iter00_000000000027', '/p/gpfs1/pottier1/minimummi-sc25/roots/root3/ml/iter00/structure_iter00_000000000028', '/p/gpfs1/pottier1/minimummi-sc25/roots/root3/ml/iter00/structure_iter00_000000000029']
2025-04-08 21:20:23,441 - [Process-3:66591] __main__:watch_createsims:811 - INFO - Updated 2 structures in 0.009 seconds (215.1263525577616 struct/sec)
2025-04-08 21:23:23,472 - [Process-3:66591] __main__:watch_createsims:811 - INFO - Updated 2 structures in 0.031 seconds (63.66924779117727 struct/sec)
2025-04-08 21:26:23,480 - [Process-3:66591] __main__:watch_createsims:811 - INFO - Updated 2 structures in 0.007 seconds (272.25163265856565 struct/sec)
2025-04-08 21:29:23,493 - [Process-3:66591] __main__:watch_createsims:811 - INFO - Updated 4 structures in 0.012 seconds (324.97639853229856 struct/sec)
2025-04-08 21:32:23,536 - [Process-3:66591] __main__:watch_createsims:811 - INFO - Updated 4 structures in 0.043 seconds (93.50687141946374 struct/sec)
2025-04-08 21:35:23,545 - [Process-3:66591] __main__:watch_createsims:811 - INFO - Updated 4 structures in 0.008 seconds (478.17586997079985 struct/sec)
2025-04-08 21:38:23,555 - [Process-3:66591] __main__:watch_createsims:811 - INFO - Updated 4 structures in 0.010 seconds (405.2812173891217 struct/sec)
2025-04-08 21:41:23,569 - [Process-3:66591] __main__:watch_createsims:811 - INFO - Updated 6 structures in 0.013 seconds (453.6243271231919 struct/sec)
2025-04-08 21:44:23,600 - [Process-3:66591] __main__:watch_createsims:811 - INFO - Updated 6 structures in 0.031 seconds (194.79117902329295 struct/sec)
2025-04-08 21:47:23,609 - [Process-3:66591] __main__:watch_createsims:811 - INFO - Updated 6 structures in 0.009 seconds (695.3408992323831 struct/sec)
2025-04-08 21:50:23,619 - [Process-3:66591] __main__:watch_createsims:811 - INFO - Updated 6 structures in 0.010 seconds (593.685733830528 struct/sec)
2025-04-08 21:53:23,637 - [Process-3:66591] __main__:watch_createsims:811 - INFO - Updated 8 structures in 0.017 seconds (472.5202604299568 struct/sec)
2025-04-08 21:56:23,649 - [Process-3:66591] __main__:watch_createsims:811 - INFO - Updated 8 structures in 0.012 seconds (656.721924388789 struct/sec)
2025-04-08 21:59:23,691 - [Process-3:66591] __main__:watch_createsims:811 - INFO - Updated 8 structures in 0.041 seconds (193.6597532858536 struct/sec)
2025-04-08 22:02:23,776 - [Process-3:66591] __main__:watch_createsims:811 - INFO - Updated 9 structures in 0.085 seconds (106.30767252750054 struct/sec)
2025-04-08 22:05:23,786 - [Process-3:66591] __main__:watch_createsims:811 - INFO - Updated 10 structures in 0.010 seconds (973.1877804932076 struct/sec)
2025-04-08 22:08:23,799 - [Process-3:66591] __main__:watch_createsims:811 - INFO - Updated 10 structures in 0.013 seconds (790.8165332180457 struct/sec)
2025-04-08 22:11:23,809 - [Process-3:66591] __main__:watch_createsims:811 - INFO - Updated 10 structures in 0.010 seconds (1052.5548939126868 struct/sec)
2025-04-08 22:14:23,859 - [Process-3:66591] __main__:watch_createsims:811 - INFO - Updated 11 structures in 0.049 seconds (223.34431807468349 struct/sec)
2025-04-08 22:17:23,870 - [Process-3:66591] __main__:watch_createsims:811 - INFO - Updated 12 structures in 0.011 seconds (1130.4997163090916 struct/sec)
2025-04-08 22:20:23,883 - [Process-3:66591] __main__:watch_createsims:811 - INFO - Updated 12 structures in 0.012 seconds (981.213045420058 struct/sec)
2025-04-08 22:23:23,927 - [Process-3:66591] __main__:watch_createsims:811 - INFO - Updated 13 structures in 0.044 seconds (295.29445586374135 struct/sec)
2025-04-08 22:26:23,938 - [Process-3:66591] __main__:watch_createsims:811 - INFO - Updated 14 structures in 0.011 seconds (1316.2944648225123 struct/sec)
2025-04-08 22:29:23,953 - [Process-3:66591] __main__:watch_createsims:811 - INFO - Updated 14 structures in 0.015 seconds (926.3242076224323 struct/sec)
2025-04-08 22:32:24,023 - [Process-3:66591] __main__:watch_createsims:811 - INFO - Updated 15 structures in 0.069 seconds (217.17396415565054 struct/sec)
2025-04-08 22:35:24,057 - [Process-3:66591] __main__:watch_createsims:811 - INFO - Updated 15 structures in 0.033 seconds (449.19584504380305 struct/sec)
2025-04-08 22:38:24,070 - [Process-3:66591] __main__:watch_createsims:811 - INFO - Updated 16 structures in 0.013 seconds (1208.5044813048544 struct/sec)
2025-04-08 22:41:24,082 - [Process-3:66591] __main__:watch_createsims:811 - INFO - Updated 16 structures in 0.012 seconds (1383.0221097853 struct/sec)
2025-04-08 22:44:24,132 - [Process-3:66591] __main__:watch_createsims:811 - INFO - Updated 17 structures in 0.049 seconds (346.1201303355697 struct/sec)
2025-04-08 22:47:24,143 - [Process-3:66591] __main__:watch_createsims:811 - INFO - Updated 17 structures in 0.011 seconds (1554.8697080389666 struct/sec)
2025-04-08 22:50:24,155 - [Process-3:66591] __main__:watch_createsims:811 - INFO - Updated 18 structures in 0.012 seconds (1526.097428609888 struct/sec)
2025-04-08 22:53:24,169 - [Process-3:66591] __main__:watch_createsims:811 - INFO - Updated 18 structures in 0.013 seconds (1405.54250350352 struct/sec)
2025-04-08 22:56:24,214 - [Process-3:66591] __main__:watch_createsims:811 - INFO - Updated 19 structures in 0.045 seconds (418.6471987969505 struct/sec)
2025-04-08 22:59:24,228 - [Process-3:66591] __main__:watch_createsims:811 - INFO - Updated 20 structures in 0.013 seconds (1553.0973384861843 struct/sec)
2025-04-08 23:02:24,239 - [Process-3:66591] __main__:watch_createsims:811 - INFO - Updated 20 structures in 0.011 seconds (1889.6136894073104 struct/sec)
2025-04-08 23:05:24,255 - [Process-3:66591] __main__:watch_createsims:811 - INFO - Updated 20 structures in 0.016 seconds (1233.0200034832003 struct/sec)
2025-04-08 23:08:24,356 - [Process-3:66591] __main__:watch_createsims:811 - INFO - Updated 22 structures in 0.100 seconds (219.34202896036945 struct/sec)
2025-04-08 23:11:24,383 - [Process-3:66591] __main__:watch_createsims:811 - INFO - Updated 22 structures in 0.027 seconds (819.8750230925125 struct/sec)
2025-04-08 23:14:24,411 - [Process-3:66591] __main__:watch_createsims:811 - INFO - Updated 22 structures in 0.027 seconds (802.1996016342719 struct/sec)
2025-04-08 23:17:24,425 - [Process-3:66591] __main__:watch_createsims:811 - INFO - Updated 23 structures in 0.014 seconds (1689.9978210948884 struct/sec)
2025-04-08 23:20:24,493 - [Process-3:66591] __main__:watch_createsims:811 - INFO - Updated 24 structures in 0.067 seconds (355.5615019909733 struct/sec)
2025-04-08 23:23:24,508 - [Process-3:66591] __main__:watch_createsims:811 - INFO - Updated 24 structures in 0.015 seconds (1609.934701938187 struct/sec)
2025-04-08 23:26:24,523 - [Process-3:66591] __main__:watch_createsims:811 - INFO - Updated 25 structures in 0.014 seconds (1744.0687833804923 struct/sec)
2025-04-08 23:29:24,539 - [Process-3:66591] __main__:watch_createsims:811 - INFO - Updated 25 structures in 0.016 seconds (1546.0537446210778 struct/sec)
2025-04-08 23:32:24,559 - [Process-3:66591] __main__:watch_createsims:811 - INFO - Updated 26 structures in 0.019 seconds (1362.5367562066053 struct/sec)
2025-04-08 23:35:24,572 - [Process-3:66591] __main__:watch_createsims:811 - INFO - Updated 26 structures in 0.013 seconds (1927.8783570104333 struct/sec)
2025-04-08 23:38:24,586 - [Process-3:66591] __main__:watch_createsims:811 - INFO - Updated 26 structures in 0.013 seconds (2004.3903734250598 struct/sec)
2025-04-08 23:41:24,599 - [Process-3:66591] __main__:watch_createsims:811 - INFO - Updated 26 structures in 0.013 seconds (1968.6130439209783 struct/sec)
2025-04-08 23:44:24,613 - [Process-3:66591] __main__:watch_createsims:811 - INFO - Updated 26 structures in 0.013 seconds (1931.4944985629481 struct/sec)
2025-04-08 23:47:24,627 - [Process-3:66591] __main__:watch_createsims:811 - INFO - Updated 26 structures in 0.013 seconds (1982.5996430086182 struct/sec)
2025-04-08 23:50:24,637 - [Process-3:66591] __main__:watch_createsims:811 - INFO - Updated 26 structures in 0.010 seconds (2618.0543475365953 struct/sec)
2025-04-08 23:53:24,646 - [Process-3:66591] __main__:watch_createsims:811 - INFO - Updated 26 structures in 0.009 seconds (2983.315472024105 struct/sec)
2025-04-08 23:56:24,655 - [Process-3:66591] __main__:watch_createsims:811 - INFO - Updated 26 structures in 0.009 seconds (2937.823240192464 struct/sec)
2025-04-08 23:56:43,966 - [Process-3:66591] __main__:handler:387 - WARNING - Received (SIGNUM=15) for mlserver[pid=66248], stopping the process...
2025-04-08 23:56:43,966 - [MainProcess:66248] __main__:handler:387 - WARNING - Received (SIGNUM=15) for mlserver[pid=66248], stopping the process...
2025-04-08 23:56:43,975 - [MainProcess:66248] pika.channel:close:536 - INFO - Closing channel (0): 'Normal shutdown' on <Channel number=1 OPEN conn=<SelectConnection OPEN transport=<pika.adapters.utils.io_services_utils._AsyncSSLTransport object at 0x200062ddfdd0> params=<ConnectionParameters host=cz-ws-mummi-rabbitmq.apps.czapps.llnl.gov port=32353 virtual_host=mummi ssl=True>>>
2025-04-08 23:56:43,976 - [MainProcess:66248] pika.channel:_on_closeok:1133 - INFO - Received <Channel.CloseOk> on <Channel number=1 CLOSING conn=<SelectConnection OPEN transport=<pika.adapters.utils.io_services_utils._AsyncSSLTransport object at 0x200062ddfdd0> params=<ConnectionParameters host=cz-ws-mummi-rabbitmq.apps.czapps.llnl.gov port=32353 virtual_host=mummi ssl=True>>>
2025-04-08 23:56:43,976 - [MainProcess:66248] pika.adapters.blocking_connection:close:802 - INFO - Closing connection (200): Normal shutdown
2025-04-08 23:56:43,976 - [MainProcess:66248] pika.connection:close:1318 - INFO - Closing connection (200): 'Normal shutdown'
2025-04-08 23:56:43,977 - [MainProcess:66248] pika.adapters.utils.io_services_utils:abort:731 - INFO - Aborting transport connection: state=1; <ssl.SSLSocket fd=20, family=2, type=1, proto=6, laddr=('192.168.130.147', 59878), raddr=('134.9.65.24', 32353)>
2025-04-08 23:56:43,977 - [MainProcess:66248] pika.adapters.utils.io_services_utils:_initiate_abort:904 - INFO - _AsyncTransportBase._initate_abort(): Initiating abrupt asynchronous transport shutdown: state=1; error=None; <ssl.SSLSocket fd=20, family=2, type=1, proto=6, laddr=('192.168.130.147', 59878), raddr=('134.9.65.24', 32353)>
2025-04-08 23:56:43,978 - [MainProcess:66248] pika.adapters.utils.io_services_utils:_deactivate:869 - INFO - Deactivating transport: state=1; <ssl.SSLSocket fd=20, family=2, type=1, proto=6, laddr=('192.168.130.147', 59878), raddr=('134.9.65.24', 32353)>
2025-04-08 23:56:43,978 - [MainProcess:66248] pika.connection:_on_stream_terminated:2019 - INFO - AMQP stack terminated, failed to connect, or aborted: opened=True, error-arg=None; pending-error=ConnectionClosedByClient: (200) 'Normal shutdown'
2025-04-08 23:56:43,978 - [MainProcess:66248] pika.connection:_on_stream_terminated:2088 - INFO - Stack terminated due to ConnectionClosedByClient: (200) 'Normal shutdown'
2025-04-08 23:56:43,979 - [MainProcess:66248] pika.adapters.utils.io_services_utils:_close_and_finalize:882 - INFO - Closing transport socket and unlinking: state=3; <ssl.SSLSocket fd=20, family=2, type=1, proto=6, laddr=('192.168.130.147', 59878), raddr=('134.9.65.24', 32353)>
2025-04-08 23:56:43,979 - [MainProcess:66248] pika.adapters.blocking_connection:_flush_output:525 - INFO - User-initiated close: result=BlockingConnection__OnClosedArgs(connection=<SelectConnection CLOSED transport=None params=<ConnectionParameters host=cz-ws-mummi-rabbitmq.apps.czapps.llnl.gov port=32353 virtual_host=mummi ssl=True>>, error=ConnectionClosedByClient: (200) 'Normal shutdown')
flux-shell[0]: ERROR: flux_reactor_run: Invalid argument
