                :-) GROMACS - gmx mdrun, 2024.2-conda_forge (-:

Copyright 1991-2024 The GROMACS Authors.
GROMACS is free software; you can redistribute it and/or modify it
under the terms of the GNU Lesser General Public License
as published by the Free Software Foundation; either version 2.1
of the License, or (at your option) any later version.

                         Current GROMACS contributors:
       Mark Abraham           Andrey Alekseenko           Vladimir Basov      
      Cathrine Bergh            Eliane Briand               Ania Brown        
      Mahesh Doijade            Giacomo Fiorin          Stefan Fleischmann    
      Sergey Gorelov         Gilles Gouaillardet            Alan Gray         
     M. Eric Irrgang         Farzaneh Jalalypour            Joe Jordan        
     Carsten Kutzner           Justin A. Lemkul          Magnus Lundborg      
       Pascal Merz              Vedran Miletic            Dmitry Morozov      
       Julien Nabet              Szilard Pall        Andrea Pasquadibisceglie 
    Michele Pellegrino          Hubert Santuz             Roland Schulz       
     Tatiana Shugaeva          Alexey Shvetsov            Philip Turner       
     Alessandra Villa      Sebastian Wingbermuehle  

                         Previous GROMACS contributors:
        Emile Apol             Rossen Apostolov           James Barnett       
        Paul Bauer          Herman J.C. Berendsen          Par Bjelkmar       
      Christian Blau          Viacheslav Bolnykh            Kevin Boyd        
    Aldert van Buuren          Carlo Camilloni           Rudi van Drunen      
      Anton Feenstra           Oliver Fleetwood            Vytas Gapsys       
       Gaurav Garg             Gerrit Groenhof            Bert de Groot       
      Anca Hamuraru           Vincent Hindriksen          Victor Holanda      
     Aleksei Iupinov          Christoph Junghans        Prashanth Kanduri     
   Dimitrios Karkoulis           Peter Kasson             Sebastian Kehl      
     Sebastian Keller             Jiri Kraus               Per Larsson        
      Viveca Lindahl            Erik Marklund           Pieter Meulenhoff     
      Teemu Murtola              Sander Pronk             Michael Shirts      
      Alfons Sijbers            Balint Soproni         David van der Spoel    
      Peter Tieleman            Carsten Uphoff             Jon Vincent        
     Teemu Virolainen         Christian Wennberg           Maarten Wolf       
      Artem Zhmurov       

                  Coordinated by the GROMACS project leaders:
                           Berk Hess and Erik Lindahl

GROMACS:      gmx mdrun, version 2024.2-conda_forge
Executable:   /miniconda3/bin.AVX2_256/gmx
Data prefix:  /miniconda3
Working dir:  /tmp/workdir
Process ID:   150
Command line:
  gmx mdrun -cpi -ntmpi 1 -ntomp 94 -pin off -maxh 0.5

GROMACS version:     2024.2-conda_forge
Precision:           mixed
Memory model:        64 bit
MPI library:         thread_mpi
OpenMP support:      enabled (GMX_OPENMP_MAX_THREADS = 128)
GPU support:         OpenCL
NBNxM GPU setup:     super-cluster 2x2x2 / cluster 8
SIMD instructions:   AVX2_256
CPU FFT library:     fftw-3.3.10-sse2-avx
GPU FFT library:     clFFT
Multi-GPU FFT:       none
RDTSCP usage:        disabled
TNG support:         enabled
Hwloc support:       disabled
Tracing support:     disabled
C compiler:          /home/conda/feedstock_root/build_artifacts/gromacs_1720551669321/_build_env/bin/x86_64-conda-linux-gnu-cc GNU 12.3.0
C compiler flags:    -fexcess-precision=fast -funroll-all-loops -mavx2 -mfma -Wno-missing-field-initializers -O3 -DNDEBUG
C++ compiler:        /home/conda/feedstock_root/build_artifacts/gromacs_1720551669321/_build_env/bin/x86_64-conda-linux-gnu-c++ GNU 12.3.0
C++ compiler flags:  -fexcess-precision=fast -funroll-all-loops -mavx2 -mfma -Wno-missing-field-initializers -Wno-cast-function-type-strict SHELL:-fopenmp -O3 -DNDEBUG
BLAS library:        Internal
LAPACK library:      Internal
OpenCL include dir:  /miniconda3/include
OpenCL library:      /miniconda3/lib/libOpenCL.so
OpenCL version:      3.0


Running on 1 node with total 96 cores, 96 processing units (GPU detection failed)
Hardware detected on host cganalysis-structure-000006219-tk2sv:
  CPU info:
    Vendor: AMD
    Brand:  AMD EPYC 7R13 Processor
    Family: 25   Model: 1   Stepping: 1
    Features: aes amd apic avx avx2 clfsh cmov cx8 cx16 f16c fma htt lahf misalignsse mmx msr nonstop_tsc pcid pclmuldq pdpe1gb popcnt pse rdrnd rdtscp sha sse2 sse3 sse4a sse4.1 sse4.2 ssse3 x2apic
  Hardware topology: Basic
    Packages, cores, and logical processors:
    [indices refer to OS logical processors]
      Package  0: [   0] [   1] [   2] [   3] [   4] [   5] [   6] [   7] [   8] [   9] [  10] [  11] [  12] [  13] [  14] [  15] [  16] [  17] [  18] [  19] [  20] [  21] [  22] [  23] [  24] [  25] [  26] [  27] [  28] [  29] [  30] [  31] [  32] [  33] [  34] [  35] [  36] [  37] [  38] [  39] [  40] [  41] [  42] [  43] [  44] [  45] [  46] [  47]
      Package  1: [  48] [  49] [  50] [  51] [  52] [  53] [  54] [  55] [  56] [  57] [  58] [  59] [  60] [  61] [  62] [  63] [  64] [  65] [  66] [  67] [  68] [  69] [  70] [  71] [  72] [  73] [  74] [  75] [  76] [  77] [  78] [  79] [  80] [  81] [  82] [  83] [  84] [  85] [  86] [  87] [  88] [  89] [  90] [  91] [  92] [  93] [  94] [  95]
    CPU limit set by OS: 94   Recommended max number of threads: 94

The current CPU can measure timings more accurately than the code in
gmx mdrun was configured to use. This might affect your simulation
speed as accurate timings are needed for load-balancing.
Please consider rebuilding gmx mdrun with the GMX_USE_RDTSCP=ON CMake option.

++++ PLEASE READ AND CITE THE FOLLOWING REFERENCE ++++
M. J. Abraham, T. Murtola, R. Schulz, S. Páll, J. C. Smith, B. Hess, E.
Lindahl
GROMACS: High performance molecular simulations through multi-level
parallelism from laptops to supercomputers
SoftwareX 1 (2015) pp. 19-25
-------- -------- --- Thank You --- -------- --------


++++ PLEASE READ AND CITE THE FOLLOWING REFERENCE ++++
S. Páll, M. J. Abraham, C. Kutzner, B. Hess, E. Lindahl
Tackling Exascale Software Challenges in Molecular Dynamics Simulations with
GROMACS
In S. Markidis & E. Laure (Eds.), Solving Software Challenges for Exascale 8759 (2015) pp. 3-27
-------- -------- --- Thank You --- -------- --------


++++ PLEASE READ AND CITE THE FOLLOWING REFERENCE ++++
S. Pronk, S. Páll, R. Schulz, P. Larsson, P. Bjelkmar, R. Apostolov, M. R.
Shirts, J. C. Smith, P. M. Kasson, D. van der Spoel, B. Hess, and E. Lindahl
GROMACS 4.5: a high-throughput and highly parallel open source molecular
simulation toolkit
Bioinformatics 29 (2013) pp. 845-54
-------- -------- --- Thank You --- -------- --------


++++ PLEASE READ AND CITE THE FOLLOWING REFERENCE ++++
B. Hess and C. Kutzner and D. van der Spoel and E. Lindahl
GROMACS 4: Algorithms for highly efficient, load-balanced, and scalable
molecular simulation
J. Chem. Theory Comput. 4 (2008) pp. 435-447
-------- -------- --- Thank You --- -------- --------


++++ PLEASE READ AND CITE THE FOLLOWING REFERENCE ++++
D. van der Spoel, E. Lindahl, B. Hess, G. Groenhof, A. E. Mark and H. J. C.
Berendsen
GROMACS: Fast, Flexible and Free
J. Comp. Chem. 26 (2005) pp. 1701-1719
-------- -------- --- Thank You --- -------- --------


++++ PLEASE READ AND CITE THE FOLLOWING REFERENCE ++++
E. Lindahl and B. Hess and D. van der Spoel
GROMACS 3.0: A package for molecular simulation and trajectory analysis
J. Mol. Mod. 7 (2001) pp. 306-317
-------- -------- --- Thank You --- -------- --------


++++ PLEASE READ AND CITE THE FOLLOWING REFERENCE ++++
H. J. C. Berendsen, D. van der Spoel and R. van Drunen
GROMACS: A message-passing parallel molecular dynamics implementation
Comp. Phys. Comm. 91 (1995) pp. 43-56
-------- -------- --- Thank You --- -------- --------


The number of OpenMP threads was set by environment variable OMP_NUM_THREADS to 94 (and the command-line setting agreed with that)

Input Parameters:
   integrator                     = md
   tinit                          = 0
   dt                             = 0.02
   nsteps                         = -1
   init-step                      = 0
   simulation-part                = 1
   mts                            = false
   mass-repartition-factor        = 1
   comm-mode                      = Linear
   nstcomm                        = 100
   bd-fric                        = 0
   ld-seed                        = -1476408597
   emtol                          = 10
   emstep                         = 0.01
   niter                          = 20
   fcstep                         = 0
   nstcgsteep                     = 1000
   nbfgscorr                      = 10
   rtpi                           = 0.05
   nstxout                        = 0
   nstvout                        = 0
   nstfout                        = 0
   nstlog                         = 25000
   nstcalcenergy                  = 100
   nstenergy                      = 25000
   nstxout-compressed             = 25000
   compressed-x-precision         = 100
   cutoff-scheme                  = Verlet
   nstlist                        = 20
   pbc                            = xyz
   periodic-molecules             = false
   verlet-buffer-tolerance        = -1
   verlet-buffer-pressure-tolerance = -1
   rlist                          = 1.35
   coulombtype                    = Reaction-Field
   coulomb-modifier               = Potential-shift
   rcoulomb-switch                = 0
   rcoulomb                       = 1.1
   epsilon-r                      = 15
   epsilon-rf                     = inf
   vdw-type                       = Cut-off
   vdw-modifier                   = Potential-shift
   rvdw-switch                    = 0
   rvdw                           = 1.1
   DispCorr                       = No
   table-extension                = 1
   fourierspacing                 = 0.12
   fourier-nx                     = 0
   fourier-ny                     = 0
   fourier-nz                     = 0
   pme-order                      = 4
   ewald-rtol                     = 1e-05
   ewald-rtol-lj                  = 0.001
   lj-pme-comb-rule               = Geometric
   ewald-geometry                 = 3d
   epsilon-surface                = 0
   ensemble-temperature-setting   = constant
   ensemble-temperature           = 310
   tcoupl                         = V-rescale
   nsttcouple                     = 20
   nh-chain-length                = 0
   print-nose-hoover-chain-variables = false
   pcoupl                         = Parrinello-Rahman
   pcoupltype                     = Semiisotropic
   nstpcouple                     = 20
   tau-p                          = 12
   compressibility (3x3):
      compressibility[    0]={ 3.00000e-04,  0.00000e+00,  0.00000e+00}
      compressibility[    1]={ 0.00000e+00,  3.00000e-04,  0.00000e+00}
      compressibility[    2]={ 0.00000e+00,  0.00000e+00,  3.00000e-04}
   ref-p (3x3):
      ref-p[    0]={ 1.00000e+00,  0.00000e+00,  0.00000e+00}
      ref-p[    1]={ 0.00000e+00,  1.00000e+00,  0.00000e+00}
      ref-p[    2]={ 0.00000e+00,  0.00000e+00,  1.00000e+00}
   refcoord-scaling               = COM
   posres-com (3):
      posres-com[0]= 2.90575e-01
      posres-com[1]= 3.76029e-01
      posres-com[2]= 8.11523e-01
   posres-comB (3):
      posres-comB[0]= 2.90575e-01
      posres-comB[1]= 3.76029e-01
      posres-comB[2]= 8.11523e-01
   QMMM                           = false
qm-opts:
   ngQM                           = 0
   constraint-algorithm           = Lincs
   continuation                   = false
   Shake-SOR                      = false
   shake-tol                      = 0.0001
   lincs-order                    = 12
   lincs-iter                     = 2
   lincs-warnangle                = 90
   nwall                          = 0
   wall-type                      = 9-3
   wall-r-linpot                  = -1
   wall-atomtype[0]               = -1
   wall-atomtype[1]               = -1
   wall-density[0]                = 0
   wall-density[1]                = 0
   wall-ewald-zfac                = 3
   pull                           = false
   awh                            = false
   rotation                       = false
   interactiveMD                  = false
   disre                          = No
   disre-weighting                = Conservative
   disre-mixed                    = false
   dr-fc                          = 1000
   dr-tau                         = 0
   nstdisreout                    = 100
   orire-fc                       = 0
   orire-tau                      = 0
   nstorireout                    = 100
   free-energy                    = no
   cos-acceleration               = 0
   deform (3x3):
      deform[    0]={ 0.00000e+00,  0.00000e+00,  0.00000e+00}
      deform[    1]={ 0.00000e+00,  0.00000e+00,  0.00000e+00}
      deform[    2]={ 0.00000e+00,  0.00000e+00,  0.00000e+00}
   simulated-tempering            = false
   swapcoords                     = no
   userint1                       = 0
   userint2                       = 0
   userint3                       = 0
   userint4                       = 0
   userreal1                      = 0
   userreal2                      = 0
   userreal3                      = 0
   userreal4                      = 0
   applied-forces:
     electric-field:
       x:
         E0                       = 0
         omega                    = 0
         t0                       = 0
         sigma                    = 0
       y:
         E0                       = 0
         omega                    = 0
         t0                       = 0
         sigma                    = 0
       z:
         E0                       = 0
         omega                    = 0
         t0                       = 0
         sigma                    = 0
     density-guided-simulation:
       active                     = false
       group                      = protein
       similarity-measure         = inner-product
       atom-spreading-weight      = unity
       force-constant             = 1e+09
       gaussian-transform-spreading-width = 0.2
       gaussian-transform-spreading-range-in-multiples-of-width = 4
       reference-density-filename = reference.mrc
       nst                        = 1
       normalize-densities        = true
       adaptive-force-scaling     = false
       adaptive-force-scaling-time-constant = 4
       shift-vector               = 
       transformation-matrix      = 
     qmmm-cp2k:
       active                     = false
       qmgroup                    = System
       qmmethod                   = PBE
       qmfilenames                = 
       qmcharge                   = 0
       qmmultiplicity             = 1
     colvars:
       active                     = false
       configfile                 = 
       seed                       = -1
grpopts:
   nrdf:      115404       41831
   ref-t:         310         310
   tau-t:           1           1
annealing:          No          No
annealing-npoints:           0           0
   acc:	           0           0           0
   nfreeze:           N           N           N
   energygrp-flags[  0]: 0

Can not increase nstlist because verlet-buffer-tolerance is not set or used
Update groups can not be used for this system because an incompatible virtual site type is used

Using 1 MPI thread
Using 94 OpenMP threads 

System total charge: 0.000
Reaction-Field:
epsRF = 0, rc = 1.1, krf = 0.375657, crf = 1.36364, epsfac = 9.26236
The electrostatics potential has its minimum at r = 1.1
Potential shift: LJ r^-12: -3.186e-01 r^-6: -5.645e-01


Using SIMD4xM 4x8 nonbonded short-range kernels

Using a 4x8 pair-list setup:
  updated every 20 steps, buffer 0.250 nm, rlist 1.350 nm

The average pressure is off by at most nan bar due to missing LJ interactions

Using full Lennard-Jones parameter combination matrix
Removing pbc first time

Initializing LINear Constraint Solver

++++ PLEASE READ AND CITE THE FOLLOWING REFERENCE ++++
B. Hess
P-LINCS: A Parallel Linear Constraint Solver for molecular simulation
J. Chem. Theory Comput. 4 (2008) pp. 116-122
-------- -------- --- Thank You --- -------- --------

The number of constraints is 1498
1319 constraints are involved in constraint triangles,
will apply an additional matrix expansion of order 12 for couplings
between constraints inside triangles

++++ PLEASE READ AND CITE THE FOLLOWING REFERENCE ++++
G. Bussi, D. Donadio and M. Parrinello
Canonical sampling through velocity rescaling
J. Chem. Phys. 126 (2007) pp. 014101
-------- -------- --- Thank You --- -------- --------

There are: 52913 Atoms
There are: 1924 VSites

Constraining the starting coordinates (step 0)

Constraining the coordinates at t0-dt (step 0)
Center of mass motion removal mode is Linear
We have the following groups for center of mass motion removal:
  0:  Rest
  1:  Solvent
RMS relative constraint deviation after constraining: 1.19e-06
Initial temperature: 309.443 K

Started mdrun on rank 0 Mon Mar 10 06:05:28 2025

           Step           Time
              0        0.00000

   Energies (kJ/mol)
           Bond  Harmonic Pot.          Angle       G96Angle  Restr. Angles
    1.80102e+04    9.53973e+00    1.30346e+04    5.36225e+02    6.47236e+02
    Proper Dih.  Improper Dih.        LJ (SR)   Coulomb (SR) Position Rest.
    3.85873e+02    3.78080e+02   -1.27168e+06   -1.44290e+04    1.44610e-10
      Potential    Kinetic En.   Total Energy  Conserved En.    Temperature
   -1.25311e+06    2.02301e+05   -1.05081e+06   -1.05044e+06    3.09489e+02
 Pressure (bar)   Constr. rmsd
   -1.86301e+01    1.17610e-06

           Step           Time
          25000      500.00000

   Energies (kJ/mol)
           Bond  Harmonic Pot.          Angle       G96Angle  Restr. Angles
    1.88958e+04    5.21105e+00    1.29429e+04    4.84747e+02    7.09528e+02
    Proper Dih.  Improper Dih.        LJ (SR)   Coulomb (SR) Position Rest.
    3.38634e+02    4.60640e+02   -1.27423e+06   -1.43553e+04    1.96250e+01
      Potential    Kinetic En.   Total Energy  Conserved En.    Temperature
   -1.25473e+06    2.03014e+05   -1.05172e+06   -1.05049e+06    3.10580e+02
 Pressure (bar)   Constr. rmsd
    1.92263e+01    1.19390e-06

           Step           Time
          50000     1000.00000

   Energies (kJ/mol)
           Bond  Harmonic Pot.          Angle       G96Angle  Restr. Angles
    1.85025e+04    1.19483e+01    1.26619e+04    5.04523e+02    7.03223e+02
    Proper Dih.  Improper Dih.        LJ (SR)   Coulomb (SR) Position Rest.
    3.96886e+02    4.33732e+02   -1.27682e+06   -1.44631e+04    2.09986e+01
      Potential    Kinetic En.   Total Energy  Conserved En.    Temperature
   -1.25805e+06    2.02350e+05   -1.05570e+06   -1.05070e+06    3.09564e+02
 Pressure (bar)   Constr. rmsd
    1.58956e+00    1.15634e-06

           Step           Time
          75000     1500.00000

   Energies (kJ/mol)
           Bond  Harmonic Pot.          Angle       G96Angle  Restr. Angles
    1.89325e+04    8.69615e+00    1.26277e+04    5.45542e+02    6.58300e+02
    Proper Dih.  Improper Dih.        LJ (SR)   Coulomb (SR) Position Rest.
    4.45868e+02    4.30031e+02   -1.27231e+06   -1.43405e+04    2.01462e+01
      Potential    Kinetic En.   Total Energy  Conserved En.    Temperature
   -1.25298e+06    2.02197e+05   -1.05078e+06   -1.05075e+06    3.09329e+02
 Pressure (bar)   Constr. rmsd
   -2.89337e+01    1.21430e-06

           Step           Time
         100000     2000.00000

   Energies (kJ/mol)
           Bond  Harmonic Pot.          Angle       G96Angle  Restr. Angles
    1.86594e+04    1.32926e+01    1.28601e+04    5.11953e+02    7.01265e+02
    Proper Dih.  Improper Dih.        LJ (SR)   Coulomb (SR) Position Rest.
    4.19894e+02    4.77521e+02   -1.27337e+06   -1.44263e+04    1.42846e+01
      Potential    Kinetic En.   Total Energy  Conserved En.    Temperature
   -1.25414e+06    2.04582e+05   -1.04955e+06   -1.05080e+06    3.12978e+02
 Pressure (bar)   Constr. rmsd
    3.85623e+01    1.17274e-06

           Step           Time
         125000     2500.00000

   Energies (kJ/mol)
           Bond  Harmonic Pot.          Angle       G96Angle  Restr. Angles
    1.87075e+04    7.09737e+00    1.26972e+04    5.32272e+02    6.91891e+02
    Proper Dih.  Improper Dih.        LJ (SR)   Coulomb (SR) Position Rest.
    3.91035e+02    4.16393e+02   -1.27224e+06   -1.43617e+04    1.69765e+01
      Potential    Kinetic En.   Total Energy  Conserved En.    Temperature
   -1.25314e+06    2.02661e+05   -1.05048e+06   -1.05089e+06    3.10040e+02
 Pressure (bar)   Constr. rmsd
   -3.66132e+01    1.10678e-06

           Step           Time
         150000     3000.00000

   Energies (kJ/mol)
           Bond  Harmonic Pot.          Angle       G96Angle  Restr. Angles
    1.80227e+04    6.98086e+00    1.28057e+04    5.39947e+02    7.02849e+02
    Proper Dih.  Improper Dih.        LJ (SR)   Coulomb (SR) Position Rest.
    4.42411e+02    5.30684e+02   -1.27392e+06   -1.44411e+04    1.56635e+01
      Potential    Kinetic En.   Total Energy  Conserved En.    Temperature
   -1.25530e+06    2.01706e+05   -1.05359e+06   -1.05085e+06    3.08579e+02
 Pressure (bar)   Constr. rmsd
   -1.85545e+01    1.18178e-06

           Step           Time
         175000     3500.00000

   Energies (kJ/mol)
           Bond  Harmonic Pot.          Angle       G96Angle  Restr. Angles
    1.83159e+04    7.02281e+00    1.26234e+04    5.06667e+02    6.51835e+02
    Proper Dih.  Improper Dih.        LJ (SR)   Coulomb (SR) Position Rest.
    4.08457e+02    4.44103e+02   -1.27147e+06   -1.44713e+04    1.43609e+01
      Potential    Kinetic En.   Total Energy  Conserved En.    Temperature
   -1.25297e+06    2.02727e+05   -1.05024e+06   -1.05073e+06    3.10141e+02
 Pressure (bar)   Constr. rmsd
   -2.07070e+01    1.14682e-06

           Step           Time
         200000     4000.00000

   Energies (kJ/mol)
           Bond  Harmonic Pot.          Angle       G96Angle  Restr. Angles
    1.84441e+04    7.94134e+00    1.25152e+04    5.29942e+02    6.50257e+02
    Proper Dih.  Improper Dih.        LJ (SR)   Coulomb (SR) Position Rest.
    4.26916e+02    4.31614e+02   -1.27414e+06   -1.42935e+04    1.76893e+01
      Potential    Kinetic En.   Total Energy  Conserved En.    Temperature
   -1.25541e+06    2.01442e+05   -1.05397e+06   -1.05083e+06    3.08174e+02
 Pressure (bar)   Constr. rmsd
    1.98894e+01    1.11854e-06

           Step           Time
         225000     4500.00000

   Energies (kJ/mol)
           Bond  Harmonic Pot.          Angle       G96Angle  Restr. Angles
    1.81822e+04    1.17930e+01    1.28090e+04    5.43415e+02    6.62247e+02
    Proper Dih.  Improper Dih.        LJ (SR)   Coulomb (SR) Position Rest.
    4.77194e+02    4.74306e+02   -1.27306e+06   -1.44212e+04    1.37373e+01
      Potential    Kinetic En.   Total Energy  Conserved En.    Temperature
   -1.25431e+06    2.03534e+05   -1.05077e+06   -1.05094e+06    3.11374e+02
 Pressure (bar)   Constr. rmsd
    2.51475e+01    1.19466e-06

           Step           Time
         250000     5000.00000

   Energies (kJ/mol)
           Bond  Harmonic Pot.          Angle       G96Angle  Restr. Angles
    1.84085e+04    1.08129e+01    1.27233e+04    4.90167e+02    6.64565e+02
    Proper Dih.  Improper Dih.        LJ (SR)   Coulomb (SR) Position Rest.
    4.12534e+02    4.09253e+02   -1.27556e+06   -1.46255e+04    2.12589e+01
      Potential    Kinetic En.   Total Energy  Conserved En.    Temperature
   -1.25704e+06    2.00704e+05   -1.05634e+06   -1.05087e+06    3.07046e+02
 Pressure (bar)   Constr. rmsd
   -1.36496e+00    1.20159e-06

           Step           Time
         275000     5500.00000

   Energies (kJ/mol)
           Bond  Harmonic Pot.          Angle       G96Angle  Restr. Angles
    1.86752e+04    7.62958e+00    1.30240e+04    5.21940e+02    6.62125e+02
    Proper Dih.  Improper Dih.        LJ (SR)   Coulomb (SR) Position Rest.
    4.34989e+02    4.50255e+02   -1.27313e+06   -1.44824e+04    1.68210e+01
      Potential    Kinetic En.   Total Energy  Conserved En.    Temperature
   -1.25382e+06    2.02084e+05   -1.05174e+06   -1.05114e+06    3.09157e+02
 Pressure (bar)   Constr. rmsd
   -9.54478e+00    1.18501e-06

           Step           Time
         300000     6000.00000

   Energies (kJ/mol)
           Bond  Harmonic Pot.          Angle       G96Angle  Restr. Angles
    1.87784e+04    8.90561e+00    1.31712e+04    5.58327e+02    6.93879e+02
    Proper Dih.  Improper Dih.        LJ (SR)   Coulomb (SR) Position Rest.
    3.84941e+02    4.30474e+02   -1.27421e+06   -1.42780e+04    1.59828e+01
      Potential    Kinetic En.   Total Energy  Conserved En.    Temperature
   -1.25445e+06    2.03330e+05   -1.05112e+06   -1.05096e+06    3.11063e+02
 Pressure (bar)   Constr. rmsd
    3.14391e+01    1.20529e-06

           Step           Time
         325000     6500.00000

   Energies (kJ/mol)
           Bond  Harmonic Pot.          Angle       G96Angle  Restr. Angles
    1.86843e+04    6.88211e+00    1.28457e+04    5.19370e+02    6.57438e+02
    Proper Dih.  Improper Dih.        LJ (SR)   Coulomb (SR) Position Rest.
    4.21635e+02    4.41973e+02   -1.27337e+06   -1.43990e+04    1.46931e+01
      Potential    Kinetic En.   Total Energy  Conserved En.    Temperature
   -1.25418e+06    2.03019e+05   -1.05116e+06   -1.05102e+06    3.10588e+02
 Pressure (bar)   Constr. rmsd
    1.11541e+01    1.15021e-06

           Step           Time
         350000     7000.00000

   Energies (kJ/mol)
           Bond  Harmonic Pot.          Angle       G96Angle  Restr. Angles
    1.82472e+04    9.43356e+00    1.29882e+04    5.27709e+02    6.80724e+02
    Proper Dih.  Improper Dih.        LJ (SR)   Coulomb (SR) Position Rest.
    3.95469e+02    4.50884e+02   -1.27569e+06   -1.43530e+04    1.97897e+01
      Potential    Kinetic En.   Total Energy  Conserved En.    Temperature
   -1.25672e+06    2.01430e+05   -1.05529e+06   -1.05104e+06    3.08156e+02
 Pressure (bar)   Constr. rmsd
   -1.08585e+01    1.19192e-06

           Step           Time
         375000     7500.00000

   Energies (kJ/mol)
           Bond  Harmonic Pot.          Angle       G96Angle  Restr. Angles
    1.85693e+04    8.20375e+00    1.27804e+04    4.72880e+02    6.78758e+02
    Proper Dih.  Improper Dih.        LJ (SR)   Coulomb (SR) Position Rest.
    4.09506e+02    4.44349e+02   -1.27378e+06   -1.46725e+04    2.32792e+01
      Potential    Kinetic En.   Total Energy  Conserved En.    Temperature
   -1.25506e+06    2.02871e+05   -1.05219e+06   -1.05126e+06    3.10360e+02
 Pressure (bar)   Constr. rmsd
    1.73799e+01    1.20055e-06

           Step           Time
         400000     8000.00000

   Energies (kJ/mol)
           Bond  Harmonic Pot.          Angle       G96Angle  Restr. Angles
    1.84087e+04    5.47084e+00    1.28890e+04    5.68540e+02    6.67326e+02
    Proper Dih.  Improper Dih.        LJ (SR)   Coulomb (SR) Position Rest.
    4.24034e+02    4.76597e+02   -1.27390e+06   -1.44621e+04    1.69386e+01
      Potential    Kinetic En.   Total Energy  Conserved En.    Temperature
   -1.25490e+06    2.03106e+05   -1.05180e+06   -1.05142e+06    3.10720e+02
 Pressure (bar)   Constr. rmsd
    7.83732e+00    1.16828e-06

           Step           Time
         425000     8500.00000

   Energies (kJ/mol)
           Bond  Harmonic Pot.          Angle       G96Angle  Restr. Angles
    1.86479e+04    5.74718e+00    1.27951e+04    5.68878e+02    6.63803e+02
    Proper Dih.  Improper Dih.        LJ (SR)   Coulomb (SR) Position Rest.
    4.04592e+02    4.16728e+02   -1.27310e+06   -1.44342e+04    1.50965e+01
      Potential    Kinetic En.   Total Energy  Conserved En.    Temperature
   -1.25402e+06    2.02308e+05   -1.05171e+06   -1.05148e+06    3.09499e+02
 Pressure (bar)   Constr. rmsd
   -7.89699e+00    1.18167e-06

           Step           Time
         450000     9000.00000

   Energies (kJ/mol)
           Bond  Harmonic Pot.          Angle       G96Angle  Restr. Angles
    1.83287e+04    7.86981e+00    1.29612e+04    5.50043e+02    6.81407e+02
    Proper Dih.  Improper Dih.        LJ (SR)   Coulomb (SR) Position Rest.
    4.33759e+02    4.43914e+02   -1.27258e+06   -1.44858e+04    1.67806e+01
      Potential    Kinetic En.   Total Energy  Conserved En.    Temperature
   -1.25364e+06    2.03028e+05   -1.05061e+06   -1.05142e+06    3.10601e+02
 Pressure (bar)   Constr. rmsd
   -3.74698e+01    1.17613e-06

           Step           Time
         475000     9500.00000

   Energies (kJ/mol)
           Bond  Harmonic Pot.          Angle       G96Angle  Restr. Angles
    1.82660e+04    5.10513e+00    1.25888e+04    5.34883e+02    6.42368e+02
    Proper Dih.  Improper Dih.        LJ (SR)   Coulomb (SR) Position Rest.
    4.06649e+02    4.22286e+02   -1.27438e+06   -1.45011e+04    1.73029e+01
      Potential    Kinetic En.   Total Energy  Conserved En.    Temperature
   -1.25600e+06    2.01837e+05   -1.05416e+06   -1.05114e+06    3.08778e+02
 Pressure (bar)   Constr. rmsd
   -1.21240e+01    1.17525e-06

           Step           Time
         500000    10000.00000

   Energies (kJ/mol)
           Bond  Harmonic Pot.          Angle       G96Angle  Restr. Angles
    1.85409e+04    7.67935e+00    1.26677e+04    5.17007e+02    6.28762e+02
    Proper Dih.  Improper Dih.        LJ (SR)   Coulomb (SR) Position Rest.
    3.93772e+02    4.53960e+02   -1.27251e+06   -1.44554e+04    1.87036e+01
      Potential    Kinetic En.   Total Energy  Conserved En.    Temperature
   -1.25374e+06    2.03115e+05   -1.05062e+06   -1.05124e+06    3.10734e+02
 Pressure (bar)   Constr. rmsd
   -1.02317e+01    1.20163e-06

           Step           Time
         525000    10500.00000

   Energies (kJ/mol)
           Bond  Harmonic Pot.          Angle       G96Angle  Restr. Angles
    1.88866e+04    5.07387e+00    1.27035e+04    5.36634e+02    6.53349e+02
    Proper Dih.  Improper Dih.        LJ (SR)   Coulomb (SR) Position Rest.
    3.85459e+02    4.27027e+02   -1.27363e+06   -1.42702e+04    1.81628e+01
      Potential    Kinetic En.   Total Energy  Conserved En.    Temperature
   -1.25429e+06    2.02547e+05   -1.05174e+06   -1.05130e+06    3.09865e+02
 Pressure (bar)   Constr. rmsd
    8.11318e+00    1.17783e-06

           Step           Time
         550000    11000.00000

   Energies (kJ/mol)
           Bond  Harmonic Pot.          Angle       G96Angle  Restr. Angles
    1.87768e+04    7.59267e+00    1.27586e+04    5.63485e+02    6.69315e+02
    Proper Dih.  Improper Dih.        LJ (SR)   Coulomb (SR) Position Rest.
    4.15694e+02    4.41094e+02   -1.27317e+06   -1.43106e+04    1.95275e+01
      Potential    Kinetic En.   Total Energy  Conserved En.    Temperature
   -1.25383e+06    2.02676e+05   -1.05116e+06   -1.05162e+06    3.10062e+02
 Pressure (bar)   Constr. rmsd
    1.20219e+01    1.20552e-06

           Step           Time
         575000    11500.00000

   Energies (kJ/mol)
           Bond  Harmonic Pot.          Angle       G96Angle  Restr. Angles
    1.84305e+04    8.14252e+00    1.25161e+04    6.21096e+02    6.91916e+02
    Proper Dih.  Improper Dih.        LJ (SR)   Coulomb (SR) Position Rest.
    4.02334e+02    4.87498e+02   -1.27298e+06   -1.44690e+04    1.48585e+01
      Potential    Kinetic En.   Total Energy  Conserved En.    Temperature
   -1.25428e+06    2.02998e+05   -1.05128e+06   -1.05181e+06    3.10556e+02
 Pressure (bar)   Constr. rmsd
    7.58595e+00    1.16486e-06

           Step           Time
         600000    12000.00000

   Energies (kJ/mol)
           Bond  Harmonic Pot.          Angle       G96Angle  Restr. Angles
    1.85436e+04    7.51220e+00    1.25930e+04    5.85499e+02    6.65451e+02
    Proper Dih.  Improper Dih.        LJ (SR)   Coulomb (SR) Position Rest.
    4.31422e+02    4.57944e+02   -1.27423e+06   -1.42411e+04    1.72660e+01
      Potential    Kinetic En.   Total Energy  Conserved En.    Temperature
   -1.25517e+06    2.04345e+05   -1.05083e+06   -1.05192e+06    3.12616e+02
 Pressure (bar)   Constr. rmsd
   -4.80080e+00    1.23588e-06

           Step           Time
         625000    12500.00000

   Energies (kJ/mol)
           Bond  Harmonic Pot.          Angle       G96Angle  Restr. Angles
    1.83188e+04    5.30352e+00    1.26326e+04    5.04257e+02    6.42155e+02
    Proper Dih.  Improper Dih.        LJ (SR)   Coulomb (SR) Position Rest.
    4.10155e+02    4.13272e+02   -1.27018e+06   -1.44916e+04    1.61971e+01
      Potential    Kinetic En.   Total Energy  Conserved En.    Temperature
   -1.25173e+06    2.04051e+05   -1.04767e+06   -1.05193e+06    3.12166e+02
 Pressure (bar)   Constr. rmsd
   -4.16824e+01    1.20287e-06

           Step           Time
         650000    13000.00000

   Energies (kJ/mol)
           Bond  Harmonic Pot.          Angle       G96Angle  Restr. Angles
    1.84808e+04    7.77393e+00    1.25005e+04    6.03693e+02    6.63511e+02
    Proper Dih.  Improper Dih.        LJ (SR)   Coulomb (SR) Position Rest.
    4.28603e+02    4.44254e+02   -1.27435e+06   -1.43536e+04    1.52912e+01
      Potential    Kinetic En.   Total Energy  Conserved En.    Temperature
   -1.25556e+06    2.01226e+05   -1.05434e+06   -1.05195e+06    3.07843e+02
 Pressure (bar)   Constr. rmsd
   -8.90629e+00    1.18971e-06

           Step           Time
         675000    13500.00000

   Energies (kJ/mol)
           Bond  Harmonic Pot.          Angle       G96Angle  Restr. Angles
    1.81647e+04    8.74933e+00    1.27431e+04    5.63245e+02    6.82407e+02
    Proper Dih.  Improper Dih.        LJ (SR)   Coulomb (SR) Position Rest.
    4.31635e+02    4.37553e+02   -1.27223e+06   -1.45087e+04    1.78646e+01
      Potential    Kinetic En.   Total Energy  Conserved En.    Temperature
   -1.25369e+06    2.01669e+05   -1.05202e+06   -1.05175e+06    3.08522e+02
 Pressure (bar)   Constr. rmsd
   -4.64080e-01    1.19897e-06

           Step           Time
         700000    14000.00000

   Energies (kJ/mol)
           Bond  Harmonic Pot.          Angle       G96Angle  Restr. Angles
    1.81832e+04    1.30680e+01    1.27056e+04    5.97465e+02    6.79858e+02
    Proper Dih.  Improper Dih.        LJ (SR)   Coulomb (SR) Position Rest.
    3.89697e+02    4.86206e+02   -1.27466e+06   -1.46281e+04    2.08080e+01
      Potential    Kinetic En.   Total Energy  Conserved En.    Temperature
   -1.25621e+06    2.02293e+05   -1.05392e+06   -1.05165e+06    3.09477e+02
 Pressure (bar)   Constr. rmsd
    1.96677e+01    1.22984e-06

           Step           Time
         725000    14500.00000

   Energies (kJ/mol)
           Bond  Harmonic Pot.          Angle       G96Angle  Restr. Angles
    1.85125e+04    1.21600e+01    1.29687e+04    5.21184e+02    6.19709e+02
    Proper Dih.  Improper Dih.        LJ (SR)   Coulomb (SR) Position Rest.
    3.83841e+02    4.32909e+02   -1.27241e+06   -1.42848e+04    2.00094e+01
      Potential    Kinetic En.   Total Energy  Conserved En.    Temperature
   -1.25323e+06    2.02693e+05   -1.05053e+06   -1.05178e+06    3.10089e+02
 Pressure (bar)   Constr. rmsd
    1.09016e+01    1.15137e-06

           Step           Time
         750000    15000.00000

   Energies (kJ/mol)
           Bond  Harmonic Pot.          Angle       G96Angle  Restr. Angles
    1.84519e+04    1.16220e+01    1.26456e+04    5.22982e+02    6.82793e+02
    Proper Dih.  Improper Dih.        LJ (SR)   Coulomb (SR) Position Rest.
    3.96668e+02    4.19124e+02   -1.27545e+06   -1.45917e+04    2.29665e+01
      Potential    Kinetic En.   Total Energy  Conserved En.    Temperature
   -1.25689e+06    2.02594e+05   -1.05429e+06   -1.05197e+06    3.09936e+02
 Pressure (bar)   Constr. rmsd
   -1.62949e+01    1.16283e-06

           Step           Time
         775000    15500.00000

   Energies (kJ/mol)
           Bond  Harmonic Pot.          Angle       G96Angle  Restr. Angles
    1.81827e+04    1.52431e+01    1.28240e+04    5.96269e+02    6.59592e+02
    Proper Dih.  Improper Dih.        LJ (SR)   Coulomb (SR) Position Rest.
    4.20820e+02    5.01864e+02   -1.27409e+06   -1.47689e+04    2.06373e+01
      Potential    Kinetic En.   Total Energy  Conserved En.    Temperature
   -1.25563e+06    2.00302e+05   -1.05533e+06   -1.05191e+06    3.06430e+02
 Pressure (bar)   Constr. rmsd
    2.73182e+01    1.16046e-06

Writing checkpoint, step 776200 at Mon Mar 10 06:20:28 2025


           Step           Time
         800000    16000.00000

   Energies (kJ/mol)
           Bond  Harmonic Pot.          Angle       G96Angle  Restr. Angles
    1.85065e+04    5.98891e+00    1.28479e+04    5.14825e+02    6.71482e+02
    Proper Dih.  Improper Dih.        LJ (SR)   Coulomb (SR) Position Rest.
    3.73034e+02    4.97224e+02   -1.27508e+06   -1.43202e+04    1.85568e+01
      Potential    Kinetic En.   Total Energy  Conserved En.    Temperature
   -1.25597e+06    2.02581e+05   -1.05339e+06   -1.05197e+06    3.09916e+02
 Pressure (bar)   Constr. rmsd
    3.69228e+01    1.14069e-06

           Step           Time
         825000    16500.00000

   Energies (kJ/mol)
           Bond  Harmonic Pot.          Angle       G96Angle  Restr. Angles
    1.88275e+04    6.45408e+00    1.28468e+04    5.06303e+02    6.38472e+02
    Proper Dih.  Improper Dih.        LJ (SR)   Coulomb (SR) Position Rest.
    4.46719e+02    3.92272e+02   -1.27224e+06   -1.45237e+04    2.19528e+01
      Potential    Kinetic En.   Total Energy  Conserved En.    Temperature
   -1.25307e+06    2.03198e+05   -1.04988e+06   -1.05220e+06    3.10861e+02
 Pressure (bar)   Constr. rmsd
   -9.45025e+00    1.11643e-06

           Step           Time
         850000    17000.00000

   Energies (kJ/mol)
           Bond  Harmonic Pot.          Angle       G96Angle  Restr. Angles
    1.83772e+04    6.42249e+00    1.27912e+04    5.36448e+02    7.11279e+02
    Proper Dih.  Improper Dih.        LJ (SR)   Coulomb (SR) Position Rest.
    4.05445e+02    5.14516e+02   -1.27033e+06   -1.46292e+04    2.23650e+01
      Potential    Kinetic En.   Total Energy  Conserved En.    Temperature
   -1.25159e+06    2.01772e+05   -1.04982e+06   -1.05216e+06    3.08679e+02
 Pressure (bar)   Constr. rmsd
   -4.72885e+01    1.16586e-06

           Step           Time
         875000    17500.00000

   Energies (kJ/mol)
           Bond  Harmonic Pot.          Angle       G96Angle  Restr. Angles
    1.84607e+04    5.17962e+00    1.27021e+04    5.57118e+02    6.56251e+02
    Proper Dih.  Improper Dih.        LJ (SR)   Coulomb (SR) Position Rest.
    4.37638e+02    3.76788e+02   -1.27382e+06   -1.45685e+04    2.74417e+01
      Potential    Kinetic En.   Total Energy  Conserved En.    Temperature
   -1.25517e+06    2.03956e+05   -1.05121e+06   -1.05205e+06    3.12020e+02
 Pressure (bar)   Constr. rmsd
    8.89156e+00    1.11835e-06

           Step           Time
         900000    18000.00000

   Energies (kJ/mol)
           Bond  Harmonic Pot.          Angle       G96Angle  Restr. Angles
    1.86496e+04    6.93911e+00    1.28232e+04    5.56564e+02    6.71816e+02
    Proper Dih.  Improper Dih.        LJ (SR)   Coulomb (SR) Position Rest.
    4.01074e+02    4.49343e+02   -1.27366e+06   -1.44419e+04    1.87784e+01
      Potential    Kinetic En.   Total Energy  Conserved En.    Temperature
   -1.25452e+06    2.02546e+05   -1.05198e+06   -1.05210e+06    3.09863e+02
 Pressure (bar)   Constr. rmsd
   -2.47618e+01    1.13580e-06

           Step           Time
         925000    18500.00000

   Energies (kJ/mol)
           Bond  Harmonic Pot.          Angle       G96Angle  Restr. Angles
    1.84088e+04    5.39094e+00    1.23841e+04    4.82942e+02    6.54283e+02
    Proper Dih.  Improper Dih.        LJ (SR)   Coulomb (SR) Position Rest.
    4.08047e+02    4.44521e+02   -1.27595e+06   -1.44523e+04    2.05149e+01
      Potential    Kinetic En.   Total Energy  Conserved En.    Temperature
   -1.25759e+06    2.03248e+05   -1.05435e+06   -1.05232e+06    3.10937e+02
 Pressure (bar)   Constr. rmsd
    1.92567e+01    1.19057e-06

           Step           Time
         950000    19000.00000

   Energies (kJ/mol)
           Bond  Harmonic Pot.          Angle       G96Angle  Restr. Angles
    1.81651e+04    1.09532e+01    1.26271e+04    5.18658e+02    6.78000e+02
    Proper Dih.  Improper Dih.        LJ (SR)   Coulomb (SR) Position Rest.
    4.08565e+02    4.53674e+02   -1.27161e+06   -1.43281e+04    1.85612e+01
      Potential    Kinetic En.   Total Energy  Conserved En.    Temperature
   -1.25305e+06    2.03350e+05   -1.04970e+06   -1.05252e+06    3.11093e+02
 Pressure (bar)   Constr. rmsd
    6.78356e+00    1.21334e-06

           Step           Time
         975000    19500.00000

   Energies (kJ/mol)
           Bond  Harmonic Pot.          Angle       G96Angle  Restr. Angles
    1.85113e+04    1.08298e+01    1.27265e+04    5.32576e+02    6.74920e+02
    Proper Dih.  Improper Dih.        LJ (SR)   Coulomb (SR) Position Rest.
    3.69678e+02    4.28711e+02   -1.27499e+06   -1.45135e+04    1.81820e+01
      Potential    Kinetic En.   Total Energy  Conserved En.    Temperature
   -1.25623e+06    2.01011e+05   -1.05522e+06   -1.05256e+06    3.07516e+02
 Pressure (bar)   Constr. rmsd
   -6.41851e+00    1.19879e-06

           Step           Time
        1000000    20000.00000

   Energies (kJ/mol)
           Bond  Harmonic Pot.          Angle       G96Angle  Restr. Angles
    1.85927e+04    9.66938e+00    1.22678e+04    5.75503e+02    7.05237e+02
    Proper Dih.  Improper Dih.        LJ (SR)   Coulomb (SR) Position Rest.
    4.01750e+02    4.38258e+02   -1.27255e+06   -1.43808e+04    1.91180e+01
      Potential    Kinetic En.   Total Energy  Conserved En.    Temperature
   -1.25392e+06    2.01917e+05   -1.05200e+06   -1.05275e+06    3.08901e+02
 Pressure (bar)   Constr. rmsd
    2.04141e+00    1.14852e-06

           Step           Time
        1025000    20500.00000

   Energies (kJ/mol)
           Bond  Harmonic Pot.          Angle       G96Angle  Restr. Angles
    1.87774e+04    1.41509e+01    1.23315e+04    5.35207e+02    6.65970e+02
    Proper Dih.  Improper Dih.        LJ (SR)   Coulomb (SR) Position Rest.
    3.66214e+02    4.29623e+02   -1.27388e+06   -1.44920e+04    2.07257e+01
      Potential    Kinetic En.   Total Energy  Conserved En.    Temperature
   -1.25523e+06    2.02371e+05   -1.05286e+06   -1.05270e+06    3.09595e+02
 Pressure (bar)   Constr. rmsd
    9.55513e+00    1.16374e-06

           Step           Time
        1050000    21000.00000

   Energies (kJ/mol)
           Bond  Harmonic Pot.          Angle       G96Angle  Restr. Angles
    1.84247e+04    1.12764e+01    1.26341e+04    5.88231e+02    6.81719e+02
    Proper Dih.  Improper Dih.        LJ (SR)   Coulomb (SR) Position Rest.
    3.55306e+02    4.29482e+02   -1.27319e+06   -1.43497e+04    1.40938e+01
      Potential    Kinetic En.   Total Energy  Conserved En.    Temperature
   -1.25440e+06    2.03172e+05   -1.05123e+06   -1.05270e+06    3.10821e+02
 Pressure (bar)   Constr. rmsd
    1.36211e+01    1.13503e-06

           Step           Time
        1075000    21500.00000

   Energies (kJ/mol)
           Bond  Harmonic Pot.          Angle       G96Angle  Restr. Angles
    1.84209e+04    1.20994e+01    1.24853e+04    5.30468e+02    6.96731e+02
    Proper Dih.  Improper Dih.        LJ (SR)   Coulomb (SR) Position Rest.
    3.67933e+02    4.51348e+02   -1.27381e+06   -1.43317e+04    1.59489e+01
      Potential    Kinetic En.   Total Energy  Conserved En.    Temperature
   -1.25516e+06    2.02970e+05   -1.05219e+06   -1.05278e+06    3.10512e+02
 Pressure (bar)   Constr. rmsd
    2.77924e+01    1.07176e-06

           Step           Time
        1100000    22000.00000

   Energies (kJ/mol)
           Bond  Harmonic Pot.          Angle       G96Angle  Restr. Angles
    1.84977e+04    1.42475e+01    1.30458e+04    4.97531e+02    6.54721e+02
    Proper Dih.  Improper Dih.        LJ (SR)   Coulomb (SR) Position Rest.
    4.02282e+02    4.92980e+02   -1.27630e+06   -1.44325e+04    1.61302e+01
      Potential    Kinetic En.   Total Energy  Conserved En.    Temperature
   -1.25711e+06    2.03027e+05   -1.05409e+06   -1.05279e+06    3.10599e+02
 Pressure (bar)   Constr. rmsd
   -7.95119e+00    1.15403e-06

           Step           Time
        1125000    22500.00000

   Energies (kJ/mol)
           Bond  Harmonic Pot.          Angle       G96Angle  Restr. Angles
    1.85770e+04    9.86863e+00    1.27038e+04    5.70499e+02    6.78338e+02
    Proper Dih.  Improper Dih.        LJ (SR)   Coulomb (SR) Position Rest.
    3.87095e+02    4.88622e+02   -1.27086e+06   -1.44632e+04    2.19718e+01
      Potential    Kinetic En.   Total Energy  Conserved En.    Temperature
   -1.25189e+06    2.02365e+05   -1.04953e+06   -1.05283e+06    3.09586e+02
 Pressure (bar)   Constr. rmsd
   -2.09146e+01    1.17614e-06

           Step           Time
        1150000    23000.00000

   Energies (kJ/mol)
           Bond  Harmonic Pot.          Angle       G96Angle  Restr. Angles
    1.87294e+04    1.34869e+01    1.26620e+04    5.53932e+02    6.63815e+02
    Proper Dih.  Improper Dih.        LJ (SR)   Coulomb (SR) Position Rest.
    3.69034e+02    4.63297e+02   -1.27427e+06   -1.43429e+04    2.26410e+01
      Potential    Kinetic En.   Total Energy  Conserved En.    Temperature
   -1.25513e+06    2.02095e+05   -1.05304e+06   -1.05289e+06    3.09173e+02
 Pressure (bar)   Constr. rmsd
   -2.07354e+01    1.20023e-06

           Step           Time
        1175000    23500.00000

   Energies (kJ/mol)
           Bond  Harmonic Pot.          Angle       G96Angle  Restr. Angles
    1.85376e+04    7.19033e+00    1.25910e+04    5.27379e+02    7.05144e+02
    Proper Dih.  Improper Dih.        LJ (SR)   Coulomb (SR) Position Rest.
    3.63620e+02    4.55474e+02   -1.27473e+06   -1.43669e+04    2.30715e+01
      Potential    Kinetic En.   Total Energy  Conserved En.    Temperature
   -1.25588e+06    2.02262e+05   -1.05362e+06   -1.05285e+06    3.09430e+02
 Pressure (bar)   Constr. rmsd
   -3.23325e+01    1.13113e-06

           Step           Time
        1200000    24000.00000

   Energies (kJ/mol)
           Bond  Harmonic Pot.          Angle       G96Angle  Restr. Angles
    1.84430e+04    6.22680e+00    1.30715e+04    4.92055e+02    6.82003e+02
    Proper Dih.  Improper Dih.        LJ (SR)   Coulomb (SR) Position Rest.
    3.66908e+02    4.68081e+02   -1.27273e+06   -1.45967e+04    2.07417e+01
      Potential    Kinetic En.   Total Energy  Conserved En.    Temperature
   -1.25378e+06    2.03907e+05   -1.04987e+06   -1.05315e+06    3.11945e+02
 Pressure (bar)   Constr. rmsd
    1.04845e+00    1.20034e-06

           Step           Time
        1225000    24500.00000

   Energies (kJ/mol)
           Bond  Harmonic Pot.          Angle       G96Angle  Restr. Angles
    1.87286e+04    8.32586e+00    1.24457e+04    5.46973e+02    6.67707e+02
    Proper Dih.  Improper Dih.        LJ (SR)   Coulomb (SR) Position Rest.
    4.39666e+02    4.79201e+02   -1.27402e+06   -1.43316e+04    1.76401e+01
      Potential    Kinetic En.   Total Energy  Conserved En.    Temperature
   -1.25502e+06    2.01921e+05   -1.05310e+06   -1.05319e+06    3.08907e+02
 Pressure (bar)   Constr. rmsd
   -3.88736e+00    1.15932e-06

           Step           Time
        1250000    25000.00000

   Energies (kJ/mol)
           Bond  Harmonic Pot.          Angle       G96Angle  Restr. Angles
    1.85631e+04    8.20504e+00    1.28109e+04    5.27079e+02    6.61010e+02
    Proper Dih.  Improper Dih.        LJ (SR)   Coulomb (SR) Position Rest.
    4.00645e+02    4.68411e+02   -1.27283e+06   -1.44269e+04    2.22228e+01
      Potential    Kinetic En.   Total Energy  Conserved En.    Temperature
   -1.25379e+06    2.02149e+05   -1.05164e+06   -1.05343e+06    3.09256e+02
 Pressure (bar)   Constr. rmsd
    9.45039e+00    1.12200e-06

           Step           Time
        1275000    25500.00000

   Energies (kJ/mol)
           Bond  Harmonic Pot.          Angle       G96Angle  Restr. Angles
    1.84378e+04    6.08222e+00    1.30077e+04    5.65060e+02    6.49210e+02
    Proper Dih.  Improper Dih.        LJ (SR)   Coulomb (SR) Position Rest.
    3.86486e+02    4.40712e+02   -1.27304e+06   -1.43990e+04    2.68253e+01
      Potential    Kinetic En.   Total Energy  Conserved En.    Temperature
   -1.25392e+06    2.02661e+05   -1.05126e+06   -1.05353e+06    3.10039e+02
 Pressure (bar)   Constr. rmsd
    2.38655e+01    1.13452e-06

           Step           Time
        1300000    26000.00000

   Energies (kJ/mol)
           Bond  Harmonic Pot.          Angle       G96Angle  Restr. Angles
    1.86110e+04    4.16885e+00    1.29997e+04    5.30903e+02    6.38311e+02
    Proper Dih.  Improper Dih.        LJ (SR)   Coulomb (SR) Position Rest.
    3.53168e+02    4.54932e+02   -1.27196e+06   -1.41612e+04    2.98644e+01
      Potential    Kinetic En.   Total Energy  Conserved En.    Temperature
   -1.25250e+06    2.01980e+05   -1.05052e+06   -1.05367e+06    3.08997e+02
 Pressure (bar)   Constr. rmsd
   -6.33316e+00    1.10359e-06

           Step           Time
        1325000    26500.00000

   Energies (kJ/mol)
           Bond  Harmonic Pot.          Angle       G96Angle  Restr. Angles
    1.86732e+04    4.28700e+00    1.28475e+04    5.39437e+02    6.83226e+02
    Proper Dih.  Improper Dih.        LJ (SR)   Coulomb (SR) Position Rest.
    4.22013e+02    4.56814e+02   -1.27328e+06   -1.45531e+04    2.43370e+01
      Potential    Kinetic En.   Total Energy  Conserved En.    Temperature
   -1.25418e+06    2.02445e+05   -1.05174e+06   -1.05365e+06    3.09708e+02
 Pressure (bar)   Constr. rmsd
    1.81916e+01    1.22498e-06

           Step           Time
        1350000    27000.00000

   Energies (kJ/mol)
           Bond  Harmonic Pot.          Angle       G96Angle  Restr. Angles
    1.84319e+04    8.09988e+00    1.26436e+04    4.96546e+02    6.67442e+02
    Proper Dih.  Improper Dih.        LJ (SR)   Coulomb (SR) Position Rest.
    3.71797e+02    3.95897e+02   -1.27378e+06   -1.42210e+04    2.05345e+01
      Potential    Kinetic En.   Total Energy  Conserved En.    Temperature
   -1.25497e+06    2.02535e+05   -1.05243e+06   -1.05375e+06    3.09846e+02
 Pressure (bar)   Constr. rmsd
   -1.44766e+01    1.20318e-06

           Step           Time
        1375000    27500.00000

   Energies (kJ/mol)
           Bond  Harmonic Pot.          Angle       G96Angle  Restr. Angles
    1.89769e+04    5.93578e+00    1.28504e+04    5.34072e+02    6.75460e+02
    Proper Dih.  Improper Dih.        LJ (SR)   Coulomb (SR) Position Rest.
    4.52505e+02    4.43179e+02   -1.27254e+06   -1.44634e+04    2.11887e+01
      Potential    Kinetic En.   Total Energy  Conserved En.    Temperature
   -1.25305e+06    2.04671e+05   -1.04838e+06   -1.05365e+06    3.13114e+02
 Pressure (bar)   Constr. rmsd
    2.24072e+01    1.15186e-06

           Step           Time
        1400000    28000.00000

   Energies (kJ/mol)
           Bond  Harmonic Pot.          Angle       G96Angle  Restr. Angles
    1.83761e+04    5.57801e+00    1.25585e+04    5.50916e+02    6.41068e+02
    Proper Dih.  Improper Dih.        LJ (SR)   Coulomb (SR) Position Rest.
    4.65845e+02    4.44931e+02   -1.27266e+06   -1.44378e+04    2.36014e+01
      Potential    Kinetic En.   Total Energy  Conserved En.    Temperature
   -1.25403e+06    2.02145e+05   -1.05188e+06   -1.05387e+06    3.09251e+02
 Pressure (bar)   Constr. rmsd
   -1.02422e+01    1.14931e-06

           Step           Time
        1425000    28500.00000

   Energies (kJ/mol)
           Bond  Harmonic Pot.          Angle       G96Angle  Restr. Angles
    1.87333e+04    9.66045e+00    1.27355e+04    5.21008e+02    7.36431e+02
    Proper Dih.  Improper Dih.        LJ (SR)   Coulomb (SR) Position Rest.
    3.89636e+02    4.33755e+02   -1.27356e+06   -1.45398e+04    1.85490e+01
      Potential    Kinetic En.   Total Energy  Conserved En.    Temperature
   -1.25452e+06    2.03977e+05   -1.05055e+06   -1.05395e+06    3.12052e+02
 Pressure (bar)   Constr. rmsd
   -8.80872e-01    1.15877e-06

           Step           Time
        1450000    29000.00000

   Energies (kJ/mol)
           Bond  Harmonic Pot.          Angle       G96Angle  Restr. Angles
    1.84777e+04    7.50188e+00    1.25776e+04    5.15025e+02    7.00342e+02
    Proper Dih.  Improper Dih.        LJ (SR)   Coulomb (SR) Position Rest.
    4.21440e+02    4.60793e+02   -1.27447e+06   -1.46721e+04    2.15787e+01
      Potential    Kinetic En.   Total Energy  Conserved En.    Temperature
   -1.25596e+06    2.03916e+05   -1.05204e+06   -1.05400e+06    3.11959e+02
 Pressure (bar)   Constr. rmsd
    8.33644e+00    1.21041e-06

           Step           Time
        1475000    29500.00000

   Energies (kJ/mol)
           Bond  Harmonic Pot.          Angle       G96Angle  Restr. Angles
    1.85373e+04    5.04010e+00    1.26002e+04    5.48492e+02    6.41455e+02
    Proper Dih.  Improper Dih.        LJ (SR)   Coulomb (SR) Position Rest.
    4.08939e+02    4.28846e+02   -1.27528e+06   -1.45259e+04    2.07350e+01
      Potential    Kinetic En.   Total Energy  Conserved En.    Temperature
   -1.25662e+06    2.01646e+05   -1.05497e+06   -1.05422e+06    3.08487e+02
 Pressure (bar)   Constr. rmsd
   -9.37933e+00    1.17299e-06

           Step           Time
        1500000    30000.00000

   Energies (kJ/mol)
           Bond  Harmonic Pot.          Angle       G96Angle  Restr. Angles
    1.86892e+04    8.38421e+00    1.27582e+04    5.76384e+02    6.51484e+02
    Proper Dih.  Improper Dih.        LJ (SR)   Coulomb (SR) Position Rest.
    3.95951e+02    4.55025e+02   -1.27488e+06   -1.41524e+04    2.68569e+01
      Potential    Kinetic En.   Total Energy  Conserved En.    Temperature
   -1.25547e+06    2.03085e+05   -1.05238e+06   -1.05424e+06    3.10688e+02
 Pressure (bar)   Constr. rmsd
   -2.94223e+01    1.10997e-06

           Step           Time
        1525000    30500.00000

   Energies (kJ/mol)
           Bond  Harmonic Pot.          Angle       G96Angle  Restr. Angles
    1.86569e+04    8.14793e+00    1.28772e+04    5.55780e+02    6.70416e+02
    Proper Dih.  Improper Dih.        LJ (SR)   Coulomb (SR) Position Rest.
    3.78378e+02    3.93049e+02   -1.27227e+06   -1.45777e+04    1.70965e+01
      Potential    Kinetic En.   Total Energy  Conserved En.    Temperature
   -1.25329e+06    2.02559e+05   -1.05073e+06   -1.05416e+06    3.09883e+02
 Pressure (bar)   Constr. rmsd
   -1.86330e+00    1.17275e-06


Step 1543340: Run time exceeded 0.495 hours, will terminate the run within 40 steps
           Step           Time
        1543360    30867.20000

Writing checkpoint, step 1543360 at Mon Mar 10 06:35:10 2025


   Energies (kJ/mol)
           Bond  Harmonic Pot.          Angle       G96Angle  Restr. Angles
    1.83585e+04    7.86010e+00    1.25266e+04    5.03158e+02    6.40101e+02
    Proper Dih.  Improper Dih.        LJ (SR)   Coulomb (SR) Position Rest.
    4.09851e+02    4.48998e+02   -1.27327e+06   -1.46717e+04    1.80811e+01
      Potential    Kinetic En.   Total Energy  Conserved En.    Temperature
   -1.25503e+06    2.02415e+05   -1.05262e+06   -1.05421e+06    3.09662e+02
 Pressure (bar)   Constr. rmsd
    7.16623e+00    1.11546e-06


Energy conservation over simulation part #1 of length 30867.2 ps, time 0 to 30867.2 ps
  Conserved energy drift: -2.23e-06 kJ/mol/ps per atom


	<======  ###############  ==>
	<====  A V E R A G E S  ====>
	<==  ###############  ======>

	Statistics over 1543361 steps using 15434 frames

   Energies (kJ/mol)
           Bond  Harmonic Pot.          Angle       G96Angle  Restr. Angles
    1.84955e+04    8.61664e+00    1.27355e+04    5.38227e+02    6.71454e+02
    Proper Dih.  Improper Dih.        LJ (SR)   Coulomb (SR) Position Rest.
    4.05206e+02    4.48716e+02   -1.27368e+06   -1.44504e+04    1.95350e+01
      Potential    Kinetic En.   Total Energy  Conserved En.    Temperature
   -1.25480e+06    2.02633e+05   -1.05217e+06   -1.05216e+06    3.09997e+02
 Pressure (bar)   Constr. rmsd
    8.91896e-01    0.00000e+00

          Box-X          Box-Y          Box-Z
    1.80884e+01    1.80884e+01    1.84287e+01

   Total Virial (kJ/mol)
    6.75164e+04    3.43862e+00   -1.32045e+00
    3.43901e+00    6.75149e+04   -2.72672e-01
   -1.32073e+00   -2.73724e-01    6.71245e+04

   Pressure (bar)
    9.31463e-01   -7.63350e-03    5.48785e-02
   -7.63567e-03    9.41674e-01   -4.97694e-03
    5.48800e-02   -4.97114e-03    8.02551e-01

      T-Solvent         T-Rest
    3.09975e+02    3.10058e+02


	M E G A - F L O P S   A C C O U N T I N G

 NB=Group-cutoff nonbonded kernels    NxN=N-by-N cluster Verlet kernels
 RF=Reaction-Field  VdW=Van der Waals  QSTab=quadratic-spline table
 W3=SPC/TIP3p  W4=TIP4p (single or pairs)
 V&F=Potential and force  V=Potential only  F=Force only

 Computing:                               M-Number         M-Flops  % Flops
-----------------------------------------------------------------------------
 Pair Search distance check          783281.089400     7049529.805     1.5
 NxN RF Elec. + LJ [F]              2035805.599216    77360612.770    16.8
 NxN RF Elec. + LJ [V&F]              20565.084688     1110514.573     0.2
 NxN LJ [F]                        11038840.969216   364281751.984    79.1
 NxN LJ [V&F]                        111514.241536     4795112.386     1.0
 NxN RF Electrostatics [F]             2535.924816       78613.669     0.0
 NxN RF Electrostatics [V&F]             25.590192         921.247     0.0
 Shift-X                               4231.716453       25390.299     0.0
 Bonds                                22406.514998     1321984.385     0.3
 Angles                               16549.460003     2780309.281     0.6
 Propers                                344.169503       78814.816     0.0
 Impropers                              672.905396      139964.322     0.0
 Pos. Restr.                            245.394399       12269.720     0.0
 Virial                                4235.189058       76233.403     0.0
 Stop-CM                                846.409095        8464.091     0.0
 Calc-Ekin                             8463.432906      228512.688     0.0
 Lincs                                 2311.957774      138717.466     0.0
 Lincs-Mat                           113684.118580      454736.474     0.1
 Constraint-V                          4623.912552       41615.213     0.0
 Constraint-Vir                         115.599162        2774.380     0.0
 Virtual Site 3out                     3087.109650      268578.540     0.1
 Virtual Site N                          90.749680        1361.245     0.0
-----------------------------------------------------------------------------
 Total                                               460256782.758   100.0
-----------------------------------------------------------------------------


      R E A L   C Y C L E   A N D   T I M E   A C C O U N T I N G

On 1 MPI rank, each using 94 OpenMP threads

 Activity:              Num   Num      Call    Wall time         Giga-Cycles
                        Ranks Threads  Count      (s)         total sum    %
--------------------------------------------------------------------------------
 Vsite constr.             1   94    1543361      20.954       5219.428   1.2
 Neighbor search           1   94      77169     224.089      55817.494  12.6
 Force                     1   94    1543361     475.007     118317.647  26.7
 NB X/F buffer ops.        1   94    3009553     466.120     116104.140  26.2
 Vsite spread              1   94    1620530      30.740       7656.922   1.7
 Write traj.               1   94         64       0.176         43.769   0.0
 Update                    1   94    1543361     119.789      29837.848   6.7
 Constraints               1   94    1543363     413.774     103065.460  23.2
 Rest                                             31.416       7825.227   1.8
--------------------------------------------------------------------------------
 Total                                          1782.065     443887.936 100.0
--------------------------------------------------------------------------------

NOTE: 13 % of the run time was spent in pair search,
      you might want to increase nstlist (this has no effect on accuracy)

               Core t (s)   Wall t (s)        (%)
       Time:   167514.116     1782.065     9400.0
                 (ns/day)    (hour/ns)
Performance:     1496.538        0.016
Finished mdrun on rank 0 Mon Mar 10 06:35:10 2025

