Sleeping 20 seconds anticipating rabbitmq coming up...
 WARN The `/pixi-env/.pixi/env` folder is deprecated, please remove it as we now use the `envs` folder
Looking for kubernetesTracker.py
_clones
clones
kubernetesTracker.py
(wfmanager: Mon Mar 17 14:49:30 UTC 2025) --> Launching MuMMI workflow (1 nodes)
(wfmanager: Mon Mar 17 14:49:30 UTC 2025) --> [Warning] File wfmanager.chk doesn't exist. Generate a new wfmanager.chk...
flux: ''
iterCounterPC: 0
iterCounterWF: 0
patchCounter: 0
ts: '2025-03-17 14:49:30'
jobs_aa:
  type: aa
  jobCnt: 0
  nqueued: 0
  nrunning: 0
  queued: []
  running: {}
jobs_backmapping:
  type: backmapping
  jobCnt: 0
  nqueued: 0
  nrunning: 0
  queued: []
  running: {}
jobs_cg:
  type: cg
  jobCnt: 0
  nqueued: 0
  nrunning: 0
  queued: []
  running: {}
jobs_createsim:
  type: createsim
  jobCnt: 0
  nqueued: 0
  nrunning: 0
  queued: []
  running: {}
(wfmanager: Mon Mar 17 14:49:30 UTC 2025) --> Checkpoint file wfmanager.chk is fine size of 461
(wfmanager: Mon Mar 17 14:49:30 UTC 2025) --> backup in run_backup_2025-03-17_14-49-30
(wfmanager: Mon Mar 17 14:49:30 UTC 2025) --> backup finished
(wfmanager: Mon Mar 17 14:49:30 UTC 2025) --> Launching workflow
  % Total    % Received % Xferd  Average Speed   Time    Time     Time  Current
                                 Dload  Upload   Total   Spent    Left  Speed
  0     0    0     0    0     0      0      0 --:--:-- --:--:-- --:--:--     0100 43323  100 43323    0     0   759k      0 --:--:-- --:--:-- --:--:--  769k
mummi_core: ['/opt/clones/mummi-core/mummi_core']
mummi_ras: ['/opt/clones/mummi-ras/mummi_ras']
python3 /opt/clones/mummi-ras/mummi_ras/scripts/run_wfmanager.py
Unidentified hostname: wfmanager.mummi-sample.default.svc.cluster.local
Enabled
Enabled
Enabled
Enabled
[182.938 MB]: Enabled
Unidentified hostname: wfmanager.mummi-sample.default.svc.cluster.local
Failed to find Flux URI file (/opt/clones/mummi-ras/flux/flux_server.info)
Unidentified hostname: wfmanager.mummi-sample.default.svc.cluster.local
Unidentified hostname: wfmanager.mummi-sample.default.svc.cluster.local
Unidentified hostname: wfmanager.mummi-sample.default.svc.cluster.local
Unidentified hostname: wfmanager.mummi-sample.default.svc.cluster.local
Unidentified hostname: wfmanager.mummi-sample.default.svc.cluster.local
Unidentified hostname: wfmanager.mummi-sample.default.svc.cluster.local
Unidentified hostname: wfmanager.mummi-sample.default.svc.cluster.local
Unidentified hostname: wfmanager.mummi-sample.default.svc.cluster.local
Did not find current user: defaulted to mummiusr
Using Plain connection (unsafe): TLS certificate /opt/clones/certs/client_rabbitmq_certificate.pem does not exist
[187.137 MB]: Starting MainProcess iteration 0
[187.137 MB]:     > Iteration 0: testing all jobs
[187.137 MB]: Starting MainProcess iteration 1
Maximum jobs for createsim (2) reached, will not submit more.
[187.137 MB]:     > Iteration 1: added new patches
Maximum jobs for cg (3) reached, will not submit more.
[187.137 MB]:     > Iteration 1: updated jobs
[187.137 MB]:     > Iteration 1: testing all jobs
[187.137 MB]: Starting MainProcess iteration 2
Maximum jobs for createsim (2) reached, will not submit more.
[187.137 MB]:     > Iteration 2: added new patches
