state-machine-manager start /opt/jobs/state-machine-workflow.yaml --config-dir=/opt/jobs --scheduler kubernetes --registry registry-0.mummi.default.svc.cluster.local:5000 --plain-http
INFO:state_machine_operator.manager.manager: Job Prefix: [structure_]
INFO:state_machine_operator.manager.manager:  Scheduler: [kubernetes]
INFO:state_machine_operator.manager.manager:   Registry: [registry-0.mummi.default.svc.cluster.local:5000]
INFO:state_machine_operator.manager.manager:Manager running with 0 job sequence completions.
INFO:state_machine_operator.manager.manager:
> 🌀 Starting step mlrunner
INFO:state_machine_operator.manager.manager:> Workflow needs
INFO:state_machine_operator.manager.manager:  > total completions           6 
INFO:state_machine_operator.manager.manager:  > max nodes allowed use       6

INFO:state_machine_operator.manager.manager:> Current state
INFO:state_machine_operator.manager.manager:  > nodes / step                1 
INFO:state_machine_operator.manager.manager:  > jobs needed                 6 
INFO:state_machine_operator.manager.manager:  > nodes allowed               6 
INFO:state_machine_operator.manager.manager:  > jobs allowed                6

INFO:state_machine_operator.manager.manager:> Workflow progress
INFO:state_machine_operator.manager.manager:  > Completions                 0
INFO:state_machine_operator.manager.manager:  > In progress                 0
INFO:state_machine_operator.manager.manager:  > New job sequences submit    6 
INFO:state_machine_operator.manager.manager:
> 🌀 Starting step mlrunner
INFO:state_machine_operator.manager.manager:> Workflow needs
INFO:state_machine_operator.manager.manager:  > total completions           6 
INFO:state_machine_operator.manager.manager:  > max nodes allowed use       6

INFO:state_machine_operator.manager.manager:> Current state
INFO:state_machine_operator.manager.manager:  > nodes / step                1 
INFO:state_machine_operator.manager.manager:  > jobs needed                 6 
INFO:state_machine_operator.manager.manager:  > nodes allowed               6 
INFO:state_machine_operator.manager.manager:  > jobs allowed                6

INFO:state_machine_operator.manager.manager:> Workflow progress
INFO:state_machine_operator.manager.manager:  > Completions                 0
INFO:state_machine_operator.manager.manager:  > In progress                 6
INFO:state_machine_operator.manager.manager:  > New job sequences submit    0 
INFO:state_machine_operator.manager.manager:
> 🌀 Starting step mlrunner
INFO:state_machine_operator.manager.manager:> Workflow needs
INFO:state_machine_operator.manager.manager:  > total completions           6 
INFO:state_machine_operator.manager.manager:  > max nodes allowed use       6

INFO:state_machine_operator.manager.manager:> Current state
INFO:state_machine_operator.manager.manager:  > nodes / step                1 
INFO:state_machine_operator.manager.manager:  > jobs needed                 6 
INFO:state_machine_operator.manager.manager:  > nodes allowed               6 
INFO:state_machine_operator.manager.manager:  > jobs allowed                6

INFO:state_machine_operator.manager.manager:> Workflow progress
INFO:state_machine_operator.manager.manager:  > Completions                 0
INFO:state_machine_operator.manager.manager:  > In progress                 6
INFO:state_machine_operator.manager.manager:  > New job sequences submit    0 
INFO:state_machine_operator.manager.manager:
> 🌀 Starting step mlrunner
INFO:state_machine_operator.manager.manager:> Workflow needs
INFO:state_machine_operator.manager.manager:  > total completions           6 
INFO:state_machine_operator.manager.manager:  > max nodes allowed use       6

INFO:state_machine_operator.manager.manager:> Current state
INFO:state_machine_operator.manager.manager:  > nodes / step                1 
INFO:state_machine_operator.manager.manager:  > jobs needed                 6 
INFO:state_machine_operator.manager.manager:  > nodes allowed               6 
INFO:state_machine_operator.manager.manager:  > jobs allowed                6

INFO:state_machine_operator.manager.manager:> Workflow progress
INFO:state_machine_operator.manager.manager:  > Completions                 0
INFO:state_machine_operator.manager.manager:  > In progress                 6
INFO:state_machine_operator.manager.manager:  > New job sequences submit    0 
INFO:state_machine_operator.manager.manager:
> 🌀 Starting step mlrunner
INFO:state_machine_operator.manager.manager:> Workflow needs
INFO:state_machine_operator.manager.manager:  > total completions           6 
INFO:state_machine_operator.manager.manager:  > max nodes allowed use       6

INFO:state_machine_operator.manager.manager:> Current state
INFO:state_machine_operator.manager.manager:  > nodes / step                1 
INFO:state_machine_operator.manager.manager:  > jobs needed                 6 
INFO:state_machine_operator.manager.manager:  > nodes allowed               6 
INFO:state_machine_operator.manager.manager:  > jobs allowed                6

INFO:state_machine_operator.manager.manager:> Workflow progress
INFO:state_machine_operator.manager.manager:  > Completions                 0
INFO:state_machine_operator.manager.manager:  > In progress                 6
INFO:state_machine_operator.manager.manager:  > New job sequences submit    0 
INFO:state_machine_operator.manager.manager:
> 🌀 Starting step mlrunner
INFO:state_machine_operator.manager.manager:> Workflow needs
INFO:state_machine_operator.manager.manager:  > total completions           6 
INFO:state_machine_operator.manager.manager:  > max nodes allowed use       6

INFO:state_machine_operator.manager.manager:> Current state
INFO:state_machine_operator.manager.manager:  > nodes / step                1 
INFO:state_machine_operator.manager.manager:  > jobs needed                 6 
INFO:state_machine_operator.manager.manager:  > nodes allowed               6 
INFO:state_machine_operator.manager.manager:  > jobs allowed                6

INFO:state_machine_operator.manager.manager:> Workflow progress
INFO:state_machine_operator.manager.manager:  > Completions                 0
INFO:state_machine_operator.manager.manager:  > In progress                 6
INFO:state_machine_operator.manager.manager:  > New job sequences submit    0 
INFO:state_machine_operator.manager.manager:
> 🌀 Starting step mlrunner
INFO:state_machine_operator.manager.manager:> Workflow needs
INFO:state_machine_operator.manager.manager:  > total completions           6 
INFO:state_machine_operator.manager.manager:  > max nodes allowed use       6

INFO:state_machine_operator.manager.manager:> Current state
INFO:state_machine_operator.manager.manager:  > nodes / step                1 
INFO:state_machine_operator.manager.manager:  > jobs needed                 6 
INFO:state_machine_operator.manager.manager:  > nodes allowed               6 
INFO:state_machine_operator.manager.manager:  > jobs allowed                6

INFO:state_machine_operator.manager.manager:> Workflow progress
INFO:state_machine_operator.manager.manager:  > Completions                 0
INFO:state_machine_operator.manager.manager:  > In progress                 6
INFO:state_machine_operator.manager.manager:  > New job sequences submit    0 
INFO:state_machine_operator.manager.manager:
> 🌀 Starting step mlrunner
INFO:state_machine_operator.manager.manager:> Workflow needs
INFO:state_machine_operator.manager.manager:  > total completions           6 
INFO:state_machine_operator.manager.manager:  > max nodes allowed use       6

INFO:state_machine_operator.manager.manager:> Current state
INFO:state_machine_operator.manager.manager:  > nodes / step                1 
INFO:state_machine_operator.manager.manager:  > jobs needed                 6 
INFO:state_machine_operator.manager.manager:  > nodes allowed               6 
INFO:state_machine_operator.manager.manager:  > jobs allowed                6

INFO:state_machine_operator.manager.manager:> Workflow progress
INFO:state_machine_operator.manager.manager:  > Completions                 0
INFO:state_machine_operator.manager.manager:  > In progress                 6
INFO:state_machine_operator.manager.manager:  > New job sequences submit    0 
INFO:state_machine_operator.manager.manager:
> 🌀 Starting step mlrunner
INFO:state_machine_operator.manager.manager:> Workflow needs
INFO:state_machine_operator.manager.manager:  > total completions           6 
INFO:state_machine_operator.manager.manager:  > max nodes allowed use       6

INFO:state_machine_operator.manager.manager:> Current state
INFO:state_machine_operator.manager.manager:  > nodes / step                1 
INFO:state_machine_operator.manager.manager:  > jobs needed                 6 
INFO:state_machine_operator.manager.manager:  > nodes allowed               6 
INFO:state_machine_operator.manager.manager:  > jobs allowed                6

INFO:state_machine_operator.manager.manager:> Workflow progress
INFO:state_machine_operator.manager.manager:  > Completions                 0
INFO:state_machine_operator.manager.manager:  > In progress                 6
INFO:state_machine_operator.manager.manager:  > New job sequences submit    0 
INFO:state_machine_operator.manager.manager:
> 🌀 Starting step mlrunner
INFO:state_machine_operator.manager.manager:> Workflow needs
INFO:state_machine_operator.manager.manager:  > total completions           6 
INFO:state_machine_operator.manager.manager:  > max nodes allowed use       6

INFO:state_machine_operator.manager.manager:> Current state
INFO:state_machine_operator.manager.manager:  > nodes / step                1 
INFO:state_machine_operator.manager.manager:  > jobs needed                 6 
INFO:state_machine_operator.manager.manager:  > nodes allowed               6 
INFO:state_machine_operator.manager.manager:  > jobs allowed                6

INFO:state_machine_operator.manager.manager:> Workflow progress
INFO:state_machine_operator.manager.manager:  > Completions                 0
INFO:state_machine_operator.manager.manager:  > In progress                 6
INFO:state_machine_operator.manager.manager:  > New job sequences submit    0 
INFO:state_machine_operator.manager.manager:
> 🌀 Starting step mlrunner
INFO:state_machine_operator.manager.manager:> Workflow needs
INFO:state_machine_operator.manager.manager:  > total completions           6 
INFO:state_machine_operator.manager.manager:  > max nodes allowed use       6

INFO:state_machine_operator.manager.manager:> Current state
INFO:state_machine_operator.manager.manager:  > nodes / step                1 
INFO:state_machine_operator.manager.manager:  > jobs needed                 6 
INFO:state_machine_operator.manager.manager:  > nodes allowed               6 
INFO:state_machine_operator.manager.manager:  > jobs allowed                6

INFO:state_machine_operator.manager.manager:> Workflow progress
INFO:state_machine_operator.manager.manager:  > Completions                 0
INFO:state_machine_operator.manager.manager:  > In progress                 6
INFO:state_machine_operator.manager.manager:  > New job sequences submit    0 
INFO:state_machine_operator.manager.manager:
> 🌀 Starting step mlrunner
INFO:state_machine_operator.manager.manager:> Workflow needs
INFO:state_machine_operator.manager.manager:  > total completions           6 
INFO:state_machine_operator.manager.manager:  > max nodes allowed use       6

INFO:state_machine_operator.manager.manager:> Current state
INFO:state_machine_operator.manager.manager:  > nodes / step                1 
INFO:state_machine_operator.manager.manager:  > jobs needed                 6 
INFO:state_machine_operator.manager.manager:  > nodes allowed               6 
INFO:state_machine_operator.manager.manager:  > jobs allowed                6

INFO:state_machine_operator.manager.manager:> Workflow progress
INFO:state_machine_operator.manager.manager:  > Completions                 0
INFO:state_machine_operator.manager.manager:  > In progress                 6
INFO:state_machine_operator.manager.manager:  > New job sequences submit    0 
INFO:state_machine_operator.manager.manager:
> 🌀 Starting step mlrunner
INFO:state_machine_operator.manager.manager:> Workflow needs
INFO:state_machine_operator.manager.manager:  > total completions           6 
INFO:state_machine_operator.manager.manager:  > max nodes allowed use       6

INFO:state_machine_operator.manager.manager:> Current state
INFO:state_machine_operator.manager.manager:  > nodes / step                1 
INFO:state_machine_operator.manager.manager:  > jobs needed                 6 
INFO:state_machine_operator.manager.manager:  > nodes allowed               6 
INFO:state_machine_operator.manager.manager:  > jobs allowed                6

INFO:state_machine_operator.manager.manager:> Workflow progress
INFO:state_machine_operator.manager.manager:  > Completions                 0
INFO:state_machine_operator.manager.manager:  > In progress                 6
INFO:state_machine_operator.manager.manager:  > New job sequences submit    0 
INFO:state_machine_operator.manager.manager:
> 🌀 Starting step mlrunner
INFO:state_machine_operator.manager.manager:> Workflow needs
INFO:state_machine_operator.manager.manager:  > total completions           6 
INFO:state_machine_operator.manager.manager:  > max nodes allowed use       6

INFO:state_machine_operator.manager.manager:> Current state
INFO:state_machine_operator.manager.manager:  > nodes / step                1 
INFO:state_machine_operator.manager.manager:  > jobs needed                 6 
INFO:state_machine_operator.manager.manager:  > nodes allowed               6 
INFO:state_machine_operator.manager.manager:  > jobs allowed                6

INFO:state_machine_operator.manager.manager:> Workflow progress
INFO:state_machine_operator.manager.manager:  > Completions                 0
INFO:state_machine_operator.manager.manager:  > In progress                 6
INFO:state_machine_operator.manager.manager:  > New job sequences submit    0 
INFO:state_machine_operator.manager.manager:
> 🌀 Starting step mlrunner
INFO:state_machine_operator.manager.manager:> Workflow needs
INFO:state_machine_operator.manager.manager:  > total completions           6 
INFO:state_machine_operator.manager.manager:  > max nodes allowed use       6

INFO:state_machine_operator.manager.manager:> Current state
INFO:state_machine_operator.manager.manager:  > nodes / step                1 
INFO:state_machine_operator.manager.manager:  > jobs needed                 6 
INFO:state_machine_operator.manager.manager:  > nodes allowed               6 
INFO:state_machine_operator.manager.manager:  > jobs allowed                6

INFO:state_machine_operator.manager.manager:> Workflow progress
INFO:state_machine_operator.manager.manager:  > Completions                 0
INFO:state_machine_operator.manager.manager:  > In progress                 6
INFO:state_machine_operator.manager.manager:  > New job sequences submit    0 
INFO:state_machine_operator.manager.manager:
> 🌀 Starting step mlrunner
INFO:state_machine_operator.manager.manager:> Workflow needs
INFO:state_machine_operator.manager.manager:  > total completions           6 
INFO:state_machine_operator.manager.manager:  > max nodes allowed use       6

INFO:state_machine_operator.manager.manager:> Current state
INFO:state_machine_operator.manager.manager:  > nodes / step                1 
INFO:state_machine_operator.manager.manager:  > jobs needed                 6 
INFO:state_machine_operator.manager.manager:  > nodes allowed               6 
INFO:state_machine_operator.manager.manager:  > jobs allowed                6

INFO:state_machine_operator.manager.manager:> Workflow progress
INFO:state_machine_operator.manager.manager:  > Completions                 0
INFO:state_machine_operator.manager.manager:  > In progress                 6
INFO:state_machine_operator.manager.manager:  > New job sequences submit    0 
INFO:state_machine_operator.manager.manager:
> 🌀 Starting step mlrunner
INFO:state_machine_operator.manager.manager:> Workflow needs
INFO:state_machine_operator.manager.manager:  > total completions           6 
INFO:state_machine_operator.manager.manager:  > max nodes allowed use       6

INFO:state_machine_operator.manager.manager:> Current state
INFO:state_machine_operator.manager.manager:  > nodes / step                1 
INFO:state_machine_operator.manager.manager:  > jobs needed                 6 
INFO:state_machine_operator.manager.manager:  > nodes allowed               6 
INFO:state_machine_operator.manager.manager:  > jobs allowed                6

INFO:state_machine_operator.manager.manager:> Workflow progress
INFO:state_machine_operator.manager.manager:  > Completions                 0
INFO:state_machine_operator.manager.manager:  > In progress                 6
INFO:state_machine_operator.manager.manager:  > New job sequences submit    0 
INFO:state_machine_operator.manager.manager:
> 🌀 Starting step mlrunner
INFO:state_machine_operator.manager.manager:> Workflow needs
INFO:state_machine_operator.manager.manager:  > total completions           6 
INFO:state_machine_operator.manager.manager:  > max nodes allowed use       6

INFO:state_machine_operator.manager.manager:> Current state
INFO:state_machine_operator.manager.manager:  > nodes / step                1 
INFO:state_machine_operator.manager.manager:  > jobs needed                 6 
INFO:state_machine_operator.manager.manager:  > nodes allowed               6 
INFO:state_machine_operator.manager.manager:  > jobs allowed                6

INFO:state_machine_operator.manager.manager:> Workflow progress
INFO:state_machine_operator.manager.manager:  > Completions                 0
INFO:state_machine_operator.manager.manager:  > In progress                 6
INFO:state_machine_operator.manager.manager:  > New job sequences submit    0 
INFO:state_machine_operator.manager.manager:
> 🌀 Starting step mlrunner
INFO:state_machine_operator.manager.manager:> Workflow needs
INFO:state_machine_operator.manager.manager:  > total completions           6 
INFO:state_machine_operator.manager.manager:  > max nodes allowed use       6

INFO:state_machine_operator.manager.manager:> Current state
INFO:state_machine_operator.manager.manager:  > nodes / step                1 
INFO:state_machine_operator.manager.manager:  > jobs needed                 6 
INFO:state_machine_operator.manager.manager:  > nodes allowed               6 
INFO:state_machine_operator.manager.manager:  > jobs allowed                6

INFO:state_machine_operator.manager.manager:> Workflow progress
INFO:state_machine_operator.manager.manager:  > Completions                 0
INFO:state_machine_operator.manager.manager:  > In progress                 6
INFO:state_machine_operator.manager.manager:  > New job sequences submit    0 
INFO:state_machine_operator.manager.manager:
> 🌀 Starting step mlrunner
INFO:state_machine_operator.manager.manager:> Workflow needs
INFO:state_machine_operator.manager.manager:  > total completions           6 
INFO:state_machine_operator.manager.manager:  > max nodes allowed use       6

INFO:state_machine_operator.manager.manager:> Current state
INFO:state_machine_operator.manager.manager:  > nodes / step                1 
INFO:state_machine_operator.manager.manager:  > jobs needed                 6 
INFO:state_machine_operator.manager.manager:  > nodes allowed               6 
INFO:state_machine_operator.manager.manager:  > jobs allowed                6

INFO:state_machine_operator.manager.manager:> Workflow progress
INFO:state_machine_operator.manager.manager:  > Completions                 0
INFO:state_machine_operator.manager.manager:  > In progress                 6
INFO:state_machine_operator.manager.manager:  > New job sequences submit    0 
INFO:state_machine_operator.manager.manager:
> 🌀 Starting step mlrunner
INFO:state_machine_operator.manager.manager:> Workflow needs
INFO:state_machine_operator.manager.manager:  > total completions           6 
INFO:state_machine_operator.manager.manager:  > max nodes allowed use       6

INFO:state_machine_operator.manager.manager:> Current state
INFO:state_machine_operator.manager.manager:  > nodes / step                1 
INFO:state_machine_operator.manager.manager:  > jobs needed                 6 
INFO:state_machine_operator.manager.manager:  > nodes allowed               6 
INFO:state_machine_operator.manager.manager:  > jobs allowed                6

INFO:state_machine_operator.manager.manager:> Workflow progress
INFO:state_machine_operator.manager.manager:  > Completions                 0
INFO:state_machine_operator.manager.manager:  > In progress                 6
INFO:state_machine_operator.manager.manager:  > New job sequences submit    0 
INFO:state_machine_operator.manager.manager:
> 🌀 Starting step mlrunner
INFO:state_machine_operator.manager.manager:> Workflow needs
INFO:state_machine_operator.manager.manager:  > total completions           6 
INFO:state_machine_operator.manager.manager:  > max nodes allowed use       6

INFO:state_machine_operator.manager.manager:> Current state
INFO:state_machine_operator.manager.manager:  > nodes / step                1 
INFO:state_machine_operator.manager.manager:  > jobs needed                 6 
INFO:state_machine_operator.manager.manager:  > nodes allowed               6 
INFO:state_machine_operator.manager.manager:  > jobs allowed                6

INFO:state_machine_operator.manager.manager:> Workflow progress
INFO:state_machine_operator.manager.manager:  > Completions                 0
INFO:state_machine_operator.manager.manager:  > In progress                 6
INFO:state_machine_operator.manager.manager:  > New job sequences submit    0 
INFO:state_machine_operator.manager.manager:
> 🌀 Starting step mlrunner
INFO:state_machine_operator.manager.manager:> Workflow needs
INFO:state_machine_operator.manager.manager:  > total completions           6 
INFO:state_machine_operator.manager.manager:  > max nodes allowed use       6

INFO:state_machine_operator.manager.manager:> Current state
INFO:state_machine_operator.manager.manager:  > nodes / step                1 
INFO:state_machine_operator.manager.manager:  > jobs needed                 6 
INFO:state_machine_operator.manager.manager:  > nodes allowed               6 
INFO:state_machine_operator.manager.manager:  > jobs allowed                6

INFO:state_machine_operator.manager.manager:> Workflow progress
INFO:state_machine_operator.manager.manager:  > Completions                 0
INFO:state_machine_operator.manager.manager:  > In progress                 6
INFO:state_machine_operator.manager.manager:  > New job sequences submit    0 
INFO:state_machine_operator.manager.manager:
> 🌀 Starting step mlrunner
INFO:state_machine_operator.manager.manager:> Workflow needs
INFO:state_machine_operator.manager.manager:  > total completions           6 
INFO:state_machine_operator.manager.manager:  > max nodes allowed use       6

INFO:state_machine_operator.manager.manager:> Current state
INFO:state_machine_operator.manager.manager:  > nodes / step                1 
INFO:state_machine_operator.manager.manager:  > jobs needed                 6 
INFO:state_machine_operator.manager.manager:  > nodes allowed               6 
INFO:state_machine_operator.manager.manager:  > jobs allowed                6

INFO:state_machine_operator.manager.manager:> Workflow progress
INFO:state_machine_operator.manager.manager:  > Completions                 0
INFO:state_machine_operator.manager.manager:  > In progress                 6
INFO:state_machine_operator.manager.manager:  > New job sequences submit    0 
INFO:state_machine_operator.manager.manager:
> 🌀 Starting step mlrunner
INFO:state_machine_operator.manager.manager:> Workflow needs
INFO:state_machine_operator.manager.manager:  > total completions           6 
INFO:state_machine_operator.manager.manager:  > max nodes allowed use       6

INFO:state_machine_operator.manager.manager:> Current state
INFO:state_machine_operator.manager.manager:  > nodes / step                1 
INFO:state_machine_operator.manager.manager:  > jobs needed                 6 
INFO:state_machine_operator.manager.manager:  > nodes allowed               6 
INFO:state_machine_operator.manager.manager:  > jobs allowed                6

INFO:state_machine_operator.manager.manager:> Workflow progress
INFO:state_machine_operator.manager.manager:  > Completions                 0
INFO:state_machine_operator.manager.manager:  > In progress                 6
INFO:state_machine_operator.manager.manager:  > New job sequences submit    0 
INFO:state_machine_operator.manager.manager:
> 🌀 Starting step mlrunner
INFO:state_machine_operator.manager.manager:> Workflow needs
INFO:state_machine_operator.manager.manager:  > total completions           6 
INFO:state_machine_operator.manager.manager:  > max nodes allowed use       6

INFO:state_machine_operator.manager.manager:> Current state
INFO:state_machine_operator.manager.manager:  > nodes / step                1 
INFO:state_machine_operator.manager.manager:  > jobs needed                 6 
INFO:state_machine_operator.manager.manager:  > nodes allowed               6 
INFO:state_machine_operator.manager.manager:  > jobs allowed                6

INFO:state_machine_operator.manager.manager:> Workflow progress
INFO:state_machine_operator.manager.manager:  > Completions                 0
INFO:state_machine_operator.manager.manager:  > In progress                 6
INFO:state_machine_operator.manager.manager:  > New job sequences submit    0 
INFO:state_machine_operator.manager.manager:
> 🌀 Starting step mlrunner
INFO:state_machine_operator.manager.manager:> Workflow needs
INFO:state_machine_operator.manager.manager:  > total completions           6 
INFO:state_machine_operator.manager.manager:  > max nodes allowed use       6

INFO:state_machine_operator.manager.manager:> Current state
INFO:state_machine_operator.manager.manager:  > nodes / step                1 
INFO:state_machine_operator.manager.manager:  > jobs needed                 6 
INFO:state_machine_operator.manager.manager:  > nodes allowed               6 
INFO:state_machine_operator.manager.manager:  > jobs allowed                6

INFO:state_machine_operator.manager.manager:> Workflow progress
INFO:state_machine_operator.manager.manager:  > Completions                 0
INFO:state_machine_operator.manager.manager:  > In progress                 6
INFO:state_machine_operator.manager.manager:  > New job sequences submit    0 
INFO:state_machine_operator.manager.manager:
> 🌀 Starting step mlrunner
INFO:state_machine_operator.manager.manager:> Workflow needs
INFO:state_machine_operator.manager.manager:  > total completions           6 
INFO:state_machine_operator.manager.manager:  > max nodes allowed use       6

INFO:state_machine_operator.manager.manager:> Current state
INFO:state_machine_operator.manager.manager:  > nodes / step                1 
INFO:state_machine_operator.manager.manager:  > jobs needed                 6 
INFO:state_machine_operator.manager.manager:  > nodes allowed               6 
INFO:state_machine_operator.manager.manager:  > jobs allowed                6

INFO:state_machine_operator.manager.manager:> Workflow progress
INFO:state_machine_operator.manager.manager:  > Completions                 0
INFO:state_machine_operator.manager.manager:  > In progress                 6
INFO:state_machine_operator.manager.manager:  > New job sequences submit    0 
INFO:state_machine_operator.manager.manager:
> 🌀 Starting step mlrunner
INFO:state_machine_operator.manager.manager:> Workflow needs
INFO:state_machine_operator.manager.manager:  > total completions           6 
INFO:state_machine_operator.manager.manager:  > max nodes allowed use       6

INFO:state_machine_operator.manager.manager:> Current state
INFO:state_machine_operator.manager.manager:  > nodes / step                1 
INFO:state_machine_operator.manager.manager:  > jobs needed                 6 
INFO:state_machine_operator.manager.manager:  > nodes allowed               6 
INFO:state_machine_operator.manager.manager:  > jobs allowed                6

INFO:state_machine_operator.manager.manager:> Workflow progress
INFO:state_machine_operator.manager.manager:  > Completions                 0
INFO:state_machine_operator.manager.manager:  > In progress                 6
INFO:state_machine_operator.manager.manager:  > New job sequences submit    0 
INFO:state_machine_operator.manager.manager:
> 🌀 Starting step mlrunner
INFO:state_machine_operator.manager.manager:> Workflow needs
INFO:state_machine_operator.manager.manager:  > total completions           6 
INFO:state_machine_operator.manager.manager:  > max nodes allowed use       6

INFO:state_machine_operator.manager.manager:> Current state
INFO:state_machine_operator.manager.manager:  > nodes / step                1 
INFO:state_machine_operator.manager.manager:  > jobs needed                 6 
INFO:state_machine_operator.manager.manager:  > nodes allowed               6 
INFO:state_machine_operator.manager.manager:  > jobs allowed                6

INFO:state_machine_operator.manager.manager:> Workflow progress
INFO:state_machine_operator.manager.manager:  > Completions                 0
INFO:state_machine_operator.manager.manager:  > In progress                 6
INFO:state_machine_operator.manager.manager:  > New job sequences submit    0 
INFO:state_machine_operator.manager.manager:
> 🌀 Starting step mlrunner
INFO:state_machine_operator.manager.manager:> Workflow needs
INFO:state_machine_operator.manager.manager:  > total completions           6 
INFO:state_machine_operator.manager.manager:  > max nodes allowed use       6

INFO:state_machine_operator.manager.manager:> Current state
INFO:state_machine_operator.manager.manager:  > nodes / step                1 
INFO:state_machine_operator.manager.manager:  > jobs needed                 6 
INFO:state_machine_operator.manager.manager:  > nodes allowed               6 
INFO:state_machine_operator.manager.manager:  > jobs allowed                6

INFO:state_machine_operator.manager.manager:> Workflow progress
INFO:state_machine_operator.manager.manager:  > Completions                 0
INFO:state_machine_operator.manager.manager:  > In progress                 6
INFO:state_machine_operator.manager.manager:  > New job sequences submit    0 
INFO:state_machine_operator.manager.manager:
> 🌀 Starting step mlrunner
INFO:state_machine_operator.manager.manager:> Workflow needs
INFO:state_machine_operator.manager.manager:  > total completions           6 
INFO:state_machine_operator.manager.manager:  > max nodes allowed use       6

INFO:state_machine_operator.manager.manager:> Current state
INFO:state_machine_operator.manager.manager:  > nodes / step                1 
INFO:state_machine_operator.manager.manager:  > jobs needed                 6 
INFO:state_machine_operator.manager.manager:  > nodes allowed               6 
INFO:state_machine_operator.manager.manager:  > jobs allowed                6

INFO:state_machine_operator.manager.manager:> Workflow progress
INFO:state_machine_operator.manager.manager:  > Completions                 0
INFO:state_machine_operator.manager.manager:  > In progress                 6
INFO:state_machine_operator.manager.manager:  > New job sequences submit    0 
INFO:state_machine_operator.manager.manager:
> 🌀 Starting step mlrunner
INFO:state_machine_operator.manager.manager:> Workflow needs
INFO:state_machine_operator.manager.manager:  > total completions           6 
INFO:state_machine_operator.manager.manager:  > max nodes allowed use       6

INFO:state_machine_operator.manager.manager:> Current state
INFO:state_machine_operator.manager.manager:  > nodes / step                1 
INFO:state_machine_operator.manager.manager:  > jobs needed                 6 
INFO:state_machine_operator.manager.manager:  > nodes allowed               6 
INFO:state_machine_operator.manager.manager:  > jobs allowed                6

INFO:state_machine_operator.manager.manager:> Workflow progress
INFO:state_machine_operator.manager.manager:  > Completions                 0
INFO:state_machine_operator.manager.manager:  > In progress                 6
INFO:state_machine_operator.manager.manager:  > New job sequences submit    0 
INFO:state_machine_operator.manager.manager:
> 🌀 Starting step mlrunner
INFO:state_machine_operator.manager.manager:> Workflow needs
INFO:state_machine_operator.manager.manager:  > total completions           6 
INFO:state_machine_operator.manager.manager:  > max nodes allowed use       6

INFO:state_machine_operator.manager.manager:> Current state
INFO:state_machine_operator.manager.manager:  > nodes / step                1 
INFO:state_machine_operator.manager.manager:  > jobs needed                 6 
INFO:state_machine_operator.manager.manager:  > nodes allowed               6 
INFO:state_machine_operator.manager.manager:  > jobs allowed                6

INFO:state_machine_operator.manager.manager:> Workflow progress
INFO:state_machine_operator.manager.manager:  > Completions                 0
INFO:state_machine_operator.manager.manager:  > In progress                 6
INFO:state_machine_operator.manager.manager:  > New job sequences submit    0 
INFO:state_machine_operator.manager.manager:
> 🌀 Starting step mlrunner
INFO:state_machine_operator.manager.manager:> Workflow needs
INFO:state_machine_operator.manager.manager:  > total completions           6 
INFO:state_machine_operator.manager.manager:  > max nodes allowed use       6

INFO:state_machine_operator.manager.manager:> Current state
INFO:state_machine_operator.manager.manager:  > nodes / step                1 
INFO:state_machine_operator.manager.manager:  > jobs needed                 6 
INFO:state_machine_operator.manager.manager:  > nodes allowed               6 
INFO:state_machine_operator.manager.manager:  > jobs allowed                6

INFO:state_machine_operator.manager.manager:> Workflow progress
INFO:state_machine_operator.manager.manager:  > Completions                 0
INFO:state_machine_operator.manager.manager:  > In progress                 6
INFO:state_machine_operator.manager.manager:  > New job sequences submit    0 
INFO:state_machine_operator.manager.manager:
> 🌀 Starting step mlrunner
INFO:state_machine_operator.manager.manager:> Workflow needs
INFO:state_machine_operator.manager.manager:  > total completions           6 
INFO:state_machine_operator.manager.manager:  > max nodes allowed use       6

INFO:state_machine_operator.manager.manager:> Current state
INFO:state_machine_operator.manager.manager:  > nodes / step                1 
INFO:state_machine_operator.manager.manager:  > jobs needed                 6 
INFO:state_machine_operator.manager.manager:  > nodes allowed               6 
INFO:state_machine_operator.manager.manager:  > jobs allowed                6

INFO:state_machine_operator.manager.manager:> Workflow progress
INFO:state_machine_operator.manager.manager:  > Completions                 0
INFO:state_machine_operator.manager.manager:  > In progress                 6
INFO:state_machine_operator.manager.manager:  > New job sequences submit    0 
INFO:state_machine_operator.manager.manager:
> 🌀 Starting step mlrunner
INFO:state_machine_operator.manager.manager:> Workflow needs
INFO:state_machine_operator.manager.manager:  > total completions           6 
INFO:state_machine_operator.manager.manager:  > max nodes allowed use       6

INFO:state_machine_operator.manager.manager:> Current state
INFO:state_machine_operator.manager.manager:  > nodes / step                1 
INFO:state_machine_operator.manager.manager:  > jobs needed                 6 
INFO:state_machine_operator.manager.manager:  > nodes allowed               6 
INFO:state_machine_operator.manager.manager:  > jobs allowed                6

INFO:state_machine_operator.manager.manager:> Workflow progress
INFO:state_machine_operator.manager.manager:  > Completions                 0
INFO:state_machine_operator.manager.manager:  > In progress                 6
INFO:state_machine_operator.manager.manager:  > New job sequences submit    0 
INFO:state_machine_operator.manager.manager:
> 🌀 Starting step mlrunner
INFO:state_machine_operator.manager.manager:> Workflow needs
INFO:state_machine_operator.manager.manager:  > total completions           6 
INFO:state_machine_operator.manager.manager:  > max nodes allowed use       6

INFO:state_machine_operator.manager.manager:> Current state
INFO:state_machine_operator.manager.manager:  > nodes / step                1 
INFO:state_machine_operator.manager.manager:  > jobs needed                 6 
INFO:state_machine_operator.manager.manager:  > nodes allowed               6 
INFO:state_machine_operator.manager.manager:  > jobs allowed                6

INFO:state_machine_operator.manager.manager:> Workflow progress
INFO:state_machine_operator.manager.manager:  > Completions                 0
INFO:state_machine_operator.manager.manager:  > In progress                 6
INFO:state_machine_operator.manager.manager:  > New job sequences submit    0 
INFO:state_machine_operator.manager.manager:
> 🌀 Starting step mlrunner
INFO:state_machine_operator.manager.manager:> Workflow needs
INFO:state_machine_operator.manager.manager:  > total completions           6 
INFO:state_machine_operator.manager.manager:  > max nodes allowed use       6

INFO:state_machine_operator.manager.manager:> Current state
INFO:state_machine_operator.manager.manager:  > nodes / step                1 
INFO:state_machine_operator.manager.manager:  > jobs needed                 5 
INFO:state_machine_operator.manager.manager:  > nodes allowed               6 
INFO:state_machine_operator.manager.manager:  > jobs allowed                5

INFO:state_machine_operator.manager.manager:> Workflow progress
INFO:state_machine_operator.manager.manager:  > Completions                 1
INFO:state_machine_operator.manager.manager:  > In progress                 5
INFO:state_machine_operator.manager.manager:  > New job sequences submit    0 
INFO:state_machine_operator.manager.manager:
> 🌀 Starting step mlrunner
INFO:state_machine_operator.manager.manager:> Workflow needs
INFO:state_machine_operator.manager.manager:  > total completions           6 
INFO:state_machine_operator.manager.manager:  > max nodes allowed use       6

INFO:state_machine_operator.manager.manager:> Current state
INFO:state_machine_operator.manager.manager:  > nodes / step                1 
INFO:state_machine_operator.manager.manager:  > jobs needed                 5 
INFO:state_machine_operator.manager.manager:  > nodes allowed               6 
INFO:state_machine_operator.manager.manager:  > jobs allowed                5

INFO:state_machine_operator.manager.manager:> Workflow progress
INFO:state_machine_operator.manager.manager:  > Completions                 1
INFO:state_machine_operator.manager.manager:  > In progress                 5
INFO:state_machine_operator.manager.manager:  > New job sequences submit    0 
INFO:state_machine_operator.manager.manager:
> 🌀 Starting step mlrunner
INFO:state_machine_operator.manager.manager:> Workflow needs
INFO:state_machine_operator.manager.manager:  > total completions           6 
INFO:state_machine_operator.manager.manager:  > max nodes allowed use       6

INFO:state_machine_operator.manager.manager:> Current state
INFO:state_machine_operator.manager.manager:  > nodes / step                1 
INFO:state_machine_operator.manager.manager:  > jobs needed                 4 
INFO:state_machine_operator.manager.manager:  > nodes allowed               6 
INFO:state_machine_operator.manager.manager:  > jobs allowed                4

INFO:state_machine_operator.manager.manager:> Workflow progress
INFO:state_machine_operator.manager.manager:  > Completions                 2
INFO:state_machine_operator.manager.manager:  > In progress                 4
INFO:state_machine_operator.manager.manager:  > New job sequences submit    0 
INFO:state_machine_operator.manager.manager:
> 🌀 Starting step mlrunner
INFO:state_machine_operator.manager.manager:> Workflow needs
INFO:state_machine_operator.manager.manager:  > total completions           6 
INFO:state_machine_operator.manager.manager:  > max nodes allowed use       6

INFO:state_machine_operator.manager.manager:> Current state
INFO:state_machine_operator.manager.manager:  > nodes / step                1 
INFO:state_machine_operator.manager.manager:  > jobs needed                 4 
INFO:state_machine_operator.manager.manager:  > nodes allowed               6 
INFO:state_machine_operator.manager.manager:  > jobs allowed                4

INFO:state_machine_operator.manager.manager:> Workflow progress
INFO:state_machine_operator.manager.manager:  > Completions                 2
INFO:state_machine_operator.manager.manager:  > In progress                 4
INFO:state_machine_operator.manager.manager:  > New job sequences submit    0 
INFO:state_machine_operator.manager.manager:
> 🌀 Starting step mlrunner
INFO:state_machine_operator.manager.manager:> Workflow needs
INFO:state_machine_operator.manager.manager:  > total completions           6 
INFO:state_machine_operator.manager.manager:  > max nodes allowed use       6

INFO:state_machine_operator.manager.manager:> Current state
INFO:state_machine_operator.manager.manager:  > nodes / step                1 
INFO:state_machine_operator.manager.manager:  > jobs needed                 2 
INFO:state_machine_operator.manager.manager:  > nodes allowed               6 
INFO:state_machine_operator.manager.manager:  > jobs allowed                2

INFO:state_machine_operator.manager.manager:> Workflow progress
INFO:state_machine_operator.manager.manager:  > Completions                 4
INFO:state_machine_operator.manager.manager:  > In progress                 2
INFO:state_machine_operator.manager.manager:  > New job sequences submit    0 
INFO:state_machine_operator.manager.manager:
> 🌀 Starting step mlrunner
INFO:state_machine_operator.manager.manager:> Workflow needs
INFO:state_machine_operator.manager.manager:  > total completions           6 
INFO:state_machine_operator.manager.manager:  > max nodes allowed use       6

INFO:state_machine_operator.manager.manager:> Current state
INFO:state_machine_operator.manager.manager:  > nodes / step                1 
INFO:state_machine_operator.manager.manager:  > jobs needed                 2 
INFO:state_machine_operator.manager.manager:  > nodes allowed               6 
INFO:state_machine_operator.manager.manager:  > jobs allowed                2

INFO:state_machine_operator.manager.manager:> Workflow progress
INFO:state_machine_operator.manager.manager:  > Completions                 4
INFO:state_machine_operator.manager.manager:  > In progress                 2
INFO:state_machine_operator.manager.manager:  > New job sequences submit    0 
INFO:state_machine_operator.manager.manager:
> 🌀 Starting step mlrunner
INFO:state_machine_operator.manager.manager:> Workflow needs
INFO:state_machine_operator.manager.manager:  > total completions           6 
INFO:state_machine_operator.manager.manager:  > max nodes allowed use       6

INFO:state_machine_operator.manager.manager:> Current state
INFO:state_machine_operator.manager.manager:  > nodes / step                1 
INFO:state_machine_operator.manager.manager:  > jobs needed                 2 
INFO:state_machine_operator.manager.manager:  > nodes allowed               6 
INFO:state_machine_operator.manager.manager:  > jobs allowed                2

INFO:state_machine_operator.manager.manager:> Workflow progress
INFO:state_machine_operator.manager.manager:  > Completions                 4
INFO:state_machine_operator.manager.manager:  > In progress                 2
INFO:state_machine_operator.manager.manager:  > New job sequences submit    0 
INFO:state_machine_operator.manager.manager:
> 🌀 Starting step mlrunner
INFO:state_machine_operator.manager.manager:> Workflow needs
INFO:state_machine_operator.manager.manager:  > total completions           6 
INFO:state_machine_operator.manager.manager:  > max nodes allowed use       6

INFO:state_machine_operator.manager.manager:> Current state
INFO:state_machine_operator.manager.manager:  > nodes / step                1 
INFO:state_machine_operator.manager.manager:  > jobs needed                 2 
INFO:state_machine_operator.manager.manager:  > nodes allowed               6 
INFO:state_machine_operator.manager.manager:  > jobs allowed                2

INFO:state_machine_operator.manager.manager:> Workflow progress
INFO:state_machine_operator.manager.manager:  > Completions                 4
INFO:state_machine_operator.manager.manager:  > In progress                 2
INFO:state_machine_operator.manager.manager:  > New job sequences submit    0 
INFO:state_machine_operator.manager.manager:
> 🌀 Starting step mlrunner
INFO:state_machine_operator.manager.manager:> Workflow needs
INFO:state_machine_operator.manager.manager:  > total completions           6 
INFO:state_machine_operator.manager.manager:  > max nodes allowed use       6

INFO:state_machine_operator.manager.manager:> Current state
INFO:state_machine_operator.manager.manager:  > nodes / step                1 
INFO:state_machine_operator.manager.manager:  > jobs needed                 1 
INFO:state_machine_operator.manager.manager:  > nodes allowed               6 
INFO:state_machine_operator.manager.manager:  > jobs allowed                1

INFO:state_machine_operator.manager.manager:> Workflow progress
INFO:state_machine_operator.manager.manager:  > Completions                 5
INFO:state_machine_operator.manager.manager:  > In progress                 1
INFO:state_machine_operator.manager.manager:  > New job sequences submit    0 
INFO:state_machine_operator.manager.manager:
> 🌀 Starting step mlrunner
INFO:state_machine_operator.manager.manager:> Workflow needs
INFO:state_machine_operator.manager.manager:  > total completions           6 
INFO:state_machine_operator.manager.manager:  > max nodes allowed use       6

INFO:state_machine_operator.manager.manager:> Current state
INFO:state_machine_operator.manager.manager:  > nodes / step                1 
INFO:state_machine_operator.manager.manager:  > jobs needed                 1 
INFO:state_machine_operator.manager.manager:  > nodes allowed               6 
INFO:state_machine_operator.manager.manager:  > jobs allowed                1

INFO:state_machine_operator.manager.manager:> Workflow progress
INFO:state_machine_operator.manager.manager:  > Completions                 5
INFO:state_machine_operator.manager.manager:  > In progress                 1
INFO:state_machine_operator.manager.manager:  > New job sequences submit    0 
INFO:state_machine_operator.manager.manager:
> 🌀 Starting step mlrunner
INFO:state_machine_operator.manager.manager:> Workflow needs
INFO:state_machine_operator.manager.manager:  > total completions           6 
INFO:state_machine_operator.manager.manager:  > max nodes allowed use       6

INFO:state_machine_operator.manager.manager:> Current state
INFO:state_machine_operator.manager.manager:  > nodes / step                1 
INFO:state_machine_operator.manager.manager:  > jobs needed                 0 
INFO:state_machine_operator.manager.manager:  > nodes allowed               6 
INFO:state_machine_operator.manager.manager:  > jobs allowed                0

INFO:state_machine_operator.manager.manager:> Workflow progress
INFO:state_machine_operator.manager.manager:  > Completions                 6
INFO:state_machine_operator.manager.manager:  > In progress                 0
INFO:state_machine_operator.manager.manager:  > New job sequences submit    0 
INFO:state_machine_operator.manager.manager:Workflow is complete - 6/6 are done
> Launching workflow manager on (manager)
Workflow is complete. You can delete the deployment to clean up.
