state-machine-manager start /opt/jobs/state-machine-workflow.yaml --config-dir=/opt/jobs --quiet --scheduler kubernetes --registry registry-0.state-machine.default.svc.cluster.local:5000 --plain-http
> Launching workflow manager on (manager)
INFO:state_machine_operator.manager.manager: Job Prefix: [job_]
INFO:state_machine_operator.manager.manager:  Scheduler: [kubernetes]
INFO:state_machine_operator.manager.manager:   Registry: [registry-0.state-machine.default.svc.cluster.local:5000]
INFO:state_machine_operator.manager.manager:Manager running with 0 job sequence completions.
INFO:state_machine_operator.manager.manager:Job job_022813226 is active and not completed
INFO:state_machine_operator.manager.manager:Job job_022813226 is active and not completed
INFO:state_machine_operator.manager.manager:Job job_022813226 is active and not completed
INFO:state_machine_operator.manager.manager:Job job_022813226 is active and not completed
INFO:state_machine_operator.manager.manager:Job job_022813226 is active and not completed
INFO:state_machine_operator.manager.manager:Job job_022813226 is active and not completed
Saving log for pytorch-job-022813226-jobset-0-0-m786r
Saving log file /opt/logs/pytorch-job_022813226-0.out
Saving log file /opt/logs/pytorch-job_022813226-1.out
Saving log file /opt/logs/pytorch-job_022813226-2.out
Saving log file /opt/logs/pytorch-job_022813226-3.out
INFO:state_machine_operator.manager.manager:Loading custom metric {'job_name': 'pytorch-job-022813226-jobset-0', 'step_name': 'pytorch', 'metrics': {'accuracy': 0.5045}}
INFO:state_machine_operator.manager.metrics:Adding custom metrics for pytorch-job-022813226-jobset-0
INFO:state_machine_operator.manager.manager:Step pytorch is marked for repeat: max.pytorch.accuracy < 0.7 (0.5045)
INFO:state_machine_operator.manager.manager:Job job_022813226 is successful
INFO:state_machine_operator.manager.manager:Step pytorch is marked for repeat: max.pytorch.accuracy < 0.7 (0.5045)
INFO:state_machine_operator.manager.manager:Job job_022813226 is active and not completed
INFO:state_machine_operator.manager.manager:Job job_022813226 is active and not completed
INFO:state_machine_operator.manager.manager:Job job_022813226 is active and not completed
INFO:state_machine_operator.manager.manager:Job job_022813226 is active and not completed
INFO:state_machine_operator.manager.manager:Job job_022813226 is active and not completed
INFO:state_machine_operator.manager.manager:Step pytorch is marked for repeat: max.pytorch.accuracy < 0.7 (0.5045)
Saving log for pytorch-job-022813226-jobset-0-0-7tpz2
Saving log file /opt/logs/pytorch-job_022813226-0.out
Saving log file /opt/logs/pytorch-job_022813226-1.out
Saving log file /opt/logs/pytorch-job_022813226-2.out
Saving log file /opt/logs/pytorch-job_022813226-3.out
INFO:state_machine_operator.manager.manager:Loading custom metric {'job_name': 'pytorch-job-022813226-jobset-0', 'step_name': 'pytorch', 'metrics': {'accuracy': 0.6237}}
INFO:state_machine_operator.manager.metrics:Adding custom metrics for pytorch-job-022813226-jobset-0
INFO:state_machine_operator.manager.manager:Step pytorch is marked for repeat: max.pytorch.accuracy < 0.7 (0.6237)
INFO:state_machine_operator.manager.manager:Job job_022813226 is successful
INFO:state_machine_operator.manager.manager:Step pytorch is marked for repeat: max.pytorch.accuracy < 0.7 (0.6237)
INFO:state_machine_operator.manager.manager:Job job_022813226 is active and not completed
INFO:state_machine_operator.manager.manager:Job job_022813226 is active and not completed
INFO:state_machine_operator.manager.manager:Job job_022813226 is active and not completed
INFO:state_machine_operator.manager.manager:Step pytorch is marked for repeat: max.pytorch.accuracy < 0.7 (0.6237)
Saving log for pytorch-job-022813226-jobset-0-0-kbdhs
Saving log file /opt/logs/pytorch-job_022813226-0.out
Saving log file /opt/logs/pytorch-job_022813226-1.out
Saving log file /opt/logs/pytorch-job_022813226-2.out
Saving log file /opt/logs/pytorch-job_022813226-3.out
INFO:state_machine_operator.manager.manager:Loading custom metric {'job_name': 'pytorch-job-022813226-jobset-0', 'step_name': 'pytorch', 'metrics': {'accuracy': 0.6746}}
INFO:state_machine_operator.manager.metrics:Adding custom metrics for pytorch-job-022813226-jobset-0
INFO:state_machine_operator.manager.manager:Step pytorch is marked for repeat: max.pytorch.accuracy < 0.7 (0.6746)
INFO:state_machine_operator.manager.manager:Job job_022813226 is successful
INFO:state_machine_operator.manager.manager:Step pytorch is marked for repeat: max.pytorch.accuracy < 0.7 (0.6746)
INFO:state_machine_operator.manager.manager:Job job_022813226 is active and not completed
INFO:state_machine_operator.manager.manager:Job job_022813226 is active and not completed
INFO:state_machine_operator.manager.manager:Job job_022813226 is active and not completed
INFO:state_machine_operator.manager.manager:Step pytorch is marked for repeat: max.pytorch.accuracy < 0.7 (0.6746)
Saving log for pytorch-job-022813226-jobset-0-0-9t9sw
Saving log file /opt/logs/pytorch-job_022813226-0.out
Saving log file /opt/logs/pytorch-job_022813226-1.out
Saving log file /opt/logs/pytorch-job_022813226-2.out
Saving log file /opt/logs/pytorch-job_022813226-3.out
INFO:state_machine_operator.manager.manager:Loading custom metric {'job_name': 'pytorch-job-022813226-jobset-0', 'step_name': 'pytorch', 'metrics': {'accuracy': 0.6869}}
INFO:state_machine_operator.manager.metrics:Adding custom metrics for pytorch-job-022813226-jobset-0
INFO:state_machine_operator.manager.manager:Step pytorch is marked for repeat: max.pytorch.accuracy < 0.7 (0.6869)
INFO:state_machine_operator.manager.manager:Job job_022813226 is successful
INFO:state_machine_operator.manager.manager:Step pytorch is marked for repeat: max.pytorch.accuracy < 0.7 (0.6869)
INFO:state_machine_operator.manager.manager:Job job_022813226 is active and not completed
INFO:state_machine_operator.manager.manager:Job job_022813226 is active and not completed
INFO:state_machine_operator.manager.manager:Job job_022813226 is active and not completed
INFO:state_machine_operator.manager.manager:Step pytorch is marked for repeat: max.pytorch.accuracy < 0.7 (0.6869)
Saving log for pytorch-job-022813226-jobset-0-0-ptwvn
Saving log file /opt/logs/pytorch-job_022813226-0.out
Saving log file /opt/logs/pytorch-job_022813226-1.out
Saving log file /opt/logs/pytorch-job_022813226-2.out
Saving log file /opt/logs/pytorch-job_022813226-3.out
INFO:state_machine_operator.manager.manager:Loading custom metric {'job_name': 'pytorch-job-022813226-jobset-0', 'step_name': 'pytorch', 'metrics': {'accuracy': 0.7079}}
INFO:state_machine_operator.manager.metrics:Adding custom metrics for pytorch-job-022813226-jobset-0
INFO:state_machine_operator.manager.manager:Job job_022813226 is successful
INFO:state_machine_operator.manager.manager:Workflow completion triggered: max.pytorch.accuracy >= 0.7 (0.7079)
=== nodes
{"ip-192-168-12-64.ec2.internal": {"created": 1743820389.0, "labels": {"alpha.eksctl.io/cluster-name": "mummi-ml-gpu", "alpha.eksctl.io/nodegroup-name": "workers", "beta.kubernetes.io/arch": "amd64", "beta.kubernetes.io/instance-type": "p3.2xlarge", "beta.kubernetes.io/os": "linux", "eks.amazonaws.com/capacityType": "ON_DEMAND", "eks.amazonaws.com/nodegroup": "workers", "eks.amazonaws.com/nodegroup-image": "ami-01ffdc534f0e6e862", "eks.amazonaws.com/sourceLaunchTemplateId": "lt-085cabb787f489fdb", "eks.amazonaws.com/sourceLaunchTemplateVersion": "1", "failure-domain.beta.kubernetes.io/region": "us-east-1", "failure-domain.beta.kubernetes.io/zone": "us-east-1b", "flux-operator": "true", "k8s.io/cloud-provider-aws": "2772bc3090367da8603180ffdcfb8b6a", "kubernetes.io/arch": "amd64", "kubernetes.io/hostname": "ip-192-168-12-64.ec2.internal", "kubernetes.io/os": "linux", "node.kubernetes.io/instance-type": "p3.2xlarge", "topology.kubernetes.io/region": "us-east-1", "topology.kubernetes.io/zone": "us-east-1b"}, "conditions": [{"last_transition_time": 1743820402.0, "message": "kubelet is posting ready status", "reason": "KubeletReady", "status": true, "type": "Ready", "recorded_at": 1743823797.6916153}], "is_ready": true}, "ip-192-168-18-233.ec2.internal": {"created": 1743820387.0, "labels": {"alpha.eksctl.io/cluster-name": "mummi-ml-gpu", "alpha.eksctl.io/nodegroup-name": "workers", "beta.kubernetes.io/arch": "amd64", "beta.kubernetes.io/instance-type": "p3.2xlarge", "beta.kubernetes.io/os": "linux", "eks.amazonaws.com/capacityType": "ON_DEMAND", "eks.amazonaws.com/nodegroup": "workers", "eks.amazonaws.com/nodegroup-image": "ami-01ffdc534f0e6e862", "eks.amazonaws.com/sourceLaunchTemplateId": "lt-085cabb787f489fdb", "eks.amazonaws.com/sourceLaunchTemplateVersion": "1", "failure-domain.beta.kubernetes.io/region": "us-east-1", "failure-domain.beta.kubernetes.io/zone": "us-east-1b", "flux-operator": "true", "k8s.io/cloud-provider-aws": "2772bc3090367da8603180ffdcfb8b6a", "kubernetes.io/arch": "amd64", "kubernetes.io/hostname": "ip-192-168-18-233.ec2.internal", "kubernetes.io/os": "linux", "node.kubernetes.io/instance-type": "p3.2xlarge", "topology.kubernetes.io/region": "us-east-1", "topology.kubernetes.io/zone": "us-east-1b"}, "conditions": [{"last_transition_time": 1743820404.0, "message": "kubelet is posting ready status", "reason": "KubeletReady", "status": true, "type": "Ready", "recorded_at": 1743823797.6917834}], "is_ready": true}, "ip-192-168-27-50.ec2.internal": {"created": 1743820386.0, "labels": {"alpha.eksctl.io/cluster-name": "mummi-ml-gpu", "alpha.eksctl.io/nodegroup-name": "workers", "beta.kubernetes.io/arch": "amd64", "beta.kubernetes.io/instance-type": "p3.2xlarge", "beta.kubernetes.io/os": "linux", "eks.amazonaws.com/capacityType": "ON_DEMAND", "eks.amazonaws.com/nodegroup": "workers", "eks.amazonaws.com/nodegroup-image": "ami-01ffdc534f0e6e862", "eks.amazonaws.com/sourceLaunchTemplateId": "lt-085cabb787f489fdb", "eks.amazonaws.com/sourceLaunchTemplateVersion": "1", "failure-domain.beta.kubernetes.io/region": "us-east-1", "failure-domain.beta.kubernetes.io/zone": "us-east-1b", "flux-operator": "true", "k8s.io/cloud-provider-aws": "2772bc3090367da8603180ffdcfb8b6a", "kubernetes.io/arch": "amd64", "kubernetes.io/hostname": "ip-192-168-27-50.ec2.internal", "kubernetes.io/os": "linux", "node.kubernetes.io/instance-type": "p3.2xlarge", "topology.kubernetes.io/region": "us-east-1", "topology.kubernetes.io/zone": "us-east-1b"}, "conditions": [{"last_transition_time": 1743820403.0, "message": "kubelet is posting ready status", "reason": "KubeletReady", "status": true, "type": "Ready", "recorded_at": 1743823797.6919327}], "is_ready": true}, "ip-192-168-3-77.ec2.internal": {"created": 1743820389.0, "labels": {"alpha.eksctl.io/cluster-name": "mummi-ml-gpu", "alpha.eksctl.io/nodegroup-name": "workers", "beta.kubernetes.io/arch": "amd64", "beta.kubernetes.io/instance-type": "p3.2xlarge", "beta.kubernetes.io/os": "linux", "eks.amazonaws.com/capacityType": "ON_DEMAND", "eks.amazonaws.com/nodegroup": "workers", "eks.amazonaws.com/nodegroup-image": "ami-01ffdc534f0e6e862", "eks.amazonaws.com/sourceLaunchTemplateId": "lt-085cabb787f489fdb", "eks.amazonaws.com/sourceLaunchTemplateVersion": "1", "failure-domain.beta.kubernetes.io/region": "us-east-1", "failure-domain.beta.kubernetes.io/zone": "us-east-1b", "flux-operator": "true", "k8s.io/cloud-provider-aws": "2772bc3090367da8603180ffdcfb8b6a", "kubernetes.io/arch": "amd64", "kubernetes.io/hostname": "ip-192-168-3-77.ec2.internal", "kubernetes.io/os": "linux", "node.kubernetes.io/instance-type": "p3.2xlarge", "topology.kubernetes.io/region": "us-east-1", "topology.kubernetes.io/zone": "us-east-1b"}, "conditions": [{"last_transition_time": 1743820402.0, "message": "kubelet is posting ready status", "reason": "KubeletReady", "status": true, "type": "Ready", "recorded_at": 1743823797.692082}], "is_ready": true}}
===
=== times
{"times": {"list_jobs_by_status": [0.012, 0.007, 0.009, 0.031, 0.018, 0.015, 0.014, 0.011, 0.01, 0.019, 0.016, 0.01, 0.017, 0.011, 0.01, 0.017, 0.016, 0.009, 0.013, 0.016]}, "timestamps": {"workflow_start": 1743823797.5812073, "job_022813226_pytorch_start": 1743823797.6960135, "job_022813226_pytorch_succeeded": 1743823917.0777957, "workflow_complete": 1743824381.4123018}}
===
🌊 Streaming ML Model Summary: {"variance": {"pytorch": {"duration": 2.3, "accuracy": 0.007}}, "mean": {"pytorch": {"duration": 116.4, "accuracy": 0.64}}, "iqr": {"pytorch": {"duration": 0.0, "accuracy": 0.063}}, "max": {"pytorch": {"duration": 119.0, "accuracy": 0.708}}, "min": {"pytorch": {"duration": 115.0, "accuracy": 0.504}}, "mad": {"pytorch": {"duration": 0.0, "accuracy": 0.012}}, "count": {"pytorch": {"success": 5, "accuracy": 5}}}
Workflow is complete. You can delete the deployment to clean up.
