2025-03-09 05:14:26,832 - [MainProcess:58] root:init_logger:344 - INFO - Enabled
2025-03-09 05:14:26,832 - [MainProcess:58] root:init_logger:345 - WARNING - Enabled
2025-03-09 05:14:26,832 - [MainProcess:58] root:init_logger:346 - ERROR - Enabled
2025-03-09 05:14:26,832 - [MainProcess:58] root:init_logger:347 - CRITICAL - Enabled
2025-03-09 05:14:26,839 - [MainProcess:58] root:_log_profile:78 - PROFILE - [106.062 MB]: Enabled
2025-03-09 05:14:26,839 - [MainProcess:58] mummi_ras.transformations.createsim.createsims:main:2180 - INFO - Running createsims, options are:
2025-03-09 05:14:26,839 - [MainProcess:58] mummi_ras.transformations.createsim.createsims:main:2181 - INFO - Namespace(fstype='simple', outpath='/tmp/out', outlocal='/tmp/workdir', inpath='/tmp/workdir', loglevel=2, logpath='/tmp/workdir', logstdout=False, logfile='createsims', patch='structure_092849392', gromacs='gmx', mpi='gmx mdrun', mdrunopt=' -ntmpi 1 -ntomp 6 -pin off', simnum='', mini=True)
2025-03-09 05:14:26,839 - [MainProcess:58] mummi_ras.transformations.createsim.createsims:main:2182 - INFO - GROMACS       = gmx
2025-03-09 05:14:26,839 - [MainProcess:58] mummi_ras.transformations.createsim.createsims:main:2183 - INFO - GROMACS single precision path /miniconda3/bin/gmx
2025-03-09 05:14:26,839 - [MainProcess:58] mummi_ras.transformations.createsim.createsims:main:2184 - INFO - mdrun_o       =  -ntmpi 1 -ntomp 6 -pin off
2025-03-09 05:14:26,839 - [MainProcess:58] mummi_ras.transformations.createsim.createsims:main:2185 - INFO - mdrun_mpi     = gmx mdrun
2025-03-09 05:14:26,839 - [MainProcess:58] mummi_ras.transformations.createsim.createsims:main:2186 - INFO - init outpath  = /tmp/out
2025-03-09 05:14:26,839 - [MainProcess:58] mummi_ras.transformations.createsim.createsims:main:2187 - INFO - init outlocal = /tmp/workdir
2025-03-09 05:14:26,843 - [MainProcess:58] mummi_ras.transformations.createsim.createsims:main:2196 - INFO - Using IO_Interface [<class 'mummi_core.interfaces.simple.IO_Simple'>] for all output
2025-03-09 05:14:26,843 - [MainProcess:58] mummi_ras.transformations.createsim.createsims:main:2365 - INFO - Read in generated input structure after healing = /tmp/workdir/092849392/structure_092849392.gro
2025-03-09 05:14:26,850 - [MainProcess:58] MDAnalysis.core.universe:guess_TopologyAttrs:1682 - INFO - attribute types has been guessed successfully.
2025-03-09 05:14:26,850 - [MainProcess:58] MDAnalysis.core.universe:guess_TopologyAttrs:1682 - INFO - attribute masses has been guessed successfully.
2025-03-09 05:14:26,850 - [MainProcess:58] mummi_ras.transformations.createsim.createsims:main:2369 - INFO - Setting up patch structure_092849392 in mini-MuMMI style
2025-03-09 05:14:26,850 - [MainProcess:58] mummi_ras.transformations.createsim.particlesim:getProteinFeedback:168 - INFO - Feedback AA to CG - no new .itp's found in /opt/clones/mummi-ras/feedback-aa2cg use inital/default RAS-ONLY .itp - /opt/clones/mummi_resources/martini3/RAS_scfix-CYFpos
2025-03-09 05:14:26,850 - [MainProcess:58] mummi_ras.transformations.createsim.particlesim:getProteinFeedback:168 - INFO - Feedback AA to CG - no new .itp's found in /opt/clones/mummi-ras/feedback-aa2cg use inital/default RAS-RAF .itp - /opt/clones/mummi_resources/martini3/RAS_RAF_TERNARY_scfix-CYFpos
2025-03-09 05:14:26,851 - [MainProcess:58] mummi_ras.transformations.createsim.particlesim:getProteinFeedback:168 - INFO - Feedback AA to CG - no new .itp's found in /opt/clones/mummi-ras/feedback-aa2cg use inital/default RAS4A-ONLY .itp - /opt/clones/mummi_resources/martini3/RAS4A_scfix-CYFpos
2025-03-09 05:14:26,851 - [MainProcess:58] mummi_ras.transformations.createsim.particlesim:getProteinFeedback:168 - INFO - Feedback AA to CG - no new .itp's found in /opt/clones/mummi-ras/feedback-aa2cg use inital/default RAS4A-RAF .itp - /opt/clones/mummi_resources/martini3/RAS4A_RAF_scfix-CYFpos
2025-03-09 05:14:26,851 - [MainProcess:58] mummi_ras.transformations.createsim.particlesim:__init__:149 - INFO - Final itp's after feedback check: RAS4B /opt/clones/mummi_resources/martini3/RAS_scfix-CYFpos, RAS4B-RAF /opt/clones/mummi_resources/martini3/RAS_RAF_TERNARY_scfix-CYFpos, RAS4A /opt/clones/mummi_resources/martini3/RAS4A_scfix-CYFpos, RAS4A-RAF /opt/clones/mummi_resources/martini3/RAS4A_RAF_scfix-CYFpos, ddcMD folder /opt/clones/mummi_resources/ddcmd-martini3, ref pdbs []
2025-03-09 05:14:26,854 - [MainProcess:58] mummi_ras.transformations.createsim.createsims:main:2571 - INFO - final outpath = /tmp/out
2025-03-09 05:14:26,854 - [MainProcess:58] mummi_ras.transformations.createsim.createsims:main:2572 - INFO - final outlocal = /tmp/workdir
2025-03-09 05:14:26,854 - [MainProcess:58] mummi_ras.transformations.createsim.createsims:main:2597 - INFO - Creating PG Particle simulation...
2025-03-09 05:14:26,854 - [MainProcess:58] mummi_ras.transformations.createsim.particlesim:create:230 - INFO - -> Particle simulation RAS_RAF has been created
2025-03-09 05:14:26,854 - [MainProcess:58] mummi_ras.transformations.createsim.createsims:setup_cg_sim:97 - INFO - ---> Setup CG sim and run eq in dir /tmp/workdir
2025-03-09 05:14:26,859 - [MainProcess:58] mummi_core.utils.utilities:sys_call:184 - INFO - Run command: cp /opt/clones/mummi_resources/martini3/martini_v2.x_new-rf*.mdp .
2025-03-09 05:14:26,863 - [MainProcess:58] mummi_core.utils.utilities:sys_call:184 - INFO - Run command: sed -ie 's/XXX/ -DACYM280/g' martini_v2.x_new-rf-*.mdp
2025-03-09 05:14:26,863 - [MainProcess:58] mummi_ras.transformations.createsim.createsims:setup_cg_sim:129 - INFO - ---> Proteins are pressent they are: [{'id': 0, 'type': 'RAS-RAF', 'angle': '', 'beads': -1, 'state': 'N/A', 'position': [10, 10], 'structure_pre_assigned': True, 'structure': '/tmp/workdir/struct_createsim.gro', 'charge': -1, 'ff_options': ' -DACYM280'}]
2025-03-09 05:14:26,863 - [MainProcess:58] mummi_ras.transformations.createsim.createsims:setup_cg_sim:130 - INFO - ---> After protein alignment: rotation ['/tmp/workdir/struct_createsim.gro'] posInserted [[10, 10]]
2025-03-09 05:14:26,863 - [MainProcess:58] mummi_ras.transformations.createsim.createsims:setup_cg_sim:175 - INFO - ---> Manual protein alignment insane protein string =  -ras /tmp/workdir/struct_createsim.gro l 10 10 -1 -1 
2025-03-09 05:14:26,863 - [MainProcess:58] mummi_ras.transformations.createsim.createsims:setup_cg_sim:180 - INFO - ---> System setup/EM try number 0
2025-03-09 05:14:26,866 - [MainProcess:58] mummi_core.utils.utilities:sys_call:184 - INFO - Run command: sed -ie 's/xPATHx/\/opt\/clones\/mummi_resources\/martini3/g' system.top
2025-03-09 05:14:27,099 - [MainProcess:58] mummi_core.utils.utilities:sys_call:184 - INFO - Run command: python /opt/clones/mummi_resources/martini3/insane-ck-m3.py -salt 0.15 -x 20 -y 20 -z 15 -charge -1 -pbc square -sol W -asym -65 -rand 0.095 -o lipids-water.gro -uf psimSubPatch_upper.pat -lf psimSubPatch_lower.pat  -ras /tmp/workdir/struct_createsim.gro l 10 10 -1 -1  2>&1 | tee -a system.top
2025-03-09 05:14:27,102 - [MainProcess:58] mummi_core.utils.utilities:sys_call:184 - INFO - Run command: sed -ie '0,/Protein          1/s//RAS_RAF          1/g' system.top
2025-03-09 05:14:27,831 - [MainProcess:58] mummi_core.utils.utilities:sys_call:184 - INFO - Run command: gmx grompp -c lipids-water.gro -r lipids-water.gro -f martini_v2.x_new-rf-em.mdp -p system.top -o topol.tpr -maxwarn 5
2025-03-09 05:14:31,119 - [MainProcess:58] mummi_core.utils.utilities:sys_call:184 - INFO - Run command: gmx mdrun  -ntmpi 1 -ntomp 6 -pin off  -c lipids-water-em.gro >> mdrun-em.log 2>&1
2025-03-09 05:14:31,285 - [MainProcess:58] mummi_core.utils.utilities:sys_call:184 - INFO - Run command: echo 0 | gmx trjconv -f lipids-water-em.gro -o lipids-water-em.gro -pbc mol -s topol.tpr
2025-03-09 05:14:31,657 - [MainProcess:58] mummi_core.utils.utilities:sys_call:184 - INFO - Run command: gmx make_ndx -f lipids-water-em.gro -o index.ndx < index-selection.txt
2025-03-09 05:14:32,398 - [MainProcess:58] mummi_core.utils.utilities:sys_call:184 - INFO - Run command: gmx grompp -c lipids-water-em.gro -f martini_v2.x_new-rf-eq1.mdp  -p system.top -o topol.tpr -maxwarn 5 -n index.ndx -r lipids-water-em.gro
2025-03-09 05:16:15,220 - [MainProcess:58] mummi_core.utils.utilities:sys_call:184 - INFO - Run command: gmx mdrun  -ntmpi 1 -ntomp 6 -pin off  -c lipids-water-eq1.gro >> mdrun-eq1.log 2>&1 
2025-03-09 05:16:15,976 - [MainProcess:58] mummi_core.utils.utilities:sys_call:184 - INFO - Run command: gmx grompp -c lipids-water-eq1.gro -f martini_v2.x_new-rf-eq2.mdp  -p system.top -o topol.tpr -maxwarn 5 -n index.ndx -r lipids-water-em.gro
2025-03-09 05:19:51,657 - [MainProcess:58] mummi_core.utils.utilities:sys_call:184 - INFO - Run command: gmx mdrun  -ntmpi 1 -ntomp 6 -pin off  -c lipids-water-eq2.gro >> mdrun-eq2.log 2>&1
2025-03-09 05:19:52,408 - [MainProcess:58] mummi_core.utils.utilities:sys_call:184 - INFO - Run command: gmx grompp -c lipids-water-eq2.gro -f martini_v2.x_new-rf-eq3-PULL.mdp -p system.top -o topol.tpr -maxwarn 5 -n index.ndx -r lipids-water-em.gro
2025-03-09 05:34:11,152 - [MainProcess:58] mummi_core.utils.utilities:sys_call:184 - INFO - Run command: gmx mdrun  -ntmpi 1 -ntomp 6 -pin off  -c lipids-water-eq3.gro >> mdrun-eq3.log 2>&1
2025-03-09 05:34:11,942 - [MainProcess:58] mummi_core.utils.utilities:sys_call:184 - INFO - Run command: gmx grompp -c lipids-water-eq3.gro -f martini_v2.x_new-rf-eq4.mdp -p system.top -o topol.tpr -maxwarn 5 -n index.ndx -r lipids-water-eq3.gro
2025-03-09 05:34:31,578 - [MainProcess:58] mummi_core.utils.utilities:sys_call:184 - INFO - Run command: gmx mdrun  -ntmpi 1 -ntomp 6 -pin off  -c lipids-water-eq4.gro >> mdrun-eq4.log 2>&1
2025-03-09 05:34:32,374 - [MainProcess:58] mummi_core.utils.utilities:sys_call:184 - INFO - Run command: gmx grompp -c lipids-water-eq4.gro -f martini_v2.x_new-rf-eq5.mdp -p system.top -o topol.tpr -maxwarn 5 -n index.ndx -r lipids-water-eq4.gro
2025-03-09 05:35:11,439 - [MainProcess:58] mummi_core.utils.utilities:sys_call:184 - INFO - Run command: gmx mdrun  -ntmpi 1 -ntomp 6 -pin off  -c lipids-water-eq5.gro >> mdrun-eq5.log 2>&1
2025-03-09 05:35:12,233 - [MainProcess:58] mummi_core.utils.utilities:sys_call:184 - INFO - Run command: gmx grompp -c lipids-water-eq5.gro -f martini_v2.x_new-rf-eq6.mdp -p system.top -o topol.tpr -maxwarn 5 -n index.ndx -r lipids-water-eq5.gro
2025-03-09 05:38:44,535 - [MainProcess:58] mummi_core.utils.utilities:sys_call:184 - INFO - Run command: gmx mdrun  -ntmpi 1 -ntomp 6 -pin off  -c lipids-water-eq6.gro >> mdrun-eq6.log 2>&1
2025-03-09 05:38:44,543 - [MainProcess:58] mummi_core.utils.utilities:sys_call:184 - INFO - Run command: rm \#* step*.pdb || true
2025-03-09 05:38:44,549 - [MainProcess:58] mummi_core.utils.utilities:sys_call:184 - INFO - Run command: rm system.tope state.cpt state_prev.cpt traj_comp.xtc traj.trr mdout.mdp md.log ener.edr index-old.ndx temp-index-end.txt || true
2025-03-09 05:38:46,260 - [MainProcess:58] mummi_core.utils.utilities:sys_call:184 - INFO - Run command: tar -czvf createsims.tar.gz psimSubPatch_lower.pat psimSubPatch_upper.pat protein-*-rotate.gro protein-ALL.gro index-selection.txt lipids-water-em.gro lipids-water-eq1.gro lipids-water-eq2.gro lipids-water-eq3.gro lipids-water.gro martini_v2.x_new-rf-eq3-PULL.mdp mdrun-em.log mdrun-eq1.log mdrun-eq2.log mdrun-eq3.log mdrun-eq4.log pullf.xvg pullx.xvg lipid_counts.npz mdrun-eq5.log lipids-water-eq5.gro mdrun-eq6.log lipids-water-eq4.gro macro_sim_dir/snapshot.* macro_sim_dir/macro_createsims.out struct_createsim.gro || true
2025-03-09 05:38:46,268 - [MainProcess:58] mummi_core.utils.utilities:sys_call:184 - INFO - Run command: rm psimSubPatch_lower.pat psimSubPatch_upper.pat protein-*-rotate.gro protein-ALL.gro index-selection.txt lipids-water-em.gro lipids-water-eq1.gro lipids-water-eq2.gro lipids-water-eq3.gro lipids-water.gro martini_v2.x_new-rf-e*.mdp martini_v2.x_new-rf-*.mdpe mdrun-em.log mdrun-eq1.log mdrun-eq2.log mdrun-eq3.log traj_comp.step*.xtc mdrun-eq4.log pullf.xvg pullx.xvg lipid_counts.npz mdrun-eq5.log lipids-water-eq5.gro mdrun-eq6.log lipids-water-eq4.gro struct_createsim.gro || true
2025-03-09 05:38:46,272 - [MainProcess:58] mummi_core.utils.utilities:sys_call:184 - INFO - Run command: rm -r macro_sim_dir || true
2025-03-09 05:38:46,272 - [MainProcess:58] mummi_ras.transformations.createsim.createsims:main:2608 - INFO - Running conversion from GROMACS to ddcMD...
2025-03-09 05:38:46,272 - [MainProcess:58] mummi_ras.transformations.createsim.createsims:prime_cg_sim:592 - INFO - ---> Setup CG production sim in dir /tmp/workdir
2025-03-09 05:38:46,452 - [MainProcess:58] mummi_core.utils.utilities:sys_call:184 - INFO - Run command: gmx editconf -f lipids-water-eq6.gro -o lipids-water-eq6.gro -translate 0 0 -0.5 
2025-03-09 05:38:47,190 - [MainProcess:58] mummi_core.utils.utilities:sys_call:184 - INFO - Run command: gmx grompp -c lipids-water-eq6.gro -r lipids-water-eq6.gro -f martini_v2.x_new-rf-prod.mdp -p system.top -o topol.tpr -maxwarn 5 -n index.ndx
2025-03-09 05:38:47,195 - [MainProcess:58] mummi_core.utils.utilities:sys_call:184 - INFO - Run command: rm \#* || true
2025-03-09 05:38:47,199 - [MainProcess:58] mummi_core.utils.utilities:sys_call:184 - INFO - Run command: rm fancy-slurm-syrah.she fancy.she lipids-water-eq4-fix.pdbe mdout.mdp system.tope molecule_1.data molecule_2.data molecule_3.data || true
2025-03-09 05:38:47,199 - [MainProcess:58] mummi_core.interfaces.base:send_signal:280 - INFO - Saved signal (/tmp/out/createsims_success)
2025-03-09 05:38:47,200 - [MainProcess:58] mummi_ras.transformations.createsim.createsims:main:2619 - INFO - ---> Createsims finish successfully for sim RAS_RAF
2025-03-09 05:38:47,200 - [MainProcess:58] mummi_ras.transformations.createsim.createsims:main:2624 - INFO - Creatsims takes = 1460.3569836616516 seconds
2025-03-09 05:38:47,200 - [MainProcess:58] mummi_ras.transformations.createsim.createsims:main:2660 - INFO - ---> Copied form local to global - /tmp/workdir/* /tmp/out/
