                :-) GROMACS - gmx mdrun, 2024.2-conda_forge (-:

Copyright 1991-2024 The GROMACS Authors.
GROMACS is free software; you can redistribute it and/or modify it
under the terms of the GNU Lesser General Public License
as published by the Free Software Foundation; either version 2.1
of the License, or (at your option) any later version.

                         Current GROMACS contributors:
       Mark Abraham           Andrey Alekseenko           Vladimir Basov      
      Cathrine Bergh            Eliane Briand               Ania Brown        
      Mahesh Doijade            Giacomo Fiorin          Stefan Fleischmann    
      Sergey Gorelov         Gilles Gouaillardet            Alan Gray         
     M. Eric Irrgang         Farzaneh Jalalypour            Joe Jordan        
     Carsten Kutzner           Justin A. Lemkul          Magnus Lundborg      
       Pascal Merz              Vedran Miletic            Dmitry Morozov      
       Julien Nabet              Szilard Pall        Andrea Pasquadibisceglie 
    Michele Pellegrino          Hubert Santuz             Roland Schulz       
     Tatiana Shugaeva          Alexey Shvetsov            Philip Turner       
     Alessandra Villa      Sebastian Wingbermuehle  

                         Previous GROMACS contributors:
        Emile Apol             Rossen Apostolov           James Barnett       
        Paul Bauer          Herman J.C. Berendsen          Par Bjelkmar       
      Christian Blau          Viacheslav Bolnykh            Kevin Boyd        
    Aldert van Buuren          Carlo Camilloni           Rudi van Drunen      
      Anton Feenstra           Oliver Fleetwood            Vytas Gapsys       
       Gaurav Garg             Gerrit Groenhof            Bert de Groot       
      Anca Hamuraru           Vincent Hindriksen          Victor Holanda      
     Aleksei Iupinov          Christoph Junghans        Prashanth Kanduri     
   Dimitrios Karkoulis           Peter Kasson             Sebastian Kehl      
     Sebastian Keller             Jiri Kraus               Per Larsson        
      Viveca Lindahl            Erik Marklund           Pieter Meulenhoff     
      Teemu Murtola              Sander Pronk             Michael Shirts      
      Alfons Sijbers            Balint Soproni         David van der Spoel    
      Peter Tieleman            Carsten Uphoff             Jon Vincent        
     Teemu Virolainen         Christian Wennberg           Maarten Wolf       
      Artem Zhmurov       

                  Coordinated by the GROMACS project leaders:
                           Berk Hess and Erik Lindahl

GROMACS:      gmx mdrun, version 2024.2-conda_forge
Executable:   /miniconda3/bin.AVX2_256/gmx
Data prefix:  /miniconda3
Working dir:  /tmp/workdir
Process ID:   64
Command line:
  gmx mdrun -cpi -nb gpu -ntmpi 1 -ntomp 8 -pin off -maxh 0.5

GROMACS version:     2024.2-conda_forge
Precision:           mixed
Memory model:        64 bit
MPI library:         thread_mpi
OpenMP support:      enabled (GMX_OPENMP_MAX_THREADS = 128)
GPU support:         CUDA
NBNxM GPU setup:     super-cluster 2x2x2 / cluster 8
SIMD instructions:   AVX2_256
CPU FFT library:     fftw-3.3.10-sse2-avx
GPU FFT library:     cuFFT
Multi-GPU FFT:       none
RDTSCP usage:        disabled
TNG support:         enabled
Hwloc support:       disabled
Tracing support:     disabled
C compiler:          /home/conda/feedstock_root/build_artifacts/gromacs_1720551881628/_build_env/bin/x86_64-conda-linux-gnu-cc GNU 11.4.0
C compiler flags:    -fexcess-precision=fast -funroll-all-loops -mavx2 -mfma -Wno-missing-field-initializers -O3 -DNDEBUG
C++ compiler:        /home/conda/feedstock_root/build_artifacts/gromacs_1720551881628/_build_env/bin/x86_64-conda-linux-gnu-c++ GNU 11.4.0
C++ compiler flags:  -fexcess-precision=fast -funroll-all-loops -mavx2 -mfma -Wno-missing-field-initializers -Wno-cast-function-type-strict SHELL:-fopenmp -O3 -DNDEBUG
BLAS library:        Internal
LAPACK library:      Internal
CUDA compiler:       /usr/local/cuda/bin/nvcc nvcc: NVIDIA (R) Cuda compiler driver;Copyright (c) 2005-2022 NVIDIA Corporation;Built on Wed_Sep_21_10:33:58_PDT_2022;Cuda compilation tools, release 11.8, V11.8.89;Build cuda_11.8.r11.8/compiler.31833905_0
CUDA compiler flags:-std=c++17;--generate-code=arch=compute_35,code=sm_35;--generate-code=arch=compute_37,code=sm_37;--generate-code=arch=compute_50,code=sm_50;--generate-code=arch=compute_52,code=sm_52;--generate-code=arch=compute_60,code=sm_60;--generate-code=arch=compute_61,code=sm_61;--generate-code=arch=compute_70,code=sm_70;--generate-code=arch=compute_75,code=sm_75;--generate-code=arch=compute_80,code=sm_80;--generate-code=arch=compute_86,code=sm_86;--generate-code=arch=compute_89,code=sm_89;--generate-code=arch=compute_90,code=sm_90;-Wno-deprecated-gpu-targets;--generate-code=arch=compute_53,code=sm_53;--generate-code=arch=compute_80,code=sm_80;-use_fast_math;-Xptxas;-warn-double-usage;-Xptxas;-Werror;;-Xcompiler;-fopenmp;-fexcess-precision=fast -funroll-all-loops -mavx2 -mfma -Wno-missing-field-initializers -Wno-cast-function-type-strict SHELL:-fopenmp -O3 -DNDEBUG
CUDA driver:         12.40
CUDA runtime:        11.80


Running on 1 node with total 4 cores, 8 processing units, 1 compatible GPU
Hardware detected on host cganalysis-structure-049657234-w7t29:
  CPU info:
    Vendor: Intel
    Brand:  Intel(R) Xeon(R) CPU E5-2686 v4 @ 2.30GHz
    Family: 6   Model: 79   Stepping: 1
    Features: aes apic avx avx2 clfsh cmov cx8 cx16 f16c fma hle htt intel lahf mmx msr nonstop_tsc pcid pclmuldq pdpe1gb popcnt pse rdrnd rdtscp rtm sse2 sse3 sse4.1 sse4.2 ssse3 tdt x2apic
  Hardware topology: Basic
    Packages, cores, and logical processors:
    [indices refer to OS logical processors]
      Package  0: [   0   4] [   1   5] [   2   6] [   3   7]
    CPU limit set by OS: 7   Recommended max number of threads: 7
  GPU info:
    Number of GPUs detected: 1
    #0: NVIDIA Tesla V100-SXM2-16GB, compute cap.: 7.0, ECC: yes, stat: compatible

The current CPU can measure timings more accurately than the code in
gmx mdrun was configured to use. This might affect your simulation
speed as accurate timings are needed for load-balancing.
Please consider rebuilding gmx mdrun with the GMX_USE_RDTSCP=ON CMake option.

++++ PLEASE READ AND CITE THE FOLLOWING REFERENCE ++++
M. J. Abraham, T. Murtola, R. Schulz, S. Páll, J. C. Smith, B. Hess, E.
Lindahl
GROMACS: High performance molecular simulations through multi-level
parallelism from laptops to supercomputers
SoftwareX 1 (2015) pp. 19-25
-------- -------- --- Thank You --- -------- --------


++++ PLEASE READ AND CITE THE FOLLOWING REFERENCE ++++
S. Páll, M. J. Abraham, C. Kutzner, B. Hess, E. Lindahl
Tackling Exascale Software Challenges in Molecular Dynamics Simulations with
GROMACS
In S. Markidis & E. Laure (Eds.), Solving Software Challenges for Exascale 8759 (2015) pp. 3-27
-------- -------- --- Thank You --- -------- --------


++++ PLEASE READ AND CITE THE FOLLOWING REFERENCE ++++
S. Pronk, S. Páll, R. Schulz, P. Larsson, P. Bjelkmar, R. Apostolov, M. R.
Shirts, J. C. Smith, P. M. Kasson, D. van der Spoel, B. Hess, and E. Lindahl
GROMACS 4.5: a high-throughput and highly parallel open source molecular
simulation toolkit
Bioinformatics 29 (2013) pp. 845-54
-------- -------- --- Thank You --- -------- --------


++++ PLEASE READ AND CITE THE FOLLOWING REFERENCE ++++
B. Hess and C. Kutzner and D. van der Spoel and E. Lindahl
GROMACS 4: Algorithms for highly efficient, load-balanced, and scalable
molecular simulation
J. Chem. Theory Comput. 4 (2008) pp. 435-447
-------- -------- --- Thank You --- -------- --------


++++ PLEASE READ AND CITE THE FOLLOWING REFERENCE ++++
D. van der Spoel, E. Lindahl, B. Hess, G. Groenhof, A. E. Mark and H. J. C.
Berendsen
GROMACS: Fast, Flexible and Free
J. Comp. Chem. 26 (2005) pp. 1701-1719
-------- -------- --- Thank You --- -------- --------


++++ PLEASE READ AND CITE THE FOLLOWING REFERENCE ++++
E. Lindahl and B. Hess and D. van der Spoel
GROMACS 3.0: A package for molecular simulation and trajectory analysis
J. Mol. Mod. 7 (2001) pp. 306-317
-------- -------- --- Thank You --- -------- --------


++++ PLEASE READ AND CITE THE FOLLOWING REFERENCE ++++
H. J. C. Berendsen, D. van der Spoel and R. van Drunen
GROMACS: A message-passing parallel molecular dynamics implementation
Comp. Phys. Comm. 91 (1995) pp. 43-56
-------- -------- --- Thank You --- -------- --------


The number of OpenMP threads was set by environment variable OMP_NUM_THREADS to 8 (and the command-line setting agreed with that)

Input Parameters:
   integrator                     = md
   tinit                          = 0
   dt                             = 0.02
   nsteps                         = -1
   init-step                      = 0
   simulation-part                = 1
   mts                            = false
   mass-repartition-factor        = 1
   comm-mode                      = Linear
   nstcomm                        = 100
   bd-fric                        = 0
   ld-seed                        = -285757443
   emtol                          = 10
   emstep                         = 0.01
   niter                          = 20
   fcstep                         = 0
   nstcgsteep                     = 1000
   nbfgscorr                      = 10
   rtpi                           = 0.05
   nstxout                        = 0
   nstvout                        = 0
   nstfout                        = 0
   nstlog                         = 25000
   nstcalcenergy                  = 100
   nstenergy                      = 25000
   nstxout-compressed             = 25000
   compressed-x-precision         = 100
   cutoff-scheme                  = Verlet
   nstlist                        = 20
   pbc                            = xyz
   periodic-molecules             = false
   verlet-buffer-tolerance        = -1
   verlet-buffer-pressure-tolerance = -1
   rlist                          = 1.35
   coulombtype                    = Reaction-Field
   coulomb-modifier               = Potential-shift
   rcoulomb-switch                = 0
   rcoulomb                       = 1.1
   epsilon-r                      = 15
   epsilon-rf                     = inf
   vdw-type                       = Cut-off
   vdw-modifier                   = Potential-shift
   rvdw-switch                    = 0
   rvdw                           = 1.1
   DispCorr                       = No
   table-extension                = 1
   fourierspacing                 = 0.12
   fourier-nx                     = 0
   fourier-ny                     = 0
   fourier-nz                     = 0
   pme-order                      = 4
   ewald-rtol                     = 1e-05
   ewald-rtol-lj                  = 0.001
   lj-pme-comb-rule               = Geometric
   ewald-geometry                 = 3d
   epsilon-surface                = 0
   ensemble-temperature-setting   = constant
   ensemble-temperature           = 310
   tcoupl                         = V-rescale
   nsttcouple                     = 20
   nh-chain-length                = 0
   print-nose-hoover-chain-variables = false
   pcoupl                         = Parrinello-Rahman
   pcoupltype                     = Semiisotropic
   nstpcouple                     = 20
   tau-p                          = 12
   compressibility (3x3):
      compressibility[    0]={ 3.00000e-04,  0.00000e+00,  0.00000e+00}
      compressibility[    1]={ 0.00000e+00,  3.00000e-04,  0.00000e+00}
      compressibility[    2]={ 0.00000e+00,  0.00000e+00,  3.00000e-04}
   ref-p (3x3):
      ref-p[    0]={ 1.00000e+00,  0.00000e+00,  0.00000e+00}
      ref-p[    1]={ 0.00000e+00,  1.00000e+00,  0.00000e+00}
      ref-p[    2]={ 0.00000e+00,  0.00000e+00,  1.00000e+00}
   refcoord-scaling               = COM
   posres-com (3):
      posres-com[0]= 8.19916e-01
      posres-com[1]= 1.16598e-01
      posres-com[2]= 8.26250e-01
   posres-comB (3):
      posres-comB[0]= 8.19916e-01
      posres-comB[1]= 1.16598e-01
      posres-comB[2]= 8.26250e-01
   QMMM                           = false
qm-opts:
   ngQM                           = 0
   constraint-algorithm           = Lincs
   continuation                   = false
   Shake-SOR                      = false
   shake-tol                      = 0.0001
   lincs-order                    = 12
   lincs-iter                     = 2
   lincs-warnangle                = 90
   nwall                          = 0
   wall-type                      = 9-3
   wall-r-linpot                  = -1
   wall-atomtype[0]               = -1
   wall-atomtype[1]               = -1
   wall-density[0]                = 0
   wall-density[1]                = 0
   wall-ewald-zfac                = 3
   pull                           = false
   awh                            = false
   rotation                       = false
   interactiveMD                  = false
   disre                          = No
   disre-weighting                = Conservative
   disre-mixed                    = false
   dr-fc                          = 1000
   dr-tau                         = 0
   nstdisreout                    = 100
   orire-fc                       = 0
   orire-tau                      = 0
   nstorireout                    = 100
   free-energy                    = no
   cos-acceleration               = 0
   deform (3x3):
      deform[    0]={ 0.00000e+00,  0.00000e+00,  0.00000e+00}
      deform[    1]={ 0.00000e+00,  0.00000e+00,  0.00000e+00}
      deform[    2]={ 0.00000e+00,  0.00000e+00,  0.00000e+00}
   simulated-tempering            = false
   swapcoords                     = no
   userint1                       = 0
   userint2                       = 0
   userint3                       = 0
   userint4                       = 0
   userreal1                      = 0
   userreal2                      = 0
   userreal3                      = 0
   userreal4                      = 0
   applied-forces:
     electric-field:
       x:
         E0                       = 0
         omega                    = 0
         t0                       = 0
         sigma                    = 0
       y:
         E0                       = 0
         omega                    = 0
         t0                       = 0
         sigma                    = 0
       z:
         E0                       = 0
         omega                    = 0
         t0                       = 0
         sigma                    = 0
     density-guided-simulation:
       active                     = false
       group                      = protein
       similarity-measure         = inner-product
       atom-spreading-weight      = unity
       force-constant             = 1e+09
       gaussian-transform-spreading-width = 0.2
       gaussian-transform-spreading-range-in-multiples-of-width = 4
       reference-density-filename = reference.mrc
       nst                        = 1
       normalize-densities        = true
       adaptive-force-scaling     = false
       adaptive-force-scaling-time-constant = 4
       shift-vector               = 
       transformation-matrix      = 
     qmmm-cp2k:
       active                     = false
       qmgroup                    = System
       qmmethod                   = PBE
       qmfilenames                = 
       qmcharge                   = 0
       qmmultiplicity             = 1
     colvars:
       active                     = false
       configfile                 = 
       seed                       = -1
grpopts:
   nrdf:      114942       41843
   ref-t:         310         310
   tau-t:           1           1
annealing:          No          No
annealing-npoints:           0           0
   acc:	           0           0           0
   nfreeze:           N           N           N
   energygrp-flags[  0]: 0

Can not increase nstlist because verlet-buffer-tolerance is not set or used
Update groups can not be used for this system because an incompatible virtual site type is used

Update task can not run on the GPU, because the following condition(s) were not satisfied:

Virtual sites are not supported.

1 GPU selected for this run.
Mapping of GPU IDs to the 1 GPU task in the 1 rank on this node:
  PP:0
PP tasks will do (non-perturbed) short-ranged interactions on the GPU
PP task will update and constrain coordinates on the CPU
Using 1 MPI thread
Using 8 OpenMP threads 


WARNING: Oversubscribing the recommended max load of 7 logical CPUs with 8 threads.
         This will cause considerable performance loss.
System total charge: 0.000
Reaction-Field:
epsRF = 0, rc = 1.1, krf = 0.375657, crf = 1.36364, epsfac = 9.26236
The electrostatics potential has its minimum at r = 1.1
Potential shift: LJ r^-12: -3.186e-01 r^-6: -5.645e-01


Using GPU 8x8 nonbonded short-range kernels

Using a 8x8 pair-list setup:
  updated every 20 steps, buffer 0.250 nm, rlist 1.350 nm

The average pressure is off by at most nan bar due to missing LJ interactions

Using full Lennard-Jones parameter combination matrix
Removing pbc first time

Initializing LINear Constraint Solver

++++ PLEASE READ AND CITE THE FOLLOWING REFERENCE ++++
B. Hess
P-LINCS: A Parallel Linear Constraint Solver for molecular simulation
J. Chem. Theory Comput. 4 (2008) pp. 116-122
-------- -------- --- Thank You --- -------- --------

The number of constraints is 1507
1328 constraints are involved in constraint triangles,
will apply an additional matrix expansion of order 12 for couplings
between constraints inside triangles

++++ PLEASE READ AND CITE THE FOLLOWING REFERENCE ++++
G. Bussi, D. Donadio and M. Parrinello
Canonical sampling through velocity rescaling
J. Chem. Phys. 126 (2007) pp. 014101
-------- -------- --- Thank You --- -------- --------

There are: 52766 Atoms
There are: 1931 VSites

Constraining the starting coordinates (step 0)

Constraining the coordinates at t0-dt (step 0)
Center of mass motion removal mode is Linear
We have the following groups for center of mass motion removal:
  0:  Rest
  1:  Solvent
RMS relative constraint deviation after constraining: 1.24e-06
Initial temperature: 310.996 K

Started mdrun on rank 0 Sat Mar 15 22:09:28 2025

           Step           Time
              0        0.00000

   Energies (kJ/mol)
           Bond  Harmonic Pot.          Angle       G96Angle  Restr. Angles
    1.80389e+04    4.87569e+00    1.28773e+04    5.87208e+02    6.70604e+02
    Proper Dih.  Improper Dih.        LJ (SR)   Coulomb (SR) Position Rest.
    4.17585e+02    4.28972e+02   -1.26964e+06   -1.45748e+04    0.00000e+00
      Potential    Kinetic En.   Total Energy  Conserved En.    Temperature
   -1.25119e+06    2.02573e+05   -1.04862e+06   -1.04826e+06    3.10795e+02
 Pressure (bar)   Constr. rmsd
    1.74428e+00    1.27547e-06

           Step           Time
          25000      500.00000

   Energies (kJ/mol)
           Bond  Harmonic Pot.          Angle       G96Angle  Restr. Angles
    1.87612e+04    3.98092e+00    1.27031e+04    5.04854e+02    6.60894e+02
    Proper Dih.  Improper Dih.        LJ (SR)   Coulomb (SR) Position Rest.
    3.84832e+02    4.34742e+02   -1.27186e+06   -1.44686e+04    1.84587e+01
      Potential    Kinetic En.   Total Energy  Conserved En.    Temperature
   -1.25286e+06    2.01789e+05   -1.05107e+06   -1.04844e+06    3.09591e+02
 Pressure (bar)   Constr. rmsd
    3.01803e+00    1.14560e-06

           Step           Time
          50000     1000.00000

   Energies (kJ/mol)
           Bond  Harmonic Pot.          Angle       G96Angle  Restr. Angles
    1.86900e+04    6.05997e+00    1.29424e+04    5.04835e+02    6.29662e+02
    Proper Dih.  Improper Dih.        LJ (SR)   Coulomb (SR) Position Rest.
    4.30214e+02    4.78747e+02   -1.27195e+06   -1.45631e+04    1.51557e+01
      Potential    Kinetic En.   Total Energy  Conserved En.    Temperature
   -1.25282e+06    2.03035e+05   -1.04978e+06   -1.04866e+06    3.11503e+02
 Pressure (bar)   Constr. rmsd
    2.54612e+01    1.15309e-06

           Step           Time
          75000     1500.00000

   Energies (kJ/mol)
           Bond  Harmonic Pot.          Angle       G96Angle  Restr. Angles
    1.82556e+04    4.59977e+00    1.27854e+04    5.42773e+02    7.11825e+02
    Proper Dih.  Improper Dih.        LJ (SR)   Coulomb (SR) Position Rest.
    4.29966e+02    4.58912e+02   -1.27103e+06   -1.46592e+04    1.67125e+01
      Potential    Kinetic En.   Total Energy  Conserved En.    Temperature
   -1.25248e+06    2.02684e+05   -1.04980e+06   -1.04870e+06    3.10964e+02
 Pressure (bar)   Constr. rmsd
    9.62244e-01    1.13630e-06

           Step           Time
         100000     2000.00000

   Energies (kJ/mol)
           Bond  Harmonic Pot.          Angle       G96Angle  Restr. Angles
    1.84436e+04    3.39578e+00    1.24410e+04    5.31492e+02    7.13384e+02
    Proper Dih.  Improper Dih.        LJ (SR)   Coulomb (SR) Position Rest.
    3.88933e+02    5.09356e+02   -1.27053e+06   -1.45032e+04    1.68032e+01
      Potential    Kinetic En.   Total Energy  Conserved En.    Temperature
   -1.25199e+06    2.01552e+05   -1.05044e+06   -1.04864e+06    3.09228e+02
 Pressure (bar)   Constr. rmsd
   -1.71299e+01    1.14569e-06

           Step           Time
         125000     2500.00000

   Energies (kJ/mol)
           Bond  Harmonic Pot.          Angle       G96Angle  Restr. Angles
    1.83566e+04    4.20058e+00    1.25503e+04    5.61502e+02    6.72559e+02
    Proper Dih.  Improper Dih.        LJ (SR)   Coulomb (SR) Position Rest.
    4.20866e+02    4.81498e+02   -1.27079e+06   -1.44850e+04    1.72106e+01
      Potential    Kinetic En.   Total Energy  Conserved En.    Temperature
   -1.25221e+06    2.01552e+05   -1.05065e+06   -1.04863e+06    3.09228e+02
 Pressure (bar)   Constr. rmsd
   -2.50467e+01    1.13458e-06

           Step           Time
         150000     3000.00000

   Energies (kJ/mol)
           Bond  Harmonic Pot.          Angle       G96Angle  Restr. Angles
    1.86429e+04    3.52701e+00    1.31104e+04    5.64120e+02    6.92276e+02
    Proper Dih.  Improper Dih.        LJ (SR)   Coulomb (SR) Position Rest.
    3.97723e+02    4.66040e+02   -1.27267e+06   -1.45365e+04    2.04028e+01
      Potential    Kinetic En.   Total Energy  Conserved En.    Temperature
   -1.25331e+06    2.01837e+05   -1.05148e+06   -1.04861e+06    3.09665e+02
 Pressure (bar)   Constr. rmsd
    3.61120e+01    1.13849e-06

           Step           Time
         175000     3500.00000

   Energies (kJ/mol)
           Bond  Harmonic Pot.          Angle       G96Angle  Restr. Angles
    1.77306e+04    4.38620e+00    1.26473e+04    5.47388e+02    6.78592e+02
    Proper Dih.  Improper Dih.        LJ (SR)   Coulomb (SR) Position Rest.
    4.17906e+02    4.13493e+02   -1.27290e+06   -1.47608e+04    2.83029e+01
      Potential    Kinetic En.   Total Energy  Conserved En.    Temperature
   -1.25519e+06    2.02080e+05   -1.05311e+06   -1.04864e+06    3.10037e+02
 Pressure (bar)   Constr. rmsd
   -2.09027e+01    1.15750e-06

           Step           Time
         200000     4000.00000

   Energies (kJ/mol)
           Bond  Harmonic Pot.          Angle       G96Angle  Restr. Angles
    1.84818e+04    5.30279e+00    1.25654e+04    5.19744e+02    6.79018e+02
    Proper Dih.  Improper Dih.        LJ (SR)   Coulomb (SR) Position Rest.
    4.26569e+02    4.56562e+02   -1.26976e+06   -1.45485e+04    2.24826e+01
      Potential    Kinetic En.   Total Energy  Conserved En.    Temperature
   -1.25115e+06    2.01497e+05   -1.04965e+06   -1.04853e+06    3.09144e+02
 Pressure (bar)   Constr. rmsd
   -5.70126e-01    1.19944e-06

           Step           Time
         225000     4500.00000

   Energies (kJ/mol)
           Bond  Harmonic Pot.          Angle       G96Angle  Restr. Angles
    1.85333e+04    6.02790e+00    1.25268e+04    5.20517e+02    7.15367e+02
    Proper Dih.  Improper Dih.        LJ (SR)   Coulomb (SR) Position Rest.
    3.41548e+02    4.63174e+02   -1.27067e+06   -1.49521e+04    1.97863e+01
      Potential    Kinetic En.   Total Energy  Conserved En.    Temperature
   -1.25250e+06    2.01460e+05   -1.05104e+06   -1.04871e+06    3.09086e+02
 Pressure (bar)   Constr. rmsd
   -1.52946e+01    1.17703e-06

           Step           Time
         250000     5000.00000

   Energies (kJ/mol)
           Bond  Harmonic Pot.          Angle       G96Angle  Restr. Angles
    1.84996e+04    5.77549e+00    1.28810e+04    5.49481e+02    6.82576e+02
    Proper Dih.  Improper Dih.        LJ (SR)   Coulomb (SR) Position Rest.
    3.98475e+02    4.50402e+02   -1.27165e+06   -1.47254e+04    1.90542e+01
      Potential    Kinetic En.   Total Energy  Conserved En.    Temperature
   -1.25289e+06    2.02073e+05   -1.05082e+06   -1.04894e+06    3.10026e+02
 Pressure (bar)   Constr. rmsd
   -1.44734e+01    1.14265e-06

           Step           Time
         275000     5500.00000

   Energies (kJ/mol)
           Bond  Harmonic Pot.          Angle       G96Angle  Restr. Angles
    1.84004e+04    4.01090e+00    1.25847e+04    5.42436e+02    6.86008e+02
    Proper Dih.  Improper Dih.        LJ (SR)   Coulomb (SR) Position Rest.
    4.03809e+02    4.48263e+02   -1.26967e+06   -1.47329e+04    2.02572e+01
      Potential    Kinetic En.   Total Energy  Conserved En.    Temperature
   -1.25131e+06    2.02064e+05   -1.04924e+06   -1.04901e+06    3.10014e+02
 Pressure (bar)   Constr. rmsd
   -2.73436e+01    1.17540e-06

           Step           Time
         300000     6000.00000

   Energies (kJ/mol)
           Bond  Harmonic Pot.          Angle       G96Angle  Restr. Angles
    1.85314e+04    3.69067e+00    1.27136e+04    5.31150e+02    6.80725e+02
    Proper Dih.  Improper Dih.        LJ (SR)   Coulomb (SR) Position Rest.
    3.87394e+02    4.96273e+02   -1.27031e+06   -1.47915e+04    1.79556e+01
      Potential    Kinetic En.   Total Energy  Conserved En.    Temperature
   -1.25174e+06    2.01540e+05   -1.05020e+06   -1.04906e+06    3.09210e+02
 Pressure (bar)   Constr. rmsd
   -2.85011e+01    1.13112e-06

           Step           Time
         325000     6500.00000

   Energies (kJ/mol)
           Bond  Harmonic Pot.          Angle       G96Angle  Restr. Angles
    1.82999e+04    6.46422e+00    1.28549e+04    5.12760e+02    6.74138e+02
    Proper Dih.  Improper Dih.        LJ (SR)   Coulomb (SR) Position Rest.
    4.14861e+02    4.24434e+02   -1.26981e+06   -1.50556e+04    2.03077e+01
      Potential    Kinetic En.   Total Energy  Conserved En.    Temperature
   -1.25166e+06    2.02281e+05   -1.04938e+06   -1.04936e+06    3.10346e+02
 Pressure (bar)   Constr. rmsd
    9.25045e+00    1.18213e-06

           Step           Time
         350000     7000.00000

   Energies (kJ/mol)
           Bond  Harmonic Pot.          Angle       G96Angle  Restr. Angles
    1.84564e+04    7.70171e+00    1.23738e+04    5.76569e+02    6.66232e+02
    Proper Dih.  Improper Dih.        LJ (SR)   Coulomb (SR) Position Rest.
    4.51104e+02    4.68241e+02   -1.27354e+06   -1.45732e+04    1.69194e+01
      Potential    Kinetic En.   Total Energy  Conserved En.    Temperature
   -1.25510e+06    2.01100e+05   -1.05400e+06   -1.04944e+06    3.08534e+02
 Pressure (bar)   Constr. rmsd
    1.70592e+01    1.19625e-06

           Step           Time
         375000     7500.00000

   Energies (kJ/mol)
           Bond  Harmonic Pot.          Angle       G96Angle  Restr. Angles
    1.85773e+04    4.00807e+00    1.27875e+04    5.24157e+02    6.93141e+02
    Proper Dih.  Improper Dih.        LJ (SR)   Coulomb (SR) Position Rest.
    3.92383e+02    4.72464e+02   -1.27088e+06   -1.47318e+04    2.45069e+01
      Potential    Kinetic En.   Total Energy  Conserved En.    Temperature
   -1.25214e+06    2.03184e+05   -1.04895e+06   -1.04941e+06    3.11731e+02
 Pressure (bar)   Constr. rmsd
    2.06170e+01    1.14145e-06

           Step           Time
         400000     8000.00000

   Energies (kJ/mol)
           Bond  Harmonic Pot.          Angle       G96Angle  Restr. Angles
    1.82678e+04    7.27023e+00    1.27100e+04    5.39836e+02    6.49801e+02
    Proper Dih.  Improper Dih.        LJ (SR)   Coulomb (SR) Position Rest.
    3.81709e+02    4.31374e+02   -1.27107e+06   -1.48493e+04    2.22345e+01
      Potential    Kinetic En.   Total Energy  Conserved En.    Temperature
   -1.25291e+06    2.02838e+05   -1.05007e+06   -1.04930e+06    3.11201e+02
 Pressure (bar)   Constr. rmsd
    2.24891e+01    1.12834e-06

           Step           Time
         425000     8500.00000

   Energies (kJ/mol)
           Bond  Harmonic Pot.          Angle       G96Angle  Restr. Angles
    1.80024e+04    7.66713e+00    1.25711e+04    5.34411e+02    6.79799e+02
    Proper Dih.  Improper Dih.        LJ (SR)   Coulomb (SR) Position Rest.
    3.97455e+02    4.62685e+02   -1.27086e+06   -1.46154e+04    2.25296e+01
      Potential    Kinetic En.   Total Energy  Conserved En.    Temperature
   -1.25280e+06    2.02239e+05   -1.05056e+06   -1.04940e+06    3.10281e+02
 Pressure (bar)   Constr. rmsd
    1.87688e+01    1.17566e-06

           Step           Time
         450000     9000.00000

   Energies (kJ/mol)
           Bond  Harmonic Pot.          Angle       G96Angle  Restr. Angles
    1.85501e+04    5.73295e+00    1.25100e+04    5.24090e+02    6.55866e+02
    Proper Dih.  Improper Dih.        LJ (SR)   Coulomb (SR) Position Rest.
    4.04630e+02    4.39613e+02   -1.26886e+06   -1.45200e+04    1.96853e+01
      Potential    Kinetic En.   Total Energy  Conserved En.    Temperature
   -1.25027e+06    2.02318e+05   -1.04795e+06   -1.04935e+06    3.10403e+02
 Pressure (bar)   Constr. rmsd
    1.43695e+01    1.16513e-06

           Step           Time
         475000     9500.00000

   Energies (kJ/mol)
           Bond  Harmonic Pot.          Angle       G96Angle  Restr. Angles
    1.83792e+04    6.86597e+00    1.27902e+04    5.71409e+02    7.14703e+02
    Proper Dih.  Improper Dih.        LJ (SR)   Coulomb (SR) Position Rest.
    3.86294e+02    4.66377e+02   -1.27070e+06   -1.47593e+04    2.03248e+01
      Potential    Kinetic En.   Total Energy  Conserved En.    Temperature
   -1.25212e+06    1.99443e+05   -1.05268e+06   -1.04941e+06    3.05992e+02
 Pressure (bar)   Constr. rmsd
    6.56974e+00    1.19718e-06

           Step           Time
         500000    10000.00000

   Energies (kJ/mol)
           Bond  Harmonic Pot.          Angle       G96Angle  Restr. Angles
    1.83910e+04    7.46200e+00    1.25429e+04    5.16003e+02    6.39075e+02
    Proper Dih.  Improper Dih.        LJ (SR)   Coulomb (SR) Position Rest.
    4.87632e+02    5.02905e+02   -1.27082e+06   -1.47431e+04    2.22693e+01
      Potential    Kinetic En.   Total Energy  Conserved En.    Temperature
   -1.25245e+06    2.01638e+05   -1.05081e+06   -1.04943e+06    3.09360e+02
 Pressure (bar)   Constr. rmsd
    2.07855e+01    1.22536e-06

           Step           Time
         525000    10500.00000

   Energies (kJ/mol)
           Bond  Harmonic Pot.          Angle       G96Angle  Restr. Angles
    1.87693e+04    8.03756e+00    1.27532e+04    5.38844e+02    6.85130e+02
    Proper Dih.  Improper Dih.        LJ (SR)   Coulomb (SR) Position Rest.
    4.44911e+02    4.30176e+02   -1.26953e+06   -1.44399e+04    1.72103e+01
      Potential    Kinetic En.   Total Energy  Conserved En.    Temperature
   -1.25032e+06    2.03176e+05   -1.04715e+06   -1.04954e+06    3.11720e+02
 Pressure (bar)   Constr. rmsd
    2.41140e+01    1.21893e-06

           Step           Time
         550000    11000.00000

   Energies (kJ/mol)
           Bond  Harmonic Pot.          Angle       G96Angle  Restr. Angles
    1.85239e+04    5.87272e+00    1.25767e+04    5.52547e+02    7.28275e+02
    Proper Dih.  Improper Dih.        LJ (SR)   Coulomb (SR) Position Rest.
    3.54003e+02    5.08990e+02   -1.27325e+06   -1.47216e+04    1.73726e+01
      Potential    Kinetic En.   Total Energy  Conserved En.    Temperature
   -1.25471e+06    2.01232e+05   -1.05348e+06   -1.04971e+06    3.08737e+02
 Pressure (bar)   Constr. rmsd
   -3.41080e+01    1.19233e-06

           Step           Time
         575000    11500.00000

   Energies (kJ/mol)
           Bond  Harmonic Pot.          Angle       G96Angle  Restr. Angles
    1.81604e+04    4.54226e+00    1.27319e+04    5.64821e+02    7.44758e+02
    Proper Dih.  Improper Dih.        LJ (SR)   Coulomb (SR) Position Rest.
    4.04202e+02    4.49886e+02   -1.27273e+06   -1.49227e+04    1.91711e+01
      Potential    Kinetic En.   Total Energy  Conserved En.    Temperature
   -1.25457e+06    2.00779e+05   -1.05379e+06   -1.04983e+06    3.08042e+02
 Pressure (bar)   Constr. rmsd
   -4.04738e+00    1.11803e-06

           Step           Time
         600000    12000.00000

   Energies (kJ/mol)
           Bond  Harmonic Pot.          Angle       G96Angle  Restr. Angles
    1.82892e+04    4.72096e+00    1.28343e+04    4.79852e+02    6.80787e+02
    Proper Dih.  Improper Dih.        LJ (SR)   Coulomb (SR) Position Rest.
    4.28007e+02    4.54407e+02   -1.26851e+06   -1.49183e+04    1.78538e+01
      Potential    Kinetic En.   Total Energy  Conserved En.    Temperature
   -1.25024e+06    2.02979e+05   -1.04726e+06   -1.04992e+06    3.11416e+02
 Pressure (bar)   Constr. rmsd
   -2.73289e+01    1.18749e-06

           Step           Time
         625000    12500.00000

   Energies (kJ/mol)
           Bond  Harmonic Pot.          Angle       G96Angle  Restr. Angles
    1.80386e+04    4.73926e+00    1.29291e+04    5.23130e+02    6.15596e+02
    Proper Dih.  Improper Dih.        LJ (SR)   Coulomb (SR) Position Rest.
    3.54976e+02    4.62754e+02   -1.26908e+06   -1.46716e+04    2.07749e+01
      Potential    Kinetic En.   Total Energy  Conserved En.    Temperature
   -1.25080e+06    2.02191e+05   -1.04861e+06   -1.04993e+06    3.10209e+02
 Pressure (bar)   Constr. rmsd
    7.39524e+00    1.19828e-06

           Step           Time
         650000    13000.00000

   Energies (kJ/mol)
           Bond  Harmonic Pot.          Angle       G96Angle  Restr. Angles
    1.83630e+04    6.56465e+00    1.24429e+04    5.22716e+02    6.86607e+02
    Proper Dih.  Improper Dih.        LJ (SR)   Coulomb (SR) Position Rest.
    4.04895e+02    5.30430e+02   -1.27220e+06   -1.46341e+04    2.49117e+01
      Potential    Kinetic En.   Total Energy  Conserved En.    Temperature
   -1.25385e+06    2.01785e+05   -1.05206e+06   -1.05000e+06    3.09585e+02
 Pressure (bar)   Constr. rmsd
   -1.01687e+01    1.16289e-06

           Step           Time
         675000    13500.00000

   Energies (kJ/mol)
           Bond  Harmonic Pot.          Angle       G96Angle  Restr. Angles
    1.82367e+04    5.96613e+00    1.29254e+04    5.34517e+02    6.62837e+02
    Proper Dih.  Improper Dih.        LJ (SR)   Coulomb (SR) Position Rest.
    4.24686e+02    4.60257e+02   -1.27146e+06   -1.46482e+04    2.65407e+01
      Potential    Kinetic En.   Total Energy  Conserved En.    Temperature
   -1.25283e+06    2.02802e+05   -1.05003e+06   -1.05017e+06    3.11145e+02
 Pressure (bar)   Constr. rmsd
    2.21889e+01    1.19254e-06

           Step           Time
         700000    14000.00000

   Energies (kJ/mol)
           Bond  Harmonic Pot.          Angle       G96Angle  Restr. Angles
    1.86581e+04    7.82921e+00    1.27407e+04    4.71060e+02    6.85559e+02
    Proper Dih.  Improper Dih.        LJ (SR)   Coulomb (SR) Position Rest.
    4.11664e+02    4.91539e+02   -1.27041e+06   -1.48292e+04    2.61938e+01
      Potential    Kinetic En.   Total Energy  Conserved En.    Temperature
   -1.25174e+06    2.02564e+05   -1.04918e+06   -1.05035e+06    3.10780e+02
 Pressure (bar)   Constr. rmsd
   -3.06831e+01    1.12679e-06

           Step           Time
         725000    14500.00000

   Energies (kJ/mol)
           Bond  Harmonic Pot.          Angle       G96Angle  Restr. Angles
    1.85078e+04    4.55439e+00    1.28530e+04    5.29910e+02    6.58090e+02
    Proper Dih.  Improper Dih.        LJ (SR)   Coulomb (SR) Position Rest.
    3.68344e+02    4.96347e+02   -1.27103e+06   -1.48562e+04    2.55677e+01
      Potential    Kinetic En.   Total Energy  Conserved En.    Temperature
   -1.25245e+06    2.02591e+05   -1.04986e+06   -1.05042e+06    3.10822e+02
 Pressure (bar)   Constr. rmsd
    3.29912e-01    1.14917e-06

           Step           Time
         750000    15000.00000

   Energies (kJ/mol)
           Bond  Harmonic Pot.          Angle       G96Angle  Restr. Angles
    1.85808e+04    6.81473e+00    1.25697e+04    5.36045e+02    7.05030e+02
    Proper Dih.  Improper Dih.        LJ (SR)   Coulomb (SR) Position Rest.
    4.29893e+02    4.41808e+02   -1.27290e+06   -1.45800e+04    1.99997e+01
      Potential    Kinetic En.   Total Energy  Conserved En.    Temperature
   -1.25419e+06    2.01742e+05   -1.05245e+06   -1.05038e+06    3.09519e+02
 Pressure (bar)   Constr. rmsd
    5.60274e+00    1.14643e-06

           Step           Time
         775000    15500.00000

   Energies (kJ/mol)
           Bond  Harmonic Pot.          Angle       G96Angle  Restr. Angles
    1.85207e+04    3.70536e+00    1.26761e+04    5.13064e+02    6.50707e+02
    Proper Dih.  Improper Dih.        LJ (SR)   Coulomb (SR) Position Rest.
    4.14910e+02    4.76971e+02   -1.26989e+06   -1.48764e+04    2.78508e+01
      Potential    Kinetic En.   Total Energy  Conserved En.    Temperature
   -1.25148e+06    2.02116e+05   -1.04937e+06   -1.05026e+06    3.10093e+02
 Pressure (bar)   Constr. rmsd
   -4.70891e+00    1.18428e-06

Writing checkpoint, step 789120 at Sat Mar 15 22:24:28 2025


           Step           Time
         800000    16000.00000

   Energies (kJ/mol)
           Bond  Harmonic Pot.          Angle       G96Angle  Restr. Angles
    1.87070e+04    4.46560e+00    1.28905e+04    5.52758e+02    6.48978e+02
    Proper Dih.  Improper Dih.        LJ (SR)   Coulomb (SR) Position Rest.
    4.52145e+02    4.56289e+02   -1.26990e+06   -1.46782e+04    2.01350e+01
      Potential    Kinetic En.   Total Energy  Conserved En.    Temperature
   -1.25085e+06    2.01866e+05   -1.04898e+06   -1.05032e+06    3.09709e+02
 Pressure (bar)   Constr. rmsd
    2.19608e+01    1.20958e-06

           Step           Time
         825000    16500.00000

   Energies (kJ/mol)
           Bond  Harmonic Pot.          Angle       G96Angle  Restr. Angles
    1.84817e+04    6.58641e+00    1.28037e+04    5.17140e+02    6.78467e+02
    Proper Dih.  Improper Dih.        LJ (SR)   Coulomb (SR) Position Rest.
    3.95711e+02    4.99272e+02   -1.27036e+06   -1.45608e+04    2.04091e+01
      Potential    Kinetic En.   Total Energy  Conserved En.    Temperature
   -1.25152e+06    2.02464e+05   -1.04906e+06   -1.05039e+06    3.10627e+02
 Pressure (bar)   Constr. rmsd
    1.84468e+01    1.17857e-06

           Step           Time
         850000    17000.00000

   Energies (kJ/mol)
           Bond  Harmonic Pot.          Angle       G96Angle  Restr. Angles
    1.84522e+04    4.10251e+00    1.28501e+04    5.46043e+02    6.76626e+02
    Proper Dih.  Improper Dih.        LJ (SR)   Coulomb (SR) Position Rest.
    4.33346e+02    4.31139e+02   -1.26978e+06   -1.48377e+04    2.22750e+01
      Potential    Kinetic En.   Total Energy  Conserved En.    Temperature
   -1.25120e+06    2.03307e+05   -1.04790e+06   -1.05059e+06    3.11920e+02
 Pressure (bar)   Constr. rmsd
   -1.20613e+01    1.18851e-06

           Step           Time
         875000    17500.00000

   Energies (kJ/mol)
           Bond  Harmonic Pot.          Angle       G96Angle  Restr. Angles
    1.84643e+04    4.17316e+00    1.26527e+04    5.36528e+02    6.46593e+02
    Proper Dih.  Improper Dih.        LJ (SR)   Coulomb (SR) Position Rest.
    3.54602e+02    4.31583e+02   -1.27183e+06   -1.49264e+04    2.16790e+01
      Potential    Kinetic En.   Total Energy  Conserved En.    Temperature
   -1.25364e+06    2.01653e+05   -1.05199e+06   -1.05064e+06    3.09382e+02
 Pressure (bar)   Constr. rmsd
    2.97057e+01    1.15456e-06

           Step           Time
         900000    18000.00000

   Energies (kJ/mol)
           Bond  Harmonic Pot.          Angle       G96Angle  Restr. Angles
    1.84961e+04    4.57606e+00    1.26080e+04    4.86256e+02    6.83938e+02
    Proper Dih.  Improper Dih.        LJ (SR)   Coulomb (SR) Position Rest.
    4.37076e+02    4.42127e+02   -1.26846e+06   -1.48019e+04    1.99045e+01
      Potential    Kinetic En.   Total Energy  Conserved En.    Temperature
   -1.25008e+06    2.00757e+05   -1.04932e+06   -1.05072e+06    3.08008e+02
 Pressure (bar)   Constr. rmsd
   -5.54205e+00    1.18177e-06

           Step           Time
         925000    18500.00000

   Energies (kJ/mol)
           Bond  Harmonic Pot.          Angle       G96Angle  Restr. Angles
    1.82606e+04    5.83309e+00    1.28340e+04    5.36248e+02    6.81399e+02
    Proper Dih.  Improper Dih.        LJ (SR)   Coulomb (SR) Position Rest.
    4.47730e+02    5.08974e+02   -1.27060e+06   -1.46019e+04    1.95549e+01
      Potential    Kinetic En.   Total Energy  Conserved En.    Temperature
   -1.25191e+06    2.02730e+05   -1.04918e+06   -1.05089e+06    3.11035e+02
 Pressure (bar)   Constr. rmsd
    2.51689e+01    1.15399e-06

           Step           Time
         950000    19000.00000

   Energies (kJ/mol)
           Bond  Harmonic Pot.          Angle       G96Angle  Restr. Angles
    1.85671e+04    5.54163e+00    1.27216e+04    4.99776e+02    6.67307e+02
    Proper Dih.  Improper Dih.        LJ (SR)   Coulomb (SR) Position Rest.
    3.76512e+02    4.41526e+02   -1.27107e+06   -1.47585e+04    1.98855e+01
      Potential    Kinetic En.   Total Energy  Conserved En.    Temperature
   -1.25253e+06    2.02351e+05   -1.05018e+06   -1.05088e+06    3.10454e+02
 Pressure (bar)   Constr. rmsd
   -5.74007e+00    1.15033e-06

           Step           Time
         975000    19500.00000

   Energies (kJ/mol)
           Bond  Harmonic Pot.          Angle       G96Angle  Restr. Angles
    1.89438e+04    5.19780e+00    1.29838e+04    5.08073e+02    6.59832e+02
    Proper Dih.  Improper Dih.        LJ (SR)   Coulomb (SR) Position Rest.
    3.77501e+02    4.43425e+02   -1.26788e+06   -1.46300e+04    2.64220e+01
      Potential    Kinetic En.   Total Energy  Conserved En.    Temperature
   -1.24856e+06    2.03474e+05   -1.04509e+06   -1.05095e+06    3.12177e+02
 Pressure (bar)   Constr. rmsd
    4.62551e+01    1.19465e-06

           Step           Time
        1000000    20000.00000

   Energies (kJ/mol)
           Bond  Harmonic Pot.          Angle       G96Angle  Restr. Angles
    1.86667e+04    5.69547e+00    1.25453e+04    5.69202e+02    6.22878e+02
    Proper Dih.  Improper Dih.        LJ (SR)   Coulomb (SR) Position Rest.
    3.59839e+02    4.29344e+02   -1.27220e+06   -1.48958e+04    2.38585e+01
      Potential    Kinetic En.   Total Energy  Conserved En.    Temperature
   -1.25387e+06    2.02760e+05   -1.05111e+06   -1.05111e+06    3.11082e+02
 Pressure (bar)   Constr. rmsd
    3.72223e+01    1.17453e-06

           Step           Time
        1025000    20500.00000

   Energies (kJ/mol)
           Bond  Harmonic Pot.          Angle       G96Angle  Restr. Angles
    1.85107e+04    4.42326e+00    1.26166e+04    4.99262e+02    7.16134e+02
    Proper Dih.  Improper Dih.        LJ (SR)   Coulomb (SR) Position Rest.
    3.71500e+02    3.94496e+02   -1.27348e+06   -1.46262e+04    2.39548e+01
      Potential    Kinetic En.   Total Energy  Conserved En.    Temperature
   -1.25497e+06    2.00197e+05   -1.05477e+06   -1.05123e+06    3.07148e+02
 Pressure (bar)   Constr. rmsd
   -8.13107e+00    1.18856e-06

           Step           Time
        1050000    21000.00000

   Energies (kJ/mol)
           Bond  Harmonic Pot.          Angle       G96Angle  Restr. Angles
    1.84436e+04    3.33291e+00    1.25117e+04    5.22732e+02    6.69559e+02
    Proper Dih.  Improper Dih.        LJ (SR)   Coulomb (SR) Position Rest.
    4.01254e+02    4.57412e+02   -1.27418e+06   -1.49196e+04    1.65537e+01
      Potential    Kinetic En.   Total Energy  Conserved En.    Temperature
   -1.25607e+06    2.01533e+05   -1.05454e+06   -1.05136e+06    3.09198e+02
 Pressure (bar)   Constr. rmsd
   -7.60662e+00    1.14757e-06

           Step           Time
        1075000    21500.00000

   Energies (kJ/mol)
           Bond  Harmonic Pot.          Angle       G96Angle  Restr. Angles
    1.86782e+04    4.53228e+00    1.27234e+04    5.49097e+02    6.73723e+02
    Proper Dih.  Improper Dih.        LJ (SR)   Coulomb (SR) Position Rest.
    3.57869e+02    3.87663e+02   -1.27009e+06   -1.48014e+04    2.04383e+01
      Potential    Kinetic En.   Total Energy  Conserved En.    Temperature
   -1.25150e+06    2.02334e+05   -1.04916e+06   -1.05117e+06    3.10427e+02
 Pressure (bar)   Constr. rmsd
   -1.80638e+00    1.09120e-06

           Step           Time
        1100000    22000.00000

   Energies (kJ/mol)
           Bond  Harmonic Pot.          Angle       G96Angle  Restr. Angles
    1.89184e+04    6.44112e+00    1.27294e+04    5.66880e+02    6.82772e+02
    Proper Dih.  Improper Dih.        LJ (SR)   Coulomb (SR) Position Rest.
    3.71938e+02    4.15696e+02   -1.27029e+06   -1.46518e+04    1.82565e+01
      Potential    Kinetic En.   Total Energy  Conserved En.    Temperature
   -1.25123e+06    2.03942e+05   -1.04729e+06   -1.05108e+06    3.12894e+02
 Pressure (bar)   Constr. rmsd
    3.48577e+00    1.10267e-06

           Step           Time
        1125000    22500.00000

   Energies (kJ/mol)
           Bond  Harmonic Pot.          Angle       G96Angle  Restr. Angles
    1.83398e+04    9.21305e+00    1.25460e+04    5.29980e+02    6.46600e+02
    Proper Dih.  Improper Dih.        LJ (SR)   Coulomb (SR) Position Rest.
    4.15817e+02    4.33632e+02   -1.27020e+06   -1.47966e+04    1.83906e+01
      Potential    Kinetic En.   Total Energy  Conserved En.    Temperature
   -1.25206e+06    2.01922e+05   -1.05014e+06   -1.05104e+06    3.09795e+02
 Pressure (bar)   Constr. rmsd
    3.13875e+00    1.19047e-06

           Step           Time
        1150000    23000.00000

   Energies (kJ/mol)
           Bond  Harmonic Pot.          Angle       G96Angle  Restr. Angles
    1.82443e+04    5.11881e+00    1.28438e+04    5.06349e+02    6.77110e+02
    Proper Dih.  Improper Dih.        LJ (SR)   Coulomb (SR) Position Rest.
    3.96878e+02    4.74072e+02   -1.27058e+06   -1.46126e+04    2.19285e+01
      Potential    Kinetic En.   Total Energy  Conserved En.    Temperature
   -1.25202e+06    2.02145e+05   -1.04988e+06   -1.05110e+06    3.10138e+02
 Pressure (bar)   Constr. rmsd
   -1.92531e+01    1.14477e-06

           Step           Time
        1175000    23500.00000

   Energies (kJ/mol)
           Bond  Harmonic Pot.          Angle       G96Angle  Restr. Angles
    1.84941e+04    4.71848e+00    1.26738e+04    5.29180e+02    6.77116e+02
    Proper Dih.  Improper Dih.        LJ (SR)   Coulomb (SR) Position Rest.
    3.87812e+02    4.72336e+02   -1.27074e+06   -1.48355e+04    2.10418e+01
      Potential    Kinetic En.   Total Energy  Conserved En.    Temperature
   -1.25232e+06    2.01725e+05   -1.05060e+06   -1.05110e+06    3.09493e+02
 Pressure (bar)   Constr. rmsd
   -1.05189e+01    1.10635e-06

           Step           Time
        1200000    24000.00000

   Energies (kJ/mol)
           Bond  Harmonic Pot.          Angle       G96Angle  Restr. Angles
    1.80649e+04    4.59405e+00    1.25649e+04    5.60901e+02    6.91917e+02
    Proper Dih.  Improper Dih.        LJ (SR)   Coulomb (SR) Position Rest.
    3.64621e+02    4.88473e+02   -1.27334e+06   -1.48676e+04    2.10336e+01
      Potential    Kinetic En.   Total Energy  Conserved En.    Temperature
   -1.25544e+06    2.00492e+05   -1.05495e+06   -1.05112e+06    3.07601e+02
 Pressure (bar)   Constr. rmsd
   -1.19025e+01    1.10706e-06

           Step           Time
        1225000    24500.00000

   Energies (kJ/mol)
           Bond  Harmonic Pot.          Angle       G96Angle  Restr. Angles
    1.84982e+04    3.32436e+00    1.24969e+04    5.03564e+02    6.70313e+02
    Proper Dih.  Improper Dih.        LJ (SR)   Coulomb (SR) Position Rest.
    4.29282e+02    4.60936e+02   -1.27348e+06   -1.47708e+04    1.82102e+01
      Potential    Kinetic En.   Total Energy  Conserved En.    Temperature
   -1.25517e+06    2.01902e+05   -1.05327e+06   -1.05118e+06    3.09765e+02
 Pressure (bar)   Constr. rmsd
   -6.77759e+00    1.17781e-06

           Step           Time
        1250000    25000.00000

   Energies (kJ/mol)
           Bond  Harmonic Pot.          Angle       G96Angle  Restr. Angles
    1.81817e+04    4.08521e+00    1.27582e+04    5.86184e+02    7.07905e+02
    Proper Dih.  Improper Dih.        LJ (SR)   Coulomb (SR) Position Rest.
    4.78033e+02    4.53579e+02   -1.27106e+06   -1.47688e+04    2.35622e+01
      Potential    Kinetic En.   Total Energy  Conserved En.    Temperature
   -1.25263e+06    2.00869e+05   -1.05176e+06   -1.05138e+06    3.08180e+02
 Pressure (bar)   Constr. rmsd
    1.30032e+01    1.15716e-06

           Step           Time
        1275000    25500.00000

   Energies (kJ/mol)
           Bond  Harmonic Pot.          Angle       G96Angle  Restr. Angles
    1.84538e+04    5.08844e+00    1.25854e+04    5.21396e+02    6.79586e+02
    Proper Dih.  Improper Dih.        LJ (SR)   Coulomb (SR) Position Rest.
    4.19183e+02    4.38404e+02   -1.27073e+06   -1.51941e+04    2.27030e+01
      Potential    Kinetic En.   Total Energy  Conserved En.    Temperature
   -1.25280e+06    2.01658e+05   -1.05114e+06   -1.05133e+06    3.09391e+02
 Pressure (bar)   Constr. rmsd
   -3.85736e+00    1.19909e-06

           Step           Time
        1300000    26000.00000

   Energies (kJ/mol)
           Bond  Harmonic Pot.          Angle       G96Angle  Restr. Angles
    1.87217e+04    4.14383e+00    1.25057e+04    5.00755e+02    7.46085e+02
    Proper Dih.  Improper Dih.        LJ (SR)   Coulomb (SR) Position Rest.
    4.08439e+02    4.43824e+02   -1.27173e+06   -1.46548e+04    1.89088e+01
      Potential    Kinetic En.   Total Energy  Conserved En.    Temperature
   -1.25303e+06    2.01907e+05   -1.05113e+06   -1.05135e+06    3.09773e+02
 Pressure (bar)   Constr. rmsd
    1.74388e+01    1.15083e-06

           Step           Time
        1325000    26500.00000

   Energies (kJ/mol)
           Bond  Harmonic Pot.          Angle       G96Angle  Restr. Angles
    1.86244e+04    4.16453e+00    1.24747e+04    6.36649e+02    6.90023e+02
    Proper Dih.  Improper Dih.        LJ (SR)   Coulomb (SR) Position Rest.
    4.17389e+02    4.57226e+02   -1.27231e+06   -1.47263e+04    1.70769e+01
      Potential    Kinetic En.   Total Energy  Conserved En.    Temperature
   -1.25372e+06    2.01148e+05   -1.05257e+06   -1.05149e+06    3.08607e+02
 Pressure (bar)   Constr. rmsd
    1.91224e+01    1.14567e-06

           Step           Time
        1350000    27000.00000

   Energies (kJ/mol)
           Bond  Harmonic Pot.          Angle       G96Angle  Restr. Angles
    1.85179e+04    5.42266e+00    1.23774e+04    5.53318e+02    7.04254e+02
    Proper Dih.  Improper Dih.        LJ (SR)   Coulomb (SR) Position Rest.
    4.16945e+02    4.58762e+02   -1.27120e+06   -1.46886e+04    2.01890e+01
      Potential    Kinetic En.   Total Energy  Conserved En.    Temperature
   -1.25284e+06    2.03025e+05   -1.04981e+06   -1.05155e+06    3.11487e+02
 Pressure (bar)   Constr. rmsd
   -7.14678e+00    1.15424e-06

           Step           Time
        1375000    27500.00000

   Energies (kJ/mol)
           Bond  Harmonic Pot.          Angle       G96Angle  Restr. Angles
    1.86149e+04    4.54114e+00    1.29012e+04    5.39751e+02    6.72025e+02
    Proper Dih.  Improper Dih.        LJ (SR)   Coulomb (SR) Position Rest.
    3.65143e+02    4.15386e+02   -1.27082e+06   -1.48204e+04    1.95274e+01
      Potential    Kinetic En.   Total Energy  Conserved En.    Temperature
   -1.25210e+06    2.01535e+05   -1.05057e+06   -1.05158e+06    3.09201e+02
 Pressure (bar)   Constr. rmsd
    4.65246e+00    1.15872e-06

           Step           Time
        1400000    28000.00000

   Energies (kJ/mol)
           Bond  Harmonic Pot.          Angle       G96Angle  Restr. Angles
    1.82874e+04    5.14295e+00    1.26680e+04    5.02323e+02    6.21634e+02
    Proper Dih.  Improper Dih.        LJ (SR)   Coulomb (SR) Position Rest.
    4.19605e+02    4.42291e+02   -1.27101e+06   -1.47147e+04    2.10287e+01
      Potential    Kinetic En.   Total Energy  Conserved En.    Temperature
   -1.25276e+06    2.03392e+05   -1.04936e+06   -1.05146e+06    3.12051e+02
 Pressure (bar)   Constr. rmsd
    2.28229e+01    1.16844e-06

           Step           Time
        1425000    28500.00000

   Energies (kJ/mol)
           Bond  Harmonic Pot.          Angle       G96Angle  Restr. Angles
    1.82779e+04    4.04713e+00    1.26986e+04    5.67697e+02    6.47542e+02
    Proper Dih.  Improper Dih.        LJ (SR)   Coulomb (SR) Position Rest.
    3.52136e+02    4.67818e+02   -1.26828e+06   -1.48274e+04    1.85714e+01
      Potential    Kinetic En.   Total Energy  Conserved En.    Temperature
   -1.25007e+06    2.02930e+05   -1.04714e+06   -1.05171e+06    3.11342e+02
 Pressure (bar)   Constr. rmsd
    4.32350e+01    1.14805e-06

           Step           Time
        1450000    29000.00000

   Energies (kJ/mol)
           Bond  Harmonic Pot.          Angle       G96Angle  Restr. Angles
    1.85275e+04    5.50539e+00    1.24700e+04    5.52955e+02    7.03939e+02
    Proper Dih.  Improper Dih.        LJ (SR)   Coulomb (SR) Position Rest.
    3.94909e+02    3.81551e+02   -1.27291e+06   -1.47473e+04    2.11369e+01
      Potential    Kinetic En.   Total Energy  Conserved En.    Temperature
   -1.25460e+06    2.02769e+05   -1.05183e+06   -1.05178e+06    3.11095e+02
 Pressure (bar)   Constr. rmsd
    8.86393e+00    1.16335e-06

           Step           Time
        1475000    29500.00000

   Energies (kJ/mol)
           Bond  Harmonic Pot.          Angle       G96Angle  Restr. Angles
    1.85382e+04    3.78178e+00    1.24380e+04    5.53673e+02    6.72169e+02
    Proper Dih.  Improper Dih.        LJ (SR)   Coulomb (SR) Position Rest.
    4.07709e+02    5.12931e+02   -1.26958e+06   -1.46165e+04    2.17220e+01
      Potential    Kinetic En.   Total Energy  Conserved En.    Temperature
   -1.25105e+06    2.02541e+05   -1.04851e+06   -1.05181e+06    3.10746e+02
 Pressure (bar)   Constr. rmsd
    7.32237e+00    1.17792e-06

           Step           Time
        1500000    30000.00000

   Energies (kJ/mol)
           Bond  Harmonic Pot.          Angle       G96Angle  Restr. Angles
    1.88296e+04    5.86828e+00    1.24771e+04    5.39593e+02    7.32161e+02
    Proper Dih.  Improper Dih.        LJ (SR)   Coulomb (SR) Position Rest.
    3.46785e+02    4.70847e+02   -1.27218e+06   -1.46640e+04    2.44401e+01
      Potential    Kinetic En.   Total Energy  Conserved En.    Temperature
   -1.25342e+06    2.00634e+05   -1.05279e+06   -1.05191e+06    3.07819e+02
 Pressure (bar)   Constr. rmsd
    1.35626e+01    1.15444e-06

           Step           Time
        1525000    30500.00000

   Energies (kJ/mol)
           Bond  Harmonic Pot.          Angle       G96Angle  Restr. Angles
    1.83645e+04    4.37530e+00    1.26218e+04    5.04842e+02    7.09272e+02
    Proper Dih.  Improper Dih.        LJ (SR)   Coulomb (SR) Position Rest.
    4.39327e+02    4.40266e+02   -1.27083e+06   -1.47685e+04    2.41770e+01
      Potential    Kinetic En.   Total Energy  Conserved En.    Temperature
   -1.25249e+06    2.01098e+05   -1.05139e+06   -1.05169e+06    3.08532e+02
 Pressure (bar)   Constr. rmsd
   -2.55586e+01    1.15735e-06


Step 1548660: Run time exceeded 0.495 hours, will terminate the run within 40 steps
           Step           Time
        1548680    30973.60000

Writing checkpoint, step 1548680 at Sat Mar 15 22:39:10 2025


   Energies (kJ/mol)
           Bond  Harmonic Pot.          Angle       G96Angle  Restr. Angles
    1.79237e+04    4.08581e+00    1.24883e+04    5.40592e+02    6.60999e+02
    Proper Dih.  Improper Dih.        LJ (SR)   Coulomb (SR) Position Rest.
    4.10670e+02    4.19594e+02   -1.27305e+06   -1.46484e+04    2.07519e+01
      Potential    Kinetic En.   Total Energy  Conserved En.    Temperature
   -1.25523e+06    2.00231e+05   -1.05500e+06   -1.05160e+06    3.07200e+02
 Pressure (bar)   Constr. rmsd
    1.04042e+01    1.11875e-06


Energy conservation over simulation part #1 of length 30973.6 ps, time 0 to 30973.6 ps
  Conserved energy drift: -1.98e-06 kJ/mol/ps per atom


	<======  ###############  ==>
	<====  A V E R A G E S  ====>
	<==  ###############  ======>

	Statistics over 1548681 steps using 15487 frames

   Energies (kJ/mol)
           Bond  Harmonic Pot.          Angle       G96Angle  Restr. Angles
    1.84873e+04    5.55983e+00    1.26762e+04    5.37320e+02    6.79645e+02
    Proper Dih.  Improper Dih.        LJ (SR)   Coulomb (SR) Position Rest.
    4.06922e+02    4.54669e+02   -1.27089e+06   -1.46952e+04    2.07619e+01
      Potential    Kinetic En.   Total Energy  Conserved En.    Temperature
   -1.25232e+06    2.02055e+05   -1.05026e+06   -1.05026e+06    3.10000e+02
 Pressure (bar)   Constr. rmsd
    1.01159e+00    0.00000e+00

          Box-X          Box-Y          Box-Z
    1.80548e+01    1.80548e+01    1.84380e+01

   Total Virial (kJ/mol)
    6.73273e+04   -7.76248e+00   -2.29748e+01
   -7.76129e+00    6.72559e+04    9.63449e+00
   -2.29770e+01    9.63324e+00    6.69315e+04

   Pressure (bar)
    9.28384e-01    2.21316e-02    1.15383e-01
    2.21251e-02    1.32120e+00   -2.73209e-02
    1.15396e-01   -2.73141e-02    7.85190e-01

      T-Solvent         T-Rest
    3.09979e+02    3.10058e+02


	M E G A - F L O P S   A C C O U N T I N G

 NB=Group-cutoff nonbonded kernels    NxN=N-by-N cluster Verlet kernels
 RF=Reaction-Field  VdW=Van der Waals  QSTab=quadratic-spline table
 W3=SPC/TIP3p  W4=TIP4p (single or pairs)
 V&F=Potential and force  V=Potential only  F=Force only

 Computing:                               M-Number         M-Flops  % Flops
-----------------------------------------------------------------------------
 Pair Search distance check          204973.869824     1844764.828     0.2
 NxN RF Elec. + LJ [F]             25389461.537280   964799538.417    97.8
 NxN RF Elec. + LJ [V&F]             256481.577792    13850005.201     1.4
 Shift-X                               4235.462195       25412.773     0.0
 Bonds                                22477.556034     1326175.806     0.1
 Angles                               16600.311639     2788852.355     0.3
 Propers                                348.453225       79795.789     0.0
 Impropers                              686.065683      142701.662     0.0
 Pos. Restr.                            246.240279       12312.014     0.0
 Virial                                4238.946770       76301.042     0.0
 Stop-CM                                847.147136        8471.471     0.0
 Calc-Ekin                             8470.924390      228714.959     0.0
 Lincs                                 2333.865281      140031.917     0.0
 Lincs-Mat                           114800.773424      459203.094     0.0
 Constraint-V                          4667.727548       42009.548     0.0
 Constraint-Vir                         116.694545        2800.669     0.0
 Virtual Site 3out                     3105.881560      270211.696     0.0
 Virtual Site N                         100.819192        1512.288     0.0
-----------------------------------------------------------------------------
 Total                                               986098815.528   100.0
-----------------------------------------------------------------------------


      R E A L   C Y C L E   A N D   T I M E   A C C O U N T I N G

On 1 MPI rank, each using 8 OpenMP threads

 Activity:              Num   Num      Call    Wall time         Giga-Cycles
                        Ranks Threads  Count      (s)         total sum    %
--------------------------------------------------------------------------------
 Vsite constr.             1    8    1548681     114.593       2108.531   6.4
 Neighbor search           1    8      77435     308.029       5667.763  17.3
 Launch PP GPU ops.        1    8    1548681      54.869       1009.589   3.1
 Force                     1    8    1548681     394.174       7252.833  22.1
 Wait GPU NB local         1    8    1548681      24.695        454.385   1.4
 NB X/F buffer ops.        1    8    3019927     235.503       4333.274  13.2
 Vsite spread              1    8    1626116     109.387       2012.730   6.1
 Write traj.               1    8         64       0.384          7.066   0.0
 Update                    1    8    1548681     116.690       2147.103   6.5
 Constraints               1    8    1548683     359.801       6620.369  20.2
 Rest                                             63.949       1176.669   3.6
--------------------------------------------------------------------------------
 Total                                          1782.073      32790.312 100.0
--------------------------------------------------------------------------------

NOTE: 17 % of the run time was spent in pair search,
      you might want to increase nstlist (this has no effect on accuracy)

               Core t (s)   Wall t (s)        (%)
       Time:    14256.580     1782.073      800.0
                 (ns/day)    (hour/ns)
Performance:     1501.690        0.016
Finished mdrun on rank 0 Sat Mar 15 22:39:10 2025

