2025-03-14 21:14:57,917 - [MainProcess:53] root:init_logger:344 - INFO - Enabled
2025-03-14 21:14:57,917 - [MainProcess:53] root:init_logger:345 - WARNING - Enabled
2025-03-14 21:14:57,917 - [MainProcess:53] root:init_logger:346 - ERROR - Enabled
2025-03-14 21:14:57,918 - [MainProcess:53] root:init_logger:347 - CRITICAL - Enabled
2025-03-14 21:14:57,930 - [MainProcess:53] root:_log_profile:78 - PROFILE - [196.922 MB]: Enabled
2025-03-14 21:14:57,930 - [MainProcess:53] mummi_ras.online.cg.cganalysis:run_cganalysis:849 - INFO - Running CG analysis, options are:
2025-03-14 21:14:57,930 - [MainProcess:53] mummi_ras.online.cg.cganalysis:run_cganalysis:850 - INFO - Namespace(simname='structure_057812798', fcount=0, noninteractive=False, path='/tmp/workdir', pathremote='/tmp/out', fstype='mummi', fbio='mummi', nprocs=1, loglevel=2, logpath='./', logstdout=True, test=False, no_gpu=False, logfile='cg_analysis', maxsimtime=250000000, stopsimtime=100, minsimtime=100000000, frameProcessBatchSize=10, siminputs='/tmp/out', simbin='gmx', simruntime='0.5', simcores=8, nofeedback=False, backend=<MDEngine.GROMACS: <class 'mummi_ras.online.simulation.GROMACS'>>, mini=True)
2025-03-14 21:14:57,930 - [MainProcess:53] mummi_ras.online.cg.cganalysis:run_cganalysis:851 - INFO - local path = /tmp/workdir
2025-03-14 21:14:57,930 - [MainProcess:53] mummi_ras.online.cg.cganalysis:run_cganalysis:853 - INFO - remote path = /tmp/out
2025-03-14 21:14:57,992 - [MainProcess:53] mummi_ras.online.cg.cganalysis:run_cganalysis:863 - INFO - Using IO_Interface [<class 'mummi_ras.interfaces.mummi.IO_Mummi'>] for data output
2025-03-14 21:14:57,992 - [MainProcess:53] mummi_ras.online.cg.cganalysis:run_cganalysis:864 - INFO - Using IO_Interface [<class 'mummi_ras.interfaces.mummi.IO_Mummi'>] for feedback output
2025-03-14 21:14:57,992 - [MainProcess:53] mummi_ras.online.cg.cgoptions:__init__:46 - INFO - Loading parameters from /opt/clones/mummi_resources/analysis/cg/cg_analysis_parameters.yaml
2025-03-14 21:14:57,994 - [MainProcess:53] mummi_ras.feedback.feedback_manager_cg2ml:__init__:56 - INFO - Initialized FeedbackManager (type = FeedbackManagerType.Worker; name = structure_057812798; host = cganalysis-structure-057812798-kt885)
2025-03-14 21:14:58,014 - [MainProcess:53] mummi_ras.parsers.cg:setup:68 - INFO - Initializing CGParser (MDAnalysis version 2.8.0)
2025-03-14 21:14:58,015 - [MainProcess:53] mummi_ras.parsers.cg:setup:69 - INFO - 	Loading: (/tmp/workdir/lipids-water-eq6.gro) (/tmp/workdir/topol.tpr)
2025-03-14 21:14:58,016 - [MainProcess:53] MDAnalysis.topology.TPRparser:_log_header:257 - INFO - Gromacs version   : b'VERSION 2024.2-conda_forge'
2025-03-14 21:14:58,016 - [MainProcess:53] MDAnalysis.topology.TPRparser:_log_header:258 - INFO - tpx version       : 133
2025-03-14 21:14:58,016 - [MainProcess:53] MDAnalysis.topology.TPRparser:_log_header:259 - INFO - tpx generation    : 28
2025-03-14 21:14:58,016 - [MainProcess:53] MDAnalysis.topology.TPRparser:_log_header:260 - INFO - tpx precision     : 4
2025-03-14 21:14:58,016 - [MainProcess:53] MDAnalysis.topology.TPRparser:_log_header:261 - INFO - tpx file_tag      : b'release'
2025-03-14 21:14:58,016 - [MainProcess:53] MDAnalysis.topology.TPRparser:_log_header:262 - INFO - tpx natoms        : 54694
2025-03-14 21:14:58,016 - [MainProcess:53] MDAnalysis.topology.TPRparser:_log_header:263 - INFO - tpx ngtc          : 2
2025-03-14 21:14:58,017 - [MainProcess:53] MDAnalysis.topology.TPRparser:_log_header:264 - INFO - tpx fep_state     : 0
2025-03-14 21:14:58,017 - [MainProcess:53] MDAnalysis.topology.TPRparser:_log_header:265 - INFO - tpx lambda        : 0.0
2025-03-14 21:14:58,502 - [MainProcess:53] MDAnalysis.core.universe:guess_TopologyAttrs:1645 - INFO - The attribute(s) types, masses have already been read from the topology file. The guesser will only guess empty values for this attribute, if any exists. To overwrite it by completely guessed values, you can pass the attribute to the force_guess parameter instead of the to_guess one
2025-03-14 21:14:58,505 - [MainProcess:53] MDAnalysis.guesser.base:guess_attr:177 - INFO - There is no empty types values. Guesser did not guess any new values for types attribute
2025-03-14 21:14:58,506 - [MainProcess:53] MDAnalysis.guesser.base:guess_attr:177 - INFO - There is no empty masses values. Guesser did not guess any new values for masses attribute
2025-03-14 21:14:58,506 - [MainProcess:53] mummi_ras.parsers.cg:setup:74 - INFO - 	Number of frames in sim: 1
2025-03-14 21:14:58,506 - [MainProcess:53] mummi_ras.parsers.cg:setup:75 - INFO - 	Number of atoms in sim: 54694
2025-03-14 21:14:58,506 - [MainProcess:53] mummi_ras.parsers.cg:setup:76 - INFO - 	Sim dimensions: [181.6676 181.6676 182.4194]
2025-03-14 21:14:58,529 - [MainProcess:53] mummi_ras.parsers.cg:_setup_lipids:103 - WARNING -  Resnames ['ALA' 'ARG' 'ASN' 'ASP' 'CGW' 'CYF' 'CYM' 'CYS' 'GLN' 'GLU' 'GLY' 'GTP'
 'HSE' 'ILE' 'ION' 'LEU' 'LYS' 'MET' 'MG' 'PHE' 'PRO' 'SER' 'THR' 'TRP'
 'TYR' 'VAL' 'W' 'ZN2'] either not lipids or not supported!
2025-03-14 21:14:58,817 - [MainProcess:53] mummi_ras.parsers.cg:_setup_lipids:145 - WARNING - Found leaflets of size 448 354
2025-03-14 21:14:58,820 - [MainProcess:53] mummi_ras.parsers.cg_aligner:init:144 - INFO - origin: (165,): ['THR', 'GLU', 'TYR', 'LYS', 'LEU', 'VAL', 'VAL', 'VAL', 'GLY', 'ALA', 'ASP', 'GLY', 'VAL', 'GLY', 'LYS', 'SER', 'ALA', 'LEU', 'THR', 'ILE', 'GLN', 'LEU', 'ILE', 'GLN', 'ASN', 'HSE', 'PHE', 'VAL', 'ASP', 'GLU', 'TYR', 'ASP', 'PRO', 'THR', 'ILE', 'GLU', 'ASP', 'SER', 'TYR', 'ARG', 'LYS', 'GLN', 'VAL', 'VAL', 'ILE', 'ASP', 'GLY', 'GLU', 'THR', 'CYS', 'LEU', 'LEU', 'ASP', 'ILE', 'LEU', 'ASP', 'THR', 'ALA', 'GLY', 'GLN', 'GLU', 'GLU', 'TYR', 'SER', 'ALA', 'MET', 'ARG', 'ASP', 'GLN', 'TYR', 'MET', 'ARG', 'THR', 'GLY', 'GLU', 'GLY', 'PHE', 'LEU', 'CYS', 'VAL', 'PHE', 'ALA', 'ILE', 'ASN', 'ASN', 'THR', 'LYS', 'SER', 'PHE', 'GLU', 'ASP', 'ILE', 'HSE', 'HSE', 'TYR', 'ARG', 'GLU', 'GLN', 'ILE', 'LYS', 'ARG', 'VAL', 'LYS', 'ASP', 'SER', 'GLU', 'ASP', 'VAL', 'PRO', 'MET', 'VAL', 'LEU', 'VAL', 'GLY', 'ASN', 'LYS', 'CYS', 'ASP', 'LEU', 'PRO', 'SER', 'ARG', 'THR', 'VAL', 'ASP', 'THR', 'LYS', 'GLN', 'ALA', 'GLN', 'ASP', 'LEU', 'ALA', 'ARG', 'SER', 'TYR', 'GLY', 'ILE', 'PRO', 'PHE', 'ILE', 'GLU', 'THR', 'SER', 'ALA', 'LYS', 'THR', 'ARG', 'GLN', 'GLY', 'VAL', 'ASP', 'ASP', 'ALA', 'PHE', 'TYR', 'THR', 'LEU', 'VAL', 'ARG', 'GLU', 'ILE', 'ARG', 'LYS', 'HSE']
2025-03-14 21:14:58,821 - [MainProcess:53] mummi_ras.parsers.cg_aligner:init:145 - INFO - xaxis:  (8,): ['THR', 'PHE', 'PHE', 'THR', 'LEU', 'LEU', 'PHE', 'GLN']
2025-03-14 21:14:58,823 - [MainProcess:53] mummi_ras.online.cg.cganalysis:run_cganalysis:946 - INFO - Testing flags: [Success='cg_success', Fail='cg_failure']
2025-03-14 21:14:58,823 - [MainProcess:53] mummi_ras.online.cg.cganalysis:run_cganalysis:947 - INFO - Checking for exit condition [/tmp/out] (pass=False fail=False)
2025-03-14 21:14:58,824 - [MainProcess:53] mummi_ras.online.simulation:run:98 - INFO - Starting /miniconda3/bin/gmx....
2025-03-14 21:14:58,824 - [MainProcess:53] mummi_ras.online.simulation:run:112 - INFO - cmd =       /miniconda3/bin/gmx mdrun -cpi -nb gpu -ntmpi 1 -ntomp 8 -pin off -maxh 0.5 >> mdrun.log 2>&1
2025-03-14 21:14:58,824 - [MainProcess:53] mummi_ras.online.simulation:run:113 - INFO - os.pwd =    /tmp/workdir
2025-03-14 21:14:58,824 - [MainProcess:53] mummi_ras.online.simulation:run:114 - INFO - simdir =    /tmp/workdir
2025-03-14 21:15:03,841 - [MainProcess:53] mummi_ras.online.simulation:run:119 - INFO - Process Running? None
2025-03-14 21:15:03,842 - [MainProcess:53] mummi_ras.online.simulation:run:123 - INFO - CUDA_VISIBLE_DEVICES=UNSET
2025-03-14 21:15:03,843 - [MainProcess:53] mummi_ras.online.simulation:run:124 - INFO - ROCR_VISIBLE_DEVICES=UNSET
2025-03-14 21:15:03,867 - [MainProcess:53] mummi_ras.online.simulation:get_new_frames:376 - INFO - Getting all frame numbers in trajectory from 0 to 0.
2025-03-14 21:15:03,867 - [MainProcess:53] mummi_ras.online.cg.cganalysis:run_main_analysis:194 - INFO - Process frame 0
2025-03-14 21:15:03,867 - [MainProcess:53] mummi_ras.online.cg.cganalysis:processFrame:519 - INFO - Load 1 frames: current frame ID /tmp/workdir/traj_comp.xtc
2025-03-14 21:15:03,886 - [MainProcess:53] mummi_ras.online.cg.cganalysis:processFrame:545 - INFO - Frame:     0, Time:    0.000 ps, Bbox = [0, 181.6676, 0, 181.6676]
2025-03-14 21:15:03,887 - [MainProcess:53] mummi_ras.online.cg.cganalysis:processFrame:549 - INFO - Lengths of layers: 662 42 481
2025-03-14 21:15:03,998 - [MainProcess:53] mummi_ras.online.cg.cganalysis:processFrame:730 - INFO - Time for analysis - frameNum 0, time 0.13042688369750977 s
2025-03-14 21:15:32,147 - [MainProcess:53] mummi_ras.online.simulation:get_new_frames:376 - INFO - Getting all frame numbers in trajectory from 1 to 1.
2025-03-14 21:15:32,147 - [MainProcess:53] mummi_ras.online.cg.cganalysis:run_main_analysis:194 - INFO - Process frame 1
2025-03-14 21:15:32,148 - [MainProcess:53] mummi_ras.online.cg.cganalysis:processFrame:519 - INFO - Load 2 frames: current frame ID /tmp/workdir/traj_comp.xtc
2025-03-14 21:15:32,165 - [MainProcess:53] mummi_ras.online.cg.cganalysis:processFrame:545 - INFO - Frame:     1, Time:  500.000 ps, Bbox = [0, 180.98068, 0, 180.98068]
2025-03-14 21:15:32,165 - [MainProcess:53] mummi_ras.online.cg.cganalysis:processFrame:549 - INFO - Lengths of layers: 661 36 488
2025-03-14 21:15:32,254 - [MainProcess:53] mummi_ras.online.cg.cganalysis:processFrame:730 - INFO - Time for analysis - frameNum 1, time 0.1062476634979248 s
2025-03-14 21:16:00,381 - [MainProcess:53] mummi_ras.online.simulation:get_new_frames:376 - INFO - Getting all frame numbers in trajectory from 2 to 2.
2025-03-14 21:16:00,382 - [MainProcess:53] mummi_ras.online.cg.cganalysis:run_main_analysis:194 - INFO - Process frame 2
2025-03-14 21:16:00,382 - [MainProcess:53] mummi_ras.online.cg.cganalysis:processFrame:519 - INFO - Load 3 frames: current frame ID /tmp/workdir/traj_comp.xtc
2025-03-14 21:16:00,399 - [MainProcess:53] mummi_ras.online.cg.cganalysis:processFrame:545 - INFO - Frame:     2, Time: 1000.000 ps, Bbox = [0, 181.64124, 0, 181.64124]
2025-03-14 21:16:00,399 - [MainProcess:53] mummi_ras.online.cg.cganalysis:processFrame:549 - INFO - Lengths of layers: 659 40 486
2025-03-14 21:16:00,492 - [MainProcess:53] mummi_ras.online.cg.cganalysis:processFrame:730 - INFO - Time for analysis - frameNum 2, time 0.1100926399230957 s
2025-03-14 21:16:30,629 - [MainProcess:53] mummi_ras.online.simulation:get_new_frames:376 - INFO - Getting all frame numbers in trajectory from 3 to 3.
2025-03-14 21:16:30,629 - [MainProcess:53] mummi_ras.online.cg.cganalysis:run_main_analysis:194 - INFO - Process frame 3
2025-03-14 21:16:30,629 - [MainProcess:53] mummi_ras.online.cg.cganalysis:processFrame:519 - INFO - Load 4 frames: current frame ID /tmp/workdir/traj_comp.xtc
2025-03-14 21:16:30,646 - [MainProcess:53] mummi_ras.online.cg.cganalysis:processFrame:545 - INFO - Frame:     3, Time: 1500.000 ps, Bbox = [0, 181.0611, 0, 181.0611]
2025-03-14 21:16:30,646 - [MainProcess:53] mummi_ras.online.cg.cganalysis:processFrame:549 - INFO - Lengths of layers: 657 37 491
2025-03-14 21:16:30,727 - [MainProcess:53] mummi_ras.online.cg.cganalysis:processFrame:730 - INFO - Time for analysis - frameNum 3, time 0.09805774688720703 s
2025-03-14 21:16:58,861 - [MainProcess:53] mummi_ras.online.simulation:get_new_frames:376 - INFO - Getting all frame numbers in trajectory from 4 to 4.
2025-03-14 21:16:58,861 - [MainProcess:53] mummi_ras.online.cg.cganalysis:run_main_analysis:194 - INFO - Process frame 4
2025-03-14 21:16:58,862 - [MainProcess:53] mummi_ras.online.cg.cganalysis:processFrame:519 - INFO - Load 5 frames: current frame ID /tmp/workdir/traj_comp.xtc
2025-03-14 21:16:58,878 - [MainProcess:53] mummi_ras.online.cg.cganalysis:processFrame:545 - INFO - Frame:     4, Time: 2000.000 ps, Bbox = [0, 181.50424, 0, 181.50424]
2025-03-14 21:16:58,879 - [MainProcess:53] mummi_ras.online.cg.cganalysis:processFrame:549 - INFO - Lengths of layers: 658 36 491
2025-03-14 21:16:58,973 - [MainProcess:53] mummi_ras.online.cg.cganalysis:processFrame:730 - INFO - Time for analysis - frameNum 4, time 0.11119818687438965 s
2025-03-14 21:17:29,101 - [MainProcess:53] mummi_ras.online.simulation:get_new_frames:376 - INFO - Getting all frame numbers in trajectory from 5 to 5.
2025-03-14 21:17:29,101 - [MainProcess:53] mummi_ras.online.cg.cganalysis:run_main_analysis:194 - INFO - Process frame 5
2025-03-14 21:17:29,102 - [MainProcess:53] mummi_ras.online.cg.cganalysis:processFrame:519 - INFO - Load 6 frames: current frame ID /tmp/workdir/traj_comp.xtc
2025-03-14 21:17:29,118 - [MainProcess:53] mummi_ras.online.cg.cganalysis:processFrame:545 - INFO - Frame:     5, Time: 2500.000 ps, Bbox = [0, 181.21962, 0, 181.21962]
2025-03-14 21:17:29,119 - [MainProcess:53] mummi_ras.online.cg.cganalysis:processFrame:549 - INFO - Lengths of layers: 661 32 492
2025-03-14 21:17:29,210 - [MainProcess:53] mummi_ras.online.cg.cganalysis:processFrame:730 - INFO - Time for analysis - frameNum 5, time 0.10870885848999023 s
2025-03-14 21:17:57,356 - [MainProcess:53] mummi_ras.online.simulation:get_new_frames:376 - INFO - Getting all frame numbers in trajectory from 6 to 6.
2025-03-14 21:17:57,357 - [MainProcess:53] mummi_ras.online.cg.cganalysis:run_main_analysis:194 - INFO - Process frame 6
2025-03-14 21:17:57,357 - [MainProcess:53] mummi_ras.online.cg.cganalysis:processFrame:519 - INFO - Load 7 frames: current frame ID /tmp/workdir/traj_comp.xtc
2025-03-14 21:17:57,374 - [MainProcess:53] mummi_ras.online.cg.cganalysis:processFrame:545 - INFO - Frame:     6, Time: 3000.000 ps, Bbox = [0, 180.51125, 0, 180.51125]
2025-03-14 21:17:57,375 - [MainProcess:53] mummi_ras.online.cg.cganalysis:processFrame:549 - INFO - Lengths of layers: 662 31 492
2025-03-14 21:17:57,467 - [MainProcess:53] mummi_ras.online.cg.cganalysis:processFrame:730 - INFO - Time for analysis - frameNum 6, time 0.10994601249694824 s
2025-03-14 21:18:25,598 - [MainProcess:53] mummi_ras.online.simulation:get_new_frames:376 - INFO - Getting all frame numbers in trajectory from 7 to 7.
2025-03-14 21:18:25,599 - [MainProcess:53] mummi_ras.online.cg.cganalysis:run_main_analysis:194 - INFO - Process frame 7
2025-03-14 21:18:25,599 - [MainProcess:53] mummi_ras.online.cg.cganalysis:processFrame:519 - INFO - Load 8 frames: current frame ID /tmp/workdir/traj_comp.xtc
2025-03-14 21:18:25,616 - [MainProcess:53] mummi_ras.online.cg.cganalysis:processFrame:545 - INFO - Frame:     7, Time: 3500.000 ps, Bbox = [0, 180.10405, 0, 180.10405]
2025-03-14 21:18:25,616 - [MainProcess:53] mummi_ras.online.cg.cganalysis:processFrame:549 - INFO - Lengths of layers: 661 36 488
2025-03-14 21:18:25,707 - [MainProcess:53] mummi_ras.online.cg.cganalysis:processFrame:730 - INFO - Time for analysis - frameNum 7, time 0.10819149017333984 s
2025-03-14 21:18:55,859 - [MainProcess:53] mummi_ras.online.simulation:get_new_frames:376 - INFO - Getting all frame numbers in trajectory from 8 to 8.
2025-03-14 21:18:55,859 - [MainProcess:53] mummi_ras.online.cg.cganalysis:run_main_analysis:194 - INFO - Process frame 8
2025-03-14 21:18:55,859 - [MainProcess:53] mummi_ras.online.cg.cganalysis:processFrame:519 - INFO - Load 9 frames: current frame ID /tmp/workdir/traj_comp.xtc
2025-03-14 21:18:55,877 - [MainProcess:53] mummi_ras.online.cg.cganalysis:processFrame:545 - INFO - Frame:     8, Time: 4000.000 ps, Bbox = [0, 180.17204, 0, 180.17204]
2025-03-14 21:18:55,878 - [MainProcess:53] mummi_ras.online.cg.cganalysis:processFrame:549 - INFO - Lengths of layers: 662 32 491
2025-03-14 21:18:55,963 - [MainProcess:53] mummi_ras.online.cg.cganalysis:processFrame:730 - INFO - Time for analysis - frameNum 8, time 0.10324525833129883 s
2025-03-14 21:19:24,091 - [MainProcess:53] mummi_ras.online.simulation:get_new_frames:376 - INFO - Getting all frame numbers in trajectory from 9 to 9.
2025-03-14 21:19:24,092 - [MainProcess:53] mummi_ras.online.cg.cganalysis:run_main_analysis:194 - INFO - Process frame 9
2025-03-14 21:19:24,092 - [MainProcess:53] mummi_ras.online.cg.cganalysis:processFrame:519 - INFO - Load 10 frames: current frame ID /tmp/workdir/traj_comp.xtc
2025-03-14 21:19:24,109 - [MainProcess:53] mummi_ras.online.cg.cganalysis:processFrame:545 - INFO - Frame:     9, Time: 4500.000 ps, Bbox = [0, 180.54947, 0, 180.54947]
2025-03-14 21:19:24,109 - [MainProcess:53] mummi_ras.online.cg.cganalysis:processFrame:549 - INFO - Lengths of layers: 660 37 488
2025-03-14 21:19:24,203 - [MainProcess:53] mummi_ras.online.cg.cganalysis:processFrame:730 - INFO - Time for analysis - frameNum 9, time 0.1112055778503418 s
2025-03-14 21:19:24,204 - [MainProcess:53] mummi_ras.online.cg.cganalysis:processOutput:93 - INFO - Add feedback for frameNum 0 - state []
2025-03-14 21:19:24,205 - [MainProcess:53] mummi_ras.online.cg.cganalysis:processOutput:93 - INFO - Add feedback for frameNum 1 - state []
2025-03-14 21:19:24,205 - [MainProcess:53] mummi_ras.online.cg.cganalysis:processOutput:93 - INFO - Add feedback for frameNum 2 - state []
2025-03-14 21:19:24,205 - [MainProcess:53] mummi_ras.online.cg.cganalysis:processOutput:93 - INFO - Add feedback for frameNum 3 - state []
2025-03-14 21:19:24,206 - [MainProcess:53] mummi_ras.online.cg.cganalysis:processOutput:93 - INFO - Add feedback for frameNum 4 - state []
2025-03-14 21:19:24,206 - [MainProcess:53] mummi_ras.online.cg.cganalysis:processOutput:93 - INFO - Add feedback for frameNum 5 - state []
2025-03-14 21:19:24,206 - [MainProcess:53] mummi_ras.online.cg.cganalysis:processOutput:93 - INFO - Add feedback for frameNum 6 - state []
2025-03-14 21:19:24,206 - [MainProcess:53] mummi_ras.online.cg.cganalysis:processOutput:93 - INFO - Add feedback for frameNum 7 - state []
2025-03-14 21:19:24,207 - [MainProcess:53] mummi_ras.online.cg.cganalysis:processOutput:93 - INFO - Add feedback for frameNum 8 - state []
2025-03-14 21:19:24,207 - [MainProcess:53] mummi_ras.online.cg.cganalysis:processOutput:93 - INFO - Add feedback for frameNum 9 - state []
2025-03-14 21:19:24,215 - [MainProcess:53] mummi_core.interfaces.simple:_save_files:91 - INFO - Wrote 10 files to (/opt/clones/mummi-ras/feedback-cg2ml/098)
2025-03-14 21:19:24,216 - [MainProcess:53] mummi_ras.feedback.feedback_manager_cg2ml:report:118 - INFO - Added 10 frames (from structure_057812798) to feedback (/opt/clones/mummi-ras/feedback-cg2ml)
2025-03-14 21:19:24,216 - [MainProcess:53] mummi_ras.online.cg.cganalysis:processOutput:113 - INFO - processOutput: 9
2025-03-14 21:19:24,353 - [MainProcess:53] mummi_ras.interfaces.mummi:save_analysis_data:254 - INFO - Saved all analysis data for frames [0, 1, 2, 3, 4, 5, 6, 7, 8, 9]
2025-03-14 21:19:24,353 - [MainProcess:53] mummi_ras.online.cg.cganalysis:copyRemoteLogs:326 - INFO - Copy over log files
2025-03-14 21:19:24,379 - [MainProcess:53] mummi_core.utils.utilities:sys_call:184 - INFO - Run command: cp -r  /tmp/workdir/cg_analysis.out /tmp/workdir/*.log /tmp/out/ || true
2025-03-14 21:19:24,379 - [MainProcess:53] mummi_ras.online.cg.cganalysis:copyRemoteLogs:338 - INFO - copyRemoteLogs =  /tmp/workdir/cg_analysis.out /tmp/workdir/*.log
2025-03-14 21:19:24,379 - [MainProcess:53] mummi_ras.online.cg.cganalysis:cleanupLocal:348 - WARNING - Copy cleanup local only works for ddcMD files
2025-03-14 21:19:52,508 - [MainProcess:53] mummi_ras.online.simulation:get_new_frames:376 - INFO - Getting all frame numbers in trajectory from 10 to 10.
2025-03-14 21:19:52,509 - [MainProcess:53] mummi_ras.online.cg.cganalysis:run_main_analysis:194 - INFO - Process frame 10
2025-03-14 21:19:52,509 - [MainProcess:53] mummi_ras.online.cg.cganalysis:processFrame:519 - INFO - Load 11 frames: current frame ID /tmp/workdir/traj_comp.xtc
2025-03-14 21:19:52,526 - [MainProcess:53] mummi_ras.online.cg.cganalysis:processFrame:545 - INFO - Frame:    10, Time: 5000.000 ps, Bbox = [0, 180.69643, 0, 180.69643]
2025-03-14 21:19:52,526 - [MainProcess:53] mummi_ras.online.cg.cganalysis:processFrame:549 - INFO - Lengths of layers: 661 38 486
2025-03-14 21:19:52,605 - [MainProcess:53] mummi_ras.online.cg.cganalysis:processFrame:730 - INFO - Time for analysis - frameNum 10, time 0.0956118106842041 s
2025-03-14 21:20:22,744 - [MainProcess:53] mummi_ras.online.simulation:get_new_frames:376 - INFO - Getting all frame numbers in trajectory from 11 to 11.
2025-03-14 21:20:22,744 - [MainProcess:53] mummi_ras.online.cg.cganalysis:run_main_analysis:194 - INFO - Process frame 11
2025-03-14 21:20:22,745 - [MainProcess:53] mummi_ras.online.cg.cganalysis:processFrame:519 - INFO - Load 12 frames: current frame ID /tmp/workdir/traj_comp.xtc
2025-03-14 21:20:22,761 - [MainProcess:53] mummi_ras.online.cg.cganalysis:processFrame:545 - INFO - Frame:    11, Time: 5500.000 ps, Bbox = [0, 180.9577, 0, 180.9577]
2025-03-14 21:20:22,762 - [MainProcess:53] mummi_ras.online.cg.cganalysis:processFrame:549 - INFO - Lengths of layers: 660 33 492
2025-03-14 21:20:22,849 - [MainProcess:53] mummi_ras.online.cg.cganalysis:processFrame:730 - INFO - Time for analysis - frameNum 11, time 0.10407209396362305 s
2025-03-14 21:20:50,979 - [MainProcess:53] mummi_ras.online.simulation:get_new_frames:376 - INFO - Getting all frame numbers in trajectory from 12 to 12.
2025-03-14 21:20:50,980 - [MainProcess:53] mummi_ras.online.cg.cganalysis:run_main_analysis:194 - INFO - Process frame 12
2025-03-14 21:20:50,980 - [MainProcess:53] mummi_ras.online.cg.cganalysis:processFrame:519 - INFO - Load 13 frames: current frame ID /tmp/workdir/traj_comp.xtc
2025-03-14 21:20:50,997 - [MainProcess:53] mummi_ras.online.cg.cganalysis:processFrame:545 - INFO - Frame:    12, Time: 6000.000 ps, Bbox = [0, 181.12123, 0, 181.12123]
2025-03-14 21:20:50,998 - [MainProcess:53] mummi_ras.online.cg.cganalysis:processFrame:549 - INFO - Lengths of layers: 662 35 488
2025-03-14 21:20:51,090 - [MainProcess:53] mummi_ras.online.cg.cganalysis:processFrame:730 - INFO - Time for analysis - frameNum 12, time 0.10997438430786133 s
2025-03-14 21:21:19,215 - [MainProcess:53] mummi_ras.online.simulation:get_new_frames:376 - INFO - Getting all frame numbers in trajectory from 13 to 13.
2025-03-14 21:21:19,216 - [MainProcess:53] mummi_ras.online.cg.cganalysis:run_main_analysis:194 - INFO - Process frame 13
2025-03-14 21:21:19,216 - [MainProcess:53] mummi_ras.online.cg.cganalysis:processFrame:519 - INFO - Load 14 frames: current frame ID /tmp/workdir/traj_comp.xtc
2025-03-14 21:21:19,233 - [MainProcess:53] mummi_ras.online.cg.cganalysis:processFrame:545 - INFO - Frame:    13, Time: 6500.000 ps, Bbox = [0, 180.32181, 0, 180.32181]
2025-03-14 21:21:19,233 - [MainProcess:53] mummi_ras.online.cg.cganalysis:processFrame:549 - INFO - Lengths of layers: 657 42 486
2025-03-14 21:21:19,315 - [MainProcess:53] mummi_ras.online.cg.cganalysis:processFrame:730 - INFO - Time for analysis - frameNum 13, time 0.09931230545043945 s
2025-03-14 21:21:49,448 - [MainProcess:53] mummi_ras.online.simulation:get_new_frames:376 - INFO - Getting all frame numbers in trajectory from 14 to 14.
2025-03-14 21:21:49,448 - [MainProcess:53] mummi_ras.online.cg.cganalysis:run_main_analysis:194 - INFO - Process frame 14
2025-03-14 21:21:49,449 - [MainProcess:53] mummi_ras.online.cg.cganalysis:processFrame:519 - INFO - Load 15 frames: current frame ID /tmp/workdir/traj_comp.xtc
2025-03-14 21:21:49,465 - [MainProcess:53] mummi_ras.online.cg.cganalysis:processFrame:545 - INFO - Frame:    14, Time: 7000.000 ps, Bbox = [0, 180.98773, 0, 180.98773]
2025-03-14 21:21:49,466 - [MainProcess:53] mummi_ras.online.cg.cganalysis:processFrame:549 - INFO - Lengths of layers: 654 41 490
2025-03-14 21:21:49,556 - [MainProcess:53] mummi_ras.online.cg.cganalysis:processFrame:730 - INFO - Time for analysis - frameNum 14, time 0.10736298561096191 s
2025-03-14 21:22:17,673 - [MainProcess:53] mummi_ras.online.simulation:get_new_frames:376 - INFO - Getting all frame numbers in trajectory from 15 to 15.
2025-03-14 21:22:17,674 - [MainProcess:53] mummi_ras.online.cg.cganalysis:run_main_analysis:194 - INFO - Process frame 15
2025-03-14 21:22:17,674 - [MainProcess:53] mummi_ras.online.cg.cganalysis:processFrame:519 - INFO - Load 16 frames: current frame ID /tmp/workdir/traj_comp.xtc
2025-03-14 21:22:17,691 - [MainProcess:53] mummi_ras.online.cg.cganalysis:processFrame:545 - INFO - Frame:    15, Time: 7500.000 ps, Bbox = [0, 180.61343, 0, 180.61343]
2025-03-14 21:22:17,691 - [MainProcess:53] mummi_ras.online.cg.cganalysis:processFrame:549 - INFO - Lengths of layers: 655 36 494
2025-03-14 21:22:17,786 - [MainProcess:53] mummi_ras.online.cg.cganalysis:processFrame:730 - INFO - Time for analysis - frameNum 15, time 0.11162495613098145 s
2025-03-14 21:22:47,924 - [MainProcess:53] mummi_ras.online.simulation:get_new_frames:376 - INFO - Getting all frame numbers in trajectory from 16 to 16.
2025-03-14 21:22:47,924 - [MainProcess:53] mummi_ras.online.cg.cganalysis:run_main_analysis:194 - INFO - Process frame 16
2025-03-14 21:22:47,924 - [MainProcess:53] mummi_ras.online.cg.cganalysis:processFrame:519 - INFO - Load 17 frames: current frame ID /tmp/workdir/traj_comp.xtc
2025-03-14 21:22:47,953 - [MainProcess:53] mummi_ras.online.cg.cganalysis:processFrame:545 - INFO - Frame:    16, Time: 8000.000 ps, Bbox = [0, 180.79355, 0, 180.79355]
2025-03-14 21:22:47,953 - [MainProcess:53] mummi_ras.online.cg.cganalysis:processFrame:549 - INFO - Lengths of layers: 655 38 492
2025-03-14 21:22:48,046 - [MainProcess:53] mummi_ras.online.cg.cganalysis:processFrame:730 - INFO - Time for analysis - frameNum 16, time 0.12196230888366699 s
2025-03-14 21:23:16,178 - [MainProcess:53] mummi_ras.online.simulation:get_new_frames:376 - INFO - Getting all frame numbers in trajectory from 17 to 17.
2025-03-14 21:23:16,179 - [MainProcess:53] mummi_ras.online.cg.cganalysis:run_main_analysis:194 - INFO - Process frame 17
2025-03-14 21:23:16,179 - [MainProcess:53] mummi_ras.online.cg.cganalysis:processFrame:519 - INFO - Load 18 frames: current frame ID /tmp/workdir/traj_comp.xtc
2025-03-14 21:23:16,195 - [MainProcess:53] mummi_ras.online.cg.cganalysis:processFrame:545 - INFO - Frame:    17, Time: 8500.000 ps, Bbox = [0, 181.0069, 0, 181.0069]
2025-03-14 21:23:16,196 - [MainProcess:53] mummi_ras.online.cg.cganalysis:processFrame:549 - INFO - Lengths of layers: 650 46 489
2025-03-14 21:23:16,284 - [MainProcess:53] mummi_ras.online.cg.cganalysis:processFrame:730 - INFO - Time for analysis - frameNum 17, time 0.10474848747253418 s
2025-03-14 21:23:44,416 - [MainProcess:53] mummi_ras.online.simulation:get_new_frames:376 - INFO - Getting all frame numbers in trajectory from 18 to 18.
2025-03-14 21:23:44,416 - [MainProcess:53] mummi_ras.online.cg.cganalysis:run_main_analysis:194 - INFO - Process frame 18
2025-03-14 21:23:44,416 - [MainProcess:53] mummi_ras.online.cg.cganalysis:processFrame:519 - INFO - Load 19 frames: current frame ID /tmp/workdir/traj_comp.xtc
2025-03-14 21:23:44,443 - [MainProcess:53] mummi_ras.online.cg.cganalysis:processFrame:545 - INFO - Frame:    18, Time: 9000.000 ps, Bbox = [0, 180.2193, 0, 180.2193]
2025-03-14 21:23:44,444 - [MainProcess:53] mummi_ras.online.cg.cganalysis:processFrame:549 - INFO - Lengths of layers: 648 44 493
2025-03-14 21:23:44,525 - [MainProcess:53] mummi_ras.online.cg.cganalysis:processFrame:730 - INFO - Time for analysis - frameNum 18, time 0.10839080810546875 s
2025-03-14 21:24:14,680 - [MainProcess:53] mummi_ras.online.simulation:get_new_frames:376 - INFO - Getting all frame numbers in trajectory from 19 to 19.
2025-03-14 21:24:14,681 - [MainProcess:53] mummi_ras.online.cg.cganalysis:run_main_analysis:194 - INFO - Process frame 19
2025-03-14 21:24:14,681 - [MainProcess:53] mummi_ras.online.cg.cganalysis:processFrame:519 - INFO - Load 20 frames: current frame ID /tmp/workdir/traj_comp.xtc
2025-03-14 21:24:14,697 - [MainProcess:53] mummi_ras.online.cg.cganalysis:processFrame:545 - INFO - Frame:    19, Time: 9500.000 ps, Bbox = [0, 180.43878, 0, 180.43878]
2025-03-14 21:24:14,698 - [MainProcess:53] mummi_ras.online.cg.cganalysis:processFrame:549 - INFO - Lengths of layers: 651 43 491
2025-03-14 21:24:14,804 - [MainProcess:53] mummi_ras.online.cg.cganalysis:processFrame:730 - INFO - Time for analysis - frameNum 19, time 0.1226496696472168 s
2025-03-14 21:24:14,805 - [MainProcess:53] mummi_ras.online.cg.cganalysis:processOutput:93 - INFO - Add feedback for frameNum 10 - state []
2025-03-14 21:24:14,805 - [MainProcess:53] mummi_ras.online.cg.cganalysis:processOutput:93 - INFO - Add feedback for frameNum 11 - state []
2025-03-14 21:24:14,805 - [MainProcess:53] mummi_ras.online.cg.cganalysis:processOutput:93 - INFO - Add feedback for frameNum 12 - state []
2025-03-14 21:24:14,805 - [MainProcess:53] mummi_ras.online.cg.cganalysis:processOutput:93 - INFO - Add feedback for frameNum 13 - state []
2025-03-14 21:24:14,806 - [MainProcess:53] mummi_ras.online.cg.cganalysis:processOutput:93 - INFO - Add feedback for frameNum 14 - state []
2025-03-14 21:24:14,806 - [MainProcess:53] mummi_ras.online.cg.cganalysis:processOutput:93 - INFO - Add feedback for frameNum 15 - state []
2025-03-14 21:24:14,806 - [MainProcess:53] mummi_ras.online.cg.cganalysis:processOutput:93 - INFO - Add feedback for frameNum 16 - state []
2025-03-14 21:24:14,806 - [MainProcess:53] mummi_ras.online.cg.cganalysis:processOutput:93 - INFO - Add feedback for frameNum 17 - state []
2025-03-14 21:24:14,807 - [MainProcess:53] mummi_ras.online.cg.cganalysis:processOutput:93 - INFO - Add feedback for frameNum 18 - state []
2025-03-14 21:24:14,807 - [MainProcess:53] mummi_ras.online.cg.cganalysis:processOutput:93 - INFO - Add feedback for frameNum 19 - state []
2025-03-14 21:24:14,815 - [MainProcess:53] mummi_core.interfaces.simple:_save_files:91 - INFO - Wrote 10 files to (/opt/clones/mummi-ras/feedback-cg2ml/098)
2025-03-14 21:24:14,815 - [MainProcess:53] mummi_ras.feedback.feedback_manager_cg2ml:report:118 - INFO - Added 10 frames (from structure_057812798) to feedback (/opt/clones/mummi-ras/feedback-cg2ml)
2025-03-14 21:24:14,816 - [MainProcess:53] mummi_ras.online.cg.cganalysis:processOutput:113 - INFO - processOutput: 19
2025-03-14 21:24:14,954 - [MainProcess:53] mummi_ras.interfaces.mummi:save_analysis_data:254 - INFO - Saved all analysis data for frames [10, 11, 12, 13, 14, 15, 16, 17, 18, 19]
2025-03-14 21:24:14,955 - [MainProcess:53] mummi_ras.online.cg.cganalysis:copyRemoteLogs:326 - INFO - Copy over log files
2025-03-14 21:24:14,982 - [MainProcess:53] mummi_core.utils.utilities:sys_call:184 - INFO - Run command: cp -r  /tmp/workdir/cg_analysis.out /tmp/workdir/*.log /tmp/out/ || true
2025-03-14 21:24:14,982 - [MainProcess:53] mummi_ras.online.cg.cganalysis:copyRemoteLogs:338 - INFO - copyRemoteLogs =  /tmp/workdir/cg_analysis.out /tmp/workdir/*.log
2025-03-14 21:24:14,983 - [MainProcess:53] mummi_ras.online.cg.cganalysis:cleanupLocal:348 - WARNING - Copy cleanup local only works for ddcMD files
2025-03-14 21:24:43,113 - [MainProcess:53] mummi_ras.online.simulation:get_new_frames:376 - INFO - Getting all frame numbers in trajectory from 20 to 20.
2025-03-14 21:24:43,113 - [MainProcess:53] mummi_ras.online.cg.cganalysis:run_main_analysis:194 - INFO - Process frame 20
2025-03-14 21:24:43,113 - [MainProcess:53] mummi_ras.online.cg.cganalysis:processFrame:519 - INFO - Load 21 frames: current frame ID /tmp/workdir/traj_comp.xtc
2025-03-14 21:24:43,130 - [MainProcess:53] mummi_ras.online.cg.cganalysis:processFrame:545 - INFO - Frame:    20, Time: 10000.000 ps, Bbox = [0, 180.04031, 0, 180.04031]
2025-03-14 21:24:43,130 - [MainProcess:53] mummi_ras.online.cg.cganalysis:processFrame:549 - INFO - Lengths of layers: 651 43 491
2025-03-14 21:24:43,218 - [MainProcess:53] mummi_ras.online.cg.cganalysis:processFrame:730 - INFO - Time for analysis - frameNum 20, time 0.1047217845916748 s
2025-03-14 21:25:11,365 - [MainProcess:53] mummi_ras.online.simulation:get_new_frames:376 - INFO - Getting all frame numbers in trajectory from 21 to 21.
2025-03-14 21:25:11,366 - [MainProcess:53] mummi_ras.online.cg.cganalysis:run_main_analysis:194 - INFO - Process frame 21
2025-03-14 21:25:11,366 - [MainProcess:53] mummi_ras.online.cg.cganalysis:processFrame:519 - INFO - Load 22 frames: current frame ID /tmp/workdir/traj_comp.xtc
2025-03-14 21:25:11,382 - [MainProcess:53] mummi_ras.online.cg.cganalysis:processFrame:545 - INFO - Frame:    21, Time: 10500.000 ps, Bbox = [0, 181.43854, 0, 181.43854]
2025-03-14 21:25:11,383 - [MainProcess:53] mummi_ras.online.cg.cganalysis:processFrame:549 - INFO - Lengths of layers: 656 41 488
2025-03-14 21:25:11,479 - [MainProcess:53] mummi_ras.online.cg.cganalysis:processFrame:730 - INFO - Time for analysis - frameNum 21, time 0.11344313621520996 s
2025-03-14 21:25:41,617 - [MainProcess:53] mummi_ras.online.simulation:get_new_frames:376 - INFO - Getting all frame numbers in trajectory from 22 to 22.
2025-03-14 21:25:41,617 - [MainProcess:53] mummi_ras.online.cg.cganalysis:run_main_analysis:194 - INFO - Process frame 22
2025-03-14 21:25:41,618 - [MainProcess:53] mummi_ras.online.cg.cganalysis:processFrame:519 - INFO - Load 23 frames: current frame ID /tmp/workdir/traj_comp.xtc
2025-03-14 21:25:41,633 - [MainProcess:53] mummi_ras.online.cg.cganalysis:processFrame:545 - INFO - Frame:    22, Time: 11000.000 ps, Bbox = [0, 181.93054, 0, 181.93054]
2025-03-14 21:25:41,633 - [MainProcess:53] mummi_ras.online.cg.cganalysis:processFrame:549 - INFO - Lengths of layers: 654 42 489
2025-03-14 21:25:41,724 - [MainProcess:53] mummi_ras.online.cg.cganalysis:processFrame:730 - INFO - Time for analysis - frameNum 22, time 0.10654568672180176 s
2025-03-14 21:26:09,865 - [MainProcess:53] mummi_ras.online.simulation:get_new_frames:376 - INFO - Getting all frame numbers in trajectory from 23 to 23.
2025-03-14 21:26:09,865 - [MainProcess:53] mummi_ras.online.cg.cganalysis:run_main_analysis:194 - INFO - Process frame 23
2025-03-14 21:26:09,866 - [MainProcess:53] mummi_ras.online.cg.cganalysis:processFrame:519 - INFO - Load 24 frames: current frame ID /tmp/workdir/traj_comp.xtc
2025-03-14 21:26:09,883 - [MainProcess:53] mummi_ras.online.cg.cganalysis:processFrame:545 - INFO - Frame:    23, Time: 11500.000 ps, Bbox = [0, 181.21991, 0, 181.21991]
2025-03-14 21:26:09,883 - [MainProcess:53] mummi_ras.online.cg.cganalysis:processFrame:549 - INFO - Lengths of layers: 652 44 489
2025-03-14 21:26:09,976 - [MainProcess:53] mummi_ras.online.cg.cganalysis:processFrame:730 - INFO - Time for analysis - frameNum 23, time 0.11069536209106445 s
2025-03-14 21:26:38,101 - [MainProcess:53] mummi_ras.online.simulation:get_new_frames:376 - INFO - Getting all frame numbers in trajectory from 24 to 24.
2025-03-14 21:26:38,101 - [MainProcess:53] mummi_ras.online.cg.cganalysis:run_main_analysis:194 - INFO - Process frame 24
2025-03-14 21:26:38,102 - [MainProcess:53] mummi_ras.online.cg.cganalysis:processFrame:519 - INFO - Load 25 frames: current frame ID /tmp/workdir/traj_comp.xtc
2025-03-14 21:26:38,118 - [MainProcess:53] mummi_ras.online.cg.cganalysis:processFrame:545 - INFO - Frame:    24, Time: 12000.000 ps, Bbox = [0, 180.88367, 0, 180.88367]
2025-03-14 21:26:38,119 - [MainProcess:53] mummi_ras.online.cg.cganalysis:processFrame:549 - INFO - Lengths of layers: 653 39 493
2025-03-14 21:26:38,203 - [MainProcess:53] mummi_ras.online.cg.cganalysis:processFrame:730 - INFO - Time for analysis - frameNum 24, time 0.10121798515319824 s
2025-03-14 21:27:08,353 - [MainProcess:53] mummi_ras.online.simulation:get_new_frames:376 - INFO - Getting all frame numbers in trajectory from 25 to 25.
2025-03-14 21:27:08,353 - [MainProcess:53] mummi_ras.online.cg.cganalysis:run_main_analysis:194 - INFO - Process frame 25
2025-03-14 21:27:08,353 - [MainProcess:53] mummi_ras.online.cg.cganalysis:processFrame:519 - INFO - Load 26 frames: current frame ID /tmp/workdir/traj_comp.xtc
2025-03-14 21:27:08,370 - [MainProcess:53] mummi_ras.online.cg.cganalysis:processFrame:545 - INFO - Frame:    25, Time: 12500.000 ps, Bbox = [0, 180.72298, 0, 180.72298]
2025-03-14 21:27:08,371 - [MainProcess:53] mummi_ras.online.cg.cganalysis:processFrame:549 - INFO - Lengths of layers: 657 35 493
2025-03-14 21:27:08,460 - [MainProcess:53] mummi_ras.online.cg.cganalysis:processFrame:730 - INFO - Time for analysis - frameNum 25, time 0.10654640197753906 s
2025-03-14 21:27:12,468 - [MainProcess:53] mummi_ras.online.cg.cganalysis:run_main_analysis:293 - INFO - CG analysis is stopping.
2025-03-14 21:27:12,468 - [MainProcess:53] mummi_ras.online.cg.cganalysis:run_main_analysis:310 - INFO - Process ouput from last frames
2025-03-14 21:27:12,468 - [MainProcess:53] mummi_ras.online.cg.cganalysis:processOutput:93 - INFO - Add feedback for frameNum 20 - state []
2025-03-14 21:27:12,469 - [MainProcess:53] mummi_ras.online.cg.cganalysis:processOutput:93 - INFO - Add feedback for frameNum 21 - state []
2025-03-14 21:27:12,469 - [MainProcess:53] mummi_ras.online.cg.cganalysis:processOutput:93 - INFO - Add feedback for frameNum 22 - state []
2025-03-14 21:27:12,469 - [MainProcess:53] mummi_ras.online.cg.cganalysis:processOutput:93 - INFO - Add feedback for frameNum 23 - state []
2025-03-14 21:27:12,469 - [MainProcess:53] mummi_ras.online.cg.cganalysis:processOutput:93 - INFO - Add feedback for frameNum 24 - state []
2025-03-14 21:27:12,469 - [MainProcess:53] mummi_ras.online.cg.cganalysis:processOutput:93 - INFO - Add feedback for frameNum 25 - state []
2025-03-14 21:27:12,473 - [MainProcess:53] mummi_core.interfaces.simple:_save_files:91 - INFO - Wrote 6 files to (/opt/clones/mummi-ras/feedback-cg2ml/098)
2025-03-14 21:27:12,473 - [MainProcess:53] mummi_ras.feedback.feedback_manager_cg2ml:report:118 - INFO - Added 6 frames (from structure_057812798) to feedback (/opt/clones/mummi-ras/feedback-cg2ml)
2025-03-14 21:27:12,473 - [MainProcess:53] mummi_ras.online.cg.cganalysis:processOutput:113 - INFO - processOutput: 25
2025-03-14 21:27:12,529 - [MainProcess:53] mummi_ras.interfaces.mummi:save_analysis_data:254 - INFO - Saved all analysis data for frames [20, 21, 22, 23, 24, 25]
2025-03-14 21:27:12,529 - [MainProcess:53] mummi_ras.online.cg.cganalysis:copyRemoteLogs:326 - INFO - Copy over log files
2025-03-14 21:27:12,534 - [MainProcess:53] mummi_core.utils.utilities:sys_call:184 - INFO - Run command: cp -r  /tmp/workdir/cg_analysis.out /tmp/workdir/*.log /tmp/out/ || true
2025-03-14 21:27:12,534 - [MainProcess:53] mummi_ras.online.cg.cganalysis:copyRemoteLogs:338 - INFO - copyRemoteLogs =  /tmp/workdir/cg_analysis.out /tmp/workdir/*.log
2025-03-14 21:27:12,534 - [MainProcess:53] mummi_ras.online.cg.cganalysis:cleanupLocal:348 - WARNING - Copy cleanup local only works for ddcMD files
2025-03-14 21:27:12,534 - [MainProcess:53] mummi_ras.online.cg.cganalysis:copyRemoteLogs:326 - INFO - Copy over log files
2025-03-14 21:27:12,538 - [MainProcess:53] mummi_core.utils.utilities:sys_call:184 - INFO - Run command: cp -r  /tmp/workdir/cg_analysis.out /tmp/workdir/*.log /tmp/out/ || true
2025-03-14 21:27:12,538 - [MainProcess:53] mummi_ras.online.cg.cganalysis:copyRemoteLogs:338 - INFO - copyRemoteLogs =  /tmp/workdir/cg_analysis.out /tmp/workdir/*.log
