2025-03-16 00:37:30,118 - [MainProcess:53] root:init_logger:344 - INFO - Enabled
2025-03-16 00:37:30,118 - [MainProcess:53] root:init_logger:345 - WARNING - Enabled
2025-03-16 00:37:30,118 - [MainProcess:53] root:init_logger:346 - ERROR - Enabled
2025-03-16 00:37:30,118 - [MainProcess:53] root:init_logger:347 - CRITICAL - Enabled
2025-03-16 00:37:30,128 - [MainProcess:53] root:_log_profile:78 - PROFILE - [197.609 MB]: Enabled
2025-03-16 00:37:30,128 - [MainProcess:53] mummi_ras.online.cg.cganalysis:run_cganalysis:849 - INFO - Running CG analysis, options are:
2025-03-16 00:37:30,128 - [MainProcess:53] mummi_ras.online.cg.cganalysis:run_cganalysis:850 - INFO - Namespace(simname='structure_075765917', fcount=0, noninteractive=False, path='/tmp/workdir', pathremote='/tmp/out', fstype='mummi', fbio='mummi', nprocs=1, loglevel=2, logpath='./', logstdout=True, test=False, no_gpu=False, logfile='cg_analysis', maxsimtime=250000000, stopsimtime=100, minsimtime=100000000, frameProcessBatchSize=10, siminputs='/tmp/out', simbin='gmx', simruntime='0.5', simcores=8, nofeedback=False, backend=<MDEngine.GROMACS: <class 'mummi_ras.online.simulation.GROMACS'>>, mini=True)
2025-03-16 00:37:30,129 - [MainProcess:53] mummi_ras.online.cg.cganalysis:run_cganalysis:851 - INFO - local path = /tmp/workdir
2025-03-16 00:37:30,129 - [MainProcess:53] mummi_ras.online.cg.cganalysis:run_cganalysis:853 - INFO - remote path = /tmp/out
2025-03-16 00:37:30,185 - [MainProcess:53] mummi_ras.online.cg.cganalysis:run_cganalysis:863 - INFO - Using IO_Interface [<class 'mummi_ras.interfaces.mummi.IO_Mummi'>] for data output
2025-03-16 00:37:30,185 - [MainProcess:53] mummi_ras.online.cg.cganalysis:run_cganalysis:864 - INFO - Using IO_Interface [<class 'mummi_ras.interfaces.mummi.IO_Mummi'>] for feedback output
2025-03-16 00:37:30,185 - [MainProcess:53] mummi_ras.online.cg.cgoptions:__init__:46 - INFO - Loading parameters from /opt/clones/mummi_resources/analysis/cg/cg_analysis_parameters.yaml
2025-03-16 00:37:30,186 - [MainProcess:53] mummi_ras.feedback.feedback_manager_cg2ml:__init__:56 - INFO - Initialized FeedbackManager (type = FeedbackManagerType.Worker; name = structure_075765917; host = cganalysis-structure-075765917-tz8qn)
2025-03-16 00:37:30,206 - [MainProcess:53] mummi_ras.parsers.cg:setup:68 - INFO - Initializing CGParser (MDAnalysis version 2.8.0)
2025-03-16 00:37:30,206 - [MainProcess:53] mummi_ras.parsers.cg:setup:69 - INFO - 	Loading: (/tmp/workdir/lipids-water-eq6.gro) (/tmp/workdir/topol.tpr)
2025-03-16 00:37:30,207 - [MainProcess:53] MDAnalysis.topology.TPRparser:_log_header:257 - INFO - Gromacs version   : b'VERSION 2024.2-conda_forge'
2025-03-16 00:37:30,207 - [MainProcess:53] MDAnalysis.topology.TPRparser:_log_header:258 - INFO - tpx version       : 133
2025-03-16 00:37:30,208 - [MainProcess:53] MDAnalysis.topology.TPRparser:_log_header:259 - INFO - tpx generation    : 28
2025-03-16 00:37:30,208 - [MainProcess:53] MDAnalysis.topology.TPRparser:_log_header:260 - INFO - tpx precision     : 4
2025-03-16 00:37:30,208 - [MainProcess:53] MDAnalysis.topology.TPRparser:_log_header:261 - INFO - tpx file_tag      : b'release'
2025-03-16 00:37:30,208 - [MainProcess:53] MDAnalysis.topology.TPRparser:_log_header:262 - INFO - tpx natoms        : 54193
2025-03-16 00:37:30,208 - [MainProcess:53] MDAnalysis.topology.TPRparser:_log_header:263 - INFO - tpx ngtc          : 2
2025-03-16 00:37:30,208 - [MainProcess:53] MDAnalysis.topology.TPRparser:_log_header:264 - INFO - tpx fep_state     : 0
2025-03-16 00:37:30,208 - [MainProcess:53] MDAnalysis.topology.TPRparser:_log_header:265 - INFO - tpx lambda        : 0.0
2025-03-16 00:37:30,659 - [MainProcess:53] MDAnalysis.core.universe:guess_TopologyAttrs:1645 - INFO - The attribute(s) types, masses have already been read from the topology file. The guesser will only guess empty values for this attribute, if any exists. To overwrite it by completely guessed values, you can pass the attribute to the force_guess parameter instead of the to_guess one
2025-03-16 00:37:30,662 - [MainProcess:53] MDAnalysis.guesser.base:guess_attr:177 - INFO - There is no empty types values. Guesser did not guess any new values for types attribute
2025-03-16 00:37:30,662 - [MainProcess:53] MDAnalysis.guesser.base:guess_attr:177 - INFO - There is no empty masses values. Guesser did not guess any new values for masses attribute
2025-03-16 00:37:30,662 - [MainProcess:53] mummi_ras.parsers.cg:setup:74 - INFO - 	Number of frames in sim: 1
2025-03-16 00:37:30,662 - [MainProcess:53] mummi_ras.parsers.cg:setup:75 - INFO - 	Number of atoms in sim: 54193
2025-03-16 00:37:30,663 - [MainProcess:53] mummi_ras.parsers.cg:setup:76 - INFO - 	Sim dimensions: [182.0392  182.0392  179.32431]
2025-03-16 00:37:30,686 - [MainProcess:53] mummi_ras.parsers.cg:_setup_lipids:103 - WARNING -  Resnames ['ALA' 'ARG' 'ASN' 'ASP' 'CGW' 'CYF' 'CYM' 'CYS' 'GLN' 'GLU' 'GLY' 'GTP'
 'HSE' 'ILE' 'ION' 'LEU' 'LYS' 'MET' 'MG' 'PHE' 'PRO' 'SER' 'THR' 'TRP'
 'TYR' 'VAL' 'W' 'ZN2'] either not lipids or not supported!
2025-03-16 00:37:30,932 - [MainProcess:53] mummi_ras.parsers.cg:_setup_lipids:145 - WARNING - Found leaflets of size 448 355
2025-03-16 00:37:30,935 - [MainProcess:53] mummi_ras.parsers.cg_aligner:init:144 - INFO - origin: (165,): ['THR', 'GLU', 'TYR', 'LYS', 'LEU', 'VAL', 'VAL', 'VAL', 'GLY', 'ALA', 'ASP', 'GLY', 'VAL', 'GLY', 'LYS', 'SER', 'ALA', 'LEU', 'THR', 'ILE', 'GLN', 'LEU', 'ILE', 'GLN', 'ASN', 'HSE', 'PHE', 'VAL', 'ASP', 'GLU', 'TYR', 'ASP', 'PRO', 'THR', 'ILE', 'GLU', 'ASP', 'SER', 'TYR', 'ARG', 'LYS', 'GLN', 'VAL', 'VAL', 'ILE', 'ASP', 'GLY', 'GLU', 'THR', 'CYS', 'LEU', 'LEU', 'ASP', 'ILE', 'LEU', 'ASP', 'THR', 'ALA', 'GLY', 'GLN', 'GLU', 'GLU', 'TYR', 'SER', 'ALA', 'MET', 'ARG', 'ASP', 'GLN', 'TYR', 'MET', 'ARG', 'THR', 'GLY', 'GLU', 'GLY', 'PHE', 'LEU', 'CYS', 'VAL', 'PHE', 'ALA', 'ILE', 'ASN', 'ASN', 'THR', 'LYS', 'SER', 'PHE', 'GLU', 'ASP', 'ILE', 'HSE', 'HSE', 'TYR', 'ARG', 'GLU', 'GLN', 'ILE', 'LYS', 'ARG', 'VAL', 'LYS', 'ASP', 'SER', 'GLU', 'ASP', 'VAL', 'PRO', 'MET', 'VAL', 'LEU', 'VAL', 'GLY', 'ASN', 'LYS', 'CYS', 'ASP', 'LEU', 'PRO', 'SER', 'ARG', 'THR', 'VAL', 'ASP', 'THR', 'LYS', 'GLN', 'ALA', 'GLN', 'ASP', 'LEU', 'ALA', 'ARG', 'SER', 'TYR', 'GLY', 'ILE', 'PRO', 'PHE', 'ILE', 'GLU', 'THR', 'SER', 'ALA', 'LYS', 'THR', 'ARG', 'GLN', 'GLY', 'VAL', 'ASP', 'ASP', 'ALA', 'PHE', 'TYR', 'THR', 'LEU', 'VAL', 'ARG', 'GLU', 'ILE', 'ARG', 'LYS', 'HSE']
2025-03-16 00:37:30,935 - [MainProcess:53] mummi_ras.parsers.cg_aligner:init:145 - INFO - xaxis:  (8,): ['THR', 'PHE', 'PHE', 'THR', 'LEU', 'LEU', 'PHE', 'GLN']
2025-03-16 00:37:30,938 - [MainProcess:53] mummi_ras.online.cg.cganalysis:run_cganalysis:946 - INFO - Testing flags: [Success='cg_success', Fail='cg_failure']
2025-03-16 00:37:30,938 - [MainProcess:53] mummi_ras.online.cg.cganalysis:run_cganalysis:947 - INFO - Checking for exit condition [/tmp/out] (pass=False fail=False)
2025-03-16 00:37:30,938 - [MainProcess:53] mummi_ras.online.simulation:run:98 - INFO - Starting /miniconda3/bin/gmx....
2025-03-16 00:37:30,938 - [MainProcess:53] mummi_ras.online.simulation:run:112 - INFO - cmd =       /miniconda3/bin/gmx mdrun -cpi -nb gpu -ntmpi 1 -ntomp 8 -pin off -maxh 0.5 >> mdrun.log 2>&1
2025-03-16 00:37:30,938 - [MainProcess:53] mummi_ras.online.simulation:run:113 - INFO - os.pwd =    /tmp/workdir
2025-03-16 00:37:30,938 - [MainProcess:53] mummi_ras.online.simulation:run:114 - INFO - simdir =    /tmp/workdir
2025-03-16 00:37:35,946 - [MainProcess:53] mummi_ras.online.simulation:run:119 - INFO - Process Running? None
2025-03-16 00:37:35,947 - [MainProcess:53] mummi_ras.online.simulation:run:123 - INFO - CUDA_VISIBLE_DEVICES=UNSET
2025-03-16 00:37:35,947 - [MainProcess:53] mummi_ras.online.simulation:run:124 - INFO - ROCR_VISIBLE_DEVICES=UNSET
2025-03-16 00:37:35,986 - [MainProcess:53] mummi_ras.online.simulation:get_new_frames:376 - INFO - Getting all frame numbers in trajectory from 0 to 0.
2025-03-16 00:37:35,987 - [MainProcess:53] mummi_ras.online.cg.cganalysis:run_main_analysis:194 - INFO - Process frame 0
2025-03-16 00:37:35,987 - [MainProcess:53] mummi_ras.online.cg.cganalysis:processFrame:519 - INFO - Load 1 frames: current frame ID /tmp/workdir/traj_comp.xtc
2025-03-16 00:37:36,004 - [MainProcess:53] mummi_ras.online.cg.cganalysis:processFrame:545 - INFO - Frame:     0, Time:    0.000 ps, Bbox = [0, 182.0392, 0, 182.0392]
2025-03-16 00:37:36,004 - [MainProcess:53] mummi_ras.online.cg.cganalysis:processFrame:549 - INFO - Lengths of layers: 663 36 485
2025-03-16 00:37:36,110 - [MainProcess:53] mummi_ras.online.cg.cganalysis:processFrame:730 - INFO - Time for analysis - frameNum 0, time 0.12336039543151855 s
2025-03-16 00:38:00,246 - [MainProcess:53] mummi_ras.online.simulation:get_new_frames:376 - INFO - Getting all frame numbers in trajectory from 1 to 1.
2025-03-16 00:38:00,246 - [MainProcess:53] mummi_ras.online.cg.cganalysis:run_main_analysis:194 - INFO - Process frame 1
2025-03-16 00:38:00,247 - [MainProcess:53] mummi_ras.online.cg.cganalysis:processFrame:519 - INFO - Load 2 frames: current frame ID /tmp/workdir/traj_comp.xtc
2025-03-16 00:38:00,259 - [MainProcess:53] mummi_ras.online.cg.cganalysis:processFrame:545 - INFO - Frame:     1, Time:  500.000 ps, Bbox = [0, 181.57748, 0, 181.57748]
2025-03-16 00:38:00,260 - [MainProcess:53] mummi_ras.online.cg.cganalysis:processFrame:549 - INFO - Lengths of layers: 665 34 485
2025-03-16 00:38:00,346 - [MainProcess:53] mummi_ras.online.cg.cganalysis:processFrame:730 - INFO - Time for analysis - frameNum 1, time 0.09901762008666992 s
2025-03-16 00:38:28,489 - [MainProcess:53] mummi_ras.online.simulation:get_new_frames:376 - INFO - Getting all frame numbers in trajectory from 2 to 2.
2025-03-16 00:38:28,489 - [MainProcess:53] mummi_ras.online.cg.cganalysis:run_main_analysis:194 - INFO - Process frame 2
2025-03-16 00:38:28,489 - [MainProcess:53] mummi_ras.online.cg.cganalysis:processFrame:519 - INFO - Load 3 frames: current frame ID /tmp/workdir/traj_comp.xtc
2025-03-16 00:38:28,505 - [MainProcess:53] mummi_ras.online.cg.cganalysis:processFrame:545 - INFO - Frame:     2, Time: 1000.000 ps, Bbox = [0, 180.61795, 0, 180.61795]
2025-03-16 00:38:28,506 - [MainProcess:53] mummi_ras.online.cg.cganalysis:processFrame:549 - INFO - Lengths of layers: 661 38 485
2025-03-16 00:38:28,590 - [MainProcess:53] mummi_ras.online.cg.cganalysis:processFrame:730 - INFO - Time for analysis - frameNum 2, time 0.10062313079833984 s
2025-03-16 00:38:56,720 - [MainProcess:53] mummi_ras.online.simulation:get_new_frames:376 - INFO - Getting all frame numbers in trajectory from 3 to 3.
2025-03-16 00:38:56,721 - [MainProcess:53] mummi_ras.online.cg.cganalysis:run_main_analysis:194 - INFO - Process frame 3
2025-03-16 00:38:56,721 - [MainProcess:53] mummi_ras.online.cg.cganalysis:processFrame:519 - INFO - Load 4 frames: current frame ID /tmp/workdir/traj_comp.xtc
2025-03-16 00:38:56,737 - [MainProcess:53] mummi_ras.online.cg.cganalysis:processFrame:545 - INFO - Frame:     3, Time: 1500.000 ps, Bbox = [0, 181.20834, 0, 181.20834]
2025-03-16 00:38:56,737 - [MainProcess:53] mummi_ras.online.cg.cganalysis:processFrame:549 - INFO - Lengths of layers: 665 32 487
2025-03-16 00:38:56,818 - [MainProcess:53] mummi_ras.online.cg.cganalysis:processFrame:730 - INFO - Time for analysis - frameNum 3, time 0.09715080261230469 s
2025-03-16 00:39:24,949 - [MainProcess:53] mummi_ras.online.simulation:get_new_frames:376 - INFO - Getting all frame numbers in trajectory from 4 to 4.
2025-03-16 00:39:24,950 - [MainProcess:53] mummi_ras.online.cg.cganalysis:run_main_analysis:194 - INFO - Process frame 4
2025-03-16 00:39:24,950 - [MainProcess:53] mummi_ras.online.cg.cganalysis:processFrame:519 - INFO - Load 5 frames: current frame ID /tmp/workdir/traj_comp.xtc
2025-03-16 00:39:24,978 - [MainProcess:53] mummi_ras.online.cg.cganalysis:processFrame:545 - INFO - Frame:     4, Time: 2000.000 ps, Bbox = [0, 179.52177, 0, 179.52177]
2025-03-16 00:39:24,978 - [MainProcess:53] mummi_ras.online.cg.cganalysis:processFrame:549 - INFO - Lengths of layers: 670 31 483
2025-03-16 00:39:25,055 - [MainProcess:53] mummi_ras.online.cg.cganalysis:processFrame:730 - INFO - Time for analysis - frameNum 4, time 0.1050558090209961 s
2025-03-16 00:39:53,191 - [MainProcess:53] mummi_ras.online.simulation:get_new_frames:376 - INFO - Getting all frame numbers in trajectory from 5 to 5.
2025-03-16 00:39:53,192 - [MainProcess:53] mummi_ras.online.cg.cganalysis:run_main_analysis:194 - INFO - Process frame 5
2025-03-16 00:39:53,192 - [MainProcess:53] mummi_ras.online.cg.cganalysis:processFrame:519 - INFO - Load 6 frames: current frame ID /tmp/workdir/traj_comp.xtc
2025-03-16 00:39:53,208 - [MainProcess:53] mummi_ras.online.cg.cganalysis:processFrame:545 - INFO - Frame:     5, Time: 2500.000 ps, Bbox = [0, 181.45453, 0, 181.45453]
2025-03-16 00:39:53,209 - [MainProcess:53] mummi_ras.online.cg.cganalysis:processFrame:549 - INFO - Lengths of layers: 666 29 489
2025-03-16 00:39:53,300 - [MainProcess:53] mummi_ras.online.cg.cganalysis:processFrame:730 - INFO - Time for analysis - frameNum 5, time 0.10793447494506836 s
2025-03-16 00:40:21,420 - [MainProcess:53] mummi_ras.online.simulation:get_new_frames:376 - INFO - Getting all frame numbers in trajectory from 6 to 6.
2025-03-16 00:40:21,420 - [MainProcess:53] mummi_ras.online.cg.cganalysis:run_main_analysis:194 - INFO - Process frame 6
2025-03-16 00:40:21,420 - [MainProcess:53] mummi_ras.online.cg.cganalysis:processFrame:519 - INFO - Load 7 frames: current frame ID /tmp/workdir/traj_comp.xtc
2025-03-16 00:40:21,437 - [MainProcess:53] mummi_ras.online.cg.cganalysis:processFrame:545 - INFO - Frame:     6, Time: 3000.000 ps, Bbox = [0, 180.52315, 0, 180.52315]
2025-03-16 00:40:21,437 - [MainProcess:53] mummi_ras.online.cg.cganalysis:processFrame:549 - INFO - Lengths of layers: 666 30 488
2025-03-16 00:40:21,536 - [MainProcess:53] mummi_ras.online.cg.cganalysis:processFrame:730 - INFO - Time for analysis - frameNum 6, time 0.1156461238861084 s
2025-03-16 00:40:49,675 - [MainProcess:53] mummi_ras.online.simulation:get_new_frames:376 - INFO - Getting all frame numbers in trajectory from 7 to 7.
2025-03-16 00:40:49,676 - [MainProcess:53] mummi_ras.online.cg.cganalysis:run_main_analysis:194 - INFO - Process frame 7
2025-03-16 00:40:49,676 - [MainProcess:53] mummi_ras.online.cg.cganalysis:processFrame:519 - INFO - Load 8 frames: current frame ID /tmp/workdir/traj_comp.xtc
2025-03-16 00:40:49,692 - [MainProcess:53] mummi_ras.online.cg.cganalysis:processFrame:545 - INFO - Frame:     7, Time: 3500.000 ps, Bbox = [0, 180.48889, 0, 180.48889]
2025-03-16 00:40:49,693 - [MainProcess:53] mummi_ras.online.cg.cganalysis:processFrame:549 - INFO - Lengths of layers: 664 31 489
2025-03-16 00:40:49,782 - [MainProcess:53] mummi_ras.online.cg.cganalysis:processFrame:730 - INFO - Time for analysis - frameNum 7, time 0.10582613945007324 s
2025-03-16 00:41:17,914 - [MainProcess:53] mummi_ras.online.simulation:get_new_frames:376 - INFO - Getting all frame numbers in trajectory from 8 to 8.
2025-03-16 00:41:17,914 - [MainProcess:53] mummi_ras.online.cg.cganalysis:run_main_analysis:194 - INFO - Process frame 8
2025-03-16 00:41:17,914 - [MainProcess:53] mummi_ras.online.cg.cganalysis:processFrame:519 - INFO - Load 9 frames: current frame ID /tmp/workdir/traj_comp.xtc
2025-03-16 00:41:17,931 - [MainProcess:53] mummi_ras.online.cg.cganalysis:processFrame:545 - INFO - Frame:     8, Time: 4000.000 ps, Bbox = [0, 179.83334, 0, 179.83334]
2025-03-16 00:41:17,931 - [MainProcess:53] mummi_ras.online.cg.cganalysis:processFrame:549 - INFO - Lengths of layers: 662 30 492
2025-03-16 00:41:18,016 - [MainProcess:53] mummi_ras.online.cg.cganalysis:processFrame:730 - INFO - Time for analysis - frameNum 8, time 0.10165238380432129 s
2025-03-16 00:41:46,142 - [MainProcess:53] mummi_ras.online.simulation:get_new_frames:376 - INFO - Getting all frame numbers in trajectory from 9 to 9.
2025-03-16 00:41:46,142 - [MainProcess:53] mummi_ras.online.cg.cganalysis:run_main_analysis:194 - INFO - Process frame 9
2025-03-16 00:41:46,142 - [MainProcess:53] mummi_ras.online.cg.cganalysis:processFrame:519 - INFO - Load 10 frames: current frame ID /tmp/workdir/traj_comp.xtc
2025-03-16 00:41:46,170 - [MainProcess:53] mummi_ras.online.cg.cganalysis:processFrame:545 - INFO - Frame:     9, Time: 4500.000 ps, Bbox = [0, 180.73355, 0, 180.73355]
2025-03-16 00:41:46,170 - [MainProcess:53] mummi_ras.online.cg.cganalysis:processFrame:549 - INFO - Lengths of layers: 664 27 493
2025-03-16 00:41:46,247 - [MainProcess:53] mummi_ras.online.cg.cganalysis:processFrame:730 - INFO - Time for analysis - frameNum 9, time 0.10450434684753418 s
2025-03-16 00:41:48,255 - [MainProcess:53] mummi_ras.online.cg.cganalysis:processOutput:93 - INFO - Add feedback for frameNum 0 - state []
2025-03-16 00:41:48,255 - [MainProcess:53] mummi_ras.online.cg.cganalysis:processOutput:93 - INFO - Add feedback for frameNum 1 - state []
2025-03-16 00:41:48,255 - [MainProcess:53] mummi_ras.online.cg.cganalysis:processOutput:93 - INFO - Add feedback for frameNum 2 - state []
2025-03-16 00:41:48,255 - [MainProcess:53] mummi_ras.online.cg.cganalysis:processOutput:93 - INFO - Add feedback for frameNum 3 - state []
2025-03-16 00:41:48,255 - [MainProcess:53] mummi_ras.online.cg.cganalysis:processOutput:93 - INFO - Add feedback for frameNum 4 - state []
2025-03-16 00:41:48,255 - [MainProcess:53] mummi_ras.online.cg.cganalysis:processOutput:93 - INFO - Add feedback for frameNum 5 - state []
2025-03-16 00:41:48,255 - [MainProcess:53] mummi_ras.online.cg.cganalysis:processOutput:93 - INFO - Add feedback for frameNum 6 - state []
2025-03-16 00:41:48,256 - [MainProcess:53] mummi_ras.online.cg.cganalysis:processOutput:93 - INFO - Add feedback for frameNum 7 - state []
2025-03-16 00:41:48,256 - [MainProcess:53] mummi_ras.online.cg.cganalysis:processOutput:93 - INFO - Add feedback for frameNum 8 - state []
2025-03-16 00:41:48,256 - [MainProcess:53] mummi_ras.online.cg.cganalysis:processOutput:93 - INFO - Add feedback for frameNum 9 - state []
2025-03-16 00:41:48,270 - [MainProcess:53] mummi_core.interfaces.simple:_save_files:91 - INFO - Wrote 10 files to (/opt/clones/mummi-ras/feedback-cg2ml/017)
2025-03-16 00:41:48,270 - [MainProcess:53] mummi_ras.feedback.feedback_manager_cg2ml:report:118 - INFO - Added 10 frames (from structure_075765917) to feedback (/opt/clones/mummi-ras/feedback-cg2ml)
2025-03-16 00:41:48,270 - [MainProcess:53] mummi_ras.online.cg.cganalysis:processOutput:113 - INFO - processOutput: 9
2025-03-16 00:41:48,397 - [MainProcess:53] mummi_ras.interfaces.mummi:save_analysis_data:254 - INFO - Saved all analysis data for frames [0, 1, 2, 3, 4, 5, 6, 7, 8, 9]
2025-03-16 00:41:48,397 - [MainProcess:53] mummi_ras.online.cg.cganalysis:copyRemoteLogs:326 - INFO - Copy over log files
2025-03-16 00:41:48,403 - [MainProcess:53] mummi_core.utils.utilities:sys_call:184 - INFO - Run command: cp -r  /tmp/workdir/cg_analysis.out /tmp/workdir/*.log /tmp/out/ || true
2025-03-16 00:41:48,403 - [MainProcess:53] mummi_ras.online.cg.cganalysis:copyRemoteLogs:338 - INFO - copyRemoteLogs =  /tmp/workdir/cg_analysis.out /tmp/workdir/*.log
2025-03-16 00:41:48,403 - [MainProcess:53] mummi_ras.online.cg.cganalysis:cleanupLocal:348 - WARNING - Copy cleanup local only works for ddcMD files
2025-03-16 00:42:14,519 - [MainProcess:53] mummi_ras.online.simulation:get_new_frames:376 - INFO - Getting all frame numbers in trajectory from 10 to 10.
2025-03-16 00:42:14,519 - [MainProcess:53] mummi_ras.online.cg.cganalysis:run_main_analysis:194 - INFO - Process frame 10
2025-03-16 00:42:14,520 - [MainProcess:53] mummi_ras.online.cg.cganalysis:processFrame:519 - INFO - Load 11 frames: current frame ID /tmp/workdir/traj_comp.xtc
2025-03-16 00:42:14,536 - [MainProcess:53] mummi_ras.online.cg.cganalysis:processFrame:545 - INFO - Frame:    10, Time: 5000.000 ps, Bbox = [0, 181.01433, 0, 181.01433]
2025-03-16 00:42:14,537 - [MainProcess:53] mummi_ras.online.cg.cganalysis:processFrame:549 - INFO - Lengths of layers: 663 31 490
2025-03-16 00:42:14,626 - [MainProcess:53] mummi_ras.online.cg.cganalysis:processFrame:730 - INFO - Time for analysis - frameNum 10, time 0.10670900344848633 s
2025-03-16 00:42:42,748 - [MainProcess:53] mummi_ras.online.simulation:get_new_frames:376 - INFO - Getting all frame numbers in trajectory from 11 to 11.
2025-03-16 00:42:42,748 - [MainProcess:53] mummi_ras.online.cg.cganalysis:run_main_analysis:194 - INFO - Process frame 11
2025-03-16 00:42:42,748 - [MainProcess:53] mummi_ras.online.cg.cganalysis:processFrame:519 - INFO - Load 12 frames: current frame ID /tmp/workdir/traj_comp.xtc
2025-03-16 00:42:42,777 - [MainProcess:53] mummi_ras.online.cg.cganalysis:processFrame:545 - INFO - Frame:    11, Time: 5500.000 ps, Bbox = [0, 181.13083, 0, 181.13083]
2025-03-16 00:42:42,777 - [MainProcess:53] mummi_ras.online.cg.cganalysis:processFrame:549 - INFO - Lengths of layers: 666 30 488
2025-03-16 00:42:42,853 - [MainProcess:53] mummi_ras.online.cg.cganalysis:processFrame:730 - INFO - Time for analysis - frameNum 11, time 0.1051630973815918 s
2025-03-16 00:43:10,992 - [MainProcess:53] mummi_ras.online.simulation:get_new_frames:376 - INFO - Getting all frame numbers in trajectory from 12 to 12.
2025-03-16 00:43:10,993 - [MainProcess:53] mummi_ras.online.cg.cganalysis:run_main_analysis:194 - INFO - Process frame 12
2025-03-16 00:43:10,993 - [MainProcess:53] mummi_ras.online.cg.cganalysis:processFrame:519 - INFO - Load 13 frames: current frame ID /tmp/workdir/traj_comp.xtc
2025-03-16 00:43:11,009 - [MainProcess:53] mummi_ras.online.cg.cganalysis:processFrame:545 - INFO - Frame:    12, Time: 6000.000 ps, Bbox = [0, 180.73291, 0, 180.73291]
2025-03-16 00:43:11,009 - [MainProcess:53] mummi_ras.online.cg.cganalysis:processFrame:549 - INFO - Lengths of layers: 665 35 484
2025-03-16 00:43:11,099 - [MainProcess:53] mummi_ras.online.cg.cganalysis:processFrame:730 - INFO - Time for analysis - frameNum 12, time 0.10638999938964844 s
2025-03-16 00:43:39,224 - [MainProcess:53] mummi_ras.online.simulation:get_new_frames:376 - INFO - Getting all frame numbers in trajectory from 13 to 13.
2025-03-16 00:43:39,224 - [MainProcess:53] mummi_ras.online.cg.cganalysis:run_main_analysis:194 - INFO - Process frame 13
2025-03-16 00:43:39,225 - [MainProcess:53] mummi_ras.online.cg.cganalysis:processFrame:519 - INFO - Load 14 frames: current frame ID /tmp/workdir/traj_comp.xtc
2025-03-16 00:43:39,241 - [MainProcess:53] mummi_ras.online.cg.cganalysis:processFrame:545 - INFO - Frame:    13, Time: 6500.000 ps, Bbox = [0, 181.36255, 0, 181.36255]
2025-03-16 00:43:39,241 - [MainProcess:53] mummi_ras.online.cg.cganalysis:processFrame:549 - INFO - Lengths of layers: 666 35 483
2025-03-16 00:43:39,332 - [MainProcess:53] mummi_ras.online.cg.cganalysis:processFrame:730 - INFO - Time for analysis - frameNum 13, time 0.10692262649536133 s
2025-03-16 00:44:09,460 - [MainProcess:53] mummi_ras.online.simulation:get_new_frames:376 - INFO - Getting all frame numbers in trajectory from 14 to 14.
2025-03-16 00:44:09,460 - [MainProcess:53] mummi_ras.online.cg.cganalysis:run_main_analysis:194 - INFO - Process frame 14
2025-03-16 00:44:09,460 - [MainProcess:53] mummi_ras.online.cg.cganalysis:processFrame:519 - INFO - Load 15 frames: current frame ID /tmp/workdir/traj_comp.xtc
2025-03-16 00:44:09,488 - [MainProcess:53] mummi_ras.online.cg.cganalysis:processFrame:545 - INFO - Frame:    14, Time: 7000.000 ps, Bbox = [0, 181.34917, 0, 181.34917]
2025-03-16 00:44:09,488 - [MainProcess:53] mummi_ras.online.cg.cganalysis:processFrame:549 - INFO - Lengths of layers: 665 37 482
2025-03-16 00:44:09,574 - [MainProcess:53] mummi_ras.online.cg.cganalysis:processFrame:730 - INFO - Time for analysis - frameNum 14, time 0.11372804641723633 s
2025-03-16 00:44:37,693 - [MainProcess:53] mummi_ras.online.simulation:get_new_frames:376 - INFO - Getting all frame numbers in trajectory from 15 to 15.
2025-03-16 00:44:37,694 - [MainProcess:53] mummi_ras.online.cg.cganalysis:run_main_analysis:194 - INFO - Process frame 15
2025-03-16 00:44:37,694 - [MainProcess:53] mummi_ras.online.cg.cganalysis:processFrame:519 - INFO - Load 16 frames: current frame ID /tmp/workdir/traj_comp.xtc
2025-03-16 00:44:37,710 - [MainProcess:53] mummi_ras.online.cg.cganalysis:processFrame:545 - INFO - Frame:    15, Time: 7500.000 ps, Bbox = [0, 181.58502, 0, 181.58502]
2025-03-16 00:44:37,710 - [MainProcess:53] mummi_ras.online.cg.cganalysis:processFrame:549 - INFO - Lengths of layers: 663 37 484
2025-03-16 00:44:37,796 - [MainProcess:53] mummi_ras.online.cg.cganalysis:processFrame:730 - INFO - Time for analysis - frameNum 15, time 0.10203337669372559 s
2025-03-16 00:45:05,928 - [MainProcess:53] mummi_ras.online.simulation:get_new_frames:376 - INFO - Getting all frame numbers in trajectory from 16 to 16.
2025-03-16 00:45:05,928 - [MainProcess:53] mummi_ras.online.cg.cganalysis:run_main_analysis:194 - INFO - Process frame 16
2025-03-16 00:45:05,928 - [MainProcess:53] mummi_ras.online.cg.cganalysis:processFrame:519 - INFO - Load 17 frames: current frame ID /tmp/workdir/traj_comp.xtc
2025-03-16 00:45:05,944 - [MainProcess:53] mummi_ras.online.cg.cganalysis:processFrame:545 - INFO - Frame:    16, Time: 8000.000 ps, Bbox = [0, 181.40475, 0, 181.40475]
2025-03-16 00:45:05,945 - [MainProcess:53] mummi_ras.online.cg.cganalysis:processFrame:549 - INFO - Lengths of layers: 664 42 478
2025-03-16 00:45:06,039 - [MainProcess:53] mummi_ras.online.cg.cganalysis:processFrame:730 - INFO - Time for analysis - frameNum 16, time 0.11065363883972168 s
2025-03-16 00:45:34,178 - [MainProcess:53] mummi_ras.online.simulation:get_new_frames:376 - INFO - Getting all frame numbers in trajectory from 17 to 17.
2025-03-16 00:45:34,178 - [MainProcess:53] mummi_ras.online.cg.cganalysis:run_main_analysis:194 - INFO - Process frame 17
2025-03-16 00:45:34,179 - [MainProcess:53] mummi_ras.online.cg.cganalysis:processFrame:519 - INFO - Load 18 frames: current frame ID /tmp/workdir/traj_comp.xtc
2025-03-16 00:45:34,195 - [MainProcess:53] mummi_ras.online.cg.cganalysis:processFrame:545 - INFO - Frame:    17, Time: 8500.000 ps, Bbox = [0, 181.27567, 0, 181.27567]
2025-03-16 00:45:34,195 - [MainProcess:53] mummi_ras.online.cg.cganalysis:processFrame:549 - INFO - Lengths of layers: 660 46 478
2025-03-16 00:45:34,278 - [MainProcess:53] mummi_ras.online.cg.cganalysis:processFrame:730 - INFO - Time for analysis - frameNum 17, time 0.09956479072570801 s
2025-03-16 00:46:02,391 - [MainProcess:53] mummi_ras.online.simulation:get_new_frames:376 - INFO - Getting all frame numbers in trajectory from 18 to 18.
2025-03-16 00:46:02,391 - [MainProcess:53] mummi_ras.online.cg.cganalysis:run_main_analysis:194 - INFO - Process frame 18
2025-03-16 00:46:02,392 - [MainProcess:53] mummi_ras.online.cg.cganalysis:processFrame:519 - INFO - Load 19 frames: current frame ID /tmp/workdir/traj_comp.xtc
2025-03-16 00:46:02,408 - [MainProcess:53] mummi_ras.online.cg.cganalysis:processFrame:545 - INFO - Frame:    18, Time: 9000.000 ps, Bbox = [0, 181.68607, 0, 181.68607]
2025-03-16 00:46:02,408 - [MainProcess:53] mummi_ras.online.cg.cganalysis:processFrame:549 - INFO - Lengths of layers: 662 42 480
2025-03-16 00:46:02,497 - [MainProcess:53] mummi_ras.online.cg.cganalysis:processFrame:730 - INFO - Time for analysis - frameNum 18, time 0.10574150085449219 s
2025-03-16 00:46:30,612 - [MainProcess:53] mummi_ras.online.simulation:get_new_frames:376 - INFO - Getting all frame numbers in trajectory from 19 to 19.
2025-03-16 00:46:30,612 - [MainProcess:53] mummi_ras.online.cg.cganalysis:run_main_analysis:194 - INFO - Process frame 19
2025-03-16 00:46:30,613 - [MainProcess:53] mummi_ras.online.cg.cganalysis:processFrame:519 - INFO - Load 20 frames: current frame ID /tmp/workdir/traj_comp.xtc
2025-03-16 00:46:30,630 - [MainProcess:53] mummi_ras.online.cg.cganalysis:processFrame:545 - INFO - Frame:    19, Time: 9500.000 ps, Bbox = [0, 180.06976, 0, 180.06976]
2025-03-16 00:46:30,630 - [MainProcess:53] mummi_ras.online.cg.cganalysis:processFrame:549 - INFO - Lengths of layers: 664 40 480
2025-03-16 00:46:30,714 - [MainProcess:53] mummi_ras.online.cg.cganalysis:processFrame:730 - INFO - Time for analysis - frameNum 19, time 0.10123848915100098 s
2025-03-16 00:46:30,714 - [MainProcess:53] mummi_ras.online.cg.cganalysis:processOutput:93 - INFO - Add feedback for frameNum 10 - state []
2025-03-16 00:46:30,715 - [MainProcess:53] mummi_ras.online.cg.cganalysis:processOutput:93 - INFO - Add feedback for frameNum 11 - state []
2025-03-16 00:46:30,715 - [MainProcess:53] mummi_ras.online.cg.cganalysis:processOutput:93 - INFO - Add feedback for frameNum 12 - state []
2025-03-16 00:46:30,715 - [MainProcess:53] mummi_ras.online.cg.cganalysis:processOutput:93 - INFO - Add feedback for frameNum 13 - state []
2025-03-16 00:46:30,716 - [MainProcess:53] mummi_ras.online.cg.cganalysis:processOutput:93 - INFO - Add feedback for frameNum 14 - state []
2025-03-16 00:46:30,716 - [MainProcess:53] mummi_ras.online.cg.cganalysis:processOutput:93 - INFO - Add feedback for frameNum 15 - state []
2025-03-16 00:46:30,716 - [MainProcess:53] mummi_ras.online.cg.cganalysis:processOutput:93 - INFO - Add feedback for frameNum 16 - state []
2025-03-16 00:46:30,716 - [MainProcess:53] mummi_ras.online.cg.cganalysis:processOutput:93 - INFO - Add feedback for frameNum 17 - state []
2025-03-16 00:46:30,717 - [MainProcess:53] mummi_ras.online.cg.cganalysis:processOutput:93 - INFO - Add feedback for frameNum 18 - state []
2025-03-16 00:46:30,717 - [MainProcess:53] mummi_ras.online.cg.cganalysis:processOutput:93 - INFO - Add feedback for frameNum 19 - state []
2025-03-16 00:46:30,725 - [MainProcess:53] mummi_core.interfaces.simple:_save_files:91 - INFO - Wrote 10 files to (/opt/clones/mummi-ras/feedback-cg2ml/017)
2025-03-16 00:46:30,725 - [MainProcess:53] mummi_ras.feedback.feedback_manager_cg2ml:report:118 - INFO - Added 10 frames (from structure_075765917) to feedback (/opt/clones/mummi-ras/feedback-cg2ml)
2025-03-16 00:46:30,725 - [MainProcess:53] mummi_ras.online.cg.cganalysis:processOutput:113 - INFO - processOutput: 19
2025-03-16 00:46:30,872 - [MainProcess:53] mummi_ras.interfaces.mummi:save_analysis_data:254 - INFO - Saved all analysis data for frames [10, 11, 12, 13, 14, 15, 16, 17, 18, 19]
2025-03-16 00:46:30,872 - [MainProcess:53] mummi_ras.online.cg.cganalysis:copyRemoteLogs:326 - INFO - Copy over log files
2025-03-16 00:46:30,896 - [MainProcess:53] mummi_core.utils.utilities:sys_call:184 - INFO - Run command: cp -r  /tmp/workdir/cg_analysis.out /tmp/workdir/*.log /tmp/out/ || true
2025-03-16 00:46:30,896 - [MainProcess:53] mummi_ras.online.cg.cganalysis:copyRemoteLogs:338 - INFO - copyRemoteLogs =  /tmp/workdir/cg_analysis.out /tmp/workdir/*.log
2025-03-16 00:46:30,897 - [MainProcess:53] mummi_ras.online.cg.cganalysis:cleanupLocal:348 - WARNING - Copy cleanup local only works for ddcMD files
2025-03-16 00:46:59,027 - [MainProcess:53] mummi_ras.online.simulation:get_new_frames:376 - INFO - Getting all frame numbers in trajectory from 20 to 20.
2025-03-16 00:46:59,028 - [MainProcess:53] mummi_ras.online.cg.cganalysis:run_main_analysis:194 - INFO - Process frame 20
2025-03-16 00:46:59,028 - [MainProcess:53] mummi_ras.online.cg.cganalysis:processFrame:519 - INFO - Load 21 frames: current frame ID /tmp/workdir/traj_comp.xtc
2025-03-16 00:46:59,045 - [MainProcess:53] mummi_ras.online.cg.cganalysis:processFrame:545 - INFO - Frame:    20, Time: 10000.000 ps, Bbox = [0, 179.41513, 0, 179.41513]
2025-03-16 00:46:59,045 - [MainProcess:53] mummi_ras.online.cg.cganalysis:processFrame:549 - INFO - Lengths of layers: 666 37 481
2025-03-16 00:46:59,136 - [MainProcess:53] mummi_ras.online.cg.cganalysis:processFrame:730 - INFO - Time for analysis - frameNum 20, time 0.10734176635742188 s
2025-03-16 00:47:27,273 - [MainProcess:53] mummi_ras.online.simulation:get_new_frames:376 - INFO - Getting all frame numbers in trajectory from 21 to 21.
2025-03-16 00:47:27,273 - [MainProcess:53] mummi_ras.online.cg.cganalysis:run_main_analysis:194 - INFO - Process frame 21
2025-03-16 00:47:27,274 - [MainProcess:53] mummi_ras.online.cg.cganalysis:processFrame:519 - INFO - Load 22 frames: current frame ID /tmp/workdir/traj_comp.xtc
2025-03-16 00:47:27,290 - [MainProcess:53] mummi_ras.online.cg.cganalysis:processFrame:545 - INFO - Frame:    21, Time: 10500.000 ps, Bbox = [0, 180.49854, 0, 180.49854]
2025-03-16 00:47:27,290 - [MainProcess:53] mummi_ras.online.cg.cganalysis:processFrame:549 - INFO - Lengths of layers: 666 33 485
2025-03-16 00:47:27,369 - [MainProcess:53] mummi_ras.online.cg.cganalysis:processFrame:730 - INFO - Time for analysis - frameNum 21, time 0.0952143669128418 s
2025-03-16 00:47:55,504 - [MainProcess:53] mummi_ras.online.simulation:get_new_frames:376 - INFO - Getting all frame numbers in trajectory from 22 to 22.
2025-03-16 00:47:55,504 - [MainProcess:53] mummi_ras.online.cg.cganalysis:run_main_analysis:194 - INFO - Process frame 22
2025-03-16 00:47:55,504 - [MainProcess:53] mummi_ras.online.cg.cganalysis:processFrame:519 - INFO - Load 23 frames: current frame ID /tmp/workdir/traj_comp.xtc
2025-03-16 00:47:55,521 - [MainProcess:53] mummi_ras.online.cg.cganalysis:processFrame:545 - INFO - Frame:    22, Time: 11000.000 ps, Bbox = [0, 179.26321, 0, 179.26321]
2025-03-16 00:47:55,521 - [MainProcess:53] mummi_ras.online.cg.cganalysis:processFrame:549 - INFO - Lengths of layers: 669 30 485
2025-03-16 00:47:55,610 - [MainProcess:53] mummi_ras.online.cg.cganalysis:processFrame:730 - INFO - Time for analysis - frameNum 22, time 0.10535049438476562 s
2025-03-16 00:48:23,740 - [MainProcess:53] mummi_ras.online.simulation:get_new_frames:376 - INFO - Getting all frame numbers in trajectory from 23 to 23.
2025-03-16 00:48:23,740 - [MainProcess:53] mummi_ras.online.cg.cganalysis:run_main_analysis:194 - INFO - Process frame 23
2025-03-16 00:48:23,741 - [MainProcess:53] mummi_ras.online.cg.cganalysis:processFrame:519 - INFO - Load 24 frames: current frame ID /tmp/workdir/traj_comp.xtc
2025-03-16 00:48:23,769 - [MainProcess:53] mummi_ras.online.cg.cganalysis:processFrame:545 - INFO - Frame:    23, Time: 11500.000 ps, Bbox = [0, 180.23547, 0, 180.23547]
2025-03-16 00:48:23,769 - [MainProcess:53] mummi_ras.online.cg.cganalysis:processFrame:549 - INFO - Lengths of layers: 664 35 485
2025-03-16 00:48:23,846 - [MainProcess:53] mummi_ras.online.cg.cganalysis:processFrame:730 - INFO - Time for analysis - frameNum 23, time 0.10552477836608887 s
2025-03-16 00:48:51,977 - [MainProcess:53] mummi_ras.online.simulation:get_new_frames:376 - INFO - Getting all frame numbers in trajectory from 24 to 24.
2025-03-16 00:48:51,977 - [MainProcess:53] mummi_ras.online.cg.cganalysis:run_main_analysis:194 - INFO - Process frame 24
2025-03-16 00:48:51,977 - [MainProcess:53] mummi_ras.online.cg.cganalysis:processFrame:519 - INFO - Load 25 frames: current frame ID /tmp/workdir/traj_comp.xtc
2025-03-16 00:48:51,993 - [MainProcess:53] mummi_ras.online.cg.cganalysis:processFrame:545 - INFO - Frame:    24, Time: 12000.000 ps, Bbox = [0, 181.5286, 0, 181.5286]
2025-03-16 00:48:51,994 - [MainProcess:53] mummi_ras.online.cg.cganalysis:processFrame:549 - INFO - Lengths of layers: 666 27 491
2025-03-16 00:48:52,084 - [MainProcess:53] mummi_ras.online.cg.cganalysis:processFrame:730 - INFO - Time for analysis - frameNum 24, time 0.10640311241149902 s
2025-03-16 00:49:20,201 - [MainProcess:53] mummi_ras.online.simulation:get_new_frames:376 - INFO - Getting all frame numbers in trajectory from 25 to 25.
2025-03-16 00:49:20,202 - [MainProcess:53] mummi_ras.online.cg.cganalysis:run_main_analysis:194 - INFO - Process frame 25
2025-03-16 00:49:20,202 - [MainProcess:53] mummi_ras.online.cg.cganalysis:processFrame:519 - INFO - Load 26 frames: current frame ID /tmp/workdir/traj_comp.xtc
2025-03-16 00:49:20,218 - [MainProcess:53] mummi_ras.online.cg.cganalysis:processFrame:545 - INFO - Frame:    25, Time: 12500.000 ps, Bbox = [0, 179.94922, 0, 179.94922]
2025-03-16 00:49:20,218 - [MainProcess:53] mummi_ras.online.cg.cganalysis:processFrame:549 - INFO - Lengths of layers: 667 29 488
2025-03-16 00:49:20,305 - [MainProcess:53] mummi_ras.online.cg.cganalysis:processFrame:730 - INFO - Time for analysis - frameNum 25, time 0.10318470001220703 s
2025-03-16 00:49:48,429 - [MainProcess:53] mummi_ras.online.simulation:get_new_frames:376 - INFO - Getting all frame numbers in trajectory from 26 to 26.
2025-03-16 00:49:48,429 - [MainProcess:53] mummi_ras.online.cg.cganalysis:run_main_analysis:194 - INFO - Process frame 26
2025-03-16 00:49:48,429 - [MainProcess:53] mummi_ras.online.cg.cganalysis:processFrame:519 - INFO - Load 27 frames: current frame ID /tmp/workdir/traj_comp.xtc
2025-03-16 00:49:48,446 - [MainProcess:53] mummi_ras.online.cg.cganalysis:processFrame:545 - INFO - Frame:    26, Time: 13000.000 ps, Bbox = [0, 180.50797, 0, 180.50797]
2025-03-16 00:49:48,446 - [MainProcess:53] mummi_ras.online.cg.cganalysis:processFrame:549 - INFO - Lengths of layers: 667 30 487
2025-03-16 00:49:48,539 - [MainProcess:53] mummi_ras.online.cg.cganalysis:processFrame:730 - INFO - Time for analysis - frameNum 26, time 0.10998654365539551 s
2025-03-16 00:50:16,679 - [MainProcess:53] mummi_ras.online.simulation:get_new_frames:376 - INFO - Getting all frame numbers in trajectory from 27 to 27.
2025-03-16 00:50:16,679 - [MainProcess:53] mummi_ras.online.cg.cganalysis:run_main_analysis:194 - INFO - Process frame 27
2025-03-16 00:50:16,679 - [MainProcess:53] mummi_ras.online.cg.cganalysis:processFrame:519 - INFO - Load 28 frames: current frame ID /tmp/workdir/traj_comp.xtc
2025-03-16 00:50:16,696 - [MainProcess:53] mummi_ras.online.cg.cganalysis:processFrame:545 - INFO - Frame:    27, Time: 13500.000 ps, Bbox = [0, 181.27716, 0, 181.27716]
2025-03-16 00:50:16,696 - [MainProcess:53] mummi_ras.online.cg.cganalysis:processFrame:549 - INFO - Lengths of layers: 665 22 497
2025-03-16 00:50:16,785 - [MainProcess:53] mummi_ras.online.cg.cganalysis:processFrame:730 - INFO - Time for analysis - frameNum 27, time 0.10507082939147949 s
2025-03-16 00:50:44,904 - [MainProcess:53] mummi_ras.online.simulation:get_new_frames:376 - INFO - Getting all frame numbers in trajectory from 28 to 28.
2025-03-16 00:50:44,904 - [MainProcess:53] mummi_ras.online.cg.cganalysis:run_main_analysis:194 - INFO - Process frame 28
2025-03-16 00:50:44,904 - [MainProcess:53] mummi_ras.online.cg.cganalysis:processFrame:519 - INFO - Load 29 frames: current frame ID /tmp/workdir/traj_comp.xtc
2025-03-16 00:50:44,920 - [MainProcess:53] mummi_ras.online.cg.cganalysis:processFrame:545 - INFO - Frame:    28, Time: 14000.000 ps, Bbox = [0, 180.05762, 0, 180.05762]
2025-03-16 00:50:44,920 - [MainProcess:53] mummi_ras.online.cg.cganalysis:processFrame:549 - INFO - Lengths of layers: 664 27 493
2025-03-16 00:50:45,008 - [MainProcess:53] mummi_ras.online.cg.cganalysis:processFrame:730 - INFO - Time for analysis - frameNum 28, time 0.10416078567504883 s
2025-03-16 00:51:13,128 - [MainProcess:53] mummi_ras.online.simulation:get_new_frames:376 - INFO - Getting all frame numbers in trajectory from 29 to 29.
2025-03-16 00:51:13,128 - [MainProcess:53] mummi_ras.online.cg.cganalysis:run_main_analysis:194 - INFO - Process frame 29
2025-03-16 00:51:13,129 - [MainProcess:53] mummi_ras.online.cg.cganalysis:processFrame:519 - INFO - Load 30 frames: current frame ID /tmp/workdir/traj_comp.xtc
2025-03-16 00:51:13,145 - [MainProcess:53] mummi_ras.online.cg.cganalysis:processFrame:545 - INFO - Frame:    29, Time: 14500.000 ps, Bbox = [0, 180.72012, 0, 180.72012]
2025-03-16 00:51:13,145 - [MainProcess:53] mummi_ras.online.cg.cganalysis:processFrame:549 - INFO - Lengths of layers: 663 31 490
2025-03-16 00:51:13,235 - [MainProcess:53] mummi_ras.online.cg.cganalysis:processFrame:730 - INFO - Time for analysis - frameNum 29, time 0.10640287399291992 s
2025-03-16 00:51:13,236 - [MainProcess:53] mummi_ras.online.cg.cganalysis:processOutput:93 - INFO - Add feedback for frameNum 20 - state []
2025-03-16 00:51:13,236 - [MainProcess:53] mummi_ras.online.cg.cganalysis:processOutput:93 - INFO - Add feedback for frameNum 21 - state []
2025-03-16 00:51:13,236 - [MainProcess:53] mummi_ras.online.cg.cganalysis:processOutput:93 - INFO - Add feedback for frameNum 22 - state []
2025-03-16 00:51:13,237 - [MainProcess:53] mummi_ras.online.cg.cganalysis:processOutput:93 - INFO - Add feedback for frameNum 23 - state []
2025-03-16 00:51:13,237 - [MainProcess:53] mummi_ras.online.cg.cganalysis:processOutput:93 - INFO - Add feedback for frameNum 24 - state []
2025-03-16 00:51:13,237 - [MainProcess:53] mummi_ras.online.cg.cganalysis:processOutput:93 - INFO - Add feedback for frameNum 25 - state []
2025-03-16 00:51:13,237 - [MainProcess:53] mummi_ras.online.cg.cganalysis:processOutput:93 - INFO - Add feedback for frameNum 26 - state []
2025-03-16 00:51:13,238 - [MainProcess:53] mummi_ras.online.cg.cganalysis:processOutput:93 - INFO - Add feedback for frameNum 27 - state []
2025-03-16 00:51:13,238 - [MainProcess:53] mummi_ras.online.cg.cganalysis:processOutput:93 - INFO - Add feedback for frameNum 28 - state []
2025-03-16 00:51:13,238 - [MainProcess:53] mummi_ras.online.cg.cganalysis:processOutput:93 - INFO - Add feedback for frameNum 29 - state []
2025-03-16 00:51:13,246 - [MainProcess:53] mummi_core.interfaces.simple:_save_files:91 - INFO - Wrote 10 files to (/opt/clones/mummi-ras/feedback-cg2ml/017)
2025-03-16 00:51:13,246 - [MainProcess:53] mummi_ras.feedback.feedback_manager_cg2ml:report:118 - INFO - Added 10 frames (from structure_075765917) to feedback (/opt/clones/mummi-ras/feedback-cg2ml)
2025-03-16 00:51:13,247 - [MainProcess:53] mummi_ras.online.cg.cganalysis:processOutput:113 - INFO - processOutput: 29
2025-03-16 00:51:13,415 - [MainProcess:53] mummi_ras.interfaces.mummi:save_analysis_data:254 - INFO - Saved all analysis data for frames [20, 21, 22, 23, 24, 25, 26, 27, 28, 29]
2025-03-16 00:51:13,416 - [MainProcess:53] mummi_ras.online.cg.cganalysis:copyRemoteLogs:326 - INFO - Copy over log files
2025-03-16 00:51:13,453 - [MainProcess:53] mummi_core.utils.utilities:sys_call:184 - INFO - Run command: cp -r  /tmp/workdir/cg_analysis.out /tmp/workdir/*.log /tmp/out/ || true
2025-03-16 00:51:13,453 - [MainProcess:53] mummi_ras.online.cg.cganalysis:copyRemoteLogs:338 - INFO - copyRemoteLogs =  /tmp/workdir/cg_analysis.out /tmp/workdir/*.log
2025-03-16 00:51:13,453 - [MainProcess:53] mummi_ras.online.cg.cganalysis:cleanupLocal:348 - WARNING - Copy cleanup local only works for ddcMD files
2025-03-16 00:51:41,591 - [MainProcess:53] mummi_ras.online.simulation:get_new_frames:376 - INFO - Getting all frame numbers in trajectory from 30 to 30.
2025-03-16 00:51:41,592 - [MainProcess:53] mummi_ras.online.cg.cganalysis:run_main_analysis:194 - INFO - Process frame 30
2025-03-16 00:51:41,592 - [MainProcess:53] mummi_ras.online.cg.cganalysis:processFrame:519 - INFO - Load 31 frames: current frame ID /tmp/workdir/traj_comp.xtc
2025-03-16 00:51:41,608 - [MainProcess:53] mummi_ras.online.cg.cganalysis:processFrame:545 - INFO - Frame:    30, Time: 15000.000 ps, Bbox = [0, 180.47238, 0, 180.47238]
2025-03-16 00:51:41,608 - [MainProcess:53] mummi_ras.online.cg.cganalysis:processFrame:549 - INFO - Lengths of layers: 663 34 487
2025-03-16 00:51:41,693 - [MainProcess:53] mummi_ras.online.cg.cganalysis:processFrame:730 - INFO - Time for analysis - frameNum 30, time 0.1009376049041748 s
2025-03-16 00:52:09,812 - [MainProcess:53] mummi_ras.online.simulation:get_new_frames:376 - INFO - Getting all frame numbers in trajectory from 31 to 31.
2025-03-16 00:52:09,813 - [MainProcess:53] mummi_ras.online.cg.cganalysis:run_main_analysis:194 - INFO - Process frame 31
2025-03-16 00:52:09,813 - [MainProcess:53] mummi_ras.online.cg.cganalysis:processFrame:519 - INFO - Load 32 frames: current frame ID /tmp/workdir/traj_comp.xtc
2025-03-16 00:52:09,829 - [MainProcess:53] mummi_ras.online.cg.cganalysis:processFrame:545 - INFO - Frame:    31, Time: 15500.000 ps, Bbox = [0, 180.11563, 0, 180.11563]
2025-03-16 00:52:09,830 - [MainProcess:53] mummi_ras.online.cg.cganalysis:processFrame:549 - INFO - Lengths of layers: 661 32 491
2025-03-16 00:52:09,914 - [MainProcess:53] mummi_ras.online.cg.cganalysis:processFrame:730 - INFO - Time for analysis - frameNum 31, time 0.10089993476867676 s
2025-03-16 00:52:38,034 - [MainProcess:53] mummi_ras.online.simulation:get_new_frames:376 - INFO - Getting all frame numbers in trajectory from 32 to 32.
2025-03-16 00:52:38,035 - [MainProcess:53] mummi_ras.online.cg.cganalysis:run_main_analysis:194 - INFO - Process frame 32
2025-03-16 00:52:38,035 - [MainProcess:53] mummi_ras.online.cg.cganalysis:processFrame:519 - INFO - Load 33 frames: current frame ID /tmp/workdir/traj_comp.xtc
2025-03-16 00:52:38,051 - [MainProcess:53] mummi_ras.online.cg.cganalysis:processFrame:545 - INFO - Frame:    32, Time: 16000.000 ps, Bbox = [0, 180.45428, 0, 180.45428]
2025-03-16 00:52:38,052 - [MainProcess:53] mummi_ras.online.cg.cganalysis:processFrame:549 - INFO - Lengths of layers: 656 38 490
2025-03-16 00:52:38,141 - [MainProcess:53] mummi_ras.online.cg.cganalysis:processFrame:730 - INFO - Time for analysis - frameNum 32, time 0.10632824897766113 s
2025-03-16 00:53:06,278 - [MainProcess:53] mummi_ras.online.simulation:get_new_frames:376 - INFO - Getting all frame numbers in trajectory from 33 to 33.
2025-03-16 00:53:06,278 - [MainProcess:53] mummi_ras.online.cg.cganalysis:run_main_analysis:194 - INFO - Process frame 33
2025-03-16 00:53:06,278 - [MainProcess:53] mummi_ras.online.cg.cganalysis:processFrame:519 - INFO - Load 34 frames: current frame ID /tmp/workdir/traj_comp.xtc
2025-03-16 00:53:06,295 - [MainProcess:53] mummi_ras.online.cg.cganalysis:processFrame:545 - INFO - Frame:    33, Time: 16500.000 ps, Bbox = [0, 180.95833, 0, 180.95833]
2025-03-16 00:53:06,295 - [MainProcess:53] mummi_ras.online.cg.cganalysis:processFrame:549 - INFO - Lengths of layers: 653 37 494
2025-03-16 00:53:06,384 - [MainProcess:53] mummi_ras.online.cg.cganalysis:processFrame:730 - INFO - Time for analysis - frameNum 33, time 0.10605692863464355 s
2025-03-16 00:53:34,505 - [MainProcess:53] mummi_ras.online.simulation:get_new_frames:376 - INFO - Getting all frame numbers in trajectory from 34 to 34.
2025-03-16 00:53:34,505 - [MainProcess:53] mummi_ras.online.cg.cganalysis:run_main_analysis:194 - INFO - Process frame 34
2025-03-16 00:53:34,505 - [MainProcess:53] mummi_ras.online.cg.cganalysis:processFrame:519 - INFO - Load 35 frames: current frame ID /tmp/workdir/traj_comp.xtc
2025-03-16 00:53:34,522 - [MainProcess:53] mummi_ras.online.cg.cganalysis:processFrame:545 - INFO - Frame:    34, Time: 17000.000 ps, Bbox = [0, 179.65604, 0, 179.65604]
2025-03-16 00:53:34,522 - [MainProcess:53] mummi_ras.online.cg.cganalysis:processFrame:549 - INFO - Lengths of layers: 651 46 487
2025-03-16 00:53:34,607 - [MainProcess:53] mummi_ras.online.cg.cganalysis:processFrame:730 - INFO - Time for analysis - frameNum 34, time 0.10166764259338379 s
2025-03-16 00:54:02,733 - [MainProcess:53] mummi_ras.online.simulation:get_new_frames:376 - INFO - Getting all frame numbers in trajectory from 35 to 35.
2025-03-16 00:54:02,733 - [MainProcess:53] mummi_ras.online.cg.cganalysis:run_main_analysis:194 - INFO - Process frame 35
2025-03-16 00:54:02,733 - [MainProcess:53] mummi_ras.online.cg.cganalysis:processFrame:519 - INFO - Load 36 frames: current frame ID /tmp/workdir/traj_comp.xtc
2025-03-16 00:54:02,749 - [MainProcess:53] mummi_ras.online.cg.cganalysis:processFrame:545 - INFO - Frame:    35, Time: 17500.000 ps, Bbox = [0, 180.60052, 0, 180.60052]
2025-03-16 00:54:02,749 - [MainProcess:53] mummi_ras.online.cg.cganalysis:processFrame:549 - INFO - Lengths of layers: 657 40 487
2025-03-16 00:54:02,840 - [MainProcess:53] mummi_ras.online.cg.cganalysis:processFrame:730 - INFO - Time for analysis - frameNum 35, time 0.1068878173828125 s
2025-03-16 00:54:30,959 - [MainProcess:53] mummi_ras.online.simulation:get_new_frames:376 - INFO - Getting all frame numbers in trajectory from 36 to 36.
2025-03-16 00:54:30,959 - [MainProcess:53] mummi_ras.online.cg.cganalysis:run_main_analysis:194 - INFO - Process frame 36
2025-03-16 00:54:30,959 - [MainProcess:53] mummi_ras.online.cg.cganalysis:processFrame:519 - INFO - Load 37 frames: current frame ID /tmp/workdir/traj_comp.xtc
2025-03-16 00:54:30,982 - [MainProcess:53] mummi_ras.online.cg.cganalysis:processFrame:545 - INFO - Frame:    36, Time: 18000.000 ps, Bbox = [0, 179.43027, 0, 179.43027]
2025-03-16 00:54:30,983 - [MainProcess:53] mummi_ras.online.cg.cganalysis:processFrame:549 - INFO - Lengths of layers: 656 45 483
2025-03-16 00:54:31,060 - [MainProcess:53] mummi_ras.online.cg.cganalysis:processFrame:730 - INFO - Time for analysis - frameNum 36, time 0.10125279426574707 s
2025-03-16 00:54:59,196 - [MainProcess:53] mummi_ras.online.simulation:get_new_frames:376 - INFO - Getting all frame numbers in trajectory from 37 to 37.
2025-03-16 00:54:59,196 - [MainProcess:53] mummi_ras.online.cg.cganalysis:run_main_analysis:194 - INFO - Process frame 37
2025-03-16 00:54:59,197 - [MainProcess:53] mummi_ras.online.cg.cganalysis:processFrame:519 - INFO - Load 38 frames: current frame ID /tmp/workdir/traj_comp.xtc
2025-03-16 00:54:59,213 - [MainProcess:53] mummi_ras.online.cg.cganalysis:processFrame:545 - INFO - Frame:    37, Time: 18500.000 ps, Bbox = [0, 179.52559, 0, 179.52559]
2025-03-16 00:54:59,213 - [MainProcess:53] mummi_ras.online.cg.cganalysis:processFrame:549 - INFO - Lengths of layers: 655 43 486
2025-03-16 00:54:59,303 - [MainProcess:53] mummi_ras.online.cg.cganalysis:processFrame:730 - INFO - Time for analysis - frameNum 37, time 0.10690522193908691 s
2025-03-16 00:55:27,435 - [MainProcess:53] mummi_ras.online.simulation:get_new_frames:376 - INFO - Getting all frame numbers in trajectory from 38 to 38.
2025-03-16 00:55:27,436 - [MainProcess:53] mummi_ras.online.cg.cganalysis:run_main_analysis:194 - INFO - Process frame 38
2025-03-16 00:55:27,436 - [MainProcess:53] mummi_ras.online.cg.cganalysis:processFrame:519 - INFO - Load 39 frames: current frame ID /tmp/workdir/traj_comp.xtc
2025-03-16 00:55:27,468 - [MainProcess:53] mummi_ras.online.cg.cganalysis:processFrame:545 - INFO - Frame:    38, Time: 19000.000 ps, Bbox = [0, 180.90004, 0, 180.90004]
2025-03-16 00:55:27,469 - [MainProcess:53] mummi_ras.online.cg.cganalysis:processFrame:549 - INFO - Lengths of layers: 656 45 483
2025-03-16 00:55:27,547 - [MainProcess:53] mummi_ras.online.cg.cganalysis:processFrame:730 - INFO - Time for analysis - frameNum 38, time 0.11126589775085449 s
2025-03-16 00:55:55,671 - [MainProcess:53] mummi_ras.online.simulation:get_new_frames:376 - INFO - Getting all frame numbers in trajectory from 39 to 39.
2025-03-16 00:55:55,672 - [MainProcess:53] mummi_ras.online.cg.cganalysis:run_main_analysis:194 - INFO - Process frame 39
2025-03-16 00:55:55,672 - [MainProcess:53] mummi_ras.online.cg.cganalysis:processFrame:519 - INFO - Load 40 frames: current frame ID /tmp/workdir/traj_comp.xtc
2025-03-16 00:55:55,687 - [MainProcess:53] mummi_ras.online.cg.cganalysis:processFrame:545 - INFO - Frame:    39, Time: 19500.000 ps, Bbox = [0, 180.98804, 0, 180.98804]
2025-03-16 00:55:55,688 - [MainProcess:53] mummi_ras.online.cg.cganalysis:processFrame:549 - INFO - Lengths of layers: 657 38 489
2025-03-16 00:55:55,774 - [MainProcess:53] mummi_ras.online.cg.cganalysis:processFrame:730 - INFO - Time for analysis - frameNum 39, time 0.10178232192993164 s
2025-03-16 00:55:55,774 - [MainProcess:53] mummi_ras.online.cg.cganalysis:processOutput:93 - INFO - Add feedback for frameNum 30 - state []
2025-03-16 00:55:55,775 - [MainProcess:53] mummi_ras.online.cg.cganalysis:processOutput:93 - INFO - Add feedback for frameNum 31 - state []
2025-03-16 00:55:55,775 - [MainProcess:53] mummi_ras.online.cg.cganalysis:processOutput:93 - INFO - Add feedback for frameNum 32 - state []
2025-03-16 00:55:55,775 - [MainProcess:53] mummi_ras.online.cg.cganalysis:processOutput:93 - INFO - Add feedback for frameNum 33 - state []
2025-03-16 00:55:55,776 - [MainProcess:53] mummi_ras.online.cg.cganalysis:processOutput:93 - INFO - Add feedback for frameNum 34 - state []
2025-03-16 00:55:55,776 - [MainProcess:53] mummi_ras.online.cg.cganalysis:processOutput:93 - INFO - Add feedback for frameNum 35 - state []
2025-03-16 00:55:55,776 - [MainProcess:53] mummi_ras.online.cg.cganalysis:processOutput:93 - INFO - Add feedback for frameNum 36 - state []
2025-03-16 00:55:55,776 - [MainProcess:53] mummi_ras.online.cg.cganalysis:processOutput:93 - INFO - Add feedback for frameNum 37 - state []
2025-03-16 00:55:55,777 - [MainProcess:53] mummi_ras.online.cg.cganalysis:processOutput:93 - INFO - Add feedback for frameNum 38 - state []
2025-03-16 00:55:55,777 - [MainProcess:53] mummi_ras.online.cg.cganalysis:processOutput:93 - INFO - Add feedback for frameNum 39 - state []
2025-03-16 00:55:55,785 - [MainProcess:53] mummi_core.interfaces.simple:_save_files:91 - INFO - Wrote 10 files to (/opt/clones/mummi-ras/feedback-cg2ml/017)
2025-03-16 00:55:55,785 - [MainProcess:53] mummi_ras.feedback.feedback_manager_cg2ml:report:118 - INFO - Added 10 frames (from structure_075765917) to feedback (/opt/clones/mummi-ras/feedback-cg2ml)
2025-03-16 00:55:55,785 - [MainProcess:53] mummi_ras.online.cg.cganalysis:processOutput:113 - INFO - processOutput: 39
2025-03-16 00:55:55,933 - [MainProcess:53] mummi_ras.interfaces.mummi:save_analysis_data:254 - INFO - Saved all analysis data for frames [30, 31, 32, 33, 34, 35, 36, 37, 38, 39]
2025-03-16 00:55:55,933 - [MainProcess:53] mummi_ras.online.cg.cganalysis:copyRemoteLogs:326 - INFO - Copy over log files
2025-03-16 00:55:55,969 - [MainProcess:53] mummi_core.utils.utilities:sys_call:184 - INFO - Run command: cp -r  /tmp/workdir/cg_analysis.out /tmp/workdir/*.log /tmp/out/ || true
2025-03-16 00:55:55,970 - [MainProcess:53] mummi_ras.online.cg.cganalysis:copyRemoteLogs:338 - INFO - copyRemoteLogs =  /tmp/workdir/cg_analysis.out /tmp/workdir/*.log
2025-03-16 00:55:55,970 - [MainProcess:53] mummi_ras.online.cg.cganalysis:cleanupLocal:348 - WARNING - Copy cleanup local only works for ddcMD files
2025-03-16 00:56:24,098 - [MainProcess:53] mummi_ras.online.simulation:get_new_frames:376 - INFO - Getting all frame numbers in trajectory from 40 to 40.
2025-03-16 00:56:24,098 - [MainProcess:53] mummi_ras.online.cg.cganalysis:run_main_analysis:194 - INFO - Process frame 40
2025-03-16 00:56:24,098 - [MainProcess:53] mummi_ras.online.cg.cganalysis:processFrame:519 - INFO - Load 41 frames: current frame ID /tmp/workdir/traj_comp.xtc
2025-03-16 00:56:24,114 - [MainProcess:53] mummi_ras.online.cg.cganalysis:processFrame:545 - INFO - Frame:    40, Time: 20000.000 ps, Bbox = [0, 180.6445, 0, 180.6445]
2025-03-16 00:56:24,115 - [MainProcess:53] mummi_ras.online.cg.cganalysis:processFrame:549 - INFO - Lengths of layers: 658 35 491
2025-03-16 00:56:24,209 - [MainProcess:53] mummi_ras.online.cg.cganalysis:processFrame:730 - INFO - Time for analysis - frameNum 40, time 0.11079239845275879 s
2025-03-16 00:56:52,340 - [MainProcess:53] mummi_ras.online.simulation:get_new_frames:376 - INFO - Getting all frame numbers in trajectory from 41 to 41.
2025-03-16 00:56:52,340 - [MainProcess:53] mummi_ras.online.cg.cganalysis:run_main_analysis:194 - INFO - Process frame 41
2025-03-16 00:56:52,341 - [MainProcess:53] mummi_ras.online.cg.cganalysis:processFrame:519 - INFO - Load 42 frames: current frame ID /tmp/workdir/traj_comp.xtc
2025-03-16 00:56:52,369 - [MainProcess:53] mummi_ras.online.cg.cganalysis:processFrame:545 - INFO - Frame:    41, Time: 20500.000 ps, Bbox = [0, 180.4783, 0, 180.4783]
2025-03-16 00:56:52,369 - [MainProcess:53] mummi_ras.online.cg.cganalysis:processFrame:549 - INFO - Lengths of layers: 660 41 483
2025-03-16 00:56:52,447 - [MainProcess:53] mummi_ras.online.cg.cganalysis:processFrame:730 - INFO - Time for analysis - frameNum 41, time 0.1061248779296875 s
2025-03-16 00:57:20,572 - [MainProcess:53] mummi_ras.online.simulation:get_new_frames:376 - INFO - Getting all frame numbers in trajectory from 42 to 42.
2025-03-16 00:57:20,573 - [MainProcess:53] mummi_ras.online.cg.cganalysis:run_main_analysis:194 - INFO - Process frame 42
2025-03-16 00:57:20,573 - [MainProcess:53] mummi_ras.online.cg.cganalysis:processFrame:519 - INFO - Load 43 frames: current frame ID /tmp/workdir/traj_comp.xtc
2025-03-16 00:57:20,589 - [MainProcess:53] mummi_ras.online.cg.cganalysis:processFrame:545 - INFO - Frame:    42, Time: 21000.000 ps, Bbox = [0, 179.68616, 0, 179.68616]
2025-03-16 00:57:20,590 - [MainProcess:53] mummi_ras.online.cg.cganalysis:processFrame:549 - INFO - Lengths of layers: 660 35 489
2025-03-16 00:57:20,674 - [MainProcess:53] mummi_ras.online.cg.cganalysis:processFrame:730 - INFO - Time for analysis - frameNum 42, time 0.10076713562011719 s
2025-03-16 00:57:48,799 - [MainProcess:53] mummi_ras.online.simulation:get_new_frames:376 - INFO - Getting all frame numbers in trajectory from 43 to 43.
2025-03-16 00:57:48,800 - [MainProcess:53] mummi_ras.online.cg.cganalysis:run_main_analysis:194 - INFO - Process frame 43
2025-03-16 00:57:48,800 - [MainProcess:53] mummi_ras.online.cg.cganalysis:processFrame:519 - INFO - Load 44 frames: current frame ID /tmp/workdir/traj_comp.xtc
2025-03-16 00:57:48,816 - [MainProcess:53] mummi_ras.online.cg.cganalysis:processFrame:545 - INFO - Frame:    43, Time: 21500.000 ps, Bbox = [0, 180.29282, 0, 180.29282]
2025-03-16 00:57:48,816 - [MainProcess:53] mummi_ras.online.cg.cganalysis:processFrame:549 - INFO - Lengths of layers: 661 39 484
2025-03-16 00:57:48,906 - [MainProcess:53] mummi_ras.online.cg.cganalysis:processFrame:730 - INFO - Time for analysis - frameNum 43, time 0.10612201690673828 s
2025-03-16 00:58:17,023 - [MainProcess:53] mummi_ras.online.simulation:get_new_frames:376 - INFO - Getting all frame numbers in trajectory from 44 to 44.
2025-03-16 00:58:17,023 - [MainProcess:53] mummi_ras.online.cg.cganalysis:run_main_analysis:194 - INFO - Process frame 44
2025-03-16 00:58:17,023 - [MainProcess:53] mummi_ras.online.cg.cganalysis:processFrame:519 - INFO - Load 45 frames: current frame ID /tmp/workdir/traj_comp.xtc
2025-03-16 00:58:17,039 - [MainProcess:53] mummi_ras.online.cg.cganalysis:processFrame:545 - INFO - Frame:    44, Time: 22000.000 ps, Bbox = [0, 180.24826, 0, 180.24826]
2025-03-16 00:58:17,039 - [MainProcess:53] mummi_ras.online.cg.cganalysis:processFrame:549 - INFO - Lengths of layers: 659 37 488
2025-03-16 00:58:17,129 - [MainProcess:53] mummi_ras.online.cg.cganalysis:processFrame:730 - INFO - Time for analysis - frameNum 44, time 0.10602712631225586 s
2025-03-16 00:58:45,255 - [MainProcess:53] mummi_ras.online.simulation:get_new_frames:376 - INFO - Getting all frame numbers in trajectory from 45 to 45.
2025-03-16 00:58:45,255 - [MainProcess:53] mummi_ras.online.cg.cganalysis:run_main_analysis:194 - INFO - Process frame 45
2025-03-16 00:58:45,255 - [MainProcess:53] mummi_ras.online.cg.cganalysis:processFrame:519 - INFO - Load 46 frames: current frame ID /tmp/workdir/traj_comp.xtc
2025-03-16 00:58:45,278 - [MainProcess:53] mummi_ras.online.cg.cganalysis:processFrame:545 - INFO - Frame:    45, Time: 22500.000 ps, Bbox = [0, 179.97089, 0, 179.97089]
2025-03-16 00:58:45,278 - [MainProcess:53] mummi_ras.online.cg.cganalysis:processFrame:549 - INFO - Lengths of layers: 660 38 486
2025-03-16 00:58:45,355 - [MainProcess:53] mummi_ras.online.cg.cganalysis:processFrame:730 - INFO - Time for analysis - frameNum 45, time 0.09992647171020508 s
2025-03-16 00:59:13,490 - [MainProcess:53] mummi_ras.online.simulation:get_new_frames:376 - INFO - Getting all frame numbers in trajectory from 46 to 46.
2025-03-16 00:59:13,490 - [MainProcess:53] mummi_ras.online.cg.cganalysis:run_main_analysis:194 - INFO - Process frame 46
2025-03-16 00:59:13,491 - [MainProcess:53] mummi_ras.online.cg.cganalysis:processFrame:519 - INFO - Load 47 frames: current frame ID /tmp/workdir/traj_comp.xtc
2025-03-16 00:59:13,507 - [MainProcess:53] mummi_ras.online.cg.cganalysis:processFrame:545 - INFO - Frame:    46, Time: 23000.000 ps, Bbox = [0, 181.0602, 0, 181.0602]
2025-03-16 00:59:13,507 - [MainProcess:53] mummi_ras.online.cg.cganalysis:processFrame:549 - INFO - Lengths of layers: 661 39 484
2025-03-16 00:59:13,591 - [MainProcess:53] mummi_ras.online.cg.cganalysis:processFrame:730 - INFO - Time for analysis - frameNum 46, time 0.10052061080932617 s
2025-03-16 00:59:41,713 - [MainProcess:53] mummi_ras.online.simulation:get_new_frames:376 - INFO - Getting all frame numbers in trajectory from 47 to 47.
2025-03-16 00:59:41,714 - [MainProcess:53] mummi_ras.online.cg.cganalysis:run_main_analysis:194 - INFO - Process frame 47
2025-03-16 00:59:41,714 - [MainProcess:53] mummi_ras.online.cg.cganalysis:processFrame:519 - INFO - Load 48 frames: current frame ID /tmp/workdir/traj_comp.xtc
2025-03-16 00:59:41,730 - [MainProcess:53] mummi_ras.online.cg.cganalysis:processFrame:545 - INFO - Frame:    47, Time: 23500.000 ps, Bbox = [0, 180.49562, 0, 180.49562]
2025-03-16 00:59:41,730 - [MainProcess:53] mummi_ras.online.cg.cganalysis:processFrame:549 - INFO - Lengths of layers: 662 42 480
2025-03-16 00:59:41,821 - [MainProcess:53] mummi_ras.online.cg.cganalysis:processFrame:730 - INFO - Time for analysis - frameNum 47, time 0.10720443725585938 s
2025-03-16 01:00:09,942 - [MainProcess:53] mummi_ras.online.simulation:get_new_frames:376 - INFO - Getting all frame numbers in trajectory from 48 to 48.
2025-03-16 01:00:09,943 - [MainProcess:53] mummi_ras.online.cg.cganalysis:run_main_analysis:194 - INFO - Process frame 48
2025-03-16 01:00:09,943 - [MainProcess:53] mummi_ras.online.cg.cganalysis:processFrame:519 - INFO - Load 49 frames: current frame ID /tmp/workdir/traj_comp.xtc
2025-03-16 01:00:09,968 - [MainProcess:53] mummi_ras.online.cg.cganalysis:processFrame:545 - INFO - Frame:    48, Time: 24000.000 ps, Bbox = [0, 181.44763, 0, 181.44763]
2025-03-16 01:00:09,969 - [MainProcess:53] mummi_ras.online.cg.cganalysis:processFrame:549 - INFO - Lengths of layers: 658 39 487
2025-03-16 01:00:10,047 - [MainProcess:53] mummi_ras.online.cg.cganalysis:processFrame:730 - INFO - Time for analysis - frameNum 48, time 0.10459709167480469 s
2025-03-16 01:00:40,192 - [MainProcess:53] mummi_ras.online.simulation:get_new_frames:376 - INFO - Getting all frame numbers in trajectory from 49 to 49.
2025-03-16 01:00:40,192 - [MainProcess:53] mummi_ras.online.cg.cganalysis:run_main_analysis:194 - INFO - Process frame 49
2025-03-16 01:00:40,193 - [MainProcess:53] mummi_ras.online.cg.cganalysis:processFrame:519 - INFO - Load 50 frames: current frame ID /tmp/workdir/traj_comp.xtc
2025-03-16 01:00:40,209 - [MainProcess:53] mummi_ras.online.cg.cganalysis:processFrame:545 - INFO - Frame:    49, Time: 24500.000 ps, Bbox = [0, 180.83444, 0, 180.83444]
2025-03-16 01:00:40,209 - [MainProcess:53] mummi_ras.online.cg.cganalysis:processFrame:549 - INFO - Lengths of layers: 659 41 484
2025-03-16 01:00:40,291 - [MainProcess:53] mummi_ras.online.cg.cganalysis:processFrame:730 - INFO - Time for analysis - frameNum 49, time 0.09810233116149902 s
2025-03-16 01:00:40,291 - [MainProcess:53] mummi_ras.online.cg.cganalysis:processOutput:93 - INFO - Add feedback for frameNum 40 - state []
2025-03-16 01:00:40,292 - [MainProcess:53] mummi_ras.online.cg.cganalysis:processOutput:93 - INFO - Add feedback for frameNum 41 - state []
2025-03-16 01:00:40,292 - [MainProcess:53] mummi_ras.online.cg.cganalysis:processOutput:93 - INFO - Add feedback for frameNum 42 - state []
2025-03-16 01:00:40,292 - [MainProcess:53] mummi_ras.online.cg.cganalysis:processOutput:93 - INFO - Add feedback for frameNum 43 - state []
2025-03-16 01:00:40,292 - [MainProcess:53] mummi_ras.online.cg.cganalysis:processOutput:93 - INFO - Add feedback for frameNum 44 - state []
2025-03-16 01:00:40,293 - [MainProcess:53] mummi_ras.online.cg.cganalysis:processOutput:93 - INFO - Add feedback for frameNum 45 - state []
2025-03-16 01:00:40,293 - [MainProcess:53] mummi_ras.online.cg.cganalysis:processOutput:93 - INFO - Add feedback for frameNum 46 - state []
2025-03-16 01:00:40,293 - [MainProcess:53] mummi_ras.online.cg.cganalysis:processOutput:93 - INFO - Add feedback for frameNum 47 - state []
2025-03-16 01:00:40,293 - [MainProcess:53] mummi_ras.online.cg.cganalysis:processOutput:93 - INFO - Add feedback for frameNum 48 - state []
2025-03-16 01:00:40,294 - [MainProcess:53] mummi_ras.online.cg.cganalysis:processOutput:93 - INFO - Add feedback for frameNum 49 - state []
2025-03-16 01:00:40,301 - [MainProcess:53] mummi_core.interfaces.simple:_save_files:91 - INFO - Wrote 10 files to (/opt/clones/mummi-ras/feedback-cg2ml/017)
2025-03-16 01:00:40,302 - [MainProcess:53] mummi_ras.feedback.feedback_manager_cg2ml:report:118 - INFO - Added 10 frames (from structure_075765917) to feedback (/opt/clones/mummi-ras/feedback-cg2ml)
2025-03-16 01:00:40,302 - [MainProcess:53] mummi_ras.online.cg.cganalysis:processOutput:113 - INFO - processOutput: 49
2025-03-16 01:00:40,451 - [MainProcess:53] mummi_ras.interfaces.mummi:save_analysis_data:254 - INFO - Saved all analysis data for frames [40, 41, 42, 43, 44, 45, 46, 47, 48, 49]
2025-03-16 01:00:40,451 - [MainProcess:53] mummi_ras.online.cg.cganalysis:copyRemoteLogs:326 - INFO - Copy over log files
2025-03-16 01:00:40,485 - [MainProcess:53] mummi_core.utils.utilities:sys_call:184 - INFO - Run command: cp -r  /tmp/workdir/cg_analysis.out /tmp/workdir/*.log /tmp/out/ || true
2025-03-16 01:00:40,485 - [MainProcess:53] mummi_ras.online.cg.cganalysis:copyRemoteLogs:338 - INFO - copyRemoteLogs =  /tmp/workdir/cg_analysis.out /tmp/workdir/*.log
2025-03-16 01:00:40,485 - [MainProcess:53] mummi_ras.online.cg.cganalysis:cleanupLocal:348 - WARNING - Copy cleanup local only works for ddcMD files
2025-03-16 01:01:08,612 - [MainProcess:53] mummi_ras.online.simulation:get_new_frames:376 - INFO - Getting all frame numbers in trajectory from 50 to 50.
2025-03-16 01:01:08,613 - [MainProcess:53] mummi_ras.online.cg.cganalysis:run_main_analysis:194 - INFO - Process frame 50
2025-03-16 01:01:08,613 - [MainProcess:53] mummi_ras.online.cg.cganalysis:processFrame:519 - INFO - Load 51 frames: current frame ID /tmp/workdir/traj_comp.xtc
2025-03-16 01:01:08,629 - [MainProcess:53] mummi_ras.online.cg.cganalysis:processFrame:545 - INFO - Frame:    50, Time: 25000.000 ps, Bbox = [0, 180.13625, 0, 180.13625]
2025-03-16 01:01:08,630 - [MainProcess:53] mummi_ras.online.cg.cganalysis:processFrame:549 - INFO - Lengths of layers: 659 42 483
2025-03-16 01:01:08,713 - [MainProcess:53] mummi_ras.online.cg.cganalysis:processFrame:730 - INFO - Time for analysis - frameNum 50, time 0.10024309158325195 s
2025-03-16 01:01:36,841 - [MainProcess:53] mummi_ras.online.simulation:get_new_frames:376 - INFO - Getting all frame numbers in trajectory from 51 to 51.
2025-03-16 01:01:36,841 - [MainProcess:53] mummi_ras.online.cg.cganalysis:run_main_analysis:194 - INFO - Process frame 51
2025-03-16 01:01:36,842 - [MainProcess:53] mummi_ras.online.cg.cganalysis:processFrame:519 - INFO - Load 52 frames: current frame ID /tmp/workdir/traj_comp.xtc
2025-03-16 01:01:36,886 - [MainProcess:53] mummi_ras.online.cg.cganalysis:processFrame:545 - INFO - Frame:    51, Time: 25500.000 ps, Bbox = [0, 180.4064, 0, 180.4064]
2025-03-16 01:01:36,886 - [MainProcess:53] mummi_ras.online.cg.cganalysis:processFrame:549 - INFO - Lengths of layers: 661 39 484
2025-03-16 01:01:36,976 - [MainProcess:53] mummi_ras.online.cg.cganalysis:processFrame:730 - INFO - Time for analysis - frameNum 51, time 0.13432073593139648 s
2025-03-16 01:02:05,101 - [MainProcess:53] mummi_ras.online.simulation:get_new_frames:376 - INFO - Getting all frame numbers in trajectory from 52 to 52.
2025-03-16 01:02:05,101 - [MainProcess:53] mummi_ras.online.cg.cganalysis:run_main_analysis:194 - INFO - Process frame 52
2025-03-16 01:02:05,101 - [MainProcess:53] mummi_ras.online.cg.cganalysis:processFrame:519 - INFO - Load 53 frames: current frame ID /tmp/workdir/traj_comp.xtc
2025-03-16 01:02:05,118 - [MainProcess:53] mummi_ras.online.cg.cganalysis:processFrame:545 - INFO - Frame:    52, Time: 26000.000 ps, Bbox = [0, 180.23561, 0, 180.23561]
2025-03-16 01:02:05,118 - [MainProcess:53] mummi_ras.online.cg.cganalysis:processFrame:549 - INFO - Lengths of layers: 660 40 484
2025-03-16 01:02:05,194 - [MainProcess:53] mummi_ras.online.cg.cganalysis:processFrame:730 - INFO - Time for analysis - frameNum 52, time 0.09315323829650879 s
2025-03-16 01:02:33,313 - [MainProcess:53] mummi_ras.online.simulation:get_new_frames:376 - INFO - Getting all frame numbers in trajectory from 53 to 53.
2025-03-16 01:02:33,314 - [MainProcess:53] mummi_ras.online.cg.cganalysis:run_main_analysis:194 - INFO - Process frame 53
2025-03-16 01:02:33,314 - [MainProcess:53] mummi_ras.online.cg.cganalysis:processFrame:519 - INFO - Load 54 frames: current frame ID /tmp/workdir/traj_comp.xtc
2025-03-16 01:02:33,330 - [MainProcess:53] mummi_ras.online.cg.cganalysis:processFrame:545 - INFO - Frame:    53, Time: 26500.000 ps, Bbox = [0, 180.32652, 0, 180.32652]
2025-03-16 01:02:33,330 - [MainProcess:53] mummi_ras.online.cg.cganalysis:processFrame:549 - INFO - Lengths of layers: 662 34 488
2025-03-16 01:02:33,413 - [MainProcess:53] mummi_ras.online.cg.cganalysis:processFrame:730 - INFO - Time for analysis - frameNum 53, time 0.09897398948669434 s
2025-03-16 01:03:01,528 - [MainProcess:53] mummi_ras.online.simulation:get_new_frames:376 - INFO - Getting all frame numbers in trajectory from 54 to 54.
2025-03-16 01:03:01,528 - [MainProcess:53] mummi_ras.online.cg.cganalysis:run_main_analysis:194 - INFO - Process frame 54
2025-03-16 01:03:01,528 - [MainProcess:53] mummi_ras.online.cg.cganalysis:processFrame:519 - INFO - Load 55 frames: current frame ID /tmp/workdir/traj_comp.xtc
2025-03-16 01:03:01,544 - [MainProcess:53] mummi_ras.online.cg.cganalysis:processFrame:545 - INFO - Frame:    54, Time: 27000.000 ps, Bbox = [0, 180.56711, 0, 180.56711]
2025-03-16 01:03:01,545 - [MainProcess:53] mummi_ras.online.cg.cganalysis:processFrame:549 - INFO - Lengths of layers: 658 41 485
2025-03-16 01:03:01,629 - [MainProcess:53] mummi_ras.online.cg.cganalysis:processFrame:730 - INFO - Time for analysis - frameNum 54, time 0.1012411117553711 s
2025-03-16 01:03:29,774 - [MainProcess:53] mummi_ras.online.simulation:get_new_frames:376 - INFO - Getting all frame numbers in trajectory from 55 to 55.
2025-03-16 01:03:29,774 - [MainProcess:53] mummi_ras.online.cg.cganalysis:run_main_analysis:194 - INFO - Process frame 55
2025-03-16 01:03:29,775 - [MainProcess:53] mummi_ras.online.cg.cganalysis:processFrame:519 - INFO - Load 56 frames: current frame ID /tmp/workdir/traj_comp.xtc
2025-03-16 01:03:29,791 - [MainProcess:53] mummi_ras.online.cg.cganalysis:processFrame:545 - INFO - Frame:    55, Time: 27500.000 ps, Bbox = [0, 180.39963, 0, 180.39963]
2025-03-16 01:03:29,791 - [MainProcess:53] mummi_ras.online.cg.cganalysis:processFrame:549 - INFO - Lengths of layers: 659 39 486
2025-03-16 01:03:29,875 - [MainProcess:53] mummi_ras.online.cg.cganalysis:processFrame:730 - INFO - Time for analysis - frameNum 55, time 0.10071802139282227 s
2025-03-16 01:03:57,998 - [MainProcess:53] mummi_ras.online.simulation:get_new_frames:376 - INFO - Getting all frame numbers in trajectory from 56 to 56.
2025-03-16 01:03:57,998 - [MainProcess:53] mummi_ras.online.cg.cganalysis:run_main_analysis:194 - INFO - Process frame 56
2025-03-16 01:03:57,998 - [MainProcess:53] mummi_ras.online.cg.cganalysis:processFrame:519 - INFO - Load 57 frames: current frame ID /tmp/workdir/traj_comp.xtc
2025-03-16 01:03:58,015 - [MainProcess:53] mummi_ras.online.cg.cganalysis:processFrame:545 - INFO - Frame:    56, Time: 28000.000 ps, Bbox = [0, 180.90887, 0, 180.90887]
2025-03-16 01:03:58,015 - [MainProcess:53] mummi_ras.online.cg.cganalysis:processFrame:549 - INFO - Lengths of layers: 659 43 482
2025-03-16 01:03:58,098 - [MainProcess:53] mummi_ras.online.cg.cganalysis:processFrame:730 - INFO - Time for analysis - frameNum 56, time 0.09993219375610352 s
2025-03-16 01:04:26,213 - [MainProcess:53] mummi_ras.online.simulation:get_new_frames:376 - INFO - Getting all frame numbers in trajectory from 57 to 57.
2025-03-16 01:04:26,213 - [MainProcess:53] mummi_ras.online.cg.cganalysis:run_main_analysis:194 - INFO - Process frame 57
2025-03-16 01:04:26,214 - [MainProcess:53] mummi_ras.online.cg.cganalysis:processFrame:519 - INFO - Load 58 frames: current frame ID /tmp/workdir/traj_comp.xtc
2025-03-16 01:04:26,230 - [MainProcess:53] mummi_ras.online.cg.cganalysis:processFrame:545 - INFO - Frame:    57, Time: 28500.000 ps, Bbox = [0, 180.6395, 0, 180.6395]
2025-03-16 01:04:26,230 - [MainProcess:53] mummi_ras.online.cg.cganalysis:processFrame:549 - INFO - Lengths of layers: 658 37 489
2025-03-16 01:04:26,319 - [MainProcess:53] mummi_ras.online.cg.cganalysis:processFrame:730 - INFO - Time for analysis - frameNum 57, time 0.10523319244384766 s
2025-03-16 01:04:54,440 - [MainProcess:53] mummi_ras.online.simulation:get_new_frames:376 - INFO - Getting all frame numbers in trajectory from 58 to 58.
2025-03-16 01:04:54,441 - [MainProcess:53] mummi_ras.online.cg.cganalysis:run_main_analysis:194 - INFO - Process frame 58
2025-03-16 01:04:54,441 - [MainProcess:53] mummi_ras.online.cg.cganalysis:processFrame:519 - INFO - Load 59 frames: current frame ID /tmp/workdir/traj_comp.xtc
2025-03-16 01:04:54,469 - [MainProcess:53] mummi_ras.online.cg.cganalysis:processFrame:545 - INFO - Frame:    58, Time: 29000.000 ps, Bbox = [0, 179.30707, 0, 179.30707]
2025-03-16 01:04:54,470 - [MainProcess:53] mummi_ras.online.cg.cganalysis:processFrame:549 - INFO - Lengths of layers: 658 44 482
2025-03-16 01:04:54,547 - [MainProcess:53] mummi_ras.online.cg.cganalysis:processFrame:730 - INFO - Time for analysis - frameNum 58, time 0.10602736473083496 s
2025-03-16 01:05:22,673 - [MainProcess:53] mummi_ras.online.simulation:get_new_frames:376 - INFO - Getting all frame numbers in trajectory from 59 to 59.
2025-03-16 01:05:22,674 - [MainProcess:53] mummi_ras.online.cg.cganalysis:run_main_analysis:194 - INFO - Process frame 59
2025-03-16 01:05:22,674 - [MainProcess:53] mummi_ras.online.cg.cganalysis:processFrame:519 - INFO - Load 60 frames: current frame ID /tmp/workdir/traj_comp.xtc
2025-03-16 01:05:22,690 - [MainProcess:53] mummi_ras.online.cg.cganalysis:processFrame:545 - INFO - Frame:    59, Time: 29500.000 ps, Bbox = [0, 181.22002, 0, 181.22002]
2025-03-16 01:05:22,690 - [MainProcess:53] mummi_ras.online.cg.cganalysis:processFrame:549 - INFO - Lengths of layers: 660 37 487
2025-03-16 01:05:22,775 - [MainProcess:53] mummi_ras.online.cg.cganalysis:processFrame:730 - INFO - Time for analysis - frameNum 59, time 0.10076308250427246 s
2025-03-16 01:05:22,775 - [MainProcess:53] mummi_ras.online.cg.cganalysis:processOutput:93 - INFO - Add feedback for frameNum 50 - state []
2025-03-16 01:05:22,776 - [MainProcess:53] mummi_ras.online.cg.cganalysis:processOutput:93 - INFO - Add feedback for frameNum 51 - state []
2025-03-16 01:05:22,776 - [MainProcess:53] mummi_ras.online.cg.cganalysis:processOutput:93 - INFO - Add feedback for frameNum 52 - state []
2025-03-16 01:05:22,776 - [MainProcess:53] mummi_ras.online.cg.cganalysis:processOutput:93 - INFO - Add feedback for frameNum 53 - state []
2025-03-16 01:05:22,776 - [MainProcess:53] mummi_ras.online.cg.cganalysis:processOutput:93 - INFO - Add feedback for frameNum 54 - state []
2025-03-16 01:05:22,777 - [MainProcess:53] mummi_ras.online.cg.cganalysis:processOutput:93 - INFO - Add feedback for frameNum 55 - state []
2025-03-16 01:05:22,777 - [MainProcess:53] mummi_ras.online.cg.cganalysis:processOutput:93 - INFO - Add feedback for frameNum 56 - state []
2025-03-16 01:05:22,777 - [MainProcess:53] mummi_ras.online.cg.cganalysis:processOutput:93 - INFO - Add feedback for frameNum 57 - state []
2025-03-16 01:05:22,778 - [MainProcess:53] mummi_ras.online.cg.cganalysis:processOutput:93 - INFO - Add feedback for frameNum 58 - state []
2025-03-16 01:05:22,778 - [MainProcess:53] mummi_ras.online.cg.cganalysis:processOutput:93 - INFO - Add feedback for frameNum 59 - state []
2025-03-16 01:05:22,786 - [MainProcess:53] mummi_core.interfaces.simple:_save_files:91 - INFO - Wrote 10 files to (/opt/clones/mummi-ras/feedback-cg2ml/017)
2025-03-16 01:05:22,786 - [MainProcess:53] mummi_ras.feedback.feedback_manager_cg2ml:report:118 - INFO - Added 10 frames (from structure_075765917) to feedback (/opt/clones/mummi-ras/feedback-cg2ml)
2025-03-16 01:05:22,787 - [MainProcess:53] mummi_ras.online.cg.cganalysis:processOutput:113 - INFO - processOutput: 59
2025-03-16 01:05:22,935 - [MainProcess:53] mummi_ras.interfaces.mummi:save_analysis_data:254 - INFO - Saved all analysis data for frames [50, 51, 52, 53, 54, 55, 56, 57, 58, 59]
2025-03-16 01:05:22,935 - [MainProcess:53] mummi_ras.online.cg.cganalysis:copyRemoteLogs:326 - INFO - Copy over log files
2025-03-16 01:05:22,972 - [MainProcess:53] mummi_core.utils.utilities:sys_call:184 - INFO - Run command: cp -r  /tmp/workdir/cg_analysis.out /tmp/workdir/*.log /tmp/out/ || true
2025-03-16 01:05:22,972 - [MainProcess:53] mummi_ras.online.cg.cganalysis:copyRemoteLogs:338 - INFO - copyRemoteLogs =  /tmp/workdir/cg_analysis.out /tmp/workdir/*.log
2025-03-16 01:05:22,973 - [MainProcess:53] mummi_ras.online.cg.cganalysis:cleanupLocal:348 - WARNING - Copy cleanup local only works for ddcMD files
2025-03-16 01:05:51,101 - [MainProcess:53] mummi_ras.online.simulation:get_new_frames:376 - INFO - Getting all frame numbers in trajectory from 60 to 60.
2025-03-16 01:05:51,102 - [MainProcess:53] mummi_ras.online.cg.cganalysis:run_main_analysis:194 - INFO - Process frame 60
2025-03-16 01:05:51,102 - [MainProcess:53] mummi_ras.online.cg.cganalysis:processFrame:519 - INFO - Load 61 frames: current frame ID /tmp/workdir/traj_comp.xtc
2025-03-16 01:05:51,118 - [MainProcess:53] mummi_ras.online.cg.cganalysis:processFrame:545 - INFO - Frame:    60, Time: 30000.000 ps, Bbox = [0, 180.73418, 0, 180.73418]
2025-03-16 01:05:51,119 - [MainProcess:53] mummi_ras.online.cg.cganalysis:processFrame:549 - INFO - Lengths of layers: 661 36 487
2025-03-16 01:05:51,209 - [MainProcess:53] mummi_ras.online.cg.cganalysis:processFrame:730 - INFO - Time for analysis - frameNum 60, time 0.10707473754882812 s
2025-03-16 01:06:19,333 - [MainProcess:53] mummi_ras.online.simulation:get_new_frames:376 - INFO - Getting all frame numbers in trajectory from 61 to 61.
2025-03-16 01:06:19,333 - [MainProcess:53] mummi_ras.online.cg.cganalysis:run_main_analysis:194 - INFO - Process frame 61
2025-03-16 01:06:19,333 - [MainProcess:53] mummi_ras.online.cg.cganalysis:processFrame:519 - INFO - Load 62 frames: current frame ID /tmp/workdir/traj_comp.xtc
2025-03-16 01:06:19,349 - [MainProcess:53] mummi_ras.online.cg.cganalysis:processFrame:545 - INFO - Frame:    61, Time: 30500.000 ps, Bbox = [0, 180.38602, 0, 180.38602]
2025-03-16 01:06:19,350 - [MainProcess:53] mummi_ras.online.cg.cganalysis:processFrame:549 - INFO - Lengths of layers: 663 29 492
2025-03-16 01:06:19,440 - [MainProcess:53] mummi_ras.online.cg.cganalysis:processFrame:730 - INFO - Time for analysis - frameNum 61, time 0.10683488845825195 s
2025-03-16 01:06:47,555 - [MainProcess:53] mummi_ras.online.simulation:get_new_frames:376 - INFO - Getting all frame numbers in trajectory from 62 to 62.
2025-03-16 01:06:47,555 - [MainProcess:53] mummi_ras.online.cg.cganalysis:run_main_analysis:194 - INFO - Process frame 62
2025-03-16 01:06:47,555 - [MainProcess:53] mummi_ras.online.cg.cganalysis:processFrame:519 - INFO - Load 63 frames: current frame ID /tmp/workdir/traj_comp.xtc
2025-03-16 01:06:47,583 - [MainProcess:53] mummi_ras.online.cg.cganalysis:processFrame:545 - INFO - Frame:    62, Time: 31000.000 ps, Bbox = [0, 181.89355, 0, 181.89355]
2025-03-16 01:06:47,583 - [MainProcess:53] mummi_ras.online.cg.cganalysis:processFrame:549 - INFO - Lengths of layers: 664 30 490
2025-03-16 01:06:47,672 - [MainProcess:53] mummi_ras.online.cg.cganalysis:processFrame:730 - INFO - Time for analysis - frameNum 62, time 0.11713743209838867 s
2025-03-16 01:07:13,755 - [MainProcess:53] mummi_ras.online.cg.cganalysis:run_main_analysis:293 - INFO - CG analysis is stopping.
2025-03-16 01:07:13,755 - [MainProcess:53] mummi_ras.online.cg.cganalysis:run_main_analysis:310 - INFO - Process ouput from last frames
2025-03-16 01:07:13,756 - [MainProcess:53] mummi_ras.online.cg.cganalysis:processOutput:93 - INFO - Add feedback for frameNum 60 - state []
2025-03-16 01:07:13,756 - [MainProcess:53] mummi_ras.online.cg.cganalysis:processOutput:93 - INFO - Add feedback for frameNum 61 - state []
2025-03-16 01:07:13,756 - [MainProcess:53] mummi_ras.online.cg.cganalysis:processOutput:93 - INFO - Add feedback for frameNum 62 - state []
2025-03-16 01:07:13,758 - [MainProcess:53] mummi_core.interfaces.simple:_save_files:91 - INFO - Wrote 3 files to (/opt/clones/mummi-ras/feedback-cg2ml/017)
2025-03-16 01:07:13,758 - [MainProcess:53] mummi_ras.feedback.feedback_manager_cg2ml:report:118 - INFO - Added 3 frames (from structure_075765917) to feedback (/opt/clones/mummi-ras/feedback-cg2ml)
2025-03-16 01:07:13,758 - [MainProcess:53] mummi_ras.online.cg.cganalysis:processOutput:113 - INFO - processOutput: 62
2025-03-16 01:07:13,786 - [MainProcess:53] mummi_ras.interfaces.mummi:save_analysis_data:254 - INFO - Saved all analysis data for frames [60, 61, 62]
2025-03-16 01:07:13,786 - [MainProcess:53] mummi_ras.online.cg.cganalysis:copyRemoteLogs:326 - INFO - Copy over log files
2025-03-16 01:07:13,790 - [MainProcess:53] mummi_core.utils.utilities:sys_call:184 - INFO - Run command: cp -r  /tmp/workdir/cg_analysis.out /tmp/workdir/*.log /tmp/out/ || true
2025-03-16 01:07:13,790 - [MainProcess:53] mummi_ras.online.cg.cganalysis:copyRemoteLogs:338 - INFO - copyRemoteLogs =  /tmp/workdir/cg_analysis.out /tmp/workdir/*.log
2025-03-16 01:07:13,790 - [MainProcess:53] mummi_ras.online.cg.cganalysis:cleanupLocal:348 - WARNING - Copy cleanup local only works for ddcMD files
2025-03-16 01:07:13,791 - [MainProcess:53] mummi_ras.online.cg.cganalysis:copyRemoteLogs:326 - INFO - Copy over log files
2025-03-16 01:07:13,795 - [MainProcess:53] mummi_core.utils.utilities:sys_call:184 - INFO - Run command: cp -r  /tmp/workdir/cg_analysis.out /tmp/workdir/*.log /tmp/out/ || true
2025-03-16 01:07:13,795 - [MainProcess:53] mummi_ras.online.cg.cganalysis:copyRemoteLogs:338 - INFO - copyRemoteLogs =  /tmp/workdir/cg_analysis.out /tmp/workdir/*.log
