2025-03-24T01:14:41.707837893Z >> jobid        = structure_084840146
2025-03-24T01:14:41.707855707Z >> outpath      = /tmp/out
2025-03-24T01:14:41.707860654Z >> registry     = registry-0.mummi.default.svc.cluster.local:5000
2025-03-24T01:14:41.709025937Z >> hostname     = cganalysis-p3-2xlarge-structure-084840146-t6hz9
2025-03-24T01:14:41.710576987Z mkdir: created directory '/tmp/out'
2025-03-24T01:14:41.714875614Z   % Total    % Received % Xferd  Average Speed   Time    Time     Time  Current
2025-03-24T01:14:41.714984694Z                                  Dload  Upload   Total   Spent    Left  Speed
2025-03-24T01:14:41.736145029Z   0     0    0     0    0     0      0      0 --:--:-- --:--:-- --:--:--     0  0     0    0     0    0     0      0      0 --:--:-- --:--:-- --:--:--     0
2025-03-24T01:14:41.823038621Z 100 4132k  100 4132k    0     0  37.3M      0 --:--:-- --:--:-- --:--:-- 37.3M
2025-03-24T01:14:41.928400427Z /tmp/out
2025-03-24T01:14:41.948069550Z >> simname  = structure_099868581
2025-03-24T01:14:41.948086305Z >> outpath  = /tmp/out
2025-03-24T01:14:41.948092030Z >> registry = 
2025-03-24T01:14:41.948097012Z >> locpath  = /tmp/workdir
2025-03-24T01:14:41.948698274Z >> gmx      = /miniconda3/bin/gmx
2025-03-24T01:14:41.949214679Z >> pwd      = /tmp/workdir
2025-03-24T01:14:41.950326018Z >> hostname = cganalysis-p3-2xlarge-structure-084840146-t6hz9
2025-03-24T01:14:41.953650502Z >> xtclast = , cframe = 0
2025-03-24T01:14:42.841984773Z 2025-03-24 01:14:42,841 - [MainProcess:49] root:init_logger:344 - INFO - Enabled
2025-03-24T01:14:42.842015052Z 2025-03-24 01:14:42,841 - [MainProcess:49] root:init_logger:345 - WARNING - Enabled
2025-03-24T01:14:42.842163117Z 2025-03-24 01:14:42,841 - [MainProcess:49] root:init_logger:346 - ERROR - Enabled
2025-03-24T01:14:42.842187382Z 2025-03-24 01:14:42,842 - [MainProcess:49] root:init_logger:347 - CRITICAL - Enabled
2025-03-24T01:14:42.852977461Z 2025-03-24 01:14:42,852 - [MainProcess:49] root:_log_profile:78 - PROFILE - [197.133 MB]: Enabled
2025-03-24T01:14:42.853066350Z 2025-03-24 01:14:42,852 - [MainProcess:49] mummi_ras.online.cg.cganalysis:run_cganalysis:849 - INFO - Running CG analysis, options are:
2025-03-24T01:14:42.853270213Z 2025-03-24 01:14:42,853 - [MainProcess:49] mummi_ras.online.cg.cganalysis:run_cganalysis:850 - INFO - Namespace(simname='structure_099868581', fcount=0, noninteractive=False, path='/tmp/workdir', pathremote='', fstype='mummi', fbio='mummi', nprocs=1, loglevel=2, logpath='./', logstdout=True, test=False, no_gpu=False, logfile='cg_analysis', maxsimtime=250000000, stopsimtime=100, minsimtime=100000000, frameProcessBatchSize=10, siminputs='/tmp/out', simbin='gmx', simruntime='0.5', simcores=3, nofeedback=False, backend=<MDEngine.GROMACS_PARTS: <class 'mummi_ras.online.simulation.GROMACS_PARTS'>>, mini=True)
2025-03-24T01:14:42.853358595Z 2025-03-24 01:14:42,853 - [MainProcess:49] mummi_ras.online.cg.cganalysis:run_cganalysis:851 - INFO - local path = /tmp/workdir
2025-03-24T01:14:42.853447419Z 2025-03-24 01:14:42,853 - [MainProcess:49] mummi_ras.online.cg.cganalysis:run_cganalysis:855 - INFO - No remote path
2025-03-24T01:14:42.911861840Z 2025-03-24 01:14:42,911 - [MainProcess:49] mummi_ras.online.cg.cganalysis:run_cganalysis:863 - INFO - Using IO_Interface [<class 'mummi_ras.interfaces.mummi.IO_Mummi'>] for data output
2025-03-24T01:14:42.911941043Z 2025-03-24 01:14:42,911 - [MainProcess:49] mummi_ras.online.cg.cganalysis:run_cganalysis:864 - INFO - Using IO_Interface [<class 'mummi_ras.interfaces.mummi.IO_Mummi'>] for feedback output
2025-03-24T01:14:42.912065688Z 2025-03-24 01:14:42,911 - [MainProcess:49] mummi_ras.online.cg.cgoptions:__init__:46 - INFO - Loading parameters from /opt/clones/mummi_resources/analysis/cg/cg_analysis_parameters.yaml
2025-03-24T01:14:42.913468193Z 2025-03-24 01:14:42,913 - [MainProcess:49] mummi_ras.feedback.feedback_manager_cg2ml:__init__:56 - INFO - Initialized FeedbackManager (type = FeedbackManagerType.Worker; name = structure_099868581; host = cganalysis-p3-2xlarge-structure-084840146-t6hz9)
2025-03-24T01:14:42.933545910Z 2025-03-24 01:14:42,933 - [MainProcess:49] mummi_ras.parsers.cg:setup:68 - INFO - Initializing CGParser (MDAnalysis version 2.8.0)
2025-03-24T01:14:42.933600246Z 2025-03-24 01:14:42,933 - [MainProcess:49] mummi_ras.parsers.cg:setup:69 - INFO - 	Loading: (/tmp/workdir/lipids-water-eq6.gro) (/tmp/workdir/topol.tpr)
2025-03-24T01:14:42.935591175Z 2025-03-24 01:14:42,935 - [MainProcess:49] MDAnalysis.topology.TPRparser:_log_header:257 - INFO - Gromacs version   : b'VERSION 2024.2-conda_forge'
2025-03-24T01:14:42.935656042Z 2025-03-24 01:14:42,935 - [MainProcess:49] MDAnalysis.topology.TPRparser:_log_header:258 - INFO - tpx version       : 133
2025-03-24T01:14:42.935791994Z 2025-03-24 01:14:42,935 - [MainProcess:49] MDAnalysis.topology.TPRparser:_log_header:259 - INFO - tpx generation    : 28
2025-03-24T01:14:42.935809153Z 2025-03-24 01:14:42,935 - [MainProcess:49] MDAnalysis.topology.TPRparser:_log_header:260 - INFO - tpx precision     : 4
2025-03-24T01:14:42.935897841Z 2025-03-24 01:14:42,935 - [MainProcess:49] MDAnalysis.topology.TPRparser:_log_header:261 - INFO - tpx file_tag      : b'release'
2025-03-24T01:14:42.935969062Z 2025-03-24 01:14:42,935 - [MainProcess:49] MDAnalysis.topology.TPRparser:_log_header:262 - INFO - tpx natoms        : 54810
2025-03-24T01:14:42.936036525Z 2025-03-24 01:14:42,935 - [MainProcess:49] MDAnalysis.topology.TPRparser:_log_header:263 - INFO - tpx ngtc          : 2
2025-03-24T01:14:42.936090972Z 2025-03-24 01:14:42,936 - [MainProcess:49] MDAnalysis.topology.TPRparser:_log_header:264 - INFO - tpx fep_state     : 0
2025-03-24T01:14:42.936219836Z 2025-03-24 01:14:42,936 - [MainProcess:49] MDAnalysis.topology.TPRparser:_log_header:265 - INFO - tpx lambda        : 0.0
2025-03-24T01:14:43.396491402Z 2025-03-24 01:14:43,396 - [MainProcess:49] MDAnalysis.core.universe:guess_TopologyAttrs:1645 - INFO - The attribute(s) masses, types have already been read from the topology file. The guesser will only guess empty values for this attribute, if any exists. To overwrite it by completely guessed values, you can pass the attribute to the force_guess parameter instead of the to_guess one
2025-03-24T01:14:43.398915995Z 2025-03-24 01:14:43,398 - [MainProcess:49] MDAnalysis.guesser.base:guess_attr:177 - INFO - There is no empty types values. Guesser did not guess any new values for types attribute
2025-03-24T01:14:43.399381758Z 2025-03-24 01:14:43,399 - [MainProcess:49] MDAnalysis.guesser.base:guess_attr:177 - INFO - There is no empty masses values. Guesser did not guess any new values for masses attribute
2025-03-24T01:14:43.399454308Z 2025-03-24 01:14:43,399 - [MainProcess:49] mummi_ras.parsers.cg:setup:74 - INFO - 	Number of frames in sim: 1
2025-03-24T01:14:43.399551091Z 2025-03-24 01:14:43,399 - [MainProcess:49] mummi_ras.parsers.cg:setup:75 - INFO - 	Number of atoms in sim: 54810
2025-03-24T01:14:43.399901045Z 2025-03-24 01:14:43,399 - [MainProcess:49] mummi_ras.parsers.cg:setup:76 - INFO - 	Sim dimensions: [180.58821 180.58821 184.80869]
2025-03-24T01:14:43.423117379Z 2025-03-24 01:14:43,422 - [MainProcess:49] mummi_ras.parsers.cg:_setup_lipids:103 - WARNING -  Resnames ['ALA' 'ARG' 'ASN' 'ASP' 'CGW' 'CYF' 'CYM' 'CYS' 'GLN' 'GLU' 'GLY' 'GTP'
2025-03-24T01:14:43.423127181Z  'HSE' 'ILE' 'ION' 'LEU' 'LYS' 'MET' 'MG' 'PHE' 'PRO' 'SER' 'THR' 'TRP'
2025-03-24T01:14:43.423134578Z  'TYR' 'VAL' 'W' 'ZN2'] either not lipids or not supported!
2025-03-24T01:14:43.688123476Z 2025-03-24 01:14:43,687 - [MainProcess:49] mummi_ras.parsers.cg:_setup_lipids:145 - WARNING - Found leaflets of size 448 355
2025-03-24T01:14:43.691637566Z 2025-03-24 01:14:43,691 - [MainProcess:49] mummi_ras.parsers.cg_aligner:init:144 - INFO - origin: (165,): ['THR', 'GLU', 'TYR', 'LYS', 'LEU', 'VAL', 'VAL', 'VAL', 'GLY', 'ALA', 'ASP', 'GLY', 'VAL', 'GLY', 'LYS', 'SER', 'ALA', 'LEU', 'THR', 'ILE', 'GLN', 'LEU', 'ILE', 'GLN', 'ASN', 'HSE', 'PHE', 'VAL', 'ASP', 'GLU', 'TYR', 'ASP', 'PRO', 'THR', 'ILE', 'GLU', 'ASP', 'SER', 'TYR', 'ARG', 'LYS', 'GLN', 'VAL', 'VAL', 'ILE', 'ASP', 'GLY', 'GLU', 'THR', 'CYS', 'LEU', 'LEU', 'ASP', 'ILE', 'LEU', 'ASP', 'THR', 'ALA', 'GLY', 'GLN', 'GLU', 'GLU', 'TYR', 'SER', 'ALA', 'MET', 'ARG', 'ASP', 'GLN', 'TYR', 'MET', 'ARG', 'THR', 'GLY', 'GLU', 'GLY', 'PHE', 'LEU', 'CYS', 'VAL', 'PHE', 'ALA', 'ILE', 'ASN', 'ASN', 'THR', 'LYS', 'SER', 'PHE', 'GLU', 'ASP', 'ILE', 'HSE', 'HSE', 'TYR', 'ARG', 'GLU', 'GLN', 'ILE', 'LYS', 'ARG', 'VAL', 'LYS', 'ASP', 'SER', 'GLU', 'ASP', 'VAL', 'PRO', 'MET', 'VAL', 'LEU', 'VAL', 'GLY', 'ASN', 'LYS', 'CYS', 'ASP', 'LEU', 'PRO', 'SER', 'ARG', 'THR', 'VAL', 'ASP', 'THR', 'LYS', 'GLN', 'ALA', 'GLN', 'ASP', 'LEU', 'ALA', 'ARG', 'SER', 'TYR', 'GLY', 'ILE', 'PRO', 'PHE', 'ILE', 'GLU', 'THR', 'SER', 'ALA', 'LYS', 'THR', 'ARG', 'GLN', 'GLY', 'VAL', 'ASP', 'ASP', 'ALA', 'PHE', 'TYR', 'THR', 'LEU', 'VAL', 'ARG', 'GLU', 'ILE', 'ARG', 'LYS', 'HSE']
2025-03-24T01:14:43.691727178Z 2025-03-24 01:14:43,691 - [MainProcess:49] mummi_ras.parsers.cg_aligner:init:145 - INFO - xaxis:  (8,): ['THR', 'PHE', 'PHE', 'THR', 'LEU', 'LEU', 'PHE', 'GLN']
2025-03-24T01:14:43.694334089Z 2025-03-24 01:14:43,694 - [MainProcess:49] mummi_ras.online.cg.cganalysis:run_cganalysis:946 - INFO - Testing flags: [Success='cg_success', Fail='cg_failure']
2025-03-24T01:14:43.694388729Z 2025-03-24 01:14:43,694 - [MainProcess:49] mummi_ras.online.cg.cganalysis:run_cganalysis:947 - INFO - Checking for exit condition [/tmp/workdir] (pass=False fail=False)
2025-03-24T01:14:43.694654752Z 2025-03-24 01:14:43,694 - [MainProcess:49] mummi_ras.online.simulation:run:98 - INFO - Starting /miniconda3/bin/gmx....
2025-03-24T01:14:43.694931555Z 2025-03-24 01:14:43,694 - [MainProcess:49] mummi_ras.online.simulation:run:112 - INFO - cmd =       /miniconda3/bin/gmx mdrun -cpi -nb gpu -ntmpi 1 -ntomp 3 -pin off -maxh 0.5 >> mdrun.log 2>&1
2025-03-24T01:14:43.694989142Z 2025-03-24 01:14:43,694 - [MainProcess:49] mummi_ras.online.simulation:run:113 - INFO - os.pwd =    /tmp/out
2025-03-24T01:14:43.695076729Z 2025-03-24 01:14:43,694 - [MainProcess:49] mummi_ras.online.simulation:run:114 - INFO - simdir =    /tmp/workdir
2025-03-24T01:14:48.705354784Z 2025-03-24 01:14:48,704 - [MainProcess:49] mummi_ras.online.simulation:run:119 - INFO - Process Running? None
2025-03-24T01:14:48.705488545Z 2025-03-24 01:14:48,705 - [MainProcess:49] mummi_ras.online.simulation:run:123 - INFO - CUDA_VISIBLE_DEVICES=UNSET
2025-03-24T01:14:48.705623249Z 2025-03-24 01:14:48,705 - [MainProcess:49] mummi_ras.online.simulation:run:124 - INFO - ROCR_VISIBLE_DEVICES=UNSET
2025-03-24T01:44:26.937162634Z 2025-03-24 01:44:26,936 - [MainProcess:49] mummi_ras.online.cg.cganalysis:run_main_analysis:293 - INFO - CG analysis is stopping.
2025-03-24T01:44:26.938048589Z > Initialized MuMMI
2025-03-24T01:44:26.938059019Z 	> MuMMI_ROOT: (/opt/clones/mummi-ras)
2025-03-24T01:44:26.938066763Z 	> MuMMI_Resources: (/opt/clones/mummi_resources)
2025-03-24T01:44:26.938072880Z 	> MuMMI_Specs: (/opt/clones/mummi-ras/specs)
2025-03-24T01:44:26.938077834Z 
2025-03-24T01:44:26.938080060Z > Creating MuMMI root hierarchy at (/opt/clones/mummi-ras)
2025-03-24T01:44:26.938083214Z 
2025-03-24T01:44:26.938083214Z > Initializing logger:  level = (2), stdout = (True), file = (./cg_analysis.log), history = (False),  memusage = (False)
2025-03-24T01:44:26.938087270Z === times
2025-03-24T01:44:26.938095177Z {"times": {}, "timestamps": {"cganalysis_run_start": 1742778882.8528776, "cganalysis_load_mdanalysis_start": 1742778882.9333556, "cganalysis_load_mdanalysis_complete": 1742778883.6917038, "cganalysis_run_simulation_start": 1742778883.6943696, "cganalysis_simrun_start": 1742778883.6945014, "cganalysis_simrun_complete": 1742778888.7055717, "cganalysis_run_simulation_complete": 1742778888.7055922, "cganalysis_main_analysis_start": 1742778888.7055962, "cganalysis_main_analysis_complete": 1742780666.9371626, "cganalysis_run_complete": 1742780666.9373422}}
2025-03-24T01:44:26.938114635Z ===
2025-03-24T01:44:27.214190799Z 
2025-03-24T01:44:27.214245204Z Simulation was successful
2025-03-24T01:44:27.214245939Z real	29m45.260s
2025-03-24T01:44:27.214266554Z user	88m42.801s
2025-03-24T01:44:27.214270652Z sys	0m18.572s
2025-03-24T01:44:27.216376438Z 099868581
2025-03-24T01:44:27.216408565Z cganalysis-times.json
2025-03-24T01:44:27.216416589Z createsims-times.json
2025-03-24T01:44:27.216421757Z createsims.log
2025-03-24T01:44:27.216426885Z createsims.tar.gz
2025-03-24T01:44:27.216430777Z createsims_success
2025-03-24T01:44:27.216434348Z ener.edr
2025-03-24T01:44:27.216438333Z index.ndx
2025-03-24T01:44:27.216442118Z lipids-water-eq6.gro
2025-03-24T01:44:27.216446104Z martini_v2.x_new-rf-prod.mdp
2025-03-24T01:44:27.216449808Z md.log
2025-03-24T01:44:27.216453481Z mdrun.log
2025-03-24T01:44:27.216457130Z psim.npz
2025-03-24T01:44:27.216460991Z state.cpt
2025-03-24T01:44:27.216465645Z state_prev.cpt
2025-03-24T01:44:27.216469886Z structure_099868581_000000000000.gro
2025-03-24T01:44:27.216473783Z system.top
2025-03-24T01:44:27.216477526Z topol.tpr
2025-03-24T01:44:27.216482018Z traj_comp.xtc
2025-03-24T01:44:28.139502723Z ./traj_comp.xtc      => 30.5 ns | 30.5 ns
2025-03-24T01:44:28.226501575Z Job was successful, pushing result to registry-0.mummi.default.svc.cluster.local:5000/structure_084840146:cganalysis-p3-2xlarge
2025-03-24T01:44:28.240981569Z Uploading cdbfffc77c7b .
2025-03-24T01:44:28.255008354Z Uploaded  cdbfffc77c7b .
2025-03-24T01:44:28.265104244Z Pushed [registry] registry-0.mummi.default.svc.cluster.local:5000/structure_084840146:cganalysis-p3-2xlarge
2025-03-24T01:44:28.265128261Z ArtifactType: application/vnd.unknown.artifact.v1
2025-03-24T01:44:28.265142191Z Digest: sha256:6d8beec2b3f5c0f4383f4dca03b3a12f303de3d47af368e28eb98e5df5621467
