                :-) GROMACS - gmx mdrun, 2024.5-conda_forge (-:

Copyright 1991-2024 The GROMACS Authors.
GROMACS is free software; you can redistribute it and/or modify it
under the terms of the GNU Lesser General Public License
as published by the Free Software Foundation; either version 2.1
of the License, or (at your option) any later version.

                         Current GROMACS contributors:
       Mark Abraham           Andrey Alekseenko           Vladimir Basov      
      Cathrine Bergh            Eliane Briand               Ania Brown        
      Mahesh Doijade            Giacomo Fiorin          Stefan Fleischmann    
      Sergey Gorelov         Gilles Gouaillardet            Alan Gray         
     M. Eric Irrgang         Farzaneh Jalalypour            Joe Jordan        
     Carsten Kutzner           Justin A. Lemkul          Magnus Lundborg      
       Pascal Merz              Vedran Miletic            Dmitry Morozov      
       Julien Nabet              Szilard Pall        Andrea Pasquadibisceglie 
    Michele Pellegrino          Hubert Santuz             Roland Schulz       
     Tatiana Shugaeva          Alexey Shvetsov            Philip Turner       
     Alessandra Villa      Sebastian Wingbermuehle  

                         Previous GROMACS contributors:
        Emile Apol             Rossen Apostolov           James Barnett       
        Paul Bauer          Herman J.C. Berendsen          Par Bjelkmar       
      Christian Blau          Viacheslav Bolnykh            Kevin Boyd        
    Aldert van Buuren          Carlo Camilloni           Rudi van Drunen      
      Anton Feenstra           Oliver Fleetwood            Vytas Gapsys       
       Gaurav Garg             Gerrit Groenhof            Bert de Groot       
      Anca Hamuraru           Vincent Hindriksen          Victor Holanda      
     Aleksei Iupinov          Christoph Junghans        Prashanth Kanduri     
   Dimitrios Karkoulis           Peter Kasson             Sebastian Kehl      
     Sebastian Keller             Jiri Kraus               Per Larsson        
      Viveca Lindahl            Erik Marklund           Pieter Meulenhoff     
      Teemu Murtola              Sander Pronk             Michael Shirts      
      Alfons Sijbers            Balint Soproni         David van der Spoel    
      Peter Tieleman            Carsten Uphoff             Jon Vincent        
     Teemu Virolainen         Christian Wennberg           Maarten Wolf       
      Artem Zhmurov       

                  Coordinated by the GROMACS project leaders:
                           Berk Hess and Erik Lindahl

GROMACS:      gmx mdrun, version 2024.5-conda_forge
Executable:   /miniconda3/bin.ARM_NEON_ASIMD/gmx
Data prefix:  /miniconda3
Working dir:  /mnt/efs/iter-1/structure_028105089/createsim
Process ID:   4256
Command line:
  gmx mdrun -cpi -ntmpi 1 -ntomp 64 -pin off -maxh 0.5

GROMACS version:     2024.5-conda_forge
Precision:           mixed
Memory model:        64 bit
MPI library:         thread_mpi
OpenMP support:      enabled (GMX_OPENMP_MAX_THREADS = 128)
GPU support:         OpenCL
NBNxM GPU setup:     super-cluster 2x2x2 / cluster 8
SIMD instructions:   ARM_NEON_ASIMD
CPU FFT library:     fftw-3.3.10
GPU FFT library:     clFFT
Multi-GPU FFT:       none
TNG support:         enabled
Hwloc support:       disabled
Tracing support:     disabled
C compiler:          /home/conda/feedstock_root/build_artifacts/gromacs_1737880092958/_build_env/bin/aarch64-conda-linux-gnu-cc GNU 13.3.0
C compiler flags:    -fexcess-precision=fast -funroll-all-loops -Wno-missing-field-initializers -O3 -DNDEBUG
C++ compiler:        /home/conda/feedstock_root/build_artifacts/gromacs_1737880092958/_build_env/bin/aarch64-conda-linux-gnu-c++ GNU 13.3.0
C++ compiler flags:  -fexcess-precision=fast -funroll-all-loops -Wno-missing-field-initializers -Wno-cast-function-type-strict SHELL:-fopenmp -O3 -DNDEBUG
BLAS library:        Internal
LAPACK library:      Internal
OpenCL include dir:  /miniconda3/include
OpenCL library:      /miniconda3/lib/libOpenCL.so
OpenCL version:      3.0


Running on 1 node with total 64 cores, 64 processing units (GPU detection failed)
Hardware detected on host i-0a24037243f6f236a:
  CPU info:
    Vendor: ARM
    Brand:  0xd40
    Family: 8   Model: 1   Stepping: 1
    Features: neon neon_asimd sve
  Hardware topology: Basic
    Packages, cores, and logical processors:
    [indices refer to OS logical processors]
      Package 60: [   0] [   1] [   2] [   3] [   4] [   5] [   6] [   7] [   8] [   9] [  10] [  11] [  12] [  13] [  14] [  15] [  16] [  17] [  18] [  19] [  20] [  21] [  22] [  23] [  24] [  25] [  26] [  27] [  28] [  29] [  30] [  31] [  32] [  33] [  34] [  35] [  36] [  37] [  38] [  39] [  40] [  41] [  42] [  43] [  44] [  45] [  46] [  47] [  48] [  49] [  50] [  51] [  52] [  53] [  54] [  55] [  56] [  57] [  58] [  59] [  60] [  61] [  62] [  63]
    CPU limit set by OS: -1   Recommended max number of threads: 64

Likely fastest SIMD instructions supported by all nodes: ARM_SVE
SIMD instructions selected at compile time:              ARM_NEON_ASIMD


++++ PLEASE READ AND CITE THE FOLLOWING REFERENCE ++++
M. J. Abraham, T. Murtola, R. Schulz, S. Páll, J. C. Smith, B. Hess, E.
Lindahl
GROMACS: High performance molecular simulations through multi-level
parallelism from laptops to supercomputers
SoftwareX 1 (2015) pp. 19-25
-------- -------- --- Thank You --- -------- --------


++++ PLEASE READ AND CITE THE FOLLOWING REFERENCE ++++
S. Páll, M. J. Abraham, C. Kutzner, B. Hess, E. Lindahl
Tackling Exascale Software Challenges in Molecular Dynamics Simulations with
GROMACS
In S. Markidis & E. Laure (Eds.), Solving Software Challenges for Exascale 8759 (2015) pp. 3-27
-------- -------- --- Thank You --- -------- --------


++++ PLEASE READ AND CITE THE FOLLOWING REFERENCE ++++
S. Pronk, S. Páll, R. Schulz, P. Larsson, P. Bjelkmar, R. Apostolov, M. R.
Shirts, J. C. Smith, P. M. Kasson, D. van der Spoel, B. Hess, and E. Lindahl
GROMACS 4.5: a high-throughput and highly parallel open source molecular
simulation toolkit
Bioinformatics 29 (2013) pp. 845-54
-------- -------- --- Thank You --- -------- --------


++++ PLEASE READ AND CITE THE FOLLOWING REFERENCE ++++
B. Hess and C. Kutzner and D. van der Spoel and E. Lindahl
GROMACS 4: Algorithms for highly efficient, load-balanced, and scalable
molecular simulation
J. Chem. Theory Comput. 4 (2008) pp. 435-447
-------- -------- --- Thank You --- -------- --------


++++ PLEASE READ AND CITE THE FOLLOWING REFERENCE ++++
D. van der Spoel, E. Lindahl, B. Hess, G. Groenhof, A. E. Mark and H. J. C.
Berendsen
GROMACS: Fast, Flexible and Free
J. Comp. Chem. 26 (2005) pp. 1701-1719
-------- -------- --- Thank You --- -------- --------


++++ PLEASE READ AND CITE THE FOLLOWING REFERENCE ++++
E. Lindahl and B. Hess and D. van der Spoel
GROMACS 3.0: A package for molecular simulation and trajectory analysis
J. Mol. Mod. 7 (2001) pp. 306-317
-------- -------- --- Thank You --- -------- --------


++++ PLEASE READ AND CITE THE FOLLOWING REFERENCE ++++
H. J. C. Berendsen, D. van der Spoel and R. van Drunen
GROMACS: A message-passing parallel molecular dynamics implementation
Comp. Phys. Comm. 91 (1995) pp. 43-56
-------- -------- --- Thank You --- -------- --------


The number of OpenMP threads was set by environment variable OMP_NUM_THREADS to 64 (and the command-line setting agreed with that)

Input Parameters:
   integrator                     = md
   tinit                          = 0
   dt                             = 0.02
   nsteps                         = -1
   init-step                      = 0
   simulation-part                = 1
   mts                            = false
   mass-repartition-factor        = 1
   comm-mode                      = Linear
   nstcomm                        = 100
   bd-fric                        = 0
   ld-seed                        = -41955620
   emtol                          = 10
   emstep                         = 0.01
   niter                          = 20
   fcstep                         = 0
   nstcgsteep                     = 1000
   nbfgscorr                      = 10
   rtpi                           = 0.05
   nstxout                        = 0
   nstvout                        = 0
   nstfout                        = 0
   nstlog                         = 25000
   nstcalcenergy                  = 100
   nstenergy                      = 25000
   nstxout-compressed             = 25000
   compressed-x-precision         = 100
   cutoff-scheme                  = Verlet
   nstlist                        = 20
   pbc                            = xyz
   periodic-molecules             = false
   verlet-buffer-tolerance        = -1
   verlet-buffer-pressure-tolerance = -1
   rlist                          = 1.35
   coulombtype                    = Reaction-Field
   coulomb-modifier               = Potential-shift
   rcoulomb-switch                = 0
   rcoulomb                       = 1.1
   epsilon-r                      = 15
   epsilon-rf                     = inf
   vdw-type                       = Cut-off
   vdw-modifier                   = Potential-shift
   rvdw-switch                    = 0
   rvdw                           = 1.1
   DispCorr                       = No
   table-extension                = 1
   fourierspacing                 = 0.12
   fourier-nx                     = 0
   fourier-ny                     = 0
   fourier-nz                     = 0
   pme-order                      = 4
   ewald-rtol                     = 1e-05
   ewald-rtol-lj                  = 0.001
   lj-pme-comb-rule               = Geometric
   ewald-geometry                 = 3d
   epsilon-surface                = 0
   ensemble-temperature-setting   = constant
   ensemble-temperature           = 310
   tcoupl                         = V-rescale
   nsttcouple                     = 20
   nh-chain-length                = 0
   print-nose-hoover-chain-variables = false
   pcoupl                         = Parrinello-Rahman
   pcoupltype                     = Semiisotropic
   nstpcouple                     = 20
   tau-p                          = 12
   compressibility (3x3):
      compressibility[    0]={ 3.00000e-04,  0.00000e+00,  0.00000e+00}
      compressibility[    1]={ 0.00000e+00,  3.00000e-04,  0.00000e+00}
      compressibility[    2]={ 0.00000e+00,  0.00000e+00,  3.00000e-04}
   ref-p (3x3):
      ref-p[    0]={ 1.00000e+00,  0.00000e+00,  0.00000e+00}
      ref-p[    1]={ 0.00000e+00,  1.00000e+00,  0.00000e+00}
      ref-p[    2]={ 0.00000e+00,  0.00000e+00,  1.00000e+00}
   refcoord-scaling               = COM
   posres-com (3):
      posres-com[0]= 1.75184e-01
      posres-com[1]= 6.51316e-01
      posres-com[2]= 8.18143e-01
   posres-comB (3):
      posres-comB[0]= 1.75184e-01
      posres-comB[1]= 6.51316e-01
      posres-comB[2]= 8.18143e-01
   QMMM                           = false
qm-opts:
   ngQM                           = 0
   constraint-algorithm           = Lincs
   continuation                   = false
   Shake-SOR                      = false
   shake-tol                      = 0.0001
   lincs-order                    = 12
   lincs-iter                     = 2
   lincs-warnangle                = 90
   nwall                          = 0
   wall-type                      = 9-3
   wall-r-linpot                  = -1
   wall-atomtype[0]               = -1
   wall-atomtype[1]               = -1
   wall-density[0]                = 0
   wall-density[1]                = 0
   wall-ewald-zfac                = 3
   pull                           = false
   awh                            = false
   rotation                       = false
   interactiveMD                  = false
   disre                          = No
   disre-weighting                = Conservative
   disre-mixed                    = false
   dr-fc                          = 1000
   dr-tau                         = 0
   nstdisreout                    = 100
   orire-fc                       = 0
   orire-tau                      = 0
   nstorireout                    = 100
   free-energy                    = no
   cos-acceleration               = 0
   deform (3x3):
      deform[    0]={ 0.00000e+00,  0.00000e+00,  0.00000e+00}
      deform[    1]={ 0.00000e+00,  0.00000e+00,  0.00000e+00}
      deform[    2]={ 0.00000e+00,  0.00000e+00,  0.00000e+00}
   simulated-tempering            = false
   swapcoords                     = no
   userint1                       = 0
   userint2                       = 0
   userint3                       = 0
   userint4                       = 0
   userreal1                      = 0
   userreal2                      = 0
   userreal3                      = 0
   userreal4                      = 0
   applied-forces:
     electric-field:
       x:
         E0                       = 0
         omega                    = 0
         t0                       = 0
         sigma                    = 0
       y:
         E0                       = 0
         omega                    = 0
         t0                       = 0
         sigma                    = 0
       z:
         E0                       = 0
         omega                    = 0
         t0                       = 0
         sigma                    = 0
     density-guided-simulation:
       active                     = false
       group                      = protein
       similarity-measure         = inner-product
       atom-spreading-weight      = unity
       force-constant             = 1e+09
       gaussian-transform-spreading-width = 0.2
       gaussian-transform-spreading-range-in-multiples-of-width = 4
       reference-density-filename = reference.mrc
       nst                        = 1
       normalize-densities        = true
       adaptive-force-scaling     = false
       adaptive-force-scaling-time-constant = 4
       shift-vector               = 
       transformation-matrix      = 
     qmmm-cp2k:
       active                     = false
       qmgroup                    = System
       qmmethod                   = PBE
       qmfilenames                = 
       qmcharge                   = 0
       qmmultiplicity             = 1
     colvars:
       active                     = false
       configfile                 = 
       seed                       = -1
grpopts:
   nrdf:      115041       41711
   ref-t:         310         310
   tau-t:           1           1
annealing:          No          No
annealing-npoints:           0           0
   acc:	           0           0           0
   nfreeze:           N           N           N
   energygrp-flags[  0]: 0

Can not increase nstlist because verlet-buffer-tolerance is not set or used
Update groups can not be used for this system because an incompatible virtual site type is used

Using 1 MPI thread
Using 64 OpenMP threads 

System total charge: 0.000
Reaction-Field:
epsRF = 0, rc = 1.1, krf = 0.375657, crf = 1.36364, epsfac = 9.26236
The electrostatics potential has its minimum at r = 1.1
Potential shift: LJ r^-12: -3.186e-01 r^-6: -5.645e-01


Using SIMD4xM 4x4 nonbonded short-range kernels

Using a 4x4 pair-list setup:
  updated every 20 steps, buffer 0.250 nm, rlist 1.350 nm

The average pressure is off by at most 0.06 bar due to missing LJ interactions

Using full Lennard-Jones parameter combination matrix
Removing pbc first time

Initializing LINear Constraint Solver

++++ PLEASE READ AND CITE THE FOLLOWING REFERENCE ++++
B. Hess
P-LINCS: A Parallel Linear Constraint Solver for molecular simulation
J. Chem. Theory Comput. 4 (2008) pp. 116-122
-------- -------- --- Thank You --- -------- --------

The number of constraints is 1504
1325 constraints are involved in constraint triangles,
will apply an additional matrix expansion of order 12 for couplings
between constraints inside triangles

++++ PLEASE READ AND CITE THE FOLLOWING REFERENCE ++++
G. Bussi, D. Donadio and M. Parrinello
Canonical sampling through velocity rescaling
J. Chem. Phys. 126 (2007) pp. 014101
-------- -------- --- Thank You --- -------- --------

There are: 52754 Atoms
There are: 1938 VSites

Constraining the starting coordinates (step 0)

Constraining the coordinates at t0-dt (step 0)
Center of mass motion removal mode is Linear
We have the following groups for center of mass motion removal:
  0:  Rest
  1:  Solvent
RMS relative constraint deviation after constraining: 1.12e-06
Initial temperature: 310.78 K

Started mdrun on rank 0 Sun Mar 16 11:46:28 2025

           Step           Time
              0        0.00000

   Energies (kJ/mol)
           Bond  Harmonic Pot.          Angle       G96Angle  Restr. Angles
    1.86363e+04    5.27305e+00    1.26222e+04    6.13142e+02    7.21429e+02
    Proper Dih.  Improper Dih.        LJ (SR)   Coulomb (SR) Position Rest.
    3.64649e+02    4.25312e+02   -1.27084e+06   -1.41231e+04    0.00000e+00
      Potential    Kinetic En.   Total Energy  Conserved En.    Temperature
   -1.25157e+06    2.02414e+05   -1.04916e+06   -1.04879e+06    3.10616e+02
 Pressure (bar)   Constr. rmsd
    1.00576e+01    1.11855e-06

           Step           Time
          25000      500.00000

   Energies (kJ/mol)
           Bond  Harmonic Pot.          Angle       G96Angle  Restr. Angles
    1.84677e+04    9.76015e+00    1.27521e+04    6.21029e+02    6.39918e+02
    Proper Dih.  Improper Dih.        LJ (SR)   Coulomb (SR) Position Rest.
    3.99470e+02    4.02393e+02   -1.26790e+06   -1.42252e+04    1.52497e+01
      Potential    Kinetic En.   Total Energy  Conserved En.    Temperature
   -1.24882e+06    1.99883e+05   -1.04894e+06   -1.04887e+06    3.06731e+02
 Pressure (bar)   Constr. rmsd
   -4.06619e+01    1.16074e-06

           Step           Time
          50000     1000.00000

   Energies (kJ/mol)
           Bond  Harmonic Pot.          Angle       G96Angle  Restr. Angles
    1.86647e+04    6.97561e+00    1.26997e+04    5.17461e+02    6.59580e+02
    Proper Dih.  Improper Dih.        LJ (SR)   Coulomb (SR) Position Rest.
    3.92328e+02    4.67262e+02   -1.26705e+06   -1.41023e+04    1.75053e+01
      Potential    Kinetic En.   Total Energy  Conserved En.    Temperature
   -1.24773e+06    2.01067e+05   -1.04666e+06   -1.04888e+06    3.08549e+02
 Pressure (bar)   Constr. rmsd
   -5.20731e+00    1.13528e-06

           Step           Time
          75000     1500.00000

   Energies (kJ/mol)
           Bond  Harmonic Pot.          Angle       G96Angle  Restr. Angles
    1.86246e+04    8.09485e+00    1.28431e+04    5.47453e+02    7.00051e+02
    Proper Dih.  Improper Dih.        LJ (SR)   Coulomb (SR) Position Rest.
    3.77893e+02    4.39584e+02   -1.27160e+06   -1.41850e+04    2.19993e+01
      Potential    Kinetic En.   Total Energy  Conserved En.    Temperature
   -1.25223e+06    2.02388e+05   -1.04984e+06   -1.04910e+06    3.10575e+02
 Pressure (bar)   Constr. rmsd
    4.42146e+01    1.15517e-06

           Step           Time
         100000     2000.00000

   Energies (kJ/mol)
           Bond  Harmonic Pot.          Angle       G96Angle  Restr. Angles
    1.82523e+04    1.01000e+01    1.26891e+04    5.52063e+02    6.80173e+02
    Proper Dih.  Improper Dih.        LJ (SR)   Coulomb (SR) Position Rest.
    4.15221e+02    4.88713e+02   -1.26883e+06   -1.42067e+04    2.20563e+01
      Potential    Kinetic En.   Total Energy  Conserved En.    Temperature
   -1.24993e+06    2.02958e+05   -1.04697e+06   -1.04921e+06    3.11451e+02
 Pressure (bar)   Constr. rmsd
    2.52222e+01    1.18134e-06

           Step           Time
         125000     2500.00000

   Energies (kJ/mol)
           Bond  Harmonic Pot.          Angle       G96Angle  Restr. Angles
    1.82046e+04    6.62646e+00    1.26905e+04    5.41237e+02    7.02633e+02
    Proper Dih.  Improper Dih.        LJ (SR)   Coulomb (SR) Position Rest.
    3.92799e+02    4.34669e+02   -1.27159e+06   -1.43175e+04    1.88321e+01
      Potential    Kinetic En.   Total Energy  Conserved En.    Temperature
   -1.25292e+06    2.02664e+05   -1.05026e+06   -1.04949e+06    3.10999e+02
 Pressure (bar)   Constr. rmsd
    6.50479e+00    1.09632e-06

           Step           Time
         150000     3000.00000

   Energies (kJ/mol)
           Bond  Harmonic Pot.          Angle       G96Angle  Restr. Angles
    1.85012e+04    8.04730e+00    1.28869e+04    5.49540e+02    7.51951e+02
    Proper Dih.  Improper Dih.        LJ (SR)   Coulomb (SR) Position Rest.
    4.48878e+02    4.19654e+02   -1.26862e+06   -1.45726e+04    1.81777e+01
      Potential    Kinetic En.   Total Energy  Conserved En.    Temperature
   -1.24961e+06    2.01166e+05   -1.04845e+06   -1.04941e+06    3.08700e+02
 Pressure (bar)   Constr. rmsd
   -4.75716e+01    1.10423e-06

           Step           Time
         175000     3500.00000

   Energies (kJ/mol)
           Bond  Harmonic Pot.          Angle       G96Angle  Restr. Angles
    1.84757e+04    3.69227e+00    1.30006e+04    5.08550e+02    6.07995e+02
    Proper Dih.  Improper Dih.        LJ (SR)   Coulomb (SR) Position Rest.
    4.38362e+02    5.11524e+02   -1.26967e+06   -1.46012e+04    1.47403e+01
      Potential    Kinetic En.   Total Energy  Conserved En.    Temperature
   -1.25071e+06    2.03815e+05   -1.04690e+06   -1.04916e+06    3.12766e+02
 Pressure (bar)   Constr. rmsd
    4.40025e+01    1.16271e-06

           Step           Time
         200000     4000.00000

   Energies (kJ/mol)
           Bond  Harmonic Pot.          Angle       G96Angle  Restr. Angles
    1.82083e+04    4.21003e+00    1.26456e+04    5.56003e+02    6.81272e+02
    Proper Dih.  Improper Dih.        LJ (SR)   Coulomb (SR) Position Rest.
    3.91107e+02    4.02364e+02   -1.26624e+06   -1.42100e+04    1.83595e+01
      Potential    Kinetic En.   Total Energy  Conserved En.    Temperature
   -1.24755e+06    2.02945e+05   -1.04460e+06   -1.04927e+06    3.11431e+02
 Pressure (bar)   Constr. rmsd
   -2.36458e+00    1.18713e-06

           Step           Time
         225000     4500.00000

   Energies (kJ/mol)
           Bond  Harmonic Pot.          Angle       G96Angle  Restr. Angles
    1.86338e+04    4.94847e+00    1.28059e+04    4.85449e+02    7.02330e+02
    Proper Dih.  Improper Dih.        LJ (SR)   Coulomb (SR) Position Rest.
    4.43431e+02    4.50118e+02   -1.27052e+06   -1.44097e+04    1.78170e+01
      Potential    Kinetic En.   Total Energy  Conserved En.    Temperature
   -1.25138e+06    2.02924e+05   -1.04846e+06   -1.04944e+06    3.11398e+02
 Pressure (bar)   Constr. rmsd
    3.01111e+01    1.19959e-06

           Step           Time
         250000     5000.00000

   Energies (kJ/mol)
           Bond  Harmonic Pot.          Angle       G96Angle  Restr. Angles
    1.89235e+04    5.22906e+00    1.29481e+04    5.25792e+02    6.82795e+02
    Proper Dih.  Improper Dih.        LJ (SR)   Coulomb (SR) Position Rest.
    3.71015e+02    4.56218e+02   -1.26973e+06   -1.40803e+04    1.75868e+01
      Potential    Kinetic En.   Total Energy  Conserved En.    Temperature
   -1.24988e+06    2.01422e+05   -1.04845e+06   -1.04948e+06    3.09093e+02
 Pressure (bar)   Constr. rmsd
    7.22230e+00    1.14877e-06

           Step           Time
         275000     5500.00000

   Energies (kJ/mol)
           Bond  Harmonic Pot.          Angle       G96Angle  Restr. Angles
    1.84149e+04    5.21790e+00    1.27918e+04    5.53082e+02    6.48790e+02
    Proper Dih.  Improper Dih.        LJ (SR)   Coulomb (SR) Position Rest.
    3.99793e+02    4.46715e+02   -1.27233e+06   -1.42452e+04    2.25498e+01
      Potential    Kinetic En.   Total Energy  Conserved En.    Temperature
   -1.25329e+06    2.00410e+05   -1.05288e+06   -1.04957e+06    3.07540e+02
 Pressure (bar)   Constr. rmsd
   -4.52059e+00    1.17314e-06

           Step           Time
         300000     6000.00000

   Energies (kJ/mol)
           Bond  Harmonic Pot.          Angle       G96Angle  Restr. Angles
    1.86757e+04    6.09666e+00    1.28815e+04    5.53050e+02    6.83350e+02
    Proper Dih.  Improper Dih.        LJ (SR)   Coulomb (SR) Position Rest.
    3.53858e+02    4.09456e+02   -1.27003e+06   -1.45406e+04    2.62878e+01
      Potential    Kinetic En.   Total Energy  Conserved En.    Temperature
   -1.25099e+06    2.02971e+05   -1.04801e+06   -1.04970e+06    3.11470e+02
 Pressure (bar)   Constr. rmsd
    7.15233e+00    1.14720e-06

           Step           Time
         325000     6500.00000

   Energies (kJ/mol)
           Bond  Harmonic Pot.          Angle       G96Angle  Restr. Angles
    1.86326e+04    6.58972e+00    1.26115e+04    5.25464e+02    6.57931e+02
    Proper Dih.  Improper Dih.        LJ (SR)   Coulomb (SR) Position Rest.
    4.57529e+02    4.52493e+02   -1.27020e+06   -1.40068e+04    2.58513e+01
      Potential    Kinetic En.   Total Energy  Conserved En.    Temperature
   -1.25084e+06    2.00692e+05   -1.05015e+06   -1.04970e+06    3.07973e+02
 Pressure (bar)   Constr. rmsd
   -7.40389e+00    1.18267e-06

           Step           Time
         350000     7000.00000

   Energies (kJ/mol)
           Bond  Harmonic Pot.          Angle       G96Angle  Restr. Angles
    1.80781e+04    3.88371e+00    1.31460e+04    5.45767e+02    6.38514e+02
    Proper Dih.  Improper Dih.        LJ (SR)   Coulomb (SR) Position Rest.
    4.64112e+02    4.16572e+02   -1.26946e+06   -1.43224e+04    2.40208e+01
      Potential    Kinetic En.   Total Energy  Conserved En.    Temperature
   -1.25046e+06    2.02013e+05   -1.04845e+06   -1.04961e+06    3.10001e+02
 Pressure (bar)   Constr. rmsd
    2.09366e+01    1.10273e-06

           Step           Time
         375000     7500.00000

   Energies (kJ/mol)
           Bond  Harmonic Pot.          Angle       G96Angle  Restr. Angles
    1.88038e+04    6.87016e+00    1.29207e+04    5.43706e+02    6.56388e+02
    Proper Dih.  Improper Dih.        LJ (SR)   Coulomb (SR) Position Rest.
    3.81009e+02    5.05562e+02   -1.27096e+06   -1.43417e+04    2.25495e+01
      Potential    Kinetic En.   Total Energy  Conserved En.    Temperature
   -1.25146e+06    2.02202e+05   -1.04926e+06   -1.04972e+06    3.10291e+02
 Pressure (bar)   Constr. rmsd
    1.78456e+01    1.16427e-06

           Step           Time
         400000     8000.00000

   Energies (kJ/mol)
           Bond  Harmonic Pot.          Angle       G96Angle  Restr. Angles
    1.82590e+04    8.22512e+00    1.26665e+04    5.51844e+02    6.39074e+02
    Proper Dih.  Improper Dih.        LJ (SR)   Coulomb (SR) Position Rest.
    4.30557e+02    4.22747e+02   -1.26906e+06   -1.40947e+04    1.99060e+01
      Potential    Kinetic En.   Total Energy  Conserved En.    Temperature
   -1.25016e+06    2.03041e+05   -1.04712e+06   -1.04985e+06    3.11578e+02
 Pressure (bar)   Constr. rmsd
    2.39415e+01    1.25251e-06

           Step           Time
         425000     8500.00000

   Energies (kJ/mol)
           Bond  Harmonic Pot.          Angle       G96Angle  Restr. Angles
    1.83888e+04    5.16934e+00    1.26632e+04    4.92971e+02    6.82925e+02
    Proper Dih.  Improper Dih.        LJ (SR)   Coulomb (SR) Position Rest.
    4.89940e+02    4.39644e+02   -1.27019e+06   -1.43770e+04    2.11301e+01
      Potential    Kinetic En.   Total Energy  Conserved En.    Temperature
   -1.25138e+06    2.02169e+05   -1.04921e+06   -1.04998e+06    3.10239e+02
 Pressure (bar)   Constr. rmsd
    1.76779e+01    1.22856e-06

           Step           Time
         450000     9000.00000

   Energies (kJ/mol)
           Bond  Harmonic Pot.          Angle       G96Angle  Restr. Angles
    1.85031e+04    1.05675e+01    1.24710e+04    5.57762e+02    6.71728e+02
    Proper Dih.  Improper Dih.        LJ (SR)   Coulomb (SR) Position Rest.
    3.89995e+02    5.04563e+02   -1.26841e+06   -1.41249e+04    1.75667e+01
      Potential    Kinetic En.   Total Energy  Conserved En.    Temperature
   -1.24941e+06    2.01351e+05   -1.04806e+06   -1.05013e+06    3.08984e+02
 Pressure (bar)   Constr. rmsd
   -3.06842e+01    1.17982e-06

           Step           Time
         475000     9500.00000

   Energies (kJ/mol)
           Bond  Harmonic Pot.          Angle       G96Angle  Restr. Angles
    1.82101e+04    4.00457e+00    1.27271e+04    5.46120e+02    6.58772e+02
    Proper Dih.  Improper Dih.        LJ (SR)   Coulomb (SR) Position Rest.
    4.49848e+02    4.63293e+02   -1.26985e+06   -1.44550e+04    2.08754e+01
      Potential    Kinetic En.   Total Energy  Conserved En.    Temperature
   -1.25122e+06    2.02122e+05   -1.04910e+06   -1.05007e+06    3.10168e+02
 Pressure (bar)   Constr. rmsd
   -3.78576e+00    1.14954e-06

           Step           Time
         500000    10000.00000

   Energies (kJ/mol)
           Bond  Harmonic Pot.          Angle       G96Angle  Restr. Angles
    1.85794e+04    6.03931e+00    1.28030e+04    5.43644e+02    6.68349e+02
    Proper Dih.  Improper Dih.        LJ (SR)   Coulomb (SR) Position Rest.
    4.43727e+02    5.08080e+02   -1.26786e+06   -1.41810e+04    2.77539e+01
      Potential    Kinetic En.   Total Energy  Conserved En.    Temperature
   -1.24846e+06    2.02397e+05   -1.04607e+06   -1.05037e+06    3.10590e+02
 Pressure (bar)   Constr. rmsd
    1.33185e+01    1.15988e-06

           Step           Time
         525000    10500.00000

   Energies (kJ/mol)
           Bond  Harmonic Pot.          Angle       G96Angle  Restr. Angles
    1.83534e+04    2.88647e+00    1.28094e+04    5.41570e+02    6.66500e+02
    Proper Dih.  Improper Dih.        LJ (SR)   Coulomb (SR) Position Rest.
    3.76009e+02    4.65378e+02   -1.26724e+06   -1.42233e+04    2.02634e+01
      Potential    Kinetic En.   Total Energy  Conserved En.    Temperature
   -1.24823e+06    2.01291e+05   -1.04694e+06   -1.05061e+06    3.08893e+02
 Pressure (bar)   Constr. rmsd
    2.16092e+01    1.15975e-06

           Step           Time
         550000    11000.00000

   Energies (kJ/mol)
           Bond  Harmonic Pot.          Angle       G96Angle  Restr. Angles
    1.86821e+04    9.49168e+00    1.26138e+04    5.44098e+02    6.64053e+02
    Proper Dih.  Improper Dih.        LJ (SR)   Coulomb (SR) Position Rest.
    4.50902e+02    4.85353e+02   -1.26897e+06   -1.39629e+04    2.71785e+01
      Potential    Kinetic En.   Total Energy  Conserved En.    Temperature
   -1.24946e+06    2.01478e+05   -1.04798e+06   -1.05095e+06    3.09180e+02
 Pressure (bar)   Constr. rmsd
   -2.87700e+01    1.10896e-06

           Step           Time
         575000    11500.00000

   Energies (kJ/mol)
           Bond  Harmonic Pot.          Angle       G96Angle  Restr. Angles
    1.86224e+04    4.25782e+00    1.26895e+04    5.44521e+02    6.56858e+02
    Proper Dih.  Improper Dih.        LJ (SR)   Coulomb (SR) Position Rest.
    4.29962e+02    4.93900e+02   -1.26850e+06   -1.42621e+04    2.14337e+01
      Potential    Kinetic En.   Total Energy  Conserved En.    Temperature
   -1.24930e+06    2.02563e+05   -1.04674e+06   -1.05100e+06    3.10844e+02
 Pressure (bar)   Constr. rmsd
   -5.87329e-01    1.13057e-06

           Step           Time
         600000    12000.00000

   Energies (kJ/mol)
           Bond  Harmonic Pot.          Angle       G96Angle  Restr. Angles
    1.86624e+04    6.84107e+00    1.28509e+04    5.89945e+02    6.60737e+02
    Proper Dih.  Improper Dih.        LJ (SR)   Coulomb (SR) Position Rest.
    3.93132e+02    4.31878e+02   -1.26934e+06   -1.40126e+04    2.58048e+01
      Potential    Kinetic En.   Total Energy  Conserved En.    Temperature
   -1.24973e+06    2.03313e+05   -1.04642e+06   -1.05104e+06    3.11995e+02
 Pressure (bar)   Constr. rmsd
   -3.18302e-01    1.20067e-06

           Step           Time
         625000    12500.00000

   Energies (kJ/mol)
           Bond  Harmonic Pot.          Angle       G96Angle  Restr. Angles
    1.78167e+04    7.81260e+00    1.23819e+04    5.42272e+02    6.63779e+02
    Proper Dih.  Improper Dih.        LJ (SR)   Coulomb (SR) Position Rest.
    4.42084e+02    4.20195e+02   -1.27196e+06   -1.42019e+04    2.27598e+01
      Potential    Kinetic En.   Total Energy  Conserved En.    Temperature
   -1.25386e+06    2.01116e+05   -1.05275e+06   -1.05124e+06    3.08624e+02
 Pressure (bar)   Constr. rmsd
   -3.00176e+01    1.15849e-06

           Step           Time
         650000    13000.00000

   Energies (kJ/mol)
           Bond  Harmonic Pot.          Angle       G96Angle  Restr. Angles
    1.85390e+04    6.98195e+00    1.26837e+04    4.95107e+02    6.67219e+02
    Proper Dih.  Improper Dih.        LJ (SR)   Coulomb (SR) Position Rest.
    3.80302e+02    4.13230e+02   -1.27122e+06   -1.40537e+04    2.17464e+01
      Potential    Kinetic En.   Total Energy  Conserved En.    Temperature
   -1.25206e+06    2.02129e+05   -1.04993e+06   -1.05138e+06    3.10179e+02
 Pressure (bar)   Constr. rmsd
   -1.09834e+01    1.20309e-06

           Step           Time
         675000    13500.00000

   Energies (kJ/mol)
           Bond  Harmonic Pot.          Angle       G96Angle  Restr. Angles
    1.85384e+04    5.87660e+00    1.26899e+04    5.31090e+02    6.95650e+02
    Proper Dih.  Improper Dih.        LJ (SR)   Coulomb (SR) Position Rest.
    3.67620e+02    4.46618e+02   -1.27272e+06   -1.40950e+04    1.87571e+01
      Potential    Kinetic En.   Total Energy  Conserved En.    Temperature
   -1.25352e+06    2.01862e+05   -1.05166e+06   -1.05131e+06    3.09769e+02
 Pressure (bar)   Constr. rmsd
    2.95327e+01    1.13169e-06

           Step           Time
         700000    14000.00000

   Energies (kJ/mol)
           Bond  Harmonic Pot.          Angle       G96Angle  Restr. Angles
    1.84753e+04    6.09705e+00    1.28981e+04    5.42932e+02    6.93385e+02
    Proper Dih.  Improper Dih.        LJ (SR)   Coulomb (SR) Position Rest.
    4.32306e+02    4.40073e+02   -1.27062e+06   -1.39842e+04    1.80111e+01
      Potential    Kinetic En.   Total Energy  Conserved En.    Temperature
   -1.25110e+06    2.01879e+05   -1.04922e+06   -1.05111e+06    3.09794e+02
 Pressure (bar)   Constr. rmsd
    2.76532e+01    1.14524e-06

           Step           Time
         725000    14500.00000

   Energies (kJ/mol)
           Bond  Harmonic Pot.          Angle       G96Angle  Restr. Angles
    1.81867e+04    6.34259e+00    1.25175e+04    5.21254e+02    6.72273e+02
    Proper Dih.  Improper Dih.        LJ (SR)   Coulomb (SR) Position Rest.
    4.37585e+02    3.83153e+02   -1.27078e+06   -1.41277e+04    1.64136e+01
      Potential    Kinetic En.   Total Energy  Conserved En.    Temperature
   -1.25216e+06    2.01271e+05   -1.05089e+06   -1.05122e+06    3.08861e+02
 Pressure (bar)   Constr. rmsd
   -3.23426e+01    1.17394e-06

           Step           Time
         750000    15000.00000

   Energies (kJ/mol)
           Bond  Harmonic Pot.          Angle       G96Angle  Restr. Angles
    1.83800e+04    5.80208e+00    1.25854e+04    5.14916e+02    7.08039e+02
    Proper Dih.  Improper Dih.        LJ (SR)   Coulomb (SR) Position Rest.
    4.16701e+02    4.20262e+02   -1.26973e+06   -1.41767e+04    1.79825e+01
      Potential    Kinetic En.   Total Energy  Conserved En.    Temperature
   -1.25086e+06    2.01393e+05   -1.04947e+06   -1.05137e+06    3.09049e+02
 Pressure (bar)   Constr. rmsd
    1.85254e+01    1.10136e-06

           Step           Time
         775000    15500.00000

   Energies (kJ/mol)
           Bond  Harmonic Pot.          Angle       G96Angle  Restr. Angles
    1.82985e+04    5.61074e+00    1.28704e+04    4.95762e+02    7.11218e+02
    Proper Dih.  Improper Dih.        LJ (SR)   Coulomb (SR) Position Rest.
    4.40330e+02    3.99285e+02   -1.26884e+06   -1.42067e+04    2.01898e+01
      Potential    Kinetic En.   Total Energy  Conserved En.    Temperature
   -1.24981e+06    2.02442e+05   -1.04737e+06   -1.05153e+06    3.10659e+02
 Pressure (bar)   Constr. rmsd
   -5.91774e+00    1.13778e-06

           Step           Time
         800000    16000.00000

   Energies (kJ/mol)
           Bond  Harmonic Pot.          Angle       G96Angle  Restr. Angles
    1.87762e+04    5.34746e+00    1.25264e+04    5.45839e+02    6.77247e+02
    Proper Dih.  Improper Dih.        LJ (SR)   Coulomb (SR) Position Rest.
    3.95767e+02    4.64493e+02   -1.26973e+06   -1.42789e+04    2.25384e+01
      Potential    Kinetic En.   Total Energy  Conserved En.    Temperature
   -1.25060e+06    2.01947e+05   -1.04865e+06   -1.05191e+06    3.09899e+02
 Pressure (bar)   Constr. rmsd
   -2.86979e+01    1.17787e-06

           Step           Time
         825000    16500.00000

   Energies (kJ/mol)
           Bond  Harmonic Pot.          Angle       G96Angle  Restr. Angles
    1.86312e+04    9.12250e+00    1.28331e+04    5.20477e+02    6.60641e+02
    Proper Dih.  Improper Dih.        LJ (SR)   Coulomb (SR) Position Rest.
    4.27500e+02    4.66262e+02   -1.27146e+06   -1.41183e+04    2.10862e+01
      Potential    Kinetic En.   Total Energy  Conserved En.    Temperature
   -1.25201e+06    2.03536e+05   -1.04848e+06   -1.05204e+06    3.12337e+02
 Pressure (bar)   Constr. rmsd
    2.62369e+01    1.05017e-06

           Step           Time
         850000    17000.00000

   Energies (kJ/mol)
           Bond  Harmonic Pot.          Angle       G96Angle  Restr. Angles
    1.83668e+04    6.65225e+00    1.24862e+04    4.94853e+02    7.15114e+02
    Proper Dih.  Improper Dih.        LJ (SR)   Coulomb (SR) Position Rest.
    4.32779e+02    4.01886e+02   -1.26864e+06   -1.43226e+04    1.72639e+01
      Potential    Kinetic En.   Total Energy  Conserved En.    Temperature
   -1.25004e+06    2.02701e+05   -1.04734e+06   -1.05225e+06    3.11056e+02
 Pressure (bar)   Constr. rmsd
    5.30561e+00    1.18111e-06

           Step           Time
         875000    17500.00000

   Energies (kJ/mol)
           Bond  Harmonic Pot.          Angle       G96Angle  Restr. Angles
    1.84497e+04    8.92769e+00    1.26605e+04    5.26745e+02    6.38607e+02
    Proper Dih.  Improper Dih.        LJ (SR)   Coulomb (SR) Position Rest.
    3.61104e+02    4.71351e+02   -1.27075e+06   -1.43421e+04    2.27397e+01
      Potential    Kinetic En.   Total Energy  Conserved En.    Temperature
   -1.25195e+06    2.00510e+05   -1.05144e+06   -1.05230e+06    3.07694e+02
 Pressure (bar)   Constr. rmsd
   -1.00228e+01    1.13298e-06

           Step           Time
         900000    18000.00000

   Energies (kJ/mol)
           Bond  Harmonic Pot.          Angle       G96Angle  Restr. Angles
    1.83969e+04    7.70482e+00    1.22912e+04    5.12098e+02    6.49290e+02
    Proper Dih.  Improper Dih.        LJ (SR)   Coulomb (SR) Position Rest.
    4.83600e+02    4.42643e+02   -1.26736e+06   -1.44891e+04    2.02184e+01
      Potential    Kinetic En.   Total Energy  Conserved En.    Temperature
   -1.24905e+06    2.03654e+05   -1.04540e+06   -1.05244e+06    3.12518e+02
 Pressure (bar)   Constr. rmsd
   -1.41837e+01    1.16920e-06

           Step           Time
         925000    18500.00000

   Energies (kJ/mol)
           Bond  Harmonic Pot.          Angle       G96Angle  Restr. Angles
    1.82736e+04    9.02256e+00    1.26237e+04    5.08616e+02    6.54150e+02
    Proper Dih.  Improper Dih.        LJ (SR)   Coulomb (SR) Position Rest.
    3.99667e+02    4.24765e+02   -1.26839e+06   -1.45356e+04    2.02379e+01
      Potential    Kinetic En.   Total Energy  Conserved En.    Temperature
   -1.25001e+06    2.00904e+05   -1.04910e+06   -1.05247e+06    3.08299e+02
 Pressure (bar)   Constr. rmsd
   -2.84659e+01    1.08337e-06

           Step           Time
         950000    19000.00000

   Energies (kJ/mol)
           Bond  Harmonic Pot.          Angle       G96Angle  Restr. Angles
    1.83869e+04    8.99512e+00    1.25155e+04    4.84141e+02    6.75156e+02
    Proper Dih.  Improper Dih.        LJ (SR)   Coulomb (SR) Position Rest.
    3.99855e+02    4.04625e+02   -1.27173e+06   -1.42154e+04    2.05319e+01
      Potential    Kinetic En.   Total Energy  Conserved En.    Temperature
   -1.25305e+06    2.02217e+05   -1.05084e+06   -1.05276e+06    3.10314e+02
 Pressure (bar)   Constr. rmsd
   -8.08328e-01    1.12841e-06

           Step           Time
         975000    19500.00000

   Energies (kJ/mol)
           Bond  Harmonic Pot.          Angle       G96Angle  Restr. Angles
    1.83729e+04    6.61276e+00    1.27756e+04    5.27609e+02    6.61786e+02
    Proper Dih.  Improper Dih.        LJ (SR)   Coulomb (SR) Position Rest.
    3.93236e+02    3.98440e+02   -1.27168e+06   -1.43355e+04    1.62986e+01
      Potential    Kinetic En.   Total Energy  Conserved En.    Temperature
   -1.25287e+06    2.02684e+05   -1.05018e+06   -1.05303e+06    3.11030e+02
 Pressure (bar)   Constr. rmsd
    9.37938e-01    1.20665e-06

           Step           Time
        1000000    20000.00000

   Energies (kJ/mol)
           Bond  Harmonic Pot.          Angle       G96Angle  Restr. Angles
    1.87335e+04    6.72531e+00    1.27040e+04    5.48488e+02    6.61142e+02
    Proper Dih.  Improper Dih.        LJ (SR)   Coulomb (SR) Position Rest.
    4.36463e+02    4.37733e+02   -1.27219e+06   -1.42152e+04    1.81538e+01
      Potential    Kinetic En.   Total Energy  Conserved En.    Temperature
   -1.25286e+06    2.03550e+05   -1.04931e+06   -1.05301e+06    3.12359e+02
 Pressure (bar)   Constr. rmsd
    4.59194e+01    1.16629e-06

           Step           Time
        1025000    20500.00000

   Energies (kJ/mol)
           Bond  Harmonic Pot.          Angle       G96Angle  Restr. Angles
    1.84132e+04    5.84154e+00    1.27908e+04    5.03664e+02    6.56820e+02
    Proper Dih.  Improper Dih.        LJ (SR)   Coulomb (SR) Position Rest.
    4.01637e+02    4.20989e+02   -1.26766e+06   -1.45320e+04    1.54797e+01
      Potential    Kinetic En.   Total Energy  Conserved En.    Temperature
   -1.24898e+06    2.03823e+05   -1.04516e+06   -1.05315e+06    3.12778e+02
 Pressure (bar)   Constr. rmsd
   -4.29155e+01    1.08295e-06

           Step           Time
        1050000    21000.00000

   Energies (kJ/mol)
           Bond  Harmonic Pot.          Angle       G96Angle  Restr. Angles
    1.85360e+04    6.36418e+00    1.28097e+04    4.92313e+02    6.69590e+02
    Proper Dih.  Improper Dih.        LJ (SR)   Coulomb (SR) Position Rest.
    4.24177e+02    4.82306e+02   -1.26767e+06   -1.45553e+04    2.04988e+01
      Potential    Kinetic En.   Total Energy  Conserved En.    Temperature
   -1.24878e+06    2.01985e+05   -1.04680e+06   -1.05323e+06    3.09957e+02
 Pressure (bar)   Constr. rmsd
    1.80528e+01    1.14195e-06

           Step           Time
        1075000    21500.00000

   Energies (kJ/mol)
           Bond  Harmonic Pot.          Angle       G96Angle  Restr. Angles
    1.82492e+04    5.13928e+00    1.25798e+04    5.76412e+02    6.76088e+02
    Proper Dih.  Improper Dih.        LJ (SR)   Coulomb (SR) Position Rest.
    4.23338e+02    4.19545e+02   -1.26957e+06   -1.43253e+04    1.92485e+01
      Potential    Kinetic En.   Total Energy  Conserved En.    Temperature
   -1.25095e+06    2.01806e+05   -1.04914e+06   -1.05335e+06    3.09683e+02
 Pressure (bar)   Constr. rmsd
    4.95505e+00    1.21252e-06

           Step           Time
        1100000    22000.00000

   Energies (kJ/mol)
           Bond  Harmonic Pot.          Angle       G96Angle  Restr. Angles
    1.82077e+04    5.95315e+00    1.30275e+04    5.69946e+02    6.78030e+02
    Proper Dih.  Improper Dih.        LJ (SR)   Coulomb (SR) Position Rest.
    3.65553e+02    4.29175e+02   -1.26948e+06   -1.41956e+04    2.73775e+01
      Potential    Kinetic En.   Total Energy  Conserved En.    Temperature
   -1.25036e+06    2.01938e+05   -1.04842e+06   -1.05358e+06    3.09885e+02
 Pressure (bar)   Constr. rmsd
    4.09766e+00    1.12240e-06

           Step           Time
        1125000    22500.00000

   Energies (kJ/mol)
           Bond  Harmonic Pot.          Angle       G96Angle  Restr. Angles
    1.86407e+04    5.73173e+00    1.22146e+04    5.49294e+02    6.86035e+02
    Proper Dih.  Improper Dih.        LJ (SR)   Coulomb (SR) Position Rest.
    4.34219e+02    4.30630e+02   -1.27080e+06   -1.42628e+04    2.21121e+01
      Potential    Kinetic En.   Total Energy  Conserved En.    Temperature
   -1.25207e+06    2.00915e+05   -1.05116e+06   -1.05370e+06    3.08315e+02
 Pressure (bar)   Constr. rmsd
    7.58943e+00    1.17740e-06

           Step           Time
        1150000    23000.00000

   Energies (kJ/mol)
           Bond  Harmonic Pot.          Angle       G96Angle  Restr. Angles
    1.86436e+04    4.96826e+00    1.27656e+04    5.70198e+02    6.86221e+02
    Proper Dih.  Improper Dih.        LJ (SR)   Coulomb (SR) Position Rest.
    4.11203e+02    4.70001e+02   -1.26961e+06   -1.42256e+04    2.19810e+01
      Potential    Kinetic En.   Total Energy  Conserved En.    Temperature
   -1.25027e+06    2.01785e+05   -1.04848e+06   -1.05383e+06    3.09650e+02
 Pressure (bar)   Constr. rmsd
   -7.24574e+00    1.20020e-06

           Step           Time
        1175000    23500.00000

   Energies (kJ/mol)
           Bond  Harmonic Pot.          Angle       G96Angle  Restr. Angles
    1.82929e+04    6.45377e+00    1.28144e+04    5.65012e+02    6.34717e+02
    Proper Dih.  Improper Dih.        LJ (SR)   Coulomb (SR) Position Rest.
    4.21995e+02    4.28977e+02   -1.26951e+06   -1.44309e+04    2.45864e+01
      Potential    Kinetic En.   Total Energy  Conserved En.    Temperature
   -1.25075e+06    2.02407e+05   -1.04835e+06   -1.05409e+06    3.10605e+02
 Pressure (bar)   Constr. rmsd
   -2.86741e+01    1.15984e-06

           Step           Time
        1200000    24000.00000

   Energies (kJ/mol)
           Bond  Harmonic Pot.          Angle       G96Angle  Restr. Angles
    1.83428e+04    3.78816e+00    1.27716e+04    5.15496e+02    6.99944e+02
    Proper Dih.  Improper Dih.        LJ (SR)   Coulomb (SR) Position Rest.
    4.25619e+02    4.18335e+02   -1.27032e+06   -1.41847e+04    2.04648e+01
      Potential    Kinetic En.   Total Energy  Conserved En.    Temperature
   -1.25131e+06    2.00402e+05   -1.05091e+06   -1.05410e+06    3.07528e+02
 Pressure (bar)   Constr. rmsd
   -6.72577e+00    1.16335e-06

           Step           Time
        1225000    24500.00000

   Energies (kJ/mol)
           Bond  Harmonic Pot.          Angle       G96Angle  Restr. Angles
    1.83665e+04    1.01568e+01    1.24160e+04    4.99908e+02    6.55744e+02
    Proper Dih.  Improper Dih.        LJ (SR)   Coulomb (SR) Position Rest.
    4.34832e+02    4.07401e+02   -1.26971e+06   -1.39648e+04    2.32104e+01
      Potential    Kinetic En.   Total Energy  Conserved En.    Temperature
   -1.25087e+06    2.02486e+05   -1.04838e+06   -1.05437e+06    3.10725e+02
 Pressure (bar)   Constr. rmsd
    4.59661e+00    1.19842e-06

           Step           Time
        1250000    25000.00000

   Energies (kJ/mol)
           Bond  Harmonic Pot.          Angle       G96Angle  Restr. Angles
    1.83946e+04    6.64226e+00    1.28353e+04    4.64983e+02    6.21730e+02
    Proper Dih.  Improper Dih.        LJ (SR)   Coulomb (SR) Position Rest.
    4.21203e+02    4.46114e+02   -1.27199e+06   -1.43164e+04    2.11033e+01
      Potential    Kinetic En.   Total Energy  Conserved En.    Temperature
   -1.25309e+06    1.99774e+05   -1.05332e+06   -1.05452e+06    3.06564e+02
 Pressure (bar)   Constr. rmsd
    6.61140e+00    1.20445e-06

Writing checkpoint, step 1271080 at Sun Mar 16 12:01:28 2025


           Step           Time
        1275000    25500.00000

   Energies (kJ/mol)
           Bond  Harmonic Pot.          Angle       G96Angle  Restr. Angles
    1.84370e+04    8.20306e+00    1.26869e+04    5.06865e+02    6.85689e+02
    Proper Dih.  Improper Dih.        LJ (SR)   Coulomb (SR) Position Rest.
    4.03134e+02    4.35881e+02   -1.26753e+06   -1.45044e+04    2.21467e+01
      Potential    Kinetic En.   Total Energy  Conserved En.    Temperature
   -1.24885e+06    2.00328e+05   -1.04852e+06   -1.05466e+06    3.07415e+02
 Pressure (bar)   Constr. rmsd
   -2.83655e+01    1.19096e-06

           Step           Time
        1300000    26000.00000

   Energies (kJ/mol)
           Bond  Harmonic Pot.          Angle       G96Angle  Restr. Angles
    1.82967e+04    2.97404e+00    1.23372e+04    5.31450e+02    6.31316e+02
    Proper Dih.  Improper Dih.        LJ (SR)   Coulomb (SR) Position Rest.
    4.14011e+02    3.77372e+02   -1.26829e+06   -1.44173e+04    2.28204e+01
      Potential    Kinetic En.   Total Energy  Conserved En.    Temperature
   -1.25010e+06    2.01446e+05   -1.04865e+06   -1.05484e+06    3.09130e+02
 Pressure (bar)   Constr. rmsd
   -1.73030e+01    1.15210e-06

           Step           Time
        1325000    26500.00000

   Energies (kJ/mol)
           Bond  Harmonic Pot.          Angle       G96Angle  Restr. Angles
    1.86894e+04    5.88266e+00    1.25301e+04    5.65257e+02    6.99495e+02
    Proper Dih.  Improper Dih.        LJ (SR)   Coulomb (SR) Position Rest.
    3.88273e+02    4.09999e+02   -1.26973e+06   -1.42664e+04    1.92075e+01
      Potential    Kinetic En.   Total Energy  Conserved En.    Temperature
   -1.25069e+06    2.02172e+05   -1.04852e+06   -1.05500e+06    3.10244e+02
 Pressure (bar)   Constr. rmsd
   -2.63385e+01    1.20243e-06

           Step           Time
        1350000    27000.00000

   Energies (kJ/mol)
           Bond  Harmonic Pot.          Angle       G96Angle  Restr. Angles
    1.86740e+04    5.42109e+00    1.26029e+04    5.21269e+02    6.62689e+02
    Proper Dih.  Improper Dih.        LJ (SR)   Coulomb (SR) Position Rest.
    4.71007e+02    3.98804e+02   -1.26779e+06   -1.44358e+04    2.73640e+01
      Potential    Kinetic En.   Total Energy  Conserved En.    Temperature
   -1.24886e+06    2.01723e+05   -1.04714e+06   -1.05516e+06    3.09555e+02
 Pressure (bar)   Constr. rmsd
    2.40539e+01    1.16242e-06

           Step           Time
        1375000    27500.00000

   Energies (kJ/mol)
           Bond  Harmonic Pot.          Angle       G96Angle  Restr. Angles
    1.85795e+04    5.24998e+00    1.24521e+04    5.69697e+02    6.56268e+02
    Proper Dih.  Improper Dih.        LJ (SR)   Coulomb (SR) Position Rest.
    4.59932e+02    4.34085e+02   -1.27026e+06   -1.43199e+04    2.60194e+01
      Potential    Kinetic En.   Total Energy  Conserved En.    Temperature
   -1.25140e+06    2.00678e+05   -1.05072e+06   -1.05531e+06    3.07952e+02
 Pressure (bar)   Constr. rmsd
    1.84966e+01    1.21181e-06

           Step           Time
        1400000    28000.00000

   Energies (kJ/mol)
           Bond  Harmonic Pot.          Angle       G96Angle  Restr. Angles
    1.83444e+04    8.36052e+00    1.25777e+04    5.18921e+02    6.94142e+02
    Proper Dih.  Improper Dih.        LJ (SR)   Coulomb (SR) Position Rest.
    4.53354e+02    4.41565e+02   -1.26999e+06   -1.43782e+04    1.99118e+01
      Potential    Kinetic En.   Total Energy  Conserved En.    Temperature
   -1.25131e+06    2.02219e+05   -1.04909e+06   -1.05551e+06    3.10317e+02
 Pressure (bar)   Constr. rmsd
    1.07603e+01    1.16094e-06

           Step           Time
        1425000    28500.00000

   Energies (kJ/mol)
           Bond  Harmonic Pot.          Angle       G96Angle  Restr. Angles
    1.82360e+04    7.06961e+00    1.26923e+04    5.12687e+02    6.69607e+02
    Proper Dih.  Improper Dih.        LJ (SR)   Coulomb (SR) Position Rest.
    4.19906e+02    4.83711e+02   -1.26984e+06   -1.45257e+04    2.03506e+01
      Potential    Kinetic En.   Total Energy  Conserved En.    Temperature
   -1.25133e+06    2.03354e+05   -1.04797e+06   -1.05577e+06    3.12058e+02
 Pressure (bar)   Constr. rmsd
    3.21678e+01    1.15877e-06

           Step           Time
        1450000    29000.00000

   Energies (kJ/mol)
           Bond  Harmonic Pot.          Angle       G96Angle  Restr. Angles
    1.81942e+04    1.62347e+01    1.27940e+04    5.44732e+02    7.12679e+02
    Proper Dih.  Improper Dih.        LJ (SR)   Coulomb (SR) Position Rest.
    4.03149e+02    4.43126e+02   -1.27075e+06   -1.42846e+04    2.24567e+01
      Potential    Kinetic En.   Total Energy  Conserved En.    Temperature
   -1.25190e+06    2.00244e+05   -1.05166e+06   -1.05586e+06    3.07286e+02
 Pressure (bar)   Constr. rmsd
   -1.39154e+01    1.16948e-06

           Step           Time
        1475000    29500.00000

   Energies (kJ/mol)
           Bond  Harmonic Pot.          Angle       G96Angle  Restr. Angles
    1.87367e+04    8.13871e+00    1.27063e+04    5.34497e+02    6.68260e+02
    Proper Dih.  Improper Dih.        LJ (SR)   Coulomb (SR) Position Rest.
    4.11325e+02    4.31455e+02   -1.26982e+06   -1.44602e+04    1.75787e+01
      Potential    Kinetic En.   Total Energy  Conserved En.    Temperature
   -1.25077e+06    2.01766e+05   -1.04900e+06   -1.05594e+06    3.09621e+02
 Pressure (bar)   Constr. rmsd
    7.04328e+00    1.20779e-06

           Step           Time
        1500000    30000.00000

   Energies (kJ/mol)
           Bond  Harmonic Pot.          Angle       G96Angle  Restr. Angles
    1.84367e+04    5.85793e+00    1.28371e+04    5.36117e+02    6.99678e+02
    Proper Dih.  Improper Dih.        LJ (SR)   Coulomb (SR) Position Rest.
    3.92426e+02    4.90326e+02   -1.26948e+06   -1.40083e+04    2.10355e+01
      Potential    Kinetic En.   Total Energy  Conserved En.    Temperature
   -1.25007e+06    2.02017e+05   -1.04805e+06   -1.05588e+06    3.10007e+02
 Pressure (bar)   Constr. rmsd
    8.69107e+00    1.14542e-06

           Step           Time
        1525000    30500.00000

   Energies (kJ/mol)
           Bond  Harmonic Pot.          Angle       G96Angle  Restr. Angles
    1.83451e+04    6.73588e+00    1.24120e+04    5.75222e+02    6.52638e+02
    Proper Dih.  Improper Dih.        LJ (SR)   Coulomb (SR) Position Rest.
    4.99351e+02    4.11275e+02   -1.27246e+06   -1.42769e+04    2.07048e+01
      Potential    Kinetic En.   Total Energy  Conserved En.    Temperature
   -1.25381e+06    2.00795e+05   -1.05302e+06   -1.05604e+06    3.08131e+02
 Pressure (bar)   Constr. rmsd
   -2.19072e+00    1.20025e-06

           Step           Time
        1550000    31000.00000

   Energies (kJ/mol)
           Bond  Harmonic Pot.          Angle       G96Angle  Restr. Angles
    1.87212e+04    1.35037e+01    1.26511e+04    6.11556e+02    7.00736e+02
    Proper Dih.  Improper Dih.        LJ (SR)   Coulomb (SR) Position Rest.
    3.93040e+02    4.67330e+02   -1.27060e+06   -1.40490e+04    1.74780e+01
      Potential    Kinetic En.   Total Energy  Conserved En.    Temperature
   -1.25107e+06    2.00622e+05   -1.05045e+06   -1.05607e+06    3.07865e+02
 Pressure (bar)   Constr. rmsd
    2.09245e+01    1.15949e-06

           Step           Time
        1575000    31500.00000

   Energies (kJ/mol)
           Bond  Harmonic Pot.          Angle       G96Angle  Restr. Angles
    1.85656e+04    7.87684e+00    1.25580e+04    5.54810e+02    6.49961e+02
    Proper Dih.  Improper Dih.        LJ (SR)   Coulomb (SR) Position Rest.
    3.95632e+02    5.02217e+02   -1.27187e+06   -1.42365e+04    2.18624e+01
      Potential    Kinetic En.   Total Energy  Conserved En.    Temperature
   -1.25285e+06    2.02987e+05   -1.04987e+06   -1.05613e+06    3.11495e+02
 Pressure (bar)   Constr. rmsd
    2.06918e+01    1.17507e-06

           Step           Time
        1600000    32000.00000

   Energies (kJ/mol)
           Bond  Harmonic Pot.          Angle       G96Angle  Restr. Angles
    1.86947e+04    9.09066e+00    1.26964e+04    5.62372e+02    6.69328e+02
    Proper Dih.  Improper Dih.        LJ (SR)   Coulomb (SR) Position Rest.
    4.38901e+02    4.19266e+02   -1.26920e+06   -1.41297e+04    1.75817e+01
      Potential    Kinetic En.   Total Energy  Conserved En.    Temperature
   -1.24982e+06    2.02061e+05   -1.04776e+06   -1.05632e+06    3.10075e+02
 Pressure (bar)   Constr. rmsd
    1.31392e+01    1.18553e-06

           Step           Time
        1625000    32500.00000

   Energies (kJ/mol)
           Bond  Harmonic Pot.          Angle       G96Angle  Restr. Angles
    1.85158e+04    6.86913e+00    1.28516e+04    5.68069e+02    6.42867e+02
    Proper Dih.  Improper Dih.        LJ (SR)   Coulomb (SR) Position Rest.
    3.91964e+02    4.53125e+02   -1.26970e+06   -1.41379e+04    2.16055e+01
      Potential    Kinetic En.   Total Energy  Conserved En.    Temperature
   -1.25039e+06    2.01674e+05   -1.04871e+06   -1.05642e+06    3.09480e+02
 Pressure (bar)   Constr. rmsd
   -2.69595e+01    1.16014e-06

           Step           Time
        1650000    33000.00000

   Energies (kJ/mol)
           Bond  Harmonic Pot.          Angle       G96Angle  Restr. Angles
    1.84116e+04    3.93647e+00    1.28783e+04    5.50368e+02    6.56818e+02
    Proper Dih.  Improper Dih.        LJ (SR)   Coulomb (SR) Position Rest.
    3.74675e+02    3.85550e+02   -1.27009e+06   -1.42353e+04    1.88145e+01
      Potential    Kinetic En.   Total Energy  Conserved En.    Temperature
   -1.25104e+06    2.02965e+05   -1.04808e+06   -1.05667e+06    3.11461e+02
 Pressure (bar)   Constr. rmsd
    3.76066e+01    1.16640e-06

           Step           Time
        1675000    33500.00000

   Energies (kJ/mol)
           Bond  Harmonic Pot.          Angle       G96Angle  Restr. Angles
    1.87645e+04    5.75023e+00    1.25579e+04    5.71800e+02    7.14162e+02
    Proper Dih.  Improper Dih.        LJ (SR)   Coulomb (SR) Position Rest.
    4.05591e+02    4.19059e+02   -1.27074e+06   -1.41525e+04    1.81130e+01
      Potential    Kinetic En.   Total Energy  Conserved En.    Temperature
   -1.25144e+06    2.01188e+05   -1.05025e+06   -1.05671e+06    3.08735e+02
 Pressure (bar)   Constr. rmsd
    1.31841e+01    1.19457e-06

           Step           Time
        1700000    34000.00000

   Energies (kJ/mol)
           Bond  Harmonic Pot.          Angle       G96Angle  Restr. Angles
    1.88252e+04    5.07646e+00    1.25718e+04    5.83970e+02    6.97264e+02
    Proper Dih.  Improper Dih.        LJ (SR)   Coulomb (SR) Position Rest.
    4.67341e+02    4.34183e+02   -1.26895e+06   -1.40089e+04    1.86355e+01
      Potential    Kinetic En.   Total Energy  Conserved En.    Temperature
   -1.24936e+06    2.03168e+05   -1.04619e+06   -1.05692e+06    3.11773e+02
 Pressure (bar)   Constr. rmsd
    3.20250e+00    1.14455e-06

           Step           Time
        1725000    34500.00000

   Energies (kJ/mol)
           Bond  Harmonic Pot.          Angle       G96Angle  Restr. Angles
    1.84310e+04    1.56414e+01    1.27403e+04    5.97749e+02    6.81109e+02
    Proper Dih.  Improper Dih.        LJ (SR)   Coulomb (SR) Position Rest.
    4.00187e+02    4.71421e+02   -1.26875e+06   -1.43045e+04    1.87818e+01
      Potential    Kinetic En.   Total Energy  Conserved En.    Temperature
   -1.24969e+06    2.02461e+05   -1.04723e+06   -1.05712e+06    3.10688e+02
 Pressure (bar)   Constr. rmsd
   -1.02996e+01    1.29215e-06

           Step           Time
        1750000    35000.00000

   Energies (kJ/mol)
           Bond  Harmonic Pot.          Angle       G96Angle  Restr. Angles
    1.82007e+04    7.76742e+00    1.24262e+04    5.01149e+02    6.57635e+02
    Proper Dih.  Improper Dih.        LJ (SR)   Coulomb (SR) Position Rest.
    4.23656e+02    4.70239e+02   -1.27098e+06   -1.43814e+04    1.93819e+01
      Potential    Kinetic En.   Total Energy  Conserved En.    Temperature
   -1.25265e+06    2.01570e+05   -1.05108e+06   -1.05686e+06    3.09321e+02
 Pressure (bar)   Constr. rmsd
   -5.82207e-01    1.19059e-06

           Step           Time
        1775000    35500.00000

   Energies (kJ/mol)
           Bond  Harmonic Pot.          Angle       G96Angle  Restr. Angles
    1.83770e+04    1.17067e+01    1.27380e+04    5.25446e+02    6.56477e+02
    Proper Dih.  Improper Dih.        LJ (SR)   Coulomb (SR) Position Rest.
    4.39879e+02    4.65403e+02   -1.26931e+06   -1.43107e+04    1.97260e+01
      Potential    Kinetic En.   Total Energy  Conserved En.    Temperature
   -1.25039e+06    2.00506e+05   -1.04988e+06   -1.05696e+06    3.07687e+02
 Pressure (bar)   Constr. rmsd
    1.08911e+01    1.17913e-06

           Step           Time
        1800000    36000.00000

   Energies (kJ/mol)
           Bond  Harmonic Pot.          Angle       G96Angle  Restr. Angles
    1.84020e+04    6.46302e+00    1.27042e+04    5.53575e+02    7.10174e+02
    Proper Dih.  Improper Dih.        LJ (SR)   Coulomb (SR) Position Rest.
    4.00246e+02    4.83896e+02   -1.26742e+06   -1.41513e+04    2.02071e+01
      Potential    Kinetic En.   Total Energy  Conserved En.    Temperature
   -1.24829e+06    2.01623e+05   -1.04667e+06   -1.05706e+06    3.09402e+02
 Pressure (bar)   Constr. rmsd
   -1.31305e+01    1.18957e-06

           Step           Time
        1825000    36500.00000

   Energies (kJ/mol)
           Bond  Harmonic Pot.          Angle       G96Angle  Restr. Angles
    1.83389e+04    4.39261e+00    1.27558e+04    5.35119e+02    6.90217e+02
    Proper Dih.  Improper Dih.        LJ (SR)   Coulomb (SR) Position Rest.
    3.56056e+02    4.21918e+02   -1.27086e+06   -1.41670e+04    1.73136e+01
      Potential    Kinetic En.   Total Energy  Conserved En.    Temperature
   -1.25190e+06    2.02912e+05   -1.04899e+06   -1.05708e+06    3.11380e+02
 Pressure (bar)   Constr. rmsd
    3.39304e+01    1.20156e-06

           Step           Time
        1850000    37000.00000

   Energies (kJ/mol)
           Bond  Harmonic Pot.          Angle       G96Angle  Restr. Angles
    1.89586e+04    1.22733e+01    1.24904e+04    5.11852e+02    6.58717e+02
    Proper Dih.  Improper Dih.        LJ (SR)   Coulomb (SR) Position Rest.
    3.77233e+02    4.62603e+02   -1.26877e+06   -1.42338e+04    2.30118e+01
      Potential    Kinetic En.   Total Energy  Conserved En.    Temperature
   -1.24951e+06    2.01530e+05   -1.04798e+06   -1.05724e+06    3.09259e+02
 Pressure (bar)   Constr. rmsd
   -9.23649e+00    1.18669e-06

           Step           Time
        1875000    37500.00000

   Energies (kJ/mol)
           Bond  Harmonic Pot.          Angle       G96Angle  Restr. Angles
    1.87664e+04    1.01880e+01    1.26801e+04    4.91268e+02    6.83084e+02
    Proper Dih.  Improper Dih.        LJ (SR)   Coulomb (SR) Position Rest.
    4.10094e+02    4.56920e+02   -1.26873e+06   -1.43606e+04    2.09042e+01
      Potential    Kinetic En.   Total Energy  Conserved En.    Temperature
   -1.24957e+06    2.01676e+05   -1.04789e+06   -1.05734e+06    3.09484e+02
 Pressure (bar)   Constr. rmsd
    8.06013e+00    1.13268e-06

           Step           Time
        1900000    38000.00000

   Energies (kJ/mol)
           Bond  Harmonic Pot.          Angle       G96Angle  Restr. Angles
    1.84746e+04    3.64480e+00    1.27189e+04    5.84123e+02    6.38188e+02
    Proper Dih.  Improper Dih.        LJ (SR)   Coulomb (SR) Position Rest.
    5.18103e+02    4.27187e+02   -1.26873e+06   -1.43520e+04    2.32992e+01
      Potential    Kinetic En.   Total Energy  Conserved En.    Temperature
   -1.24970e+06    2.01915e+05   -1.04778e+06   -1.05744e+06    3.09849e+02
 Pressure (bar)   Constr. rmsd
   -5.89240e+00    1.23487e-06

           Step           Time
        1925000    38500.00000

   Energies (kJ/mol)
           Bond  Harmonic Pot.          Angle       G96Angle  Restr. Angles
    1.88749e+04    6.41926e+00    1.24121e+04    5.89113e+02    6.55721e+02
    Proper Dih.  Improper Dih.        LJ (SR)   Coulomb (SR) Position Rest.
    4.01018e+02    4.99085e+02   -1.26951e+06   -1.42054e+04    2.62303e+01
      Potential    Kinetic En.   Total Energy  Conserved En.    Temperature
   -1.25026e+06    2.01012e+05   -1.04924e+06   -1.05754e+06    3.08464e+02
 Pressure (bar)   Constr. rmsd
   -2.30977e+01    1.23444e-06

           Step           Time
        1950000    39000.00000

   Energies (kJ/mol)
           Bond  Harmonic Pot.          Angle       G96Angle  Restr. Angles
    1.90123e+04    5.95066e+00    1.28871e+04    5.98105e+02    6.19324e+02
    Proper Dih.  Improper Dih.        LJ (SR)   Coulomb (SR) Position Rest.
    3.42869e+02    4.12248e+02   -1.26722e+06   -1.45148e+04    2.29458e+01
      Potential    Kinetic En.   Total Energy  Conserved En.    Temperature
   -1.24784e+06    2.02534e+05   -1.04530e+06   -1.05764e+06    3.10800e+02
 Pressure (bar)   Constr. rmsd
   -4.34133e+00    1.14465e-06

           Step           Time
        1975000    39500.00000

   Energies (kJ/mol)
           Bond  Harmonic Pot.          Angle       G96Angle  Restr. Angles
    1.82029e+04    6.65017e+00    1.27023e+04    4.62040e+02    6.49869e+02
    Proper Dih.  Improper Dih.        LJ (SR)   Coulomb (SR) Position Rest.
    3.98963e+02    4.43538e+02   -1.26920e+06   -1.40897e+04    2.39791e+01
      Potential    Kinetic En.   Total Energy  Conserved En.    Temperature
   -1.25040e+06    2.00866e+05   -1.04953e+06   -1.05780e+06    3.08240e+02
 Pressure (bar)   Constr. rmsd
   -1.19285e+01    1.22407e-06

           Step           Time
        2000000    40000.00000

   Energies (kJ/mol)
           Bond  Harmonic Pot.          Angle       G96Angle  Restr. Angles
    1.80507e+04    4.34373e+00    1.31754e+04    5.62264e+02    6.80874e+02
    Proper Dih.  Improper Dih.        LJ (SR)   Coulomb (SR) Position Rest.
    3.98805e+02    4.30691e+02   -1.26847e+06   -1.41074e+04    2.88279e+01
      Potential    Kinetic En.   Total Energy  Conserved En.    Temperature
   -1.24925e+06    2.02814e+05   -1.04644e+06   -1.05790e+06    3.11229e+02
 Pressure (bar)   Constr. rmsd
    3.84330e+01    1.15751e-06

           Step           Time
        2025000    40500.00000

   Energies (kJ/mol)
           Bond  Harmonic Pot.          Angle       G96Angle  Restr. Angles
    1.89497e+04    6.76967e+00    1.25516e+04    5.11407e+02    6.33658e+02
    Proper Dih.  Improper Dih.        LJ (SR)   Coulomb (SR) Position Rest.
    4.04128e+02    4.66606e+02   -1.27041e+06   -1.42323e+04    2.11092e+01
      Potential    Kinetic En.   Total Energy  Conserved En.    Temperature
   -1.25109e+06    2.02053e+05   -1.04904e+06   -1.05823e+06    3.10062e+02
 Pressure (bar)   Constr. rmsd
   -4.24733e+00    1.18997e-06

           Step           Time
        2050000    41000.00000

   Energies (kJ/mol)
           Bond  Harmonic Pot.          Angle       G96Angle  Restr. Angles
    1.83288e+04    1.08342e+01    1.26116e+04    5.89697e+02    7.42996e+02
    Proper Dih.  Improper Dih.        LJ (SR)   Coulomb (SR) Position Rest.
    3.91915e+02    4.45828e+02   -1.26996e+06   -1.41012e+04    2.32657e+01
      Potential    Kinetic En.   Total Energy  Conserved En.    Temperature
   -1.25092e+06    2.02283e+05   -1.04863e+06   -1.05840e+06    3.10415e+02
 Pressure (bar)   Constr. rmsd
    1.98044e+01    1.24093e-06

           Step           Time
        2075000    41500.00000

   Energies (kJ/mol)
           Bond  Harmonic Pot.          Angle       G96Angle  Restr. Angles
    1.82084e+04    1.06522e+01    1.26915e+04    4.64074e+02    6.67189e+02
    Proper Dih.  Improper Dih.        LJ (SR)   Coulomb (SR) Position Rest.
    3.85622e+02    4.47081e+02   -1.27172e+06   -1.43563e+04    1.90593e+01
      Potential    Kinetic En.   Total Energy  Conserved En.    Temperature
   -1.25318e+06    2.00896e+05   -1.05229e+06   -1.05840e+06    3.08287e+02
 Pressure (bar)   Constr. rmsd
   -1.22466e+01    1.16293e-06

           Step           Time
        2100000    42000.00000

   Energies (kJ/mol)
           Bond  Harmonic Pot.          Angle       G96Angle  Restr. Angles
    1.84731e+04    5.40314e+00    1.30246e+04    5.26758e+02    6.64508e+02
    Proper Dih.  Improper Dih.        LJ (SR)   Coulomb (SR) Position Rest.
    4.27115e+02    4.39353e+02   -1.27199e+06   -1.41888e+04    2.11272e+01
      Potential    Kinetic En.   Total Energy  Conserved En.    Temperature
   -1.25260e+06    2.02477e+05   -1.05012e+06   -1.05853e+06    3.10712e+02
 Pressure (bar)   Constr. rmsd
    3.16853e+00    1.16831e-06

           Step           Time
        2125000    42500.00000

   Energies (kJ/mol)
           Bond  Harmonic Pot.          Angle       G96Angle  Restr. Angles
    1.86656e+04    7.36931e+00    1.26995e+04    5.53982e+02    7.14533e+02
    Proper Dih.  Improper Dih.        LJ (SR)   Coulomb (SR) Position Rest.
    3.87175e+02    4.63506e+02   -1.27010e+06   -1.41799e+04    2.34090e+01
      Potential    Kinetic En.   Total Energy  Conserved En.    Temperature
   -1.25077e+06    2.01593e+05   -1.04918e+06   -1.05882e+06    3.09355e+02
 Pressure (bar)   Constr. rmsd
   -2.67240e+01    1.23511e-06

           Step           Time
        2150000    43000.00000

   Energies (kJ/mol)
           Bond  Harmonic Pot.          Angle       G96Angle  Restr. Angles
    1.86445e+04    4.86533e+00    1.25536e+04    5.70189e+02    6.54831e+02
    Proper Dih.  Improper Dih.        LJ (SR)   Coulomb (SR) Position Rest.
    4.21668e+02    4.43992e+02   -1.26747e+06   -1.44098e+04    1.87877e+01
      Potential    Kinetic En.   Total Energy  Conserved En.    Temperature
   -1.24857e+06    2.01730e+05   -1.04684e+06   -1.05883e+06    3.09565e+02
 Pressure (bar)   Constr. rmsd
   -8.23124e+00    1.12031e-06

           Step           Time
        2175000    43500.00000

   Energies (kJ/mol)
           Bond  Harmonic Pot.          Angle       G96Angle  Restr. Angles
    1.83039e+04    8.28998e+00    1.26788e+04    5.13490e+02    6.46612e+02
    Proper Dih.  Improper Dih.        LJ (SR)   Coulomb (SR) Position Rest.
    4.14486e+02    4.15493e+02   -1.27035e+06   -1.41712e+04    2.23046e+01
      Potential    Kinetic En.   Total Energy  Conserved En.    Temperature
   -1.25152e+06    2.01870e+05   -1.04965e+06   -1.05880e+06    3.09781e+02
 Pressure (bar)   Constr. rmsd
    2.85222e+01    1.21452e-06

           Step           Time
        2200000    44000.00000

   Energies (kJ/mol)
           Bond  Harmonic Pot.          Angle       G96Angle  Restr. Angles
    1.86031e+04    7.79443e+00    1.25534e+04    4.89338e+02    7.09070e+02
    Proper Dih.  Improper Dih.        LJ (SR)   Coulomb (SR) Position Rest.
    4.33271e+02    4.84034e+02   -1.26987e+06   -1.43112e+04    2.07393e+01
      Potential    Kinetic En.   Total Energy  Conserved En.    Temperature
   -1.25088e+06    2.01087e+05   -1.04980e+06   -1.05907e+06    3.08579e+02
 Pressure (bar)   Constr. rmsd
   -2.76003e+01    1.18478e-06

           Step           Time
        2225000    44500.00000

   Energies (kJ/mol)
           Bond  Harmonic Pot.          Angle       G96Angle  Restr. Angles
    1.84387e+04    5.73691e+00    1.28335e+04    5.16520e+02    6.65078e+02
    Proper Dih.  Improper Dih.        LJ (SR)   Coulomb (SR) Position Rest.
    4.00768e+02    4.52356e+02   -1.26970e+06   -1.40939e+04    2.19558e+01
      Potential    Kinetic En.   Total Energy  Conserved En.    Temperature
   -1.25046e+06    2.02519e+05   -1.04794e+06   -1.05912e+06    3.10776e+02
 Pressure (bar)   Constr. rmsd
    3.03191e+01    1.15793e-06

           Step           Time
        2250000    45000.00000

   Energies (kJ/mol)
           Bond  Harmonic Pot.          Angle       G96Angle  Restr. Angles
    1.85319e+04    6.20061e+00    1.27539e+04    5.35911e+02    6.62993e+02
    Proper Dih.  Improper Dih.        LJ (SR)   Coulomb (SR) Position Rest.
    4.46010e+02    4.61952e+02   -1.26950e+06   -1.43624e+04    2.20289e+01
      Potential    Kinetic En.   Total Energy  Conserved En.    Temperature
   -1.25044e+06    2.03246e+05   -1.04720e+06   -1.05925e+06    3.11892e+02
 Pressure (bar)   Constr. rmsd
   -1.09106e+00    1.15726e-06

           Step           Time
        2275000    45500.00000

   Energies (kJ/mol)
           Bond  Harmonic Pot.          Angle       G96Angle  Restr. Angles
    1.83013e+04    4.71751e+00    1.24458e+04    5.26690e+02    6.46393e+02
    Proper Dih.  Improper Dih.        LJ (SR)   Coulomb (SR) Position Rest.
    4.30731e+02    4.23632e+02   -1.26880e+06   -1.43141e+04    1.85369e+01
      Potential    Kinetic En.   Total Energy  Conserved En.    Temperature
   -1.25032e+06    2.02093e+05   -1.04823e+06   -1.05935e+06    3.10123e+02
 Pressure (bar)   Constr. rmsd
    2.45697e+00    1.13259e-06

           Step           Time
        2300000    46000.00000

   Energies (kJ/mol)
           Bond  Harmonic Pot.          Angle       G96Angle  Restr. Angles
    1.85326e+04    4.08514e+00    1.24047e+04    5.49798e+02    6.71560e+02
    Proper Dih.  Improper Dih.        LJ (SR)   Coulomb (SR) Position Rest.
    3.84733e+02    4.65454e+02   -1.26987e+06   -1.41605e+04    2.22506e+01
      Potential    Kinetic En.   Total Energy  Conserved En.    Temperature
   -1.25100e+06    2.03198e+05   -1.04780e+06   -1.05927e+06    3.11819e+02
 Pressure (bar)   Constr. rmsd
    1.09973e+01    1.17367e-06

           Step           Time
        2325000    46500.00000

   Energies (kJ/mol)
           Bond  Harmonic Pot.          Angle       G96Angle  Restr. Angles
    1.84852e+04    4.85318e+00    1.25084e+04    5.51887e+02    6.81820e+02
    Proper Dih.  Improper Dih.        LJ (SR)   Coulomb (SR) Position Rest.
    4.22207e+02    4.21962e+02   -1.26873e+06   -1.41620e+04    1.95919e+01
      Potential    Kinetic En.   Total Energy  Conserved En.    Temperature
   -1.24980e+06    2.03749e+05   -1.04605e+06   -1.05934e+06    3.12664e+02
 Pressure (bar)   Constr. rmsd
    6.17909e+00    1.20454e-06

           Step           Time
        2350000    47000.00000

   Energies (kJ/mol)
           Bond  Harmonic Pot.          Angle       G96Angle  Restr. Angles
    1.84062e+04    5.41274e+00    1.26549e+04    5.47247e+02    6.36925e+02
    Proper Dih.  Improper Dih.        LJ (SR)   Coulomb (SR) Position Rest.
    4.09787e+02    3.95303e+02   -1.27026e+06   -1.38868e+04    2.07264e+01
      Potential    Kinetic En.   Total Energy  Conserved En.    Temperature
   -1.25107e+06    2.03082e+05   -1.04799e+06   -1.05935e+06    3.11641e+02
 Pressure (bar)   Constr. rmsd
    2.07326e+01    1.15153e-06

           Step           Time
        2375000    47500.00000

   Energies (kJ/mol)
           Bond  Harmonic Pot.          Angle       G96Angle  Restr. Angles
    1.84857e+04    7.73805e+00    1.25320e+04    5.51836e+02    6.50723e+02
    Proper Dih.  Improper Dih.        LJ (SR)   Coulomb (SR) Position Rest.
    3.96042e+02    4.29174e+02   -1.26865e+06   -1.39071e+04    1.99498e+01
      Potential    Kinetic En.   Total Energy  Conserved En.    Temperature
   -1.24948e+06    2.02945e+05   -1.04654e+06   -1.05936e+06    3.11430e+02
 Pressure (bar)   Constr. rmsd
    4.26492e+01    1.14551e-06

           Step           Time
        2400000    48000.00000

   Energies (kJ/mol)
           Bond  Harmonic Pot.          Angle       G96Angle  Restr. Angles
    1.80760e+04    5.72170e+00    1.24439e+04    5.36010e+02    7.28661e+02
    Proper Dih.  Improper Dih.        LJ (SR)   Coulomb (SR) Position Rest.
    4.23497e+02    4.32558e+02   -1.27000e+06   -1.40847e+04    2.01994e+01
      Potential    Kinetic En.   Total Energy  Conserved En.    Temperature
   -1.25141e+06    2.00990e+05   -1.05042e+06   -1.05931e+06    3.08431e+02
 Pressure (bar)   Constr. rmsd
   -1.87373e+01    1.15651e-06

           Step           Time
        2425000    48500.00000

   Energies (kJ/mol)
           Bond  Harmonic Pot.          Angle       G96Angle  Restr. Angles
    1.84078e+04    4.41229e+00    1.25919e+04    5.26447e+02    6.90919e+02
    Proper Dih.  Improper Dih.        LJ (SR)   Coulomb (SR) Position Rest.
    4.26218e+02    4.44934e+02   -1.27024e+06   -1.37679e+04    1.96963e+01
      Potential    Kinetic En.   Total Energy  Conserved En.    Temperature
   -1.25089e+06    2.01120e+05   -1.04977e+06   -1.05943e+06    3.08630e+02
 Pressure (bar)   Constr. rmsd
    5.39792e+00    1.20584e-06

           Step           Time
        2450000    49000.00000

   Energies (kJ/mol)
           Bond  Harmonic Pot.          Angle       G96Angle  Restr. Angles
    1.88979e+04    5.49138e+00    1.24640e+04    5.21721e+02    6.75347e+02
    Proper Dih.  Improper Dih.        LJ (SR)   Coulomb (SR) Position Rest.
    4.50157e+02    4.66950e+02   -1.27010e+06   -1.43887e+04    2.38532e+01
      Potential    Kinetic En.   Total Energy  Conserved En.    Temperature
   -1.25098e+06    2.02676e+05   -1.04831e+06   -1.05941e+06    3.11018e+02
 Pressure (bar)   Constr. rmsd
    3.22435e+00    1.19650e-06

           Step           Time
        2475000    49500.00000

   Energies (kJ/mol)
           Bond  Harmonic Pot.          Angle       G96Angle  Restr. Angles
    1.82852e+04    4.49834e+00    1.27534e+04    5.38262e+02    7.01274e+02
    Proper Dih.  Improper Dih.        LJ (SR)   Coulomb (SR) Position Rest.
    4.14086e+02    4.75319e+02   -1.27271e+06   -1.43357e+04    2.01506e+01
      Potential    Kinetic En.   Total Energy  Conserved En.    Temperature
   -1.25385e+06    2.03973e+05   -1.04988e+06   -1.05952e+06    3.13008e+02
 Pressure (bar)   Constr. rmsd
    4.92629e+01    1.15691e-06


Step 2496400: Run time exceeded 0.495 hours, will terminate the run within 40 steps
           Step           Time
        2496420    49928.40000

Writing checkpoint, step 2496420 at Sun Mar 16 12:16:10 2025


   Energies (kJ/mol)
           Bond  Harmonic Pot.          Angle       G96Angle  Restr. Angles
    1.80051e+04    5.74831e+00    1.28485e+04    5.10063e+02    6.34879e+02
    Proper Dih.  Improper Dih.        LJ (SR)   Coulomb (SR) Position Rest.
    4.37937e+02    5.08991e+02   -1.27258e+06   -1.40640e+04    1.88051e+01
      Potential    Kinetic En.   Total Energy  Conserved En.    Temperature
   -1.25367e+06    2.03956e+05   -1.04972e+06   -1.05947e+06    3.12983e+02
 Pressure (bar)   Constr. rmsd
    5.50573e+01    1.13573e-06


Energy conservation over simulation part #1 of length 49928.4 ps, time 0 to 49928.4 ps
  Conserved energy drift: -3.91e-06 kJ/mol/ps per atom


	<======  ###############  ==>
	<====  A V E R A G E S  ====>
	<==  ###############  ======>

	Statistics over 2496421 steps using 24965 frames

   Energies (kJ/mol)
           Bond  Harmonic Pot.          Angle       G96Angle  Restr. Angles
    1.84348e+04    6.75213e+00    1.26692e+04    5.36062e+02    6.71552e+02
    Proper Dih.  Improper Dih.        LJ (SR)   Coulomb (SR) Position Rest.
    4.07818e+02    4.45336e+02   -1.26970e+06   -1.42381e+04    2.08117e+01
      Potential    Kinetic En.   Total Energy  Conserved En.    Temperature
   -1.25075e+06    2.02021e+05   -1.04872e+06   -1.05432e+06    3.10013e+02
 Pressure (bar)   Constr. rmsd
    1.23190e+00    0.00000e+00

          Box-X          Box-Y          Box-Z
    1.80548e+01    1.80548e+01    1.84460e+01

   Total Virial (kJ/mol)
    6.72496e+04    1.86010e+01   -3.82096e-01
    1.85999e+01    6.72763e+04    8.66840e-01
   -3.82406e-01    8.67998e-01    6.68343e+04

   Pressure (bar)
    1.30651e+00   -9.47939e-02   -3.03026e-02
   -9.47879e-02    1.16797e+00    1.44159e-05
   -3.03009e-02    8.01852e-06    1.22122e+00

      T-Solvent         T-Rest
    3.09995e+02    3.10062e+02


	M E G A - F L O P S   A C C O U N T I N G

 NB=Group-cutoff nonbonded kernels    NxN=N-by-N cluster Verlet kernels
 RF=Reaction-Field  VdW=Van der Waals  QSTab=quadratic-spline table
 W3=SPC/TIP3p  W4=TIP4p (single or pairs)
 V&F=Potential and force  V=Potential only  F=Force only

 Computing:                               M-Number         M-Flops  % Flops
-----------------------------------------------------------------------------
 Pair Search distance check          971052.756836     8739474.812     1.4
 NxN RF Elec. + LJ [F]              2788173.155088   105950579.893    17.3
 NxN RF Elec. + LJ [V&F]              28165.975472     1520962.675     0.2
 NxN LJ [F]                        14525147.417280   479329864.770    78.4
 NxN LJ [V&F]                        146728.175616     6309311.551     1.0
 NxN RF Electrostatics [F]             5220.878752      161847.241     0.0
 NxN RF Electrostatics [V&F]             52.651728        1895.462     0.0
 Shift-X                               6826.764824       40960.589     0.0
 Bonds                                36145.679659     2132595.100     0.3
 Angles                               26689.236911     4483791.801     0.7
 Propers                                554.205462      126913.051     0.0
 Impropers                             1088.439556      226395.428     0.0
 Pos. Restr.                            396.930939       19846.547     0.0
 Virial                                6832.381814      122982.873     0.0
 Stop-CM                               1365.440472       13654.405     0.0
 Calc-Ekin                            13653.529648      368645.300     0.1
 Lincs                                 3754.620192      225277.212     0.0
 Lincs-Mat                           184665.402156      738661.609     0.1
 Constraint-V                          7509.237376       67583.136     0.0
 Constraint-Vir                         187.732288        4505.575     0.0
 Virtual Site 3out                     5032.786560      437852.431     0.1
 Virtual Site N                         138.925879        2083.888     0.0
-----------------------------------------------------------------------------
 Total                                               611025685.349   100.0
-----------------------------------------------------------------------------


      R E A L   C Y C L E   A N D   T I M E   A C C O U N T I N G

On 1 MPI rank, each using 64 OpenMP threads

 Activity:              Num   Num      Call    Wall time         Giga-Cycles
                        Ranks Threads  Count      (s)         total sum    %
--------------------------------------------------------------------------------
 Vsite constr.             1   64    2496421      26.947       1810.816   1.5
 Neighbor search           1   64     124822     120.461       8094.998   6.8
 Force                     1   64    2496421     793.365      53314.093  44.5
 NB X/F buffer ops.        1   64    4868020     144.796       9730.254   8.1
 Vsite spread              1   64    2621243      39.198       2634.110   2.2
 Write traj.               1   64        102       0.464         31.181   0.0
 Update                    1   64    2496421      55.812       3750.541   3.1
 Constraints               1   64    2496423     576.869      38765.532  32.4
 Rest                                             24.278       1631.448   1.4
--------------------------------------------------------------------------------
 Total                                          1782.189     119762.972 100.0
--------------------------------------------------------------------------------

               Core t (s)   Wall t (s)        (%)
       Time:   114059.579     1782.189     6400.0
                 (ns/day)    (hour/ns)
Performance:     2420.515        0.010
Finished mdrun on rank 0 Sun Mar 16 12:16:10 2025

