2025-04-08 18:59:52,329 - [MainProcess:106722] root:init_logger:344 - INFO - Enabled
2025-04-08 18:59:52,329 - [MainProcess:106722] root:init_logger:345 - WARNING - Enabled
2025-04-08 18:59:52,329 - [MainProcess:106722] root:init_logger:346 - ERROR - Enabled
2025-04-08 18:59:52,329 - [MainProcess:106722] root:init_logger:347 - CRITICAL - Enabled
2025-04-08 18:59:52,367 - [MainProcess:106722] root:_log_profile:78 - PROFILE - [136.500 MB]: Enabled
2025-04-08 18:59:52,367 - [MainProcess:106722] mummi_ras.transformations.createsim.createsims:main:2175 - INFO - Running createsims, options are:
2025-04-08 18:59:52,367 - [MainProcess:106722] mummi_ras.transformations.createsim.createsims:main:2176 - INFO - Namespace(fstype='simple', outpath='/p/gpfs1/pottier1/minimummi-sc25/roots/root2/sims-cg/structure_iter00_000000000007', outlocal='/tmp/mummi/createsim/structure_iter00_000000000007-20250408_185941', inpath='/p/gpfs1/pottier1/minimummi-sc25/roots/root2/ml', loglevel=2, logpath='/tmp/mummi/createsim/structure_iter00_000000000007-20250408_185941', logstdout=False, logfile='createsims', patch='structure_iter00_000000000007', gromacs='gmx', mpi='gmx mdrun', mdrunopt=' -nb gpu -ntmpi 1 -ntomp 8 -pin off', simnum='', mini=True)
2025-04-08 18:59:52,367 - [MainProcess:106722] mummi_ras.transformations.createsim.createsims:main:2177 - INFO - GROMACS       = gmx
2025-04-08 18:59:52,367 - [MainProcess:106722] mummi_ras.transformations.createsim.createsims:main:2178 - INFO - GROMACS single precision path /usr/WS1/mummiusr/mummi-spack/spack/0.21/opt/spack/__spack_path_placeholder__/__spack_path_placeholder__/__spack_path_placeholder__/__spack_path_placeholder__/__spack_path_placeholder__/__spack_path_placeholder__/__spack_path_placeholder__/__spack_path_pla/linux-rhel7-power9le/gcc-11.2.1/gromacs-2024.1-qjy7zpleiv5vefcx74wqch3gy2rui4uh/bin/gmx
2025-04-08 18:59:52,367 - [MainProcess:106722] mummi_ras.transformations.createsim.createsims:main:2179 - INFO - mdrun_o       =  -nb gpu -ntmpi 1 -ntomp 8 -pin off
2025-04-08 18:59:52,368 - [MainProcess:106722] mummi_ras.transformations.createsim.createsims:main:2180 - INFO - mdrun_mpi     = gmx mdrun
2025-04-08 18:59:52,368 - [MainProcess:106722] mummi_ras.transformations.createsim.createsims:main:2181 - INFO - init outpath  = /p/gpfs1/pottier1/minimummi-sc25/roots/root2/sims-cg/structure_iter00_000000000007
2025-04-08 18:59:52,368 - [MainProcess:106722] mummi_ras.transformations.createsim.createsims:main:2182 - INFO - init outlocal = /tmp/mummi/createsim/structure_iter00_000000000007-20250408_185941
2025-04-08 18:59:52,371 - [MainProcess:106722] mummi_ras.transformations.createsim.createsims:main:2196 - INFO - Using IO_Interface [<class 'mummi_core.interfaces.simple.IO_Simple'>] for all output
2025-04-08 18:59:52,371 - [MainProcess:106722] mummi_ras.transformations.createsim.createsims:main:2365 - INFO - Read in generated input structure after healing = /p/gpfs1/pottier1/minimummi-sc25/roots/root2/ml/iter00/structure_iter00_000000000007.gro
2025-04-08 18:59:52,447 - [MainProcess:106722] mummi_ras.transformations.createsim.createsims:main:2369 - INFO - Setting up patch structure_iter00_000000000007 in mini-MuMMI style
2025-04-08 18:59:52,448 - [MainProcess:106722] mummi_ras.transformations.createsim.particlesim:getProteinFeedback:168 - INFO - Feedback AA to CG - no new .itp's found in /p/gpfs1/pottier1/minimummi-sc25/roots/root2/feedback-aa2cg use inital/default RAS-ONLY .itp - /g/g92/pottier1/admirral_sc25/mummi_resources/martini3/RAS_scfix-CYFpos
2025-04-08 18:59:52,448 - [MainProcess:106722] mummi_ras.transformations.createsim.particlesim:getProteinFeedback:168 - INFO - Feedback AA to CG - no new .itp's found in /p/gpfs1/pottier1/minimummi-sc25/roots/root2/feedback-aa2cg use inital/default RAS-RAF .itp - /g/g92/pottier1/admirral_sc25/mummi_resources/martini3/RAS_RAF_TERNARY_scfix-CYFpos
2025-04-08 18:59:52,448 - [MainProcess:106722] mummi_ras.transformations.createsim.particlesim:getProteinFeedback:168 - INFO - Feedback AA to CG - no new .itp's found in /p/gpfs1/pottier1/minimummi-sc25/roots/root2/feedback-aa2cg use inital/default RAS4A-ONLY .itp - /g/g92/pottier1/admirral_sc25/mummi_resources/martini3/RAS4A_scfix-CYFpos
2025-04-08 18:59:52,449 - [MainProcess:106722] mummi_ras.transformations.createsim.particlesim:getProteinFeedback:168 - INFO - Feedback AA to CG - no new .itp's found in /p/gpfs1/pottier1/minimummi-sc25/roots/root2/feedback-aa2cg use inital/default RAS4A-RAF .itp - /g/g92/pottier1/admirral_sc25/mummi_resources/martini3/RAS4A_RAF_scfix-CYFpos
2025-04-08 18:59:52,449 - [MainProcess:106722] mummi_ras.transformations.createsim.particlesim:__init__:149 - INFO - Final itp's after feedback check: RAS4B /g/g92/pottier1/admirral_sc25/mummi_resources/martini3/RAS_scfix-CYFpos, RAS4B-RAF /g/g92/pottier1/admirral_sc25/mummi_resources/martini3/RAS_RAF_TERNARY_scfix-CYFpos, RAS4A /g/g92/pottier1/admirral_sc25/mummi_resources/martini3/RAS4A_scfix-CYFpos, RAS4A-RAF /g/g92/pottier1/admirral_sc25/mummi_resources/martini3/RAS4A_RAF_scfix-CYFpos, ddcMD folder /g/g92/pottier1/admirral_sc25/mummi_resources/ddcmd-martini3, ref pdbs []
2025-04-08 18:59:52,460 - [MainProcess:106722] mummi_ras.transformations.createsim.createsims:main:2571 - INFO - final outpath = /p/gpfs1/pottier1/minimummi-sc25/roots/root2/sims-cg/structure_iter00_000000000007
2025-04-08 18:59:52,460 - [MainProcess:106722] mummi_ras.transformations.createsim.createsims:main:2572 - INFO - final outlocal = /tmp/mummi/createsim/structure_iter00_000000000007-20250408_185941
2025-04-08 18:59:52,461 - [MainProcess:106722] mummi_ras.transformations.createsim.createsims:main:2593 - WARNING - ---> Sim /p/gpfs1/pottier1/minimummi-sc25/roots/root2/sims-cg/structure_iter00_000000000007 folder didn't exist and was created - this is not expected within a MuMMI run
2025-04-08 18:59:52,480 - [MainProcess:106722] mummi_core.utils.utilities:sys_call:184 - INFO - Run command: mkdir -p /p/gpfs1/pottier1/minimummi-sc25/roots/root2/sims-cg/structure_iter00_000000000007
2025-04-08 18:59:52,480 - [MainProcess:106722] mummi_ras.transformations.createsim.createsims:main:2596 - INFO - Creating PG Particle simulation...
2025-04-08 18:59:52,481 - [MainProcess:106722] mummi_ras.transformations.createsim.particlesim:create:230 - INFO - -> Particle simulation RAS_RAF has been created
2025-04-08 18:59:52,481 - [MainProcess:106722] mummi_ras.transformations.createsim.createsims:setup_cg_sim:93 - INFO - ---> Setup CG sim and run eq in dir /tmp/mummi/createsim/structure_iter00_000000000007-20250408_185941
2025-04-08 18:59:52,503 - [MainProcess:106722] mummi_core.utils.utilities:sys_call:184 - INFO - Run command: cp /g/g92/pottier1/admirral_sc25/mummi_resources/martini3/martini_v2.x_new-rf*.mdp .
2025-04-08 18:59:52,526 - [MainProcess:106722] mummi_core.utils.utilities:sys_call:184 - INFO - Run command: sed -ie 's/XXX/ -DACYM280/g' martini_v2.x_new-rf-*.mdp
2025-04-08 18:59:52,527 - [MainProcess:106722] mummi_ras.transformations.createsim.createsims:setup_cg_sim:125 - INFO - ---> Proteins are pressent they are: [{'id': 0, 'type': 'RAS-RAF', 'angle': '', 'beads': -1, 'state': 'N/A', 'position': [10, 10], 'structure_pre_assigned': True, 'structure': '/tmp/mummi/createsim/structure_iter00_000000000007-20250408_185941/struct_createsim.gro', 'charge': -1, 'ff_options': ' -DACYM280'}]
2025-04-08 18:59:52,527 - [MainProcess:106722] mummi_ras.transformations.createsim.createsims:setup_cg_sim:126 - INFO - ---> After protein alignment: rotation ['/tmp/mummi/createsim/structure_iter00_000000000007-20250408_185941/struct_createsim.gro'] posInserted [[10, 10]]
2025-04-08 18:59:52,527 - [MainProcess:106722] mummi_ras.transformations.createsim.createsims:setup_cg_sim:171 - INFO - ---> Manual protein alignment insane protein string =  -ras /tmp/mummi/createsim/structure_iter00_000000000007-20250408_185941/struct_createsim.gro l 10 10 -1 -1 
2025-04-08 18:59:52,527 - [MainProcess:106722] mummi_ras.transformations.createsim.createsims:setup_cg_sim:176 - INFO - ---> System setup/EM try number 0
2025-04-08 18:59:52,545 - [MainProcess:106722] mummi_core.utils.utilities:sys_call:184 - INFO - Run command: sed -ie 's/xPATHx/\/g\/g92\/pottier1\/admirral_sc25\/mummi_resources\/martini3/g' system.top
2025-04-08 18:59:53,368 - [MainProcess:106722] mummi_core.utils.utilities:sys_call:184 - INFO - Run command: python /g/g92/pottier1/admirral_sc25/mummi_resources/martini3/insane-ck-m3.py -salt 0.15 -x 20 -y 20 -z 15 -charge -1 -pbc square -sol W -asym -65 -rand 0.095 -o lipids-water.gro -uf psimSubPatch_upper.pat -lf psimSubPatch_lower.pat  -ras /tmp/mummi/createsim/structure_iter00_000000000007-20250408_185941/struct_createsim.gro l 10 10 -1 -1  2>&1 | tee -a system.top
2025-04-08 18:59:53,387 - [MainProcess:106722] mummi_core.utils.utilities:sys_call:184 - INFO - Run command: sed -ie '0,/Protein          1/s//RAS_RAF          1/g' system.top
2025-04-08 18:59:55,293 - [MainProcess:106722] mummi_core.utils.utilities:sys_call:184 - INFO - Run command: gmx grompp -c lipids-water.gro -r lipids-water.gro -f martini_v2.x_new-rf-em.mdp -p system.top -o topol.tpr -maxwarn 5
2025-04-08 18:59:57,932 - [MainProcess:106722] mummi_core.utils.utilities:sys_call:184 - INFO - Run command: gmx mdrun  -nb gpu -ntmpi 1 -ntomp 8 -pin off  -c lipids-water-em.gro >> mdrun-em.log 2>&1
2025-04-08 18:59:58,426 - [MainProcess:106722] mummi_core.utils.utilities:sys_call:184 - INFO - Run command: echo 0 | gmx trjconv -f lipids-water-em.gro -o lipids-water-em.gro -pbc mol -s topol.tpr
2025-04-08 18:59:59,193 - [MainProcess:106722] mummi_core.utils.utilities:sys_call:184 - INFO - Run command: gmx make_ndx -f lipids-water-em.gro -o index.ndx < index-selection.txt
2025-04-08 19:00:01,173 - [MainProcess:106722] mummi_core.utils.utilities:sys_call:184 - INFO - Run command: gmx grompp -c lipids-water-em.gro -f martini_v2.x_new-rf-eq1.mdp  -p system.top -o topol.tpr -maxwarn 5 -n index.ndx -r lipids-water-em.gro
2025-04-08 19:00:42,144 - [MainProcess:106722] mummi_core.utils.utilities:sys_call:184 - INFO - Run command: gmx mdrun  -nb gpu -ntmpi 1 -ntomp 8 -pin off  -c lipids-water-eq1.gro >> mdrun-eq1.log 2>&1 
2025-04-08 19:00:44,178 - [MainProcess:106722] mummi_core.utils.utilities:sys_call:184 - INFO - Run command: gmx grompp -c lipids-water-eq1.gro -f martini_v2.x_new-rf-eq2.mdp  -p system.top -o topol.tpr -maxwarn 5 -n index.ndx -r lipids-water-em.gro
2025-04-08 19:01:53,663 - [MainProcess:106722] mummi_core.utils.utilities:sys_call:184 - INFO - Run command: gmx mdrun  -nb gpu -ntmpi 1 -ntomp 8 -pin off  -c lipids-water-eq2.gro >> mdrun-eq2.log 2>&1
2025-04-08 19:01:56,751 - [MainProcess:106722] mummi_core.utils.utilities:sys_call:184 - INFO - Run command: gmx grompp -c lipids-water-eq2.gro -f martini_v2.x_new-rf-eq3-PULL.mdp -p system.top -o topol.tpr -maxwarn 5 -n index.ndx -r lipids-water-em.gro
2025-04-08 19:08:58,734 - [MainProcess:106722] mummi_core.utils.utilities:sys_call:184 - INFO - Run command: gmx mdrun  -nb gpu -ntmpi 1 -ntomp 8 -pin off  -c lipids-water-eq3.gro >> mdrun-eq3.log 2>&1
2025-04-08 19:09:00,847 - [MainProcess:106722] mummi_core.utils.utilities:sys_call:184 - INFO - Run command: gmx grompp -c lipids-water-eq3.gro -f martini_v2.x_new-rf-eq4.mdp -p system.top -o topol.tpr -maxwarn 5 -n index.ndx -r lipids-water-eq3.gro
2025-04-08 19:09:11,543 - [MainProcess:106722] mummi_core.utils.utilities:sys_call:184 - INFO - Run command: gmx mdrun  -nb gpu -ntmpi 1 -ntomp 8 -pin off  -c lipids-water-eq4.gro >> mdrun-eq4.log 2>&1
2025-04-08 19:09:13,615 - [MainProcess:106722] mummi_core.utils.utilities:sys_call:184 - INFO - Run command: gmx grompp -c lipids-water-eq4.gro -f martini_v2.x_new-rf-eq5.mdp -p system.top -o topol.tpr -maxwarn 5 -n index.ndx -r lipids-water-eq4.gro
2025-04-08 19:09:34,572 - [MainProcess:106722] mummi_core.utils.utilities:sys_call:184 - INFO - Run command: gmx mdrun  -nb gpu -ntmpi 1 -ntomp 8 -pin off  -c lipids-water-eq5.gro >> mdrun-eq5.log 2>&1
2025-04-08 19:09:36,647 - [MainProcess:106722] mummi_core.utils.utilities:sys_call:184 - INFO - Run command: gmx grompp -c lipids-water-eq5.gro -f martini_v2.x_new-rf-eq6.mdp -p system.top -o topol.tpr -maxwarn 5 -n index.ndx -r lipids-water-eq5.gro
2025-04-08 19:11:19,042 - [MainProcess:106722] mummi_core.utils.utilities:sys_call:184 - INFO - Run command: gmx mdrun  -nb gpu -ntmpi 1 -ntomp 8 -pin off  -c lipids-water-eq6.gro >> mdrun-eq6.log 2>&1
2025-04-08 19:11:19,118 - [MainProcess:106722] mummi_core.utils.utilities:sys_call:184 - INFO - Run command: rm \#* step*.pdb || true
2025-04-08 19:11:19,136 - [MainProcess:106722] mummi_core.utils.utilities:sys_call:184 - INFO - Run command: rm system.tope state.cpt state_prev.cpt traj_comp.xtc traj.trr mdout.mdp md.log ener.edr index-old.ndx temp-index-end.txt || true
2025-04-08 19:11:21,642 - [MainProcess:106722] mummi_core.utils.utilities:sys_call:184 - INFO - Run command: tar -czvf createsims.tar.gz psimSubPatch_lower.pat psimSubPatch_upper.pat protein-*-rotate.gro protein-ALL.gro index-selection.txt lipids-water-em.gro lipids-water-eq1.gro lipids-water-eq2.gro lipids-water-eq3.gro lipids-water.gro martini_v2.x_new-rf-eq3-PULL.mdp mdrun-em.log mdrun-eq1.log mdrun-eq2.log mdrun-eq3.log mdrun-eq4.log pullf.xvg pullx.xvg lipid_counts.npz mdrun-eq5.log lipids-water-eq5.gro mdrun-eq6.log lipids-water-eq4.gro macro_sim_dir/snapshot.* macro_sim_dir/macro_createsims.out struct_createsim.gro || true
2025-04-08 19:11:21,663 - [MainProcess:106722] mummi_core.utils.utilities:sys_call:184 - INFO - Run command: rm psimSubPatch_lower.pat psimSubPatch_upper.pat protein-*-rotate.gro protein-ALL.gro index-selection.txt lipids-water-em.gro lipids-water-eq1.gro lipids-water-eq2.gro lipids-water-eq3.gro lipids-water.gro martini_v2.x_new-rf-e*.mdp martini_v2.x_new-rf-*.mdpe mdrun-em.log mdrun-eq1.log mdrun-eq2.log mdrun-eq3.log traj_comp.step*.xtc mdrun-eq4.log pullf.xvg pullx.xvg lipid_counts.npz mdrun-eq5.log lipids-water-eq5.gro mdrun-eq6.log lipids-water-eq4.gro struct_createsim.gro || true
2025-04-08 19:11:21,681 - [MainProcess:106722] mummi_core.utils.utilities:sys_call:184 - INFO - Run command: rm -r macro_sim_dir || true
2025-04-08 19:11:21,681 - [MainProcess:106722] mummi_ras.transformations.createsim.createsims:main:2607 - INFO - Running conversion from GROMACS to ddcMD...
2025-04-08 19:11:21,681 - [MainProcess:106722] mummi_ras.transformations.createsim.createsims:prime_cg_sim:585 - INFO - ---> Setup CG production sim in dir /tmp/mummi/createsim/structure_iter00_000000000007-20250408_185941
2025-04-08 19:11:22,144 - [MainProcess:106722] mummi_core.utils.utilities:sys_call:184 - INFO - Run command: gmx editconf -f lipids-water-eq6.gro -o lipids-water-eq6.gro -translate 0 0 -0.5 
2025-04-08 19:11:24,154 - [MainProcess:106722] mummi_core.utils.utilities:sys_call:184 - INFO - Run command: gmx grompp -c lipids-water-eq6.gro -r lipids-water-eq6.gro -f martini_v2.x_new-rf-prod.mdp -p system.top -o topol.tpr -maxwarn 5 -n index.ndx
2025-04-08 19:11:24,173 - [MainProcess:106722] mummi_core.utils.utilities:sys_call:184 - INFO - Run command: rm \#* || true
2025-04-08 19:11:24,191 - [MainProcess:106722] mummi_core.utils.utilities:sys_call:184 - INFO - Run command: rm fancy-slurm-syrah.she fancy.she lipids-water-eq4-fix.pdbe mdout.mdp system.tope molecule_1.data molecule_2.data molecule_3.data || true
2025-04-08 19:11:24,194 - [MainProcess:106722] mummi_core.interfaces.base:send_signal:280 - INFO - Saved signal (/p/gpfs1/pottier1/minimummi-sc25/roots/root2/sims-cg/structure_iter00_000000000007/createsims_success)
2025-04-08 19:11:24,194 - [MainProcess:106722] mummi_ras.transformations.createsim.createsims:main:2618 - INFO - ---> Createsims finish successfully for sim RAS_RAF
2025-04-08 19:11:24,194 - [MainProcess:106722] mummi_ras.transformations.createsim.createsims:main:2623 - INFO - Creatsims takes = 691.8232007026672 seconds
2025-04-08 19:11:24,194 - [MainProcess:106722] mummi_ras.transformations.createsim.createsims:main:2657 - INFO - ---> Copied form local to global - /tmp/mummi/createsim/structure_iter00_000000000007-20250408_185941/* /p/gpfs1/pottier1/minimummi-sc25/roots/root2/sims-cg/structure_iter00_000000000007/
