                :-) GROMACS - gmx mdrun, 2024.2-conda_forge (-:

Copyright 1991-2024 The GROMACS Authors.
GROMACS is free software; you can redistribute it and/or modify it
under the terms of the GNU Lesser General Public License
as published by the Free Software Foundation; either version 2.1
of the License, or (at your option) any later version.

                         Current GROMACS contributors:
       Mark Abraham           Andrey Alekseenko           Vladimir Basov      
      Cathrine Bergh            Eliane Briand               Ania Brown        
      Mahesh Doijade            Giacomo Fiorin          Stefan Fleischmann    
      Sergey Gorelov         Gilles Gouaillardet            Alan Gray         
     M. Eric Irrgang         Farzaneh Jalalypour            Joe Jordan        
     Carsten Kutzner           Justin A. Lemkul          Magnus Lundborg      
       Pascal Merz              Vedran Miletic            Dmitry Morozov      
       Julien Nabet              Szilard Pall        Andrea Pasquadibisceglie 
    Michele Pellegrino          Hubert Santuz             Roland Schulz       
     Tatiana Shugaeva          Alexey Shvetsov            Philip Turner       
     Alessandra Villa      Sebastian Wingbermuehle  

                         Previous GROMACS contributors:
        Emile Apol             Rossen Apostolov           James Barnett       
        Paul Bauer          Herman J.C. Berendsen          Par Bjelkmar       
      Christian Blau          Viacheslav Bolnykh            Kevin Boyd        
    Aldert van Buuren          Carlo Camilloni           Rudi van Drunen      
      Anton Feenstra           Oliver Fleetwood            Vytas Gapsys       
       Gaurav Garg             Gerrit Groenhof            Bert de Groot       
      Anca Hamuraru           Vincent Hindriksen          Victor Holanda      
     Aleksei Iupinov          Christoph Junghans        Prashanth Kanduri     
   Dimitrios Karkoulis           Peter Kasson             Sebastian Kehl      
     Sebastian Keller             Jiri Kraus               Per Larsson        
      Viveca Lindahl            Erik Marklund           Pieter Meulenhoff     
      Teemu Murtola              Sander Pronk             Michael Shirts      
      Alfons Sijbers            Balint Soproni         David van der Spoel    
      Peter Tieleman            Carsten Uphoff             Jon Vincent        
     Teemu Virolainen         Christian Wennberg           Maarten Wolf       
      Artem Zhmurov       

                  Coordinated by the GROMACS project leaders:
                           Berk Hess and Erik Lindahl

GROMACS:      gmx mdrun, version 2024.2-conda_forge
Executable:   /miniconda3/bin.AVX2_256/gmx
Data prefix:  /miniconda3
Working dir:  /mnt/efs/iter-2/structure_058519229/createsim
Process ID:   15646
Command line:
  gmx mdrun -cpi -nb gpu -ntmpi 1 -ntomp 8 -pin off -maxh 0.5

GROMACS version:     2024.2-conda_forge
Precision:           mixed
Memory model:        64 bit
MPI library:         thread_mpi
OpenMP support:      enabled (GMX_OPENMP_MAX_THREADS = 128)
GPU support:         CUDA
NBNxM GPU setup:     super-cluster 2x2x2 / cluster 8
SIMD instructions:   AVX2_256
CPU FFT library:     fftw-3.3.10-sse2-avx
GPU FFT library:     cuFFT
Multi-GPU FFT:       none
RDTSCP usage:        disabled
TNG support:         enabled
Hwloc support:       disabled
Tracing support:     disabled
C compiler:          /home/conda/feedstock_root/build_artifacts/gromacs_1720551881628/_build_env/bin/x86_64-conda-linux-gnu-cc GNU 11.4.0
C compiler flags:    -fexcess-precision=fast -funroll-all-loops -mavx2 -mfma -Wno-missing-field-initializers -O3 -DNDEBUG
C++ compiler:        /home/conda/feedstock_root/build_artifacts/gromacs_1720551881628/_build_env/bin/x86_64-conda-linux-gnu-c++ GNU 11.4.0
C++ compiler flags:  -fexcess-precision=fast -funroll-all-loops -mavx2 -mfma -Wno-missing-field-initializers -Wno-cast-function-type-strict SHELL:-fopenmp -O3 -DNDEBUG
BLAS library:        Internal
LAPACK library:      Internal
CUDA compiler:       /usr/local/cuda/bin/nvcc nvcc: NVIDIA (R) Cuda compiler driver;Copyright (c) 2005-2022 NVIDIA Corporation;Built on Wed_Sep_21_10:33:58_PDT_2022;Cuda compilation tools, release 11.8, V11.8.89;Build cuda_11.8.r11.8/compiler.31833905_0
CUDA compiler flags:-std=c++17;--generate-code=arch=compute_35,code=sm_35;--generate-code=arch=compute_37,code=sm_37;--generate-code=arch=compute_50,code=sm_50;--generate-code=arch=compute_52,code=sm_52;--generate-code=arch=compute_60,code=sm_60;--generate-code=arch=compute_61,code=sm_61;--generate-code=arch=compute_70,code=sm_70;--generate-code=arch=compute_75,code=sm_75;--generate-code=arch=compute_80,code=sm_80;--generate-code=arch=compute_86,code=sm_86;--generate-code=arch=compute_89,code=sm_89;--generate-code=arch=compute_90,code=sm_90;-Wno-deprecated-gpu-targets;--generate-code=arch=compute_53,code=sm_53;--generate-code=arch=compute_80,code=sm_80;-use_fast_math;-Xptxas;-warn-double-usage;-Xptxas;-Werror;;-Xcompiler;-fopenmp;-fexcess-precision=fast -funroll-all-loops -mavx2 -mfma -Wno-missing-field-initializers -Wno-cast-function-type-strict SHELL:-fopenmp -O3 -DNDEBUG
CUDA driver:         12.80
CUDA runtime:        11.80


Running on 1 node with total 4 cores, 8 processing units, 1 compatible GPU
Hardware detected on host i-0736e864e12f26c05:
  CPU info:
    Vendor: Intel
    Brand:  Intel(R) Xeon(R) CPU E5-2686 v4 @ 2.30GHz
    Family: 6   Model: 79   Stepping: 1
    Features: aes apic avx avx2 clfsh cmov cx8 cx16 f16c fma hle htt intel lahf mmx msr nonstop_tsc pcid pclmuldq pdpe1gb popcnt pse rdrnd rdtscp rtm sse2 sse3 sse4.1 sse4.2 ssse3 tdt x2apic
  Hardware topology: Basic
    Packages, cores, and logical processors:
    [indices refer to OS logical processors]
      Package  0: [   0   4] [   1   5] [   2   6] [   3   7]
    CPU limit set by OS: -1   Recommended max number of threads: 8
  GPU info:
    Number of GPUs detected: 1
    #0: NVIDIA Tesla V100-SXM2-16GB, compute cap.: 7.0, ECC: yes, stat: compatible

The current CPU can measure timings more accurately than the code in
gmx mdrun was configured to use. This might affect your simulation
speed as accurate timings are needed for load-balancing.
Please consider rebuilding gmx mdrun with the GMX_USE_RDTSCP=ON CMake option.

++++ PLEASE READ AND CITE THE FOLLOWING REFERENCE ++++
M. J. Abraham, T. Murtola, R. Schulz, S. Páll, J. C. Smith, B. Hess, E.
Lindahl
GROMACS: High performance molecular simulations through multi-level
parallelism from laptops to supercomputers
SoftwareX 1 (2015) pp. 19-25
-------- -------- --- Thank You --- -------- --------


++++ PLEASE READ AND CITE THE FOLLOWING REFERENCE ++++
S. Páll, M. J. Abraham, C. Kutzner, B. Hess, E. Lindahl
Tackling Exascale Software Challenges in Molecular Dynamics Simulations with
GROMACS
In S. Markidis & E. Laure (Eds.), Solving Software Challenges for Exascale 8759 (2015) pp. 3-27
-------- -------- --- Thank You --- -------- --------


++++ PLEASE READ AND CITE THE FOLLOWING REFERENCE ++++
S. Pronk, S. Páll, R. Schulz, P. Larsson, P. Bjelkmar, R. Apostolov, M. R.
Shirts, J. C. Smith, P. M. Kasson, D. van der Spoel, B. Hess, and E. Lindahl
GROMACS 4.5: a high-throughput and highly parallel open source molecular
simulation toolkit
Bioinformatics 29 (2013) pp. 845-54
-------- -------- --- Thank You --- -------- --------


++++ PLEASE READ AND CITE THE FOLLOWING REFERENCE ++++
B. Hess and C. Kutzner and D. van der Spoel and E. Lindahl
GROMACS 4: Algorithms for highly efficient, load-balanced, and scalable
molecular simulation
J. Chem. Theory Comput. 4 (2008) pp. 435-447
-------- -------- --- Thank You --- -------- --------


++++ PLEASE READ AND CITE THE FOLLOWING REFERENCE ++++
D. van der Spoel, E. Lindahl, B. Hess, G. Groenhof, A. E. Mark and H. J. C.
Berendsen
GROMACS: Fast, Flexible and Free
J. Comp. Chem. 26 (2005) pp. 1701-1719
-------- -------- --- Thank You --- -------- --------


++++ PLEASE READ AND CITE THE FOLLOWING REFERENCE ++++
E. Lindahl and B. Hess and D. van der Spoel
GROMACS 3.0: A package for molecular simulation and trajectory analysis
J. Mol. Mod. 7 (2001) pp. 306-317
-------- -------- --- Thank You --- -------- --------


++++ PLEASE READ AND CITE THE FOLLOWING REFERENCE ++++
H. J. C. Berendsen, D. van der Spoel and R. van Drunen
GROMACS: A message-passing parallel molecular dynamics implementation
Comp. Phys. Comm. 91 (1995) pp. 43-56
-------- -------- --- Thank You --- -------- --------


The number of OpenMP threads was set by environment variable OMP_NUM_THREADS to 8 (and the command-line setting agreed with that)

Input Parameters:
   integrator                     = md
   tinit                          = 0
   dt                             = 0.02
   nsteps                         = -1
   init-step                      = 0
   simulation-part                = 1
   mts                            = false
   mass-repartition-factor        = 1
   comm-mode                      = Linear
   nstcomm                        = 100
   bd-fric                        = 0
   ld-seed                        = -537430147
   emtol                          = 10
   emstep                         = 0.01
   niter                          = 20
   fcstep                         = 0
   nstcgsteep                     = 1000
   nbfgscorr                      = 10
   rtpi                           = 0.05
   nstxout                        = 0
   nstvout                        = 0
   nstfout                        = 0
   nstlog                         = 25000
   nstcalcenergy                  = 100
   nstenergy                      = 25000
   nstxout-compressed             = 25000
   compressed-x-precision         = 100
   cutoff-scheme                  = Verlet
   nstlist                        = 20
   pbc                            = xyz
   periodic-molecules             = false
   verlet-buffer-tolerance        = -1
   verlet-buffer-pressure-tolerance = -1
   rlist                          = 1.35
   coulombtype                    = Reaction-Field
   coulomb-modifier               = Potential-shift
   rcoulomb-switch                = 0
   rcoulomb                       = 1.1
   epsilon-r                      = 15
   epsilon-rf                     = inf
   vdw-type                       = Cut-off
   vdw-modifier                   = Potential-shift
   rvdw-switch                    = 0
   rvdw                           = 1.1
   DispCorr                       = No
   table-extension                = 1
   fourierspacing                 = 0.12
   fourier-nx                     = 0
   fourier-ny                     = 0
   fourier-nz                     = 0
   pme-order                      = 4
   ewald-rtol                     = 1e-05
   ewald-rtol-lj                  = 0.001
   lj-pme-comb-rule               = Geometric
   ewald-geometry                 = 3d
   epsilon-surface                = 0
   ensemble-temperature-setting   = constant
   ensemble-temperature           = 310
   tcoupl                         = V-rescale
   nsttcouple                     = 20
   nh-chain-length                = 0
   print-nose-hoover-chain-variables = false
   pcoupl                         = Parrinello-Rahman
   pcoupltype                     = Semiisotropic
   nstpcouple                     = 20
   tau-p                          = 12
   compressibility (3x3):
      compressibility[    0]={ 3.00000e-04,  0.00000e+00,  0.00000e+00}
      compressibility[    1]={ 0.00000e+00,  3.00000e-04,  0.00000e+00}
      compressibility[    2]={ 0.00000e+00,  0.00000e+00,  3.00000e-04}
   ref-p (3x3):
      ref-p[    0]={ 1.00000e+00,  0.00000e+00,  0.00000e+00}
      ref-p[    1]={ 0.00000e+00,  1.00000e+00,  0.00000e+00}
      ref-p[    2]={ 0.00000e+00,  0.00000e+00,  1.00000e+00}
   refcoord-scaling               = COM
   posres-com (3):
      posres-com[0]= 1.99736e-01
      posres-com[1]= 1.96920e-01
      posres-com[2]= 8.10647e-01
   posres-comB (3):
      posres-comB[0]= 1.99736e-01
      posres-comB[1]= 1.96920e-01
      posres-comB[2]= 8.10647e-01
   QMMM                           = false
qm-opts:
   ngQM                           = 0
   constraint-algorithm           = Lincs
   continuation                   = false
   Shake-SOR                      = false
   shake-tol                      = 0.0001
   lincs-order                    = 12
   lincs-iter                     = 2
   lincs-warnangle                = 90
   nwall                          = 0
   wall-type                      = 9-3
   wall-r-linpot                  = -1
   wall-atomtype[0]               = -1
   wall-atomtype[1]               = -1
   wall-density[0]                = 0
   wall-density[1]                = 0
   wall-ewald-zfac                = 3
   pull                           = false
   awh                            = false
   rotation                       = false
   interactiveMD                  = false
   disre                          = No
   disre-weighting                = Conservative
   disre-mixed                    = false
   dr-fc                          = 1000
   dr-tau                         = 0
   nstdisreout                    = 100
   orire-fc                       = 0
   orire-tau                      = 0
   nstorireout                    = 100
   free-energy                    = no
   cos-acceleration               = 0
   deform (3x3):
      deform[    0]={ 0.00000e+00,  0.00000e+00,  0.00000e+00}
      deform[    1]={ 0.00000e+00,  0.00000e+00,  0.00000e+00}
      deform[    2]={ 0.00000e+00,  0.00000e+00,  0.00000e+00}
   simulated-tempering            = false
   swapcoords                     = no
   userint1                       = 0
   userint2                       = 0
   userint3                       = 0
   userint4                       = 0
   userreal1                      = 0
   userreal2                      = 0
   userreal3                      = 0
   userreal4                      = 0
   applied-forces:
     electric-field:
       x:
         E0                       = 0
         omega                    = 0
         t0                       = 0
         sigma                    = 0
       y:
         E0                       = 0
         omega                    = 0
         t0                       = 0
         sigma                    = 0
       z:
         E0                       = 0
         omega                    = 0
         t0                       = 0
         sigma                    = 0
     density-guided-simulation:
       active                     = false
       group                      = protein
       similarity-measure         = inner-product
       atom-spreading-weight      = unity
       force-constant             = 1e+09
       gaussian-transform-spreading-width = 0.2
       gaussian-transform-spreading-range-in-multiples-of-width = 4
       reference-density-filename = reference.mrc
       nst                        = 1
       normalize-densities        = true
       adaptive-force-scaling     = false
       adaptive-force-scaling-time-constant = 4
       shift-vector               = 
       transformation-matrix      = 
     qmmm-cp2k:
       active                     = false
       qmgroup                    = System
       qmmethod                   = PBE
       qmfilenames                = 
       qmcharge                   = 0
       qmmultiplicity             = 1
     colvars:
       active                     = false
       configfile                 = 
       seed                       = -1
grpopts:
   nrdf:      115470       41774
   ref-t:         310         310
   tau-t:           1           1
annealing:          No          No
annealing-npoints:           0           0
   acc:	           0           0           0
   nfreeze:           N           N           N
   energygrp-flags[  0]: 0

Can not increase nstlist because verlet-buffer-tolerance is not set or used
Update groups can not be used for this system because an incompatible virtual site type is used

Update task can not run on the GPU, because the following condition(s) were not satisfied:

Virtual sites are not supported.

1 GPU selected for this run.
Mapping of GPU IDs to the 1 GPU task in the 1 rank on this node:
  PP:0
PP tasks will do (non-perturbed) short-ranged interactions on the GPU
PP task will update and constrain coordinates on the CPU
Using 1 MPI thread
Using 8 OpenMP threads 

System total charge: 0.000
Reaction-Field:
epsRF = 0, rc = 1.1, krf = 0.375657, crf = 1.36364, epsfac = 9.26236
The electrostatics potential has its minimum at r = 1.1
Potential shift: LJ r^-12: -3.186e-01 r^-6: -5.645e-01


Using GPU 8x8 nonbonded short-range kernels

Using a 8x8 pair-list setup:
  updated every 20 steps, buffer 0.250 nm, rlist 1.350 nm

The average pressure is off by at most nan bar due to missing LJ interactions

Using full Lennard-Jones parameter combination matrix
Removing pbc first time

Initializing LINear Constraint Solver

++++ PLEASE READ AND CITE THE FOLLOWING REFERENCE ++++
B. Hess
P-LINCS: A Parallel Linear Constraint Solver for molecular simulation
J. Chem. Theory Comput. 4 (2008) pp. 116-122
-------- -------- --- Thank You --- -------- --------

The number of constraints is 1498
1319 constraints are involved in constraint triangles,
will apply an additional matrix expansion of order 12 for couplings
between constraints inside triangles

++++ PLEASE READ AND CITE THE FOLLOWING REFERENCE ++++
G. Bussi, D. Donadio and M. Parrinello
Canonical sampling through velocity rescaling
J. Chem. Phys. 126 (2007) pp. 014101
-------- -------- --- Thank You --- -------- --------

There are: 52916 Atoms
There are: 1928 VSites

Constraining the starting coordinates (step 0)

Constraining the coordinates at t0-dt (step 0)
Center of mass motion removal mode is Linear
We have the following groups for center of mass motion removal:
  0:  Rest
  1:  Solvent
RMS relative constraint deviation after constraining: 1.14e-06
Initial temperature: 310.036 K

Started mdrun on rank 0 Sun Mar 16 19:39:28 2025

           Step           Time
              0        0.00000

   Energies (kJ/mol)
           Bond  Harmonic Pot.          Angle       G96Angle  Restr. Angles
    1.86786e+04    2.07679e+00    1.28687e+04    5.49457e+02    6.61594e+02
    Proper Dih.  Improper Dih.        LJ (SR)   Coulomb (SR) Position Rest.
    3.76123e+02    4.77108e+02   -1.27346e+06   -1.43270e+04    0.00000e+00
      Potential    Kinetic En.   Total Energy  Conserved En.    Temperature
   -1.25417e+06    2.02509e+05   -1.05166e+06   -1.05130e+06    3.09789e+02
 Pressure (bar)   Constr. rmsd
   -1.37934e+00    1.17113e-06

           Step           Time
          25000      500.00000

   Energies (kJ/mol)
           Bond  Harmonic Pot.          Angle       G96Angle  Restr. Angles
    1.80422e+04    3.89400e+00    1.28204e+04    4.75828e+02    7.05546e+02
    Proper Dih.  Improper Dih.        LJ (SR)   Coulomb (SR) Position Rest.
    4.18697e+02    4.26441e+02   -1.27275e+06   -1.40719e+04    1.61107e+01
      Potential    Kinetic En.   Total Energy  Conserved En.    Temperature
   -1.25391e+06    2.02716e+05   -1.05120e+06   -1.05146e+06    3.10105e+02
 Pressure (bar)   Constr. rmsd
    1.38919e+01    1.07343e-06

           Step           Time
          50000     1000.00000

   Energies (kJ/mol)
           Bond  Harmonic Pot.          Angle       G96Angle  Restr. Angles
    1.83381e+04    5.37603e+00    1.26153e+04    5.17142e+02    6.62147e+02
    Proper Dih.  Improper Dih.        LJ (SR)   Coulomb (SR) Position Rest.
    4.27230e+02    5.02201e+02   -1.27370e+06   -1.40471e+04    1.92386e+01
      Potential    Kinetic En.   Total Energy  Conserved En.    Temperature
   -1.25466e+06    2.03604e+05   -1.05106e+06   -1.05168e+06    3.11464e+02
 Pressure (bar)   Constr. rmsd
    5.53146e+00    1.05436e-06

           Step           Time
          75000     1500.00000

   Energies (kJ/mol)
           Bond  Harmonic Pot.          Angle       G96Angle  Restr. Angles
    1.86392e+04    3.01992e+00    1.31421e+04    5.34501e+02    6.75823e+02
    Proper Dih.  Improper Dih.        LJ (SR)   Coulomb (SR) Position Rest.
    4.03702e+02    4.75625e+02   -1.27267e+06   -1.40268e+04    1.65699e+01
      Potential    Kinetic En.   Total Energy  Conserved En.    Temperature
   -1.25280e+06    2.02337e+05   -1.05047e+06   -1.05170e+06    3.09525e+02
 Pressure (bar)   Constr. rmsd
    9.42011e+00    1.13840e-06

           Step           Time
         100000     2000.00000

   Energies (kJ/mol)
           Bond  Harmonic Pot.          Angle       G96Angle  Restr. Angles
    1.83492e+04    4.38823e+00    1.28640e+04    5.10193e+02    7.03514e+02
    Proper Dih.  Improper Dih.        LJ (SR)   Coulomb (SR) Position Rest.
    3.78778e+02    4.91249e+02   -1.27485e+06   -1.40858e+04    2.14641e+01
      Potential    Kinetic En.   Total Energy  Conserved En.    Temperature
   -1.25562e+06    2.01710e+05   -1.05391e+06   -1.05176e+06    3.08567e+02
 Pressure (bar)   Constr. rmsd
    1.58767e+01    1.14177e-06

           Step           Time
         125000     2500.00000

   Energies (kJ/mol)
           Bond  Harmonic Pot.          Angle       G96Angle  Restr. Angles
    1.83944e+04    4.66855e+00    1.28046e+04    5.30887e+02    6.69873e+02
    Proper Dih.  Improper Dih.        LJ (SR)   Coulomb (SR) Position Rest.
    3.88764e+02    4.15273e+02   -1.27306e+06   -1.41237e+04    1.81258e+01
      Potential    Kinetic En.   Total Energy  Conserved En.    Temperature
   -1.25396e+06    2.03123e+05   -1.05083e+06   -1.05173e+06    3.10728e+02
 Pressure (bar)   Constr. rmsd
    2.04949e+01    1.12291e-06

           Step           Time
         150000     3000.00000

   Energies (kJ/mol)
           Bond  Harmonic Pot.          Angle       G96Angle  Restr. Angles
    1.85240e+04    4.31347e+00    1.28958e+04    5.29239e+02    6.74874e+02
    Proper Dih.  Improper Dih.        LJ (SR)   Coulomb (SR) Position Rest.
    4.64342e+02    4.12927e+02   -1.27341e+06   -1.41284e+04    1.95929e+01
      Potential    Kinetic En.   Total Energy  Conserved En.    Temperature
   -1.25401e+06    2.01776e+05   -1.05223e+06   -1.05178e+06    3.08667e+02
 Pressure (bar)   Constr. rmsd
   -4.18065e+00    1.13654e-06

           Step           Time
         175000     3500.00000

   Energies (kJ/mol)
           Bond  Harmonic Pot.          Angle       G96Angle  Restr. Angles
    1.83278e+04    6.69194e+00    1.25776e+04    5.70739e+02    6.81374e+02
    Proper Dih.  Improper Dih.        LJ (SR)   Coulomb (SR) Position Rest.
    4.07924e+02    4.87972e+02   -1.27413e+06   -1.42315e+04    1.66342e+01
      Potential    Kinetic En.   Total Energy  Conserved En.    Temperature
   -1.25529e+06    2.03864e+05   -1.05142e+06   -1.05184e+06    3.11862e+02
 Pressure (bar)   Constr. rmsd
    2.76290e+00    1.13714e-06

           Step           Time
         200000     4000.00000

   Energies (kJ/mol)
           Bond  Harmonic Pot.          Angle       G96Angle  Restr. Angles
    1.83033e+04    6.97421e+00    1.27564e+04    4.86328e+02    7.11393e+02
    Proper Dih.  Improper Dih.        LJ (SR)   Coulomb (SR) Position Rest.
    4.32525e+02    4.08207e+02   -1.27151e+06   -1.41263e+04    1.60701e+01
      Potential    Kinetic En.   Total Energy  Conserved En.    Temperature
   -1.25251e+06    2.02007e+05   -1.05051e+06   -1.05208e+06    3.09021e+02
 Pressure (bar)   Constr. rmsd
   -2.83254e+01    1.11523e-06

           Step           Time
         225000     4500.00000

   Energies (kJ/mol)
           Bond  Harmonic Pot.          Angle       G96Angle  Restr. Angles
    1.83691e+04    3.87122e+00    1.27511e+04    5.94413e+02    7.54237e+02
    Proper Dih.  Improper Dih.        LJ (SR)   Coulomb (SR) Position Rest.
    4.07632e+02    4.28263e+02   -1.27100e+06   -1.43118e+04    1.74442e+01
      Potential    Kinetic En.   Total Energy  Conserved En.    Temperature
   -1.25198e+06    2.02815e+05   -1.04917e+06   -1.05220e+06    3.10258e+02
 Pressure (bar)   Constr. rmsd
   -2.08347e+00    1.16060e-06

           Step           Time
         250000     5000.00000

   Energies (kJ/mol)
           Bond  Harmonic Pot.          Angle       G96Angle  Restr. Angles
    1.84660e+04    5.13385e+00    1.24044e+04    5.50635e+02    6.44157e+02
    Proper Dih.  Improper Dih.        LJ (SR)   Coulomb (SR) Position Rest.
    4.46110e+02    4.41628e+02   -1.27566e+06   -1.42821e+04    1.84486e+01
      Potential    Kinetic En.   Total Energy  Conserved En.    Temperature
   -1.25696e+06    2.02556e+05   -1.05441e+06   -1.05216e+06    3.09861e+02
 Pressure (bar)   Constr. rmsd
    2.12933e+01    1.11888e-06

           Step           Time
         275000     5500.00000

   Energies (kJ/mol)
           Bond  Harmonic Pot.          Angle       G96Angle  Restr. Angles
    1.83672e+04    5.71624e+00    1.27248e+04    6.13283e+02    7.15003e+02
    Proper Dih.  Improper Dih.        LJ (SR)   Coulomb (SR) Position Rest.
    3.82106e+02    4.74239e+02   -1.27232e+06   -1.41936e+04    1.98537e+01
      Potential    Kinetic En.   Total Energy  Conserved En.    Temperature
   -1.25321e+06    2.02200e+05   -1.05101e+06   -1.05221e+06    3.09317e+02
 Pressure (bar)   Constr. rmsd
   -3.09738e+01    1.07536e-06

           Step           Time
         300000     6000.00000

   Energies (kJ/mol)
           Bond  Harmonic Pot.          Angle       G96Angle  Restr. Angles
    1.83644e+04    4.84120e+00    1.25347e+04    5.68101e+02    6.56854e+02
    Proper Dih.  Improper Dih.        LJ (SR)   Coulomb (SR) Position Rest.
    3.99858e+02    4.65271e+02   -1.27335e+06   -1.43668e+04    1.75133e+01
      Potential    Kinetic En.   Total Energy  Conserved En.    Temperature
   -1.25471e+06    2.02709e+05   -1.05200e+06   -1.05231e+06    3.10095e+02
 Pressure (bar)   Constr. rmsd
    2.76205e+01    1.18224e-06

           Step           Time
         325000     6500.00000

   Energies (kJ/mol)
           Bond  Harmonic Pot.          Angle       G96Angle  Restr. Angles
    1.85625e+04    6.03298e+00    1.25016e+04    5.50479e+02    6.83474e+02
    Proper Dih.  Improper Dih.        LJ (SR)   Coulomb (SR) Position Rest.
    4.50909e+02    4.07511e+02   -1.27139e+06   -1.44070e+04    1.58868e+01
      Potential    Kinetic En.   Total Energy  Conserved En.    Temperature
   -1.25262e+06    2.01278e+05   -1.05134e+06   -1.05236e+06    3.07906e+02
 Pressure (bar)   Constr. rmsd
   -1.00266e+00    1.14900e-06

           Step           Time
         350000     7000.00000

   Energies (kJ/mol)
           Bond  Harmonic Pot.          Angle       G96Angle  Restr. Angles
    1.83740e+04    4.14710e+00    1.27195e+04    5.40718e+02    6.73320e+02
    Proper Dih.  Improper Dih.        LJ (SR)   Coulomb (SR) Position Rest.
    3.91401e+02    4.54145e+02   -1.27349e+06   -1.44984e+04    1.85299e+01
      Potential    Kinetic En.   Total Energy  Conserved En.    Temperature
   -1.25482e+06    2.02103e+05   -1.05271e+06   -1.05241e+06    3.09168e+02
 Pressure (bar)   Constr. rmsd
    6.64956e-01    1.08196e-06

           Step           Time
         375000     7500.00000

   Energies (kJ/mol)
           Bond  Harmonic Pot.          Angle       G96Angle  Restr. Angles
    1.79408e+04    5.64689e+00    1.29008e+04    5.37432e+02    7.05232e+02
    Proper Dih.  Improper Dih.        LJ (SR)   Coulomb (SR) Position Rest.
    3.84159e+02    5.18274e+02   -1.27084e+06   -1.42527e+04    1.41996e+01
      Potential    Kinetic En.   Total Energy  Conserved En.    Temperature
   -1.25209e+06    2.02656e+05   -1.04943e+06   -1.05245e+06    3.10014e+02
 Pressure (bar)   Constr. rmsd
   -1.81624e+01    1.12081e-06

           Step           Time
         400000     8000.00000

   Energies (kJ/mol)
           Bond  Harmonic Pot.          Angle       G96Angle  Restr. Angles
    1.84908e+04    5.50728e+00    1.28850e+04    5.79809e+02    6.85121e+02
    Proper Dih.  Improper Dih.        LJ (SR)   Coulomb (SR) Position Rest.
    4.13265e+02    4.13577e+02   -1.27213e+06   -1.43491e+04    2.00617e+01
      Potential    Kinetic En.   Total Energy  Conserved En.    Temperature
   -1.25299e+06    2.02705e+05   -1.05029e+06   -1.05237e+06    3.10089e+02
 Pressure (bar)   Constr. rmsd
   -3.87525e+00    1.14865e-06

           Step           Time
         425000     8500.00000

   Energies (kJ/mol)
           Bond  Harmonic Pot.          Angle       G96Angle  Restr. Angles
    1.82523e+04    2.88644e+00    1.31984e+04    5.49805e+02    6.60394e+02
    Proper Dih.  Improper Dih.        LJ (SR)   Coulomb (SR) Position Rest.
    4.80928e+02    4.60502e+02   -1.27496e+06   -1.41804e+04    2.09784e+01
      Potential    Kinetic En.   Total Energy  Conserved En.    Temperature
   -1.25551e+06    2.01282e+05   -1.05423e+06   -1.05240e+06    3.07911e+02
 Pressure (bar)   Constr. rmsd
    1.48774e+01    1.09341e-06

           Step           Time
         450000     9000.00000

   Energies (kJ/mol)
           Bond  Harmonic Pot.          Angle       G96Angle  Restr. Angles
    1.82714e+04    3.46470e+00    1.28653e+04    5.10195e+02    6.11518e+02
    Proper Dih.  Improper Dih.        LJ (SR)   Coulomb (SR) Position Rest.
    4.47625e+02    4.36721e+02   -1.27336e+06   -1.42531e+04    2.52202e+01
      Potential    Kinetic En.   Total Energy  Conserved En.    Temperature
   -1.25444e+06    2.01966e+05   -1.05247e+06   -1.05255e+06    3.08959e+02
 Pressure (bar)   Constr. rmsd
    1.33498e+00    1.08526e-06

           Step           Time
         475000     9500.00000

   Energies (kJ/mol)
           Bond  Harmonic Pot.          Angle       G96Angle  Restr. Angles
    1.83751e+04    3.85594e+00    1.24330e+04    4.88510e+02    6.67705e+02
    Proper Dih.  Improper Dih.        LJ (SR)   Coulomb (SR) Position Rest.
    4.01207e+02    4.28851e+02   -1.27150e+06   -1.43603e+04    1.81803e+01
      Potential    Kinetic En.   Total Energy  Conserved En.    Temperature
   -1.25305e+06    2.04198e+05   -1.04885e+06   -1.05257e+06    3.12373e+02
 Pressure (bar)   Constr. rmsd
    1.45046e+01    1.07593e-06

           Step           Time
         500000    10000.00000

   Energies (kJ/mol)
           Bond  Harmonic Pot.          Angle       G96Angle  Restr. Angles
    1.86518e+04    7.12475e+00    1.26040e+04    5.60296e+02    7.10756e+02
    Proper Dih.  Improper Dih.        LJ (SR)   Coulomb (SR) Position Rest.
    3.72431e+02    4.18695e+02   -1.27224e+06   -1.43067e+04    2.35502e+01
      Potential    Kinetic En.   Total Energy  Conserved En.    Temperature
   -1.25320e+06    2.03277e+05   -1.04992e+06   -1.05266e+06    3.10963e+02
 Pressure (bar)   Constr. rmsd
    3.32596e+01    1.09037e-06

           Step           Time
         525000    10500.00000

   Energies (kJ/mol)
           Bond  Harmonic Pot.          Angle       G96Angle  Restr. Angles
    1.83488e+04    4.71297e+00    1.24319e+04    5.17742e+02    6.91857e+02
    Proper Dih.  Improper Dih.        LJ (SR)   Coulomb (SR) Position Rest.
    3.58902e+02    4.09129e+02   -1.27492e+06   -1.43565e+04    1.90112e+01
      Potential    Kinetic En.   Total Energy  Conserved En.    Temperature
   -1.25650e+06    2.02319e+05   -1.05418e+06   -1.05290e+06    3.09498e+02
 Pressure (bar)   Constr. rmsd
   -8.28445e+00    1.14333e-06

           Step           Time
         550000    11000.00000

   Energies (kJ/mol)
           Bond  Harmonic Pot.          Angle       G96Angle  Restr. Angles
    1.88195e+04    5.38087e+00    1.27021e+04    5.47307e+02    6.29743e+02
    Proper Dih.  Improper Dih.        LJ (SR)   Coulomb (SR) Position Rest.
    4.83541e+02    4.57274e+02   -1.27434e+06   -1.43843e+04    1.58711e+01
      Potential    Kinetic En.   Total Energy  Conserved En.    Temperature
   -1.25506e+06    2.03533e+05   -1.05153e+06   -1.05299e+06    3.11355e+02
 Pressure (bar)   Constr. rmsd
    1.53716e+01    1.15715e-06

           Step           Time
         575000    11500.00000

   Energies (kJ/mol)
           Bond  Harmonic Pot.          Angle       G96Angle  Restr. Angles
    1.80970e+04    7.48906e+00    1.29838e+04    5.35347e+02    6.86892e+02
    Proper Dih.  Improper Dih.        LJ (SR)   Coulomb (SR) Position Rest.
    4.52639e+02    4.25401e+02   -1.27312e+06   -1.41742e+04    1.72892e+01
      Potential    Kinetic En.   Total Energy  Conserved En.    Temperature
   -1.25409e+06    2.02581e+05   -1.05151e+06   -1.05306e+06    3.09899e+02
 Pressure (bar)   Constr. rmsd
   -2.50548e+01    1.10237e-06

           Step           Time
         600000    12000.00000

   Energies (kJ/mol)
           Bond  Harmonic Pot.          Angle       G96Angle  Restr. Angles
    1.84351e+04    5.69969e+00    1.30324e+04    5.20140e+02    7.18124e+02
    Proper Dih.  Improper Dih.        LJ (SR)   Coulomb (SR) Position Rest.
    4.36231e+02    5.15163e+02   -1.27315e+06   -1.43255e+04    2.13309e+01
      Potential    Kinetic En.   Total Energy  Conserved En.    Temperature
   -1.25379e+06    2.04107e+05   -1.04968e+06   -1.05316e+06    3.12234e+02
 Pressure (bar)   Constr. rmsd
    2.48431e+01    1.11426e-06

           Step           Time
         625000    12500.00000

   Energies (kJ/mol)
           Bond  Harmonic Pot.          Angle       G96Angle  Restr. Angles
    1.84620e+04    2.87721e+00    1.29153e+04    5.63866e+02    6.72579e+02
    Proper Dih.  Improper Dih.        LJ (SR)   Coulomb (SR) Position Rest.
    4.06128e+02    4.44753e+02   -1.27083e+06   -1.40909e+04    1.68502e+01
      Potential    Kinetic En.   Total Energy  Conserved En.    Temperature
   -1.25144e+06    2.02398e+05   -1.04904e+06   -1.05342e+06    3.09619e+02
 Pressure (bar)   Constr. rmsd
   -1.42756e+01    1.08708e-06

           Step           Time
         650000    13000.00000

   Energies (kJ/mol)
           Bond  Harmonic Pot.          Angle       G96Angle  Restr. Angles
    1.81175e+04    4.08429e+00    1.29238e+04    5.24187e+02    6.85172e+02
    Proper Dih.  Improper Dih.        LJ (SR)   Coulomb (SR) Position Rest.
    4.26706e+02    4.63205e+02   -1.27339e+06   -1.40452e+04    1.49837e+01
      Potential    Kinetic En.   Total Energy  Conserved En.    Temperature
   -1.25427e+06    2.03138e+05   -1.05113e+06   -1.05361e+06    3.10751e+02
 Pressure (bar)   Constr. rmsd
   -1.48691e+01    1.13533e-06

           Step           Time
         675000    13500.00000

   Energies (kJ/mol)
           Bond  Harmonic Pot.          Angle       G96Angle  Restr. Angles
    1.80833e+04    7.96034e+00    1.27364e+04    5.29245e+02    6.48854e+02
    Proper Dih.  Improper Dih.        LJ (SR)   Coulomb (SR) Position Rest.
    4.14737e+02    4.08342e+02   -1.27274e+06   -1.42509e+04    2.11500e+01
      Potential    Kinetic En.   Total Energy  Conserved En.    Temperature
   -1.25414e+06    2.04469e+05   -1.04967e+06   -1.05364e+06    3.12787e+02
 Pressure (bar)   Constr. rmsd
    1.12623e+01    1.11857e-06

           Step           Time
         700000    14000.00000

   Energies (kJ/mol)
           Bond  Harmonic Pot.          Angle       G96Angle  Restr. Angles
    1.87930e+04    6.33601e+00    1.27558e+04    5.31469e+02    6.65813e+02
    Proper Dih.  Improper Dih.        LJ (SR)   Coulomb (SR) Position Rest.
    3.97048e+02    4.42710e+02   -1.27335e+06   -1.44183e+04    2.78356e+01
      Potential    Kinetic En.   Total Energy  Conserved En.    Temperature
   -1.25414e+06    2.03716e+05   -1.05043e+06   -1.05374e+06    3.11635e+02
 Pressure (bar)   Constr. rmsd
   -2.69561e-01    1.15228e-06

           Step           Time
         725000    14500.00000

   Energies (kJ/mol)
           Bond  Harmonic Pot.          Angle       G96Angle  Restr. Angles
    1.82427e+04    2.87111e+00    1.27265e+04    5.34906e+02    6.87513e+02
    Proper Dih.  Improper Dih.        LJ (SR)   Coulomb (SR) Position Rest.
    4.25980e+02    4.83374e+02   -1.27472e+06   -1.42181e+04    2.20501e+01
      Potential    Kinetic En.   Total Energy  Conserved En.    Temperature
   -1.25581e+06    2.03517e+05   -1.05229e+06   -1.05366e+06    3.11331e+02
 Pressure (bar)   Constr. rmsd
    1.30652e+01    1.15285e-06

           Step           Time
         750000    15000.00000

   Energies (kJ/mol)
           Bond  Harmonic Pot.          Angle       G96Angle  Restr. Angles
    1.84586e+04    5.04754e+00    1.28538e+04    5.34491e+02    7.01785e+02
    Proper Dih.  Improper Dih.        LJ (SR)   Coulomb (SR) Position Rest.
    3.62668e+02    4.64528e+02   -1.27438e+06   -1.42683e+04    2.52018e+01
      Potential    Kinetic En.   Total Energy  Conserved En.    Temperature
   -1.25524e+06    2.01090e+05   -1.05416e+06   -1.05378e+06    3.07618e+02
 Pressure (bar)   Constr. rmsd
    2.11610e+01    1.14823e-06

           Step           Time
         775000    15500.00000

   Energies (kJ/mol)
           Bond  Harmonic Pot.          Angle       G96Angle  Restr. Angles
    1.86532e+04    6.10903e+00    1.25666e+04    5.42713e+02    6.74390e+02
    Proper Dih.  Improper Dih.        LJ (SR)   Coulomb (SR) Position Rest.
    3.81308e+02    4.40158e+02   -1.27416e+06   -1.43924e+04    2.71630e+01
      Potential    Kinetic En.   Total Energy  Conserved En.    Temperature
   -1.25526e+06    2.02956e+05   -1.05230e+06   -1.05376e+06    3.10473e+02
 Pressure (bar)   Constr. rmsd
   -5.15316e+00    1.15404e-06

           Step           Time
         800000    16000.00000

   Energies (kJ/mol)
           Bond  Harmonic Pot.          Angle       G96Angle  Restr. Angles
    1.82728e+04    4.30028e+00    1.25087e+04    5.57754e+02    5.83423e+02
    Proper Dih.  Improper Dih.        LJ (SR)   Coulomb (SR) Position Rest.
    4.26409e+02    4.07934e+02   -1.27431e+06   -1.41655e+04    2.90309e+01
      Potential    Kinetic En.   Total Energy  Conserved En.    Temperature
   -1.25569e+06    2.01874e+05   -1.05382e+06   -1.05409e+06    3.08817e+02
 Pressure (bar)   Constr. rmsd
    7.91711e+00    1.13530e-06

           Step           Time
         825000    16500.00000

   Energies (kJ/mol)
           Bond  Harmonic Pot.          Angle       G96Angle  Restr. Angles
    1.83364e+04    6.14241e+00    1.24801e+04    5.55673e+02    7.55640e+02
    Proper Dih.  Improper Dih.        LJ (SR)   Coulomb (SR) Position Rest.
    4.07261e+02    4.28635e+02   -1.27309e+06   -1.40629e+04    1.88600e+01
      Potential    Kinetic En.   Total Energy  Conserved En.    Temperature
   -1.25417e+06    2.02891e+05   -1.05128e+06   -1.05412e+06    3.10373e+02
 Pressure (bar)   Constr. rmsd
   -7.44688e+00    1.18737e-06

           Step           Time
         850000    17000.00000

   Energies (kJ/mol)
           Bond  Harmonic Pot.          Angle       G96Angle  Restr. Angles
    1.86157e+04    8.01970e+00    1.26414e+04    5.07647e+02    6.77130e+02
    Proper Dih.  Improper Dih.        LJ (SR)   Coulomb (SR) Position Rest.
    4.29756e+02    4.63797e+02   -1.27450e+06   -1.42464e+04    2.00463e+01
      Potential    Kinetic En.   Total Energy  Conserved En.    Temperature
   -1.25538e+06    2.02297e+05   -1.05309e+06   -1.05419e+06    3.09464e+02
 Pressure (bar)   Constr. rmsd
    5.31944e+00    1.15786e-06

           Step           Time
         875000    17500.00000

   Energies (kJ/mol)
           Bond  Harmonic Pot.          Angle       G96Angle  Restr. Angles
    1.85423e+04    5.77264e+00    1.30311e+04    5.25569e+02    6.31821e+02
    Proper Dih.  Improper Dih.        LJ (SR)   Coulomb (SR) Position Rest.
    3.87198e+02    5.77771e+02   -1.27018e+06   -1.42596e+04    2.25352e+01
      Potential    Kinetic En.   Total Energy  Conserved En.    Temperature
   -1.25071e+06    2.03419e+05   -1.04729e+06   -1.05440e+06    3.11182e+02
 Pressure (bar)   Constr. rmsd
   -2.26637e+01    1.15993e-06

           Step           Time
         900000    18000.00000

   Energies (kJ/mol)
           Bond  Harmonic Pot.          Angle       G96Angle  Restr. Angles
    1.88453e+04    3.70614e+00    1.26856e+04    5.30454e+02    6.41601e+02
    Proper Dih.  Improper Dih.        LJ (SR)   Coulomb (SR) Position Rest.
    4.67679e+02    4.40470e+02   -1.27586e+06   -1.43020e+04    2.10580e+01
      Potential    Kinetic En.   Total Energy  Conserved En.    Temperature
   -1.25653e+06    2.01076e+05   -1.05545e+06   -1.05441e+06    3.07596e+02
 Pressure (bar)   Constr. rmsd
   -3.14847e+00    1.15379e-06

Writing checkpoint, step 912980 at Sun Mar 16 19:54:28 2025


           Step           Time
         925000    18500.00000

   Energies (kJ/mol)
           Bond  Harmonic Pot.          Angle       G96Angle  Restr. Angles
    1.81530e+04    4.13430e+00    1.28044e+04    5.19628e+02    6.91024e+02
    Proper Dih.  Improper Dih.        LJ (SR)   Coulomb (SR) Position Rest.
    4.51625e+02    4.07058e+02   -1.27388e+06   -1.44321e+04    1.86810e+01
      Potential    Kinetic En.   Total Energy  Conserved En.    Temperature
   -1.25526e+06    2.03389e+05   -1.05187e+06   -1.05445e+06    3.11135e+02
 Pressure (bar)   Constr. rmsd
   -9.04583e+00    1.14682e-06

           Step           Time
         950000    19000.00000

   Energies (kJ/mol)
           Bond  Harmonic Pot.          Angle       G96Angle  Restr. Angles
    1.84895e+04    3.62791e+00    1.25213e+04    5.80396e+02    6.23174e+02
    Proper Dih.  Improper Dih.        LJ (SR)   Coulomb (SR) Position Rest.
    4.16308e+02    4.53518e+02   -1.27588e+06   -1.41234e+04    2.23741e+01
      Potential    Kinetic En.   Total Energy  Conserved En.    Temperature
   -1.25690e+06    2.02550e+05   -1.05435e+06   -1.05445e+06    3.09852e+02
 Pressure (bar)   Constr. rmsd
    1.49114e+01    1.15533e-06

           Step           Time
         975000    19500.00000

   Energies (kJ/mol)
           Bond  Harmonic Pot.          Angle       G96Angle  Restr. Angles
    1.85335e+04    3.82788e+00    1.28569e+04    5.98164e+02    6.72735e+02
    Proper Dih.  Improper Dih.        LJ (SR)   Coulomb (SR) Position Rest.
    4.43954e+02    4.57618e+02   -1.27301e+06   -1.42187e+04    2.05858e+01
      Potential    Kinetic En.   Total Energy  Conserved En.    Temperature
   -1.25365e+06    2.02133e+05   -1.05151e+06   -1.05441e+06    3.09213e+02
 Pressure (bar)   Constr. rmsd
    2.24995e+01    1.13694e-06

           Step           Time
        1000000    20000.00000

   Energies (kJ/mol)
           Bond  Harmonic Pot.          Angle       G96Angle  Restr. Angles
    1.85436e+04    4.85452e+00    1.24767e+04    5.22704e+02    6.35911e+02
    Proper Dih.  Improper Dih.        LJ (SR)   Coulomb (SR) Position Rest.
    4.26373e+02    4.32694e+02   -1.27417e+06   -1.40672e+04    1.84063e+01
      Potential    Kinetic En.   Total Energy  Conserved En.    Temperature
   -1.25517e+06    2.01146e+05   -1.05403e+06   -1.05473e+06    3.07704e+02
 Pressure (bar)   Constr. rmsd
    1.66534e+00    1.16369e-06

           Step           Time
        1025000    20500.00000

   Energies (kJ/mol)
           Bond  Harmonic Pot.          Angle       G96Angle  Restr. Angles
    1.83449e+04    4.69000e+00    1.28058e+04    5.83830e+02    6.40009e+02
    Proper Dih.  Improper Dih.        LJ (SR)   Coulomb (SR) Position Rest.
    4.26838e+02    5.20310e+02   -1.27361e+06   -1.41960e+04    1.67975e+01
      Potential    Kinetic En.   Total Energy  Conserved En.    Temperature
   -1.25446e+06    2.02303e+05   -1.05216e+06   -1.05489e+06    3.09473e+02
 Pressure (bar)   Constr. rmsd
   -2.45103e+01    1.14712e-06

           Step           Time
        1050000    21000.00000

   Energies (kJ/mol)
           Bond  Harmonic Pot.          Angle       G96Angle  Restr. Angles
    1.84024e+04    5.77268e+00    1.26036e+04    5.18103e+02    6.50234e+02
    Proper Dih.  Improper Dih.        LJ (SR)   Coulomb (SR) Position Rest.
    4.64311e+02    4.39135e+02   -1.27386e+06   -1.43392e+04    2.21980e+01
      Potential    Kinetic En.   Total Energy  Conserved En.    Temperature
   -1.25509e+06    2.03703e+05   -1.05139e+06   -1.05486e+06    3.11616e+02
 Pressure (bar)   Constr. rmsd
    1.06089e+00    1.15483e-06

           Step           Time
        1075000    21500.00000

   Energies (kJ/mol)
           Bond  Harmonic Pot.          Angle       G96Angle  Restr. Angles
    1.84472e+04    5.91442e+00    1.26458e+04    5.19059e+02    6.31971e+02
    Proper Dih.  Improper Dih.        LJ (SR)   Coulomb (SR) Position Rest.
    4.68040e+02    4.22196e+02   -1.27235e+06   -1.41503e+04    1.91099e+01
      Potential    Kinetic En.   Total Energy  Conserved En.    Temperature
   -1.25334e+06    2.04200e+05   -1.04914e+06   -1.05504e+06    3.12376e+02
 Pressure (bar)   Constr. rmsd
    1.87649e+01    1.11201e-06

           Step           Time
        1100000    22000.00000

   Energies (kJ/mol)
           Bond  Harmonic Pot.          Angle       G96Angle  Restr. Angles
    1.82642e+04    4.32257e+00    1.26389e+04    5.19482e+02    6.61356e+02
    Proper Dih.  Improper Dih.        LJ (SR)   Coulomb (SR) Position Rest.
    4.34516e+02    5.05127e+02   -1.27501e+06   -1.39732e+04    1.98904e+01
      Potential    Kinetic En.   Total Energy  Conserved En.    Temperature
   -1.25593e+06    2.02953e+05   -1.05298e+06   -1.05521e+06    3.10468e+02
 Pressure (bar)   Constr. rmsd
   -2.59699e+01    1.14972e-06

           Step           Time
        1125000    22500.00000

   Energies (kJ/mol)
           Bond  Harmonic Pot.          Angle       G96Angle  Restr. Angles
    1.86919e+04    6.88330e+00    1.28562e+04    5.27930e+02    7.05954e+02
    Proper Dih.  Improper Dih.        LJ (SR)   Coulomb (SR) Position Rest.
    4.12373e+02    4.58868e+02   -1.27340e+06   -1.43166e+04    1.82137e+01
      Potential    Kinetic En.   Total Energy  Conserved En.    Temperature
   -1.25404e+06    2.02961e+05   -1.05108e+06   -1.05514e+06    3.10480e+02
 Pressure (bar)   Constr. rmsd
   -2.67860e+01    1.10556e-06

           Step           Time
        1150000    23000.00000

   Energies (kJ/mol)
           Bond  Harmonic Pot.          Angle       G96Angle  Restr. Angles
    1.85001e+04    8.44644e+00    1.26533e+04    5.59850e+02    6.23432e+02
    Proper Dih.  Improper Dih.        LJ (SR)   Coulomb (SR) Position Rest.
    4.77891e+02    4.66197e+02   -1.27222e+06   -1.40456e+04    2.18902e+01
      Potential    Kinetic En.   Total Energy  Conserved En.    Temperature
   -1.25295e+06    2.02591e+05   -1.05036e+06   -1.05518e+06    3.09914e+02
 Pressure (bar)   Constr. rmsd
   -2.22455e+00    1.18861e-06

           Step           Time
        1175000    23500.00000

   Energies (kJ/mol)
           Bond  Harmonic Pot.          Angle       G96Angle  Restr. Angles
    1.84896e+04    8.72830e+00    1.28159e+04    5.38104e+02    6.80101e+02
    Proper Dih.  Improper Dih.        LJ (SR)   Coulomb (SR) Position Rest.
    4.01489e+02    4.54792e+02   -1.27283e+06   -1.42730e+04    2.10564e+01
      Potential    Kinetic En.   Total Energy  Conserved En.    Temperature
   -1.25369e+06    2.03206e+05   -1.05048e+06   -1.05525e+06    3.10856e+02
 Pressure (bar)   Constr. rmsd
    2.43825e+01    1.17892e-06

           Step           Time
        1200000    24000.00000

   Energies (kJ/mol)
           Bond  Harmonic Pot.          Angle       G96Angle  Restr. Angles
    1.88193e+04    9.30463e+00    1.26145e+04    5.36159e+02    7.14589e+02
    Proper Dih.  Improper Dih.        LJ (SR)   Coulomb (SR) Position Rest.
    4.42949e+02    4.54509e+02   -1.27280e+06   -1.42495e+04    2.00422e+01
      Potential    Kinetic En.   Total Energy  Conserved En.    Temperature
   -1.25344e+06    2.02357e+05   -1.05108e+06   -1.05527e+06    3.09557e+02
 Pressure (bar)   Constr. rmsd
    3.07432e+00    1.25540e-06

           Step           Time
        1225000    24500.00000

   Energies (kJ/mol)
           Bond  Harmonic Pot.          Angle       G96Angle  Restr. Angles
    1.89298e+04    4.22251e+00    1.28366e+04    5.73228e+02    6.45258e+02
    Proper Dih.  Improper Dih.        LJ (SR)   Coulomb (SR) Position Rest.
    4.47417e+02    4.65515e+02   -1.27397e+06   -1.44987e+04    2.20016e+01
      Potential    Kinetic En.   Total Energy  Conserved En.    Temperature
   -1.25455e+06    2.04160e+05   -1.05039e+06   -1.05537e+06    3.12315e+02
 Pressure (bar)   Constr. rmsd
   -1.06889e+01    1.17277e-06

           Step           Time
        1250000    25000.00000

   Energies (kJ/mol)
           Bond  Harmonic Pot.          Angle       G96Angle  Restr. Angles
    1.84339e+04    5.17578e+00    1.27442e+04    5.21534e+02    6.78093e+02
    Proper Dih.  Improper Dih.        LJ (SR)   Coulomb (SR) Position Rest.
    3.72256e+02    4.29889e+02   -1.27316e+06   -1.45424e+04    2.40835e+01
      Potential    Kinetic En.   Total Energy  Conserved En.    Temperature
   -1.25450e+06    2.02940e+05   -1.05155e+06   -1.05554e+06    3.10449e+02
 Pressure (bar)   Constr. rmsd
    3.09709e+01    1.15859e-06

           Step           Time
        1275000    25500.00000

   Energies (kJ/mol)
           Bond  Harmonic Pot.          Angle       G96Angle  Restr. Angles
    1.83600e+04    3.36469e+00    1.27987e+04    5.26583e+02    7.06809e+02
    Proper Dih.  Improper Dih.        LJ (SR)   Coulomb (SR) Position Rest.
    4.19035e+02    4.13339e+02   -1.27165e+06   -1.43371e+04    2.10661e+01
      Potential    Kinetic En.   Total Energy  Conserved En.    Temperature
   -1.25274e+06    2.01273e+05   -1.05147e+06   -1.05571e+06    3.07898e+02
 Pressure (bar)   Constr. rmsd
   -7.27003e+00    1.19205e-06

           Step           Time
        1300000    26000.00000

   Energies (kJ/mol)
           Bond  Harmonic Pot.          Angle       G96Angle  Restr. Angles
    1.87861e+04    8.01312e+00    1.27788e+04    5.20484e+02    7.02801e+02
    Proper Dih.  Improper Dih.        LJ (SR)   Coulomb (SR) Position Rest.
    4.47325e+02    4.61847e+02   -1.27011e+06   -1.42824e+04    1.81894e+01
      Potential    Kinetic En.   Total Energy  Conserved En.    Temperature
   -1.25067e+06    2.03685e+05   -1.04698e+06   -1.05573e+06    3.11588e+02
 Pressure (bar)   Constr. rmsd
    1.60751e+00    1.22173e-06

           Step           Time
        1325000    26500.00000

   Energies (kJ/mol)
           Bond  Harmonic Pot.          Angle       G96Angle  Restr. Angles
    1.81897e+04    4.74044e+00    1.27214e+04    5.56693e+02    6.79032e+02
    Proper Dih.  Improper Dih.        LJ (SR)   Coulomb (SR) Position Rest.
    4.07517e+02    3.91254e+02   -1.27225e+06   -1.45320e+04    1.52972e+01
      Potential    Kinetic En.   Total Energy  Conserved En.    Temperature
   -1.25382e+06    2.02379e+05   -1.05144e+06   -1.05574e+06    3.09590e+02
 Pressure (bar)   Constr. rmsd
   -1.30343e+01    1.18421e-06

           Step           Time
        1350000    27000.00000

   Energies (kJ/mol)
           Bond  Harmonic Pot.          Angle       G96Angle  Restr. Angles
    1.86730e+04    5.13754e+00    1.29396e+04    5.22868e+02    6.61161e+02
    Proper Dih.  Improper Dih.        LJ (SR)   Coulomb (SR) Position Rest.
    4.08242e+02    4.37027e+02   -1.27583e+06   -1.44049e+04    1.95736e+01
      Potential    Kinetic En.   Total Energy  Conserved En.    Temperature
   -1.25656e+06    2.02283e+05   -1.05428e+06   -1.05570e+06    3.09444e+02
 Pressure (bar)   Constr. rmsd
    9.76020e+00    1.16330e-06

           Step           Time
        1375000    27500.00000

   Energies (kJ/mol)
           Bond  Harmonic Pot.          Angle       G96Angle  Restr. Angles
    1.87677e+04    3.14517e+00    1.26186e+04    5.88748e+02    6.91596e+02
    Proper Dih.  Improper Dih.        LJ (SR)   Coulomb (SR) Position Rest.
    3.83423e+02    4.67822e+02   -1.27139e+06   -1.41130e+04    1.96866e+01
      Potential    Kinetic En.   Total Energy  Conserved En.    Temperature
   -1.25196e+06    2.02938e+05   -1.04902e+06   -1.05559e+06    3.10445e+02
 Pressure (bar)   Constr. rmsd
   -1.14508e+01    1.15563e-06

           Step           Time
        1400000    28000.00000

   Energies (kJ/mol)
           Bond  Harmonic Pot.          Angle       G96Angle  Restr. Angles
    1.83565e+04    3.30361e+00    1.27465e+04    5.38052e+02    6.55438e+02
    Proper Dih.  Improper Dih.        LJ (SR)   Coulomb (SR) Position Rest.
    4.44289e+02    3.84817e+02   -1.27211e+06   -1.43733e+04    1.76928e+01
      Potential    Kinetic En.   Total Energy  Conserved En.    Temperature
   -1.25334e+06    2.01292e+05   -1.05204e+06   -1.05557e+06    3.07927e+02
 Pressure (bar)   Constr. rmsd
   -1.51769e+01    1.18659e-06

           Step           Time
        1425000    28500.00000

   Energies (kJ/mol)
           Bond  Harmonic Pot.          Angle       G96Angle  Restr. Angles
    1.85300e+04    3.08298e+00    1.30595e+04    5.37433e+02    6.90958e+02
    Proper Dih.  Improper Dih.        LJ (SR)   Coulomb (SR) Position Rest.
    3.94270e+02    4.54484e+02   -1.27319e+06   -1.42948e+04    1.66733e+01
      Potential    Kinetic En.   Total Energy  Conserved En.    Temperature
   -1.25380e+06    2.03976e+05   -1.04982e+06   -1.05565e+06    3.12034e+02
 Pressure (bar)   Constr. rmsd
    1.97036e+00    1.18748e-06

           Step           Time
        1450000    29000.00000

   Energies (kJ/mol)
           Bond  Harmonic Pot.          Angle       G96Angle  Restr. Angles
    1.86331e+04    4.93989e+00    1.24210e+04    5.95487e+02    6.55013e+02
    Proper Dih.  Improper Dih.        LJ (SR)   Coulomb (SR) Position Rest.
    4.03139e+02    4.27761e+02   -1.27657e+06   -1.45073e+04    1.80276e+01
      Potential    Kinetic En.   Total Energy  Conserved En.    Temperature
   -1.25792e+06    2.04000e+05   -1.05392e+06   -1.05577e+06    3.12070e+02
 Pressure (bar)   Constr. rmsd
    3.06893e+01    1.12819e-06

           Step           Time
        1475000    29500.00000

   Energies (kJ/mol)
           Bond  Harmonic Pot.          Angle       G96Angle  Restr. Angles
    1.88126e+04    4.41927e+00    1.27549e+04    5.40190e+02    7.24757e+02
    Proper Dih.  Improper Dih.        LJ (SR)   Coulomb (SR) Position Rest.
    4.11190e+02    4.83720e+02   -1.27187e+06   -1.41861e+04    1.71661e+01
      Potential    Kinetic En.   Total Energy  Conserved En.    Temperature
   -1.25231e+06    2.02494e+05   -1.04981e+06   -1.05578e+06    3.09767e+02
 Pressure (bar)   Constr. rmsd
   -3.06037e+01    1.15869e-06

           Step           Time
        1500000    30000.00000

   Energies (kJ/mol)
           Bond  Harmonic Pot.          Angle       G96Angle  Restr. Angles
    1.84864e+04    4.28345e+00    1.29300e+04    5.39350e+02    6.49803e+02
    Proper Dih.  Improper Dih.        LJ (SR)   Coulomb (SR) Position Rest.
    4.66434e+02    4.70856e+02   -1.27299e+06   -1.42565e+04    1.48094e+01
      Potential    Kinetic En.   Total Energy  Conserved En.    Temperature
   -1.25368e+06    2.02931e+05   -1.05075e+06   -1.05573e+06    3.10435e+02
 Pressure (bar)   Constr. rmsd
   -3.59277e+00    1.15909e-06

           Step           Time
        1525000    30500.00000

   Energies (kJ/mol)
           Bond  Harmonic Pot.          Angle       G96Angle  Restr. Angles
    1.85263e+04    4.01748e+00    1.23553e+04    5.17509e+02    6.31732e+02
    Proper Dih.  Improper Dih.        LJ (SR)   Coulomb (SR) Position Rest.
    3.72702e+02    4.57966e+02   -1.27318e+06   -1.40849e+04    2.18900e+01
      Potential    Kinetic En.   Total Energy  Conserved En.    Temperature
   -1.25438e+06    2.04363e+05   -1.05001e+06   -1.05569e+06    3.12625e+02
 Pressure (bar)   Constr. rmsd
   -2.67067e+00    1.16211e-06

           Step           Time
        1550000    31000.00000

   Energies (kJ/mol)
           Bond  Harmonic Pot.          Angle       G96Angle  Restr. Angles
    1.85804e+04    5.13939e+00    1.28748e+04    5.87434e+02    6.84130e+02
    Proper Dih.  Improper Dih.        LJ (SR)   Coulomb (SR) Position Rest.
    4.37343e+02    4.25813e+02   -1.27341e+06   -1.45349e+04    1.82272e+01
      Potential    Kinetic En.   Total Energy  Conserved En.    Temperature
   -1.25433e+06    2.01341e+05   -1.05299e+06   -1.05573e+06    3.08002e+02
 Pressure (bar)   Constr. rmsd
    1.58384e+01    1.14171e-06

           Step           Time
        1575000    31500.00000

   Energies (kJ/mol)
           Bond  Harmonic Pot.          Angle       G96Angle  Restr. Angles
    1.83391e+04    5.97884e+00    1.26816e+04    5.00961e+02    6.69705e+02
    Proper Dih.  Improper Dih.        LJ (SR)   Coulomb (SR) Position Rest.
    3.81960e+02    3.97869e+02   -1.27608e+06   -1.42946e+04    2.06828e+01
      Potential    Kinetic En.   Total Energy  Conserved En.    Temperature
   -1.25738e+06    2.02220e+05   -1.05516e+06   -1.05583e+06    3.09346e+02
 Pressure (bar)   Constr. rmsd
    1.02624e+01    1.21911e-06

           Step           Time
        1600000    32000.00000

   Energies (kJ/mol)
           Bond  Harmonic Pot.          Angle       G96Angle  Restr. Angles
    1.88001e+04    8.33380e+00    1.26683e+04    5.42687e+02    6.37998e+02
    Proper Dih.  Improper Dih.        LJ (SR)   Coulomb (SR) Position Rest.
    3.94540e+02    4.63647e+02   -1.27373e+06   -1.43899e+04    1.93506e+01
      Potential    Kinetic En.   Total Energy  Conserved En.    Temperature
   -1.25458e+06    2.03411e+05   -1.05117e+06   -1.05596e+06    3.11168e+02
 Pressure (bar)   Constr. rmsd
    3.11870e+01    1.17538e-06

           Step           Time
        1625000    32500.00000

   Energies (kJ/mol)
           Bond  Harmonic Pot.          Angle       G96Angle  Restr. Angles
    1.84788e+04    8.57936e+00    1.29259e+04    4.82231e+02    6.96335e+02
    Proper Dih.  Improper Dih.        LJ (SR)   Coulomb (SR) Position Rest.
    4.49689e+02    4.82953e+02   -1.27223e+06   -1.41239e+04    1.48026e+01
      Potential    Kinetic En.   Total Energy  Conserved En.    Temperature
   -1.25282e+06    2.02252e+05   -1.05057e+06   -1.05598e+06    3.09395e+02
 Pressure (bar)   Constr. rmsd
    3.34863e+00    1.25141e-06

           Step           Time
        1650000    33000.00000

   Energies (kJ/mol)
           Bond  Harmonic Pot.          Angle       G96Angle  Restr. Angles
    1.83342e+04    6.33814e+00    1.27045e+04    5.55349e+02    6.79064e+02
    Proper Dih.  Improper Dih.        LJ (SR)   Coulomb (SR) Position Rest.
    4.52131e+02    4.26246e+02   -1.27349e+06   -1.41332e+04    1.89800e+01
      Potential    Kinetic En.   Total Energy  Conserved En.    Temperature
   -1.25445e+06    2.02664e+05   -1.05178e+06   -1.05608e+06    3.10026e+02
 Pressure (bar)   Constr. rmsd
   -6.22050e+00    1.24964e-06

           Step           Time
        1675000    33500.00000

   Energies (kJ/mol)
           Bond  Harmonic Pot.          Angle       G96Angle  Restr. Angles
    1.83895e+04    7.95421e+00    1.25126e+04    5.12723e+02    6.60207e+02
    Proper Dih.  Improper Dih.        LJ (SR)   Coulomb (SR) Position Rest.
    4.36711e+02    4.13767e+02   -1.27367e+06   -1.41779e+04    1.78976e+01
      Potential    Kinetic En.   Total Energy  Conserved En.    Temperature
   -1.25490e+06    2.01468e+05   -1.05343e+06   -1.05604e+06    3.08196e+02
 Pressure (bar)   Constr. rmsd
   -1.55470e+01    1.22781e-06

           Step           Time
        1700000    34000.00000

   Energies (kJ/mol)
           Bond  Harmonic Pot.          Angle       G96Angle  Restr. Angles
    1.83660e+04    5.31647e+00    1.26373e+04    5.01154e+02    6.30502e+02
    Proper Dih.  Improper Dih.        LJ (SR)   Coulomb (SR) Position Rest.
    4.16348e+02    4.51999e+02   -1.27581e+06   -1.43529e+04    1.72840e+01
      Potential    Kinetic En.   Total Energy  Conserved En.    Temperature
   -1.25714e+06    2.01533e+05   -1.05560e+06   -1.05617e+06    3.08296e+02
 Pressure (bar)   Constr. rmsd
    3.95214e+00    1.18290e-06

           Step           Time
        1725000    34500.00000

   Energies (kJ/mol)
           Bond  Harmonic Pot.          Angle       G96Angle  Restr. Angles
    1.85198e+04    4.78803e+00    1.28948e+04    5.48443e+02    6.63538e+02
    Proper Dih.  Improper Dih.        LJ (SR)   Coulomb (SR) Position Rest.
    3.62209e+02    4.47821e+02   -1.27434e+06   -1.43631e+04    1.91512e+01
      Potential    Kinetic En.   Total Energy  Conserved En.    Temperature
   -1.25524e+06    2.02475e+05   -1.05276e+06   -1.05626e+06    3.09737e+02
 Pressure (bar)   Constr. rmsd
   -1.64366e+01    1.19516e-06

           Step           Time
        1750000    35000.00000

   Energies (kJ/mol)
           Bond  Harmonic Pot.          Angle       G96Angle  Restr. Angles
    1.82846e+04    6.30599e+00    1.28412e+04    5.84152e+02    7.01602e+02
    Proper Dih.  Improper Dih.        LJ (SR)   Coulomb (SR) Position Rest.
    3.45809e+02    4.19445e+02   -1.27320e+06   -1.45383e+04    1.36453e+01
      Potential    Kinetic En.   Total Energy  Conserved En.    Temperature
   -1.25454e+06    2.01309e+05   -1.05323e+06   -1.05632e+06    3.07953e+02
 Pressure (bar)   Constr. rmsd
   -7.12953e+00    1.26466e-06

           Step           Time
        1775000    35500.00000

   Energies (kJ/mol)
           Bond  Harmonic Pot.          Angle       G96Angle  Restr. Angles
    1.82518e+04    8.82687e+00    1.27719e+04    5.20610e+02    6.36039e+02
    Proper Dih.  Improper Dih.        LJ (SR)   Coulomb (SR) Position Rest.
    4.58756e+02    3.99907e+02   -1.27391e+06   -1.42409e+04    1.80200e+01
      Potential    Kinetic En.   Total Energy  Conserved En.    Temperature
   -1.25508e+06    2.03217e+05   -1.05187e+06   -1.05641e+06    3.10873e+02
 Pressure (bar)   Constr. rmsd
    7.44275e+00    1.19187e-06

           Step           Time
        1800000    36000.00000

   Energies (kJ/mol)
           Bond  Harmonic Pot.          Angle       G96Angle  Restr. Angles
    1.85231e+04    8.40890e+00    1.25211e+04    5.40410e+02    7.08521e+02
    Proper Dih.  Improper Dih.        LJ (SR)   Coulomb (SR) Position Rest.
    3.89365e+02    4.23544e+02   -1.27337e+06   -1.42322e+04    1.80754e+01
      Potential    Kinetic En.   Total Energy  Conserved En.    Temperature
   -1.25447e+06    2.02267e+05   -1.05220e+06   -1.05665e+06    3.09420e+02
 Pressure (bar)   Constr. rmsd
   -7.80368e+00    1.16068e-06


Step 1807100: Run time exceeded 0.495 hours, will terminate the run within 40 steps
           Step           Time
        1807120    36142.40000

Writing checkpoint, step 1807120 at Sun Mar 16 20:09:10 2025


   Energies (kJ/mol)
           Bond  Harmonic Pot.          Angle       G96Angle  Restr. Angles
    1.84311e+04    4.06892e+00    1.28279e+04    5.11753e+02    6.87503e+02
    Proper Dih.  Improper Dih.        LJ (SR)   Coulomb (SR) Position Rest.
    3.71420e+02    4.86489e+02   -1.27054e+06   -1.41605e+04    1.79720e+01
      Potential    Kinetic En.   Total Energy  Conserved En.    Temperature
   -1.25136e+06    2.03234e+05   -1.04813e+06   -1.05668e+06    3.10899e+02
 Pressure (bar)   Constr. rmsd
   -4.39725e+00    1.22699e-06


Energy conservation over simulation part #1 of length 36142.4 ps, time 0 to 36142.4 ps
  Conserved energy drift: -2.71e-06 kJ/mol/ps per atom


	<======  ###############  ==>
	<====  A V E R A G E S  ====>
	<==  ###############  ======>

	Statistics over 1807121 steps using 18072 frames

   Energies (kJ/mol)
           Bond  Harmonic Pot.          Angle       G96Angle  Restr. Angles
    1.84770e+04    5.62562e+00    1.27109e+04    5.40619e+02    6.73452e+02
    Proper Dih.  Improper Dih.        LJ (SR)   Coulomb (SR) Position Rest.
    4.12099e+02    4.45166e+02   -1.27349e+06   -1.42674e+04    1.91482e+01
      Potential    Kinetic En.   Total Energy  Conserved En.    Temperature
   -1.25447e+06    2.02662e+05   -1.05181e+06   -1.05416e+06    3.10023e+02
 Pressure (bar)   Constr. rmsd
    9.10803e-01    0.00000e+00

          Box-X          Box-Y          Box-Z
    1.80755e+01    1.80755e+01    1.84611e+01

   Total Virial (kJ/mol)
    6.75313e+04    2.58369e+01    2.14166e+01
    2.58376e+01    6.75268e+04   -4.64936e+01
    2.14153e+01   -4.64950e+01    6.71155e+04

   Pressure (bar)
    9.18755e-01   -1.77458e-01   -8.36056e-02
   -1.77461e-01    9.29153e-01    2.51700e-01
   -8.35986e-02    2.51707e-01    8.84502e-01

      T-Solvent         T-Rest
    3.10003e+02    3.10077e+02


	M E G A - F L O P S   A C C O U N T I N G

 NB=Group-cutoff nonbonded kernels    NxN=N-by-N cluster Verlet kernels
 RF=Reaction-Field  VdW=Van der Waals  QSTab=quadratic-spline table
 W3=SPC/TIP3p  W4=TIP4p (single or pairs)
 V&F=Potential and force  V=Potential only  F=Force only

 Computing:                               M-Number         M-Flops  % Flops
-----------------------------------------------------------------------------
 Pair Search distance check          239600.296496     2156402.668     0.2
 NxN RF Elec. + LJ [F]             29697077.508032  1128488945.305    97.8
 NxN RF Elec. + LJ [V&F]             299999.612160    16199979.057     1.4
 Shift-X                               4955.539308       29733.236     0.0
 Bonds                                26206.868742     1546205.256     0.1
 Angles                               19354.265910     3251516.673     0.3
 Propers                                401.180862       91870.417     0.0
 Impropers                              784.290514      163132.427     0.0
 Pos. Restr.                            287.332239       14366.612     0.0
 Virial                                4959.605373       89272.897     0.0
 Stop-CM                                991.195612        9911.956     0.0
 Calc-Ekin                             9911.078616      267599.123     0.0
 Lincs                                 2707.070254      162424.215     0.0
 Lincs-Mat                           133112.680180      532450.721     0.0
 Constraint-V                          5414.137512       48727.238     0.0
 Constraint-Vir                         135.354786        3248.515     0.0
 Virtual Site 3out                     3624.182980      315303.919     0.0
 Virtual Site N                         100.566334        1508.495     0.0
-----------------------------------------------------------------------------
 Total                                              1153372598.729   100.0
-----------------------------------------------------------------------------


      R E A L   C Y C L E   A N D   T I M E   A C C O U N T I N G

On 1 MPI rank, each using 8 OpenMP threads

 Activity:              Num   Num      Call    Wall time         Giga-Cycles
                        Ranks Threads  Count      (s)         total sum    %
--------------------------------------------------------------------------------
 Vsite constr.             1    8    1807121     117.301       2158.334   6.6
 Neighbor search           1    8      90357     317.413       5840.398  17.8
 Launch PP GPU ops.        1    8    1807121      67.251       1237.425   3.8
 Force                     1    8    1807121     387.013       7121.047  21.7
 Wait GPU NB local         1    8    1807121      36.190        665.889   2.0
 NB X/F buffer ops.        1    8    3523885     230.556       4242.230  12.9
 Vsite spread              1    8    1897478     106.978       1968.406   6.0
 Write traj.               1    8         75       0.615         11.313   0.0
 Update                    1    8    1807121     113.979       2097.218   6.4
 Constraints               1    8    1807123     339.157       6240.502  19.0
 Rest                                             65.743       1209.678   3.7
--------------------------------------------------------------------------------
 Total                                          1782.196      32792.441 100.0
--------------------------------------------------------------------------------

NOTE: 18 % of the run time was spent in pair search,
      you might want to increase nstlist (this has no effect on accuracy)

               Core t (s)   Wall t (s)        (%)
       Time:    14257.532     1782.196      800.0
                 (ns/day)    (hour/ns)
Performance:     1752.167        0.014
Finished mdrun on rank 0 Sun Mar 16 20:09:10 2025

