2025-03-24T05:11:41.812095643Z >> jobid        = structure_080531946
2025-03-24T05:11:41.812111699Z >> outpath      = /tmp/out
2025-03-24T05:11:41.812114003Z >> registry     = registry-0.mummi.default.svc.cluster.local:5000
2025-03-24T05:11:41.812872439Z >> hostname     = cganalysis-c7g-16xlarge-structure-080531946-wsmmj
2025-03-24T05:11:41.813944320Z mkdir: created directory '/tmp/out'
2025-03-24T05:11:41.816752391Z   % Total    % Received % Xferd  Average Speed   Time    Time     Time  Current
2025-03-24T05:11:41.816795007Z                                  Dload  Upload   Total   Spent    Left  Speed
2025-03-24T05:11:41.892317522Z   0     0    0     0    0     0      0      0 --:--:-- --:--:-- --:--:--     0  0     0    0     0    0     0      0      0 --:--:-- --:--:-- --:--:--     0
2025-03-24T05:11:41.944758980Z 100 3811k  100 3811k    0     0  29.0M      0 --:--:-- --:--:-- --:--:-- 29.0M
2025-03-24T05:11:42.020407800Z /tmp/out
2025-03-24T05:11:42.021283418Z This run does not use GPU
2025-03-24T05:11:42.034556369Z >> simname  = structure_099868581
2025-03-24T05:11:42.034568590Z >> outpath  = /tmp/out
2025-03-24T05:11:42.034570558Z >> registry = 
2025-03-24T05:11:42.034576369Z >> locpath  = /tmp/workdir
2025-03-24T05:11:42.034995227Z >> gmx      = /miniconda3/bin/gmx
2025-03-24T05:11:42.035386758Z >> pwd      = /tmp/workdir
2025-03-24T05:11:42.036029270Z >> hostname = cganalysis-c7g-16xlarge-structure-080531946-wsmmj
2025-03-24T05:11:42.038223847Z >> xtclast = , cframe = 0
2025-03-24T05:11:43.129116984Z  Resnames ['ALA' 'ARG' 'ASN' 'ASP' 'CGW' 'CYF' 'CYM' 'CYS' 'GLN' 'GLU' 'GLY' 'GTP'
2025-03-24T05:11:43.129129535Z  'HSE' 'ILE' 'ION' 'LEU' 'LYS' 'MET' 'MG' 'PHE' 'PRO' 'SER' 'THR' 'TRP'
2025-03-24T05:11:43.129131730Z  'TYR' 'VAL' 'W' 'ZN2'] either not lipids or not supported!
2025-03-24T05:11:43.331042021Z Found leaflets of size 448 355
2025-03-24T05:41:26.536735406Z cp: cannot stat '/tmp/workdir/cg_analysis.out': No such file or directory
2025-03-24T05:41:26.539477933Z cp: cannot stat '/tmp/workdir/cg_analysis.log': No such file or directory
2025-03-24T05:41:26.541559018Z cp: cannot stat '/tmp/workdir/cg_analysis.out': No such file or directory
2025-03-24T05:41:26.547881732Z > Initialized MuMMI
2025-03-24T05:41:26.547897018Z 	> MuMMI_ROOT: (/opt/clones/mummi-ras)
2025-03-24T05:41:26.547900076Z 	> MuMMI_Resources: (/opt/clones/mummi_resources)
2025-03-24T05:41:26.547902209Z 	> MuMMI_Specs: (/opt/clones/mummi-ras/specs)
2025-03-24T05:41:26.547904216Z 
2025-03-24T05:41:26.547906553Z > Creating MuMMI root hierarchy at (/opt/clones/mummi-ras)
2025-03-24T05:41:26.547908349Z 
2025-03-24T05:41:26.547910059Z === times
2025-03-24T05:41:26.547912317Z {"times": {}, "timestamps": {"cganalysis_run_start": 1742793102.6270819, "cganalysis_load_mdanalysis_start": 1742793102.689378, "cganalysis_load_mdanalysis_complete": 1742793103.3334846, "cganalysis_run_simulation_start": 1742793103.335344, "cganalysis_simrun_start": 1742793103.3354373, "cganalysis_simrun_complete": 1742793108.3424623, "cganalysis_run_simulation_complete": 1742793108.3424766, "cganalysis_main_analysis_start": 1742793108.3424802, "cganalysis_main_analysis_complete": 1742794886.5372384, "cganalysis_run_complete": 1742794886.5373616}}
2025-03-24T05:41:26.547916079Z ===
2025-03-24T05:41:26.713733935Z 
2025-03-24T05:41:26.713754336Z real	29m44.675s
2025-03-24T05:41:26.713757686Z user	1798m52.760s
2025-03-24T05:41:26.713759568Z sys	1m33.067s
2025-03-24T05:41:26.713813819Z Simulation was successful
2025-03-24T05:41:26.714960934Z 099868581
2025-03-24T05:41:26.714975403Z createsims-times.json
2025-03-24T05:41:26.714977916Z createsims.log
2025-03-24T05:41:26.714979548Z createsims.tar.gz
2025-03-24T05:41:26.714989619Z createsims_success
2025-03-24T05:41:26.714991798Z ener.edr
2025-03-24T05:41:26.714993667Z index.ndx
2025-03-24T05:41:26.714996237Z lipids-water-eq6.gro
2025-03-24T05:41:26.714998065Z martini_v2.x_new-rf-prod.mdp
2025-03-24T05:41:26.715000117Z md.log
2025-03-24T05:41:26.715001701Z mdrun.log
2025-03-24T05:41:26.715003188Z psim.npz
2025-03-24T05:41:26.715004670Z state.cpt
2025-03-24T05:41:26.715006224Z state_prev.cpt
2025-03-24T05:41:26.715007830Z structure_099868581_000000000000.gro
2025-03-24T05:41:26.715009409Z system.top
2025-03-24T05:41:26.715010953Z topol.tpr
2025-03-24T05:41:26.715012409Z traj_comp.xtc
2025-03-24T05:41:27.493354479Z ./traj_comp.xtc      => 52.5 ns | 52.5 ns
2025-03-24T05:41:27.557105660Z Job was successful, pushing result to registry-0.mummi.default.svc.cluster.local:5000/structure_080531946:cganalysis-c7g-16xlarge
2025-03-24T05:41:27.570947413Z Uploading 24e91592cd1b .
2025-03-24T05:41:27.583383297Z Uploaded  24e91592cd1b .
2025-03-24T05:41:27.593525965Z Pushed [registry] registry-0.mummi.default.svc.cluster.local:5000/structure_080531946:cganalysis-c7g-16xlarge
2025-03-24T05:41:27.593539445Z ArtifactType: application/vnd.unknown.artifact.v1
2025-03-24T05:41:27.593542622Z Digest: sha256:c3d8a3bb996f5b88f2691237b0a580895e1bb1e1f1aeffdc89c0851d2c333a27
