2025-03-24T11:56:57.712678176Z >> jobid        = structure_080296043
2025-03-24T11:56:57.712706356Z >> outpath      = /tmp/out
2025-03-24T11:56:57.712709056Z >> registry     = registry-0.mummi.default.svc.cluster.local:5000
2025-03-24T11:56:57.713674257Z >> hostname     = cganalysis-c7a-12xlarge-structure-080296043-x49q9
2025-03-24T11:56:57.715103597Z mkdir: created directory '/tmp/out'
2025-03-24T11:56:57.718372709Z   % Total    % Received % Xferd  Average Speed   Time    Time     Time  Current
2025-03-24T11:56:57.718428389Z                                  Dload  Upload   Total   Spent    Left  Speed
2025-03-24T11:56:57.797552156Z   0     0    0     0    0     0      0      0 --:--:-- --:--:-- --:--:--     0  0     0    0     0    0     0      0      0 --:--:-- --:--:-- --:--:--     0
2025-03-24T11:56:57.846160815Z 100 4132k  100 4132k    0     0  31.7M      0 --:--:-- --:--:-- --:--:-- 31.7M
2025-03-24T11:56:57.916420916Z /tmp/out
2025-03-24T11:56:57.917703067Z This run does not use GPU
2025-03-24T11:56:57.933639677Z >> simname  = structure_099868581
2025-03-24T11:56:57.933653997Z >> outpath  = /tmp/out
2025-03-24T11:56:57.933656107Z >> registry = 
2025-03-24T11:56:57.933658337Z >> locpath  = /tmp/workdir
2025-03-24T11:56:57.934100527Z >> gmx      = /miniconda3/bin/gmx
2025-03-24T11:56:57.934607597Z >> pwd      = /tmp/workdir
2025-03-24T11:56:57.935398568Z >> hostname = cganalysis-c7a-12xlarge-structure-080296043-x49q9
2025-03-24T11:56:57.937758029Z >> xtclast = , cframe = 0
2025-03-24T11:56:58.454928995Z 2025-03-24 11:56:58,454 - [MainProcess:38] root:init_logger:344 - INFO - Enabled
2025-03-24T11:56:58.454941785Z 2025-03-24 11:56:58,454 - [MainProcess:38] root:init_logger:345 - WARNING - Enabled
2025-03-24T11:56:58.454957435Z 2025-03-24 11:56:58,454 - [MainProcess:38] root:init_logger:346 - ERROR - Enabled
2025-03-24T11:56:58.454982935Z 2025-03-24 11:56:58,454 - [MainProcess:38] root:init_logger:347 - CRITICAL - Enabled
2025-03-24T11:56:58.460693958Z 2025-03-24 11:56:58,460 - [MainProcess:38] root:_log_profile:78 - PROFILE - [134.273 MB]: Enabled
2025-03-24T11:56:58.460744908Z 2025-03-24 11:56:58,460 - [MainProcess:38] mummi_ras.online.cg.cganalysis:run_cganalysis:849 - INFO - Running CG analysis, options are:
2025-03-24T11:56:58.460784638Z 2025-03-24 11:56:58,460 - [MainProcess:38] mummi_ras.online.cg.cganalysis:run_cganalysis:850 - INFO - Namespace(simname='structure_099868581', fcount=0, noninteractive=False, path='/tmp/workdir', pathremote='/tmp/out', fstype='mummi', fbio='mummi', nprocs=1, loglevel=2, logpath='./', logstdout=True, test=False, no_gpu=True, logfile='cg_analysis', maxsimtime=250000000, stopsimtime=100, minsimtime=100000000, frameProcessBatchSize=10, siminputs='/tmp/out', simbin='gmx', simruntime='0.5', simcores=48, nofeedback=False, backend=<MDEngine.GROMACS_PARTS: <class 'mummi_ras.online.simulation.GROMACS_PARTS'>>, mini=True)
2025-03-24T11:56:58.460813848Z 2025-03-24 11:56:58,460 - [MainProcess:38] mummi_ras.online.cg.cganalysis:run_cganalysis:851 - INFO - local path = /tmp/workdir
2025-03-24T11:56:58.460830158Z 2025-03-24 11:56:58,460 - [MainProcess:38] mummi_ras.online.cg.cganalysis:run_cganalysis:853 - INFO - remote path = /tmp/out
2025-03-24T11:56:58.491413897Z 2025-03-24 11:56:58,491 - [MainProcess:38] mummi_ras.online.cg.cganalysis:run_cganalysis:863 - INFO - Using IO_Interface [<class 'mummi_ras.interfaces.mummi.IO_Mummi'>] for data output
2025-03-24T11:56:58.491421967Z 2025-03-24 11:56:58,491 - [MainProcess:38] mummi_ras.online.cg.cganalysis:run_cganalysis:864 - INFO - Using IO_Interface [<class 'mummi_ras.interfaces.mummi.IO_Mummi'>] for feedback output
2025-03-24T11:56:58.491476757Z 2025-03-24 11:56:58,491 - [MainProcess:38] mummi_ras.online.cg.cgoptions:__init__:46 - INFO - Loading parameters from /opt/clones/mummi_resources/analysis/cg/cg_analysis_parameters.yaml
2025-03-24T11:56:58.492240477Z 2025-03-24 11:56:58,492 - [MainProcess:38] mummi_ras.feedback.feedback_manager_cg2ml:__init__:56 - INFO - Initialized FeedbackManager (type = FeedbackManagerType.Worker; name = structure_099868581; host = cganalysis-c7a-12xlarge-structure-080296043-x49q9)
2025-03-24T11:56:58.501552062Z 2025-03-24 11:56:58,501 - [MainProcess:38] mummi_ras.parsers.cg:setup:68 - INFO - Initializing CGParser (MDAnalysis version 2.8.0)
2025-03-24T11:56:58.501560262Z 2025-03-24 11:56:58,501 - [MainProcess:38] mummi_ras.parsers.cg:setup:69 - INFO - 	Loading: (/tmp/workdir/lipids-water-eq6.gro) (/tmp/workdir/topol.tpr)
2025-03-24T11:56:58.502229443Z 2025-03-24 11:56:58,502 - [MainProcess:38] MDAnalysis.topology.TPRparser:_log_header:257 - INFO - Gromacs version   : b'VERSION 2024.2-conda_forge'
2025-03-24T11:56:58.502235963Z 2025-03-24 11:56:58,502 - [MainProcess:38] MDAnalysis.topology.TPRparser:_log_header:258 - INFO - tpx version       : 133
2025-03-24T11:56:58.502259153Z 2025-03-24 11:56:58,502 - [MainProcess:38] MDAnalysis.topology.TPRparser:_log_header:259 - INFO - tpx generation    : 28
2025-03-24T11:56:58.502279103Z 2025-03-24 11:56:58,502 - [MainProcess:38] MDAnalysis.topology.TPRparser:_log_header:260 - INFO - tpx precision     : 4
2025-03-24T11:56:58.502298033Z 2025-03-24 11:56:58,502 - [MainProcess:38] MDAnalysis.topology.TPRparser:_log_header:261 - INFO - tpx file_tag      : b'release'
2025-03-24T11:56:58.502330743Z 2025-03-24 11:56:58,502 - [MainProcess:38] MDAnalysis.topology.TPRparser:_log_header:262 - INFO - tpx natoms        : 54810
2025-03-24T11:56:58.502344233Z 2025-03-24 11:56:58,502 - [MainProcess:38] MDAnalysis.topology.TPRparser:_log_header:263 - INFO - tpx ngtc          : 2
2025-03-24T11:56:58.502371623Z 2025-03-24 11:56:58,502 - [MainProcess:38] MDAnalysis.topology.TPRparser:_log_header:264 - INFO - tpx fep_state     : 0
2025-03-24T11:56:58.502379343Z 2025-03-24 11:56:58,502 - [MainProcess:38] MDAnalysis.topology.TPRparser:_log_header:265 - INFO - tpx lambda        : 0.0
2025-03-24T11:56:58.744220746Z 2025-03-24 11:56:58,744 - [MainProcess:38] MDAnalysis.core.universe:guess_TopologyAttrs:1645 - INFO - The attribute(s) types, masses have already been read from the topology file. The guesser will only guess empty values for this attribute, if any exists. To overwrite it by completely guessed values, you can pass the attribute to the force_guess parameter instead of the to_guess one
2025-03-24T11:56:58.745994857Z 2025-03-24 11:56:58,745 - [MainProcess:38] MDAnalysis.guesser.base:guess_attr:177 - INFO - There is no empty types values. Guesser did not guess any new values for types attribute
2025-03-24T11:56:58.746187527Z 2025-03-24 11:56:58,746 - [MainProcess:38] MDAnalysis.guesser.base:guess_attr:177 - INFO - There is no empty masses values. Guesser did not guess any new values for masses attribute
2025-03-24T11:56:58.746218557Z 2025-03-24 11:56:58,746 - [MainProcess:38] mummi_ras.parsers.cg:setup:74 - INFO - 	Number of frames in sim: 1
2025-03-24T11:56:58.746245857Z 2025-03-24 11:56:58,746 - [MainProcess:38] mummi_ras.parsers.cg:setup:75 - INFO - 	Number of atoms in sim: 54810
2025-03-24T11:56:58.746425967Z 2025-03-24 11:56:58,746 - [MainProcess:38] mummi_ras.parsers.cg:setup:76 - INFO - 	Sim dimensions: [180.58821 180.58821 184.80869]
2025-03-24T11:56:58.759461245Z 2025-03-24 11:56:58,759 - [MainProcess:38] mummi_ras.parsers.cg:_setup_lipids:103 - WARNING -  Resnames ['ALA' 'ARG' 'ASN' 'ASP' 'CGW' 'CYF' 'CYM' 'CYS' 'GLN' 'GLU' 'GLY' 'GTP'
2025-03-24T11:56:58.759467385Z  'HSE' 'ILE' 'ION' 'LEU' 'LYS' 'MET' 'MG' 'PHE' 'PRO' 'SER' 'THR' 'TRP'
2025-03-24T11:56:58.759469665Z  'TYR' 'VAL' 'W' 'ZN2'] either not lipids or not supported!
2025-03-24T11:56:58.910392594Z 2025-03-24 11:56:58,910 - [MainProcess:38] mummi_ras.parsers.cg:_setup_lipids:145 - WARNING - Found leaflets of size 448 355
2025-03-24T11:56:58.912236745Z 2025-03-24 11:56:58,912 - [MainProcess:38] mummi_ras.parsers.cg_aligner:init:144 - INFO - origin: (165,): ['THR', 'GLU', 'TYR', 'LYS', 'LEU', 'VAL', 'VAL', 'VAL', 'GLY', 'ALA', 'ASP', 'GLY', 'VAL', 'GLY', 'LYS', 'SER', 'ALA', 'LEU', 'THR', 'ILE', 'GLN', 'LEU', 'ILE', 'GLN', 'ASN', 'HSE', 'PHE', 'VAL', 'ASP', 'GLU', 'TYR', 'ASP', 'PRO', 'THR', 'ILE', 'GLU', 'ASP', 'SER', 'TYR', 'ARG', 'LYS', 'GLN', 'VAL', 'VAL', 'ILE', 'ASP', 'GLY', 'GLU', 'THR', 'CYS', 'LEU', 'LEU', 'ASP', 'ILE', 'LEU', 'ASP', 'THR', 'ALA', 'GLY', 'GLN', 'GLU', 'GLU', 'TYR', 'SER', 'ALA', 'MET', 'ARG', 'ASP', 'GLN', 'TYR', 'MET', 'ARG', 'THR', 'GLY', 'GLU', 'GLY', 'PHE', 'LEU', 'CYS', 'VAL', 'PHE', 'ALA', 'ILE', 'ASN', 'ASN', 'THR', 'LYS', 'SER', 'PHE', 'GLU', 'ASP', 'ILE', 'HSE', 'HSE', 'TYR', 'ARG', 'GLU', 'GLN', 'ILE', 'LYS', 'ARG', 'VAL', 'LYS', 'ASP', 'SER', 'GLU', 'ASP', 'VAL', 'PRO', 'MET', 'VAL', 'LEU', 'VAL', 'GLY', 'ASN', 'LYS', 'CYS', 'ASP', 'LEU', 'PRO', 'SER', 'ARG', 'THR', 'VAL', 'ASP', 'THR', 'LYS', 'GLN', 'ALA', 'GLN', 'ASP', 'LEU', 'ALA', 'ARG', 'SER', 'TYR', 'GLY', 'ILE', 'PRO', 'PHE', 'ILE', 'GLU', 'THR', 'SER', 'ALA', 'LYS', 'THR', 'ARG', 'GLN', 'GLY', 'VAL', 'ASP', 'ASP', 'ALA', 'PHE', 'TYR', 'THR', 'LEU', 'VAL', 'ARG', 'GLU', 'ILE', 'ARG', 'LYS', 'HSE']
2025-03-24T11:56:58.912265255Z 2025-03-24 11:56:58,912 - [MainProcess:38] mummi_ras.parsers.cg_aligner:init:145 - INFO - xaxis:  (8,): ['THR', 'PHE', 'PHE', 'THR', 'LEU', 'LEU', 'PHE', 'GLN']
2025-03-24T11:56:58.913580196Z 2025-03-24 11:56:58,913 - [MainProcess:38] mummi_ras.online.cg.cganalysis:run_cganalysis:946 - INFO - Testing flags: [Success='cg_success', Fail='cg_failure']
2025-03-24T11:56:58.913601296Z 2025-03-24 11:56:58,913 - [MainProcess:38] mummi_ras.online.cg.cganalysis:run_cganalysis:947 - INFO - Checking for exit condition [/tmp/out] (pass=False fail=False)
2025-03-24T11:56:58.913720946Z 2025-03-24 11:56:58,913 - [MainProcess:38] mummi_ras.online.simulation:run:98 - INFO - Starting /miniconda3/bin/gmx....
2025-03-24T11:56:58.913848996Z 2025-03-24 11:56:58,913 - [MainProcess:38] mummi_ras.online.simulation:run:112 - INFO - cmd =       /miniconda3/bin/gmx mdrun -cpi -ntmpi 1 -ntomp 48 -pin off -maxh 0.5 >> mdrun.log 2>&1
2025-03-24T11:56:58.913866156Z 2025-03-24 11:56:58,913 - [MainProcess:38] mummi_ras.online.simulation:run:113 - INFO - os.pwd =    /tmp/out
2025-03-24T11:56:58.913897576Z 2025-03-24 11:56:58,913 - [MainProcess:38] mummi_ras.online.simulation:run:114 - INFO - simdir =    /tmp/workdir
2025-03-24T11:57:03.922266024Z 2025-03-24 11:57:03,921 - [MainProcess:38] mummi_ras.online.simulation:run:119 - INFO - Process Running? None
2025-03-24T11:57:03.922324114Z 2025-03-24 11:57:03,922 - [MainProcess:38] mummi_ras.online.simulation:run:123 - INFO - CUDA_VISIBLE_DEVICES=UNSET
2025-03-24T11:57:03.922326554Z 2025-03-24 11:57:03,922 - [MainProcess:38] mummi_ras.online.simulation:run:124 - INFO - ROCR_VISIBLE_DEVICES=UNSET
2025-03-24T12:26:42.105016708Z 2025-03-24 12:26:42,104 - [MainProcess:38] mummi_ras.online.cg.cganalysis:run_main_analysis:293 - INFO - CG analysis is stopping.
2025-03-24T12:26:42.105037688Z 2025-03-24 12:26:42,104 - [MainProcess:38] mummi_ras.online.cg.cganalysis:copyRemoteLogs:326 - INFO - Copy over log files
2025-03-24T12:26:42.108077022Z cp: cannot stat '/tmp/workdir/cg_analysis.out': No such file or directory
2025-03-24T12:26:42.108687753Z 2025-03-24 12:26:42,108 - [MainProcess:38] mummi_core.utils.utilities:sys_call:184 - INFO - Run command: cp -r  /tmp/workdir/cg_analysis.out /tmp/workdir/*.log /tmp/out/ || true
2025-03-24T12:26:42.108695133Z 2025-03-24 12:26:42,108 - [MainProcess:38] mummi_ras.online.cg.cganalysis:copyRemoteLogs:338 - INFO - copyRemoteLogs =  /tmp/workdir/cg_analysis.out /tmp/workdir/*.log
2025-03-24T12:26:42.111892536Z cp: cannot stat '/tmp/workdir/cg_analysis.log': No such file or directory
2025-03-24T12:26:42.112220347Z 2025-03-24 12:26:42,112 - [MainProcess:38] mummi_core.utils.utilities:sys_call:184 - INFO - Run command: cp /tmp/workdir/cg_analysis.log /tmp/out/ || true
2025-03-24T12:26:42.114832680Z cp: cannot stat '/tmp/workdir/cg_analysis.out': No such file or directory
2025-03-24T12:26:42.115407150Z 2025-03-24 12:26:42,115 - [MainProcess:38] mummi_core.utils.utilities:sys_call:184 - INFO - Run command: cp /tmp/workdir/cg_analysis.out /tmp/out/ || true
2025-03-24T12:26:42.119113815Z 2025-03-24 12:26:42,119 - [MainProcess:38] mummi_core.utils.utilities:sys_call:184 - INFO - Run command: cp /tmp/workdir/md.log /tmp/out/ || true
2025-03-24T12:26:42.122274799Z 2025-03-24 12:26:42,122 - [MainProcess:38] mummi_core.utils.utilities:sys_call:184 - INFO - Run command: cp /tmp/workdir/mdrun.log /tmp/out/ || true
2025-03-24T12:26:42.122320079Z > Initialized MuMMI
2025-03-24T12:26:42.122329989Z 	> MuMMI_ROOT: (/opt/clones/mummi-ras)
2025-03-24T12:26:42.122332659Z 	> MuMMI_Resources: (/opt/clones/mummi_resources)
2025-03-24T12:26:42.122334449Z 	> MuMMI_Specs: (/opt/clones/mummi-ras/specs)
2025-03-24T12:26:42.122336049Z 
2025-03-24T12:26:42.122337979Z > Creating MuMMI root hierarchy at (/opt/clones/mummi-ras)
2025-03-24T12:26:42.122339599Z 
2025-03-24T12:26:42.122342219Z > Initializing logger:  level = (2), stdout = (True), file = (./cg_analysis.log), history = (False),  memusage = (False)
2025-03-24T12:26:42.122344069Z === times
2025-03-24T12:26:42.122348369Z {"times": {}, "timestamps": {"cganalysis_run_start": 1742817418.4606693, "cganalysis_load_mdanalysis_start": 1742817418.5014427, "cganalysis_load_mdanalysis_complete": 1742817418.9122565, "cganalysis_run_simulation_start": 1742817418.9135935, "cganalysis_simrun_start": 1742817418.913664, "cganalysis_simrun_complete": 1742817423.9222865, "cganalysis_run_simulation_complete": 1742817423.922296, "cganalysis_main_analysis_start": 1742817423.9222994, "cganalysis_main_analysis_complete": 1742819202.1087184, "cganalysis_run_complete": 1742819202.1088293}}
2025-03-24T12:26:42.122350349Z ===
2025-03-24T12:26:42.279445123Z 
2025-03-24T12:26:42.279472353Z real	29m44.342s
2025-03-24T12:26:42.279475573Z user	1347m33.217s
2025-03-24T12:26:42.279477573Z sys	18m47.619s
2025-03-24T12:26:42.279478883Z Simulation was successful
2025-03-24T12:26:42.281035705Z 099868581
2025-03-24T12:26:42.281050205Z createsims-times.json
2025-03-24T12:26:42.281052425Z createsims.log
2025-03-24T12:26:42.281054645Z createsims.tar.gz
2025-03-24T12:26:42.281056455Z createsims_success
2025-03-24T12:26:42.281058285Z ener.edr
2025-03-24T12:26:42.281060025Z index.ndx
2025-03-24T12:26:42.281061695Z lipids-water-eq6.gro
2025-03-24T12:26:42.281064505Z martini_v2.x_new-rf-prod.mdp
2025-03-24T12:26:42.281066295Z md.log
2025-03-24T12:26:42.281067975Z mdrun.log
2025-03-24T12:26:42.281069655Z psim.npz
2025-03-24T12:26:42.281071295Z state.cpt
2025-03-24T12:26:42.281072945Z state_prev.cpt
2025-03-24T12:26:42.281075925Z structure_099868581_000000000000.gro
2025-03-24T12:26:42.281077645Z system.top
2025-03-24T12:26:42.281079335Z topol.tpr
2025-03-24T12:26:42.281080965Z traj_comp.xtc
2025-03-24T12:26:42.796662081Z ./traj_comp.xtc      => 52.0 ns | 52.0 ns
2025-03-24T12:26:42.850484987Z Job was successful, pushing result to registry-0.mummi.default.svc.cluster.local:5000/structure_080296043:cganalysis-c7a-12xlarge
2025-03-24T12:26:42.866794418Z Uploading 44c339ecd5ca .
2025-03-24T12:26:42.879325703Z Uploaded  44c339ecd5ca .
2025-03-24T12:26:42.891098997Z Pushed [registry] registry-0.mummi.default.svc.cluster.local:5000/structure_080296043:cganalysis-c7a-12xlarge
2025-03-24T12:26:42.891116127Z ArtifactType: application/vnd.unknown.artifact.v1
2025-03-24T12:26:42.891126268Z Digest: sha256:075e48eeb9aea7605d7f9bdef4abba69639d482528820203cf2054279c83c660
