                :-) GROMACS - gmx mdrun, 2024.2-conda_forge (-:

Copyright 1991-2024 The GROMACS Authors.
GROMACS is free software; you can redistribute it and/or modify it
under the terms of the GNU Lesser General Public License
as published by the Free Software Foundation; either version 2.1
of the License, or (at your option) any later version.

                         Current GROMACS contributors:
       Mark Abraham           Andrey Alekseenko           Vladimir Basov      
      Cathrine Bergh            Eliane Briand               Ania Brown        
      Mahesh Doijade            Giacomo Fiorin          Stefan Fleischmann    
      Sergey Gorelov         Gilles Gouaillardet            Alan Gray         
     M. Eric Irrgang         Farzaneh Jalalypour            Joe Jordan        
     Carsten Kutzner           Justin A. Lemkul          Magnus Lundborg      
       Pascal Merz              Vedran Miletic            Dmitry Morozov      
       Julien Nabet              Szilard Pall        Andrea Pasquadibisceglie 
    Michele Pellegrino          Hubert Santuz             Roland Schulz       
     Tatiana Shugaeva          Alexey Shvetsov            Philip Turner       
     Alessandra Villa      Sebastian Wingbermuehle  

                         Previous GROMACS contributors:
        Emile Apol             Rossen Apostolov           James Barnett       
        Paul Bauer          Herman J.C. Berendsen          Par Bjelkmar       
      Christian Blau          Viacheslav Bolnykh            Kevin Boyd        
    Aldert van Buuren          Carlo Camilloni           Rudi van Drunen      
      Anton Feenstra           Oliver Fleetwood            Vytas Gapsys       
       Gaurav Garg             Gerrit Groenhof            Bert de Groot       
      Anca Hamuraru           Vincent Hindriksen          Victor Holanda      
     Aleksei Iupinov          Christoph Junghans        Prashanth Kanduri     
   Dimitrios Karkoulis           Peter Kasson             Sebastian Kehl      
     Sebastian Keller             Jiri Kraus               Per Larsson        
      Viveca Lindahl            Erik Marklund           Pieter Meulenhoff     
      Teemu Murtola              Sander Pronk             Michael Shirts      
      Alfons Sijbers            Balint Soproni         David van der Spoel    
      Peter Tieleman            Carsten Uphoff             Jon Vincent        
     Teemu Virolainen         Christian Wennberg           Maarten Wolf       
      Artem Zhmurov       

                  Coordinated by the GROMACS project leaders:
                           Berk Hess and Erik Lindahl

GROMACS:      gmx mdrun, version 2024.2-conda_forge
Executable:   /miniconda3/bin.AVX2_256/gmx
Data prefix:  /miniconda3
Working dir:  /tmp/workdir
Process ID:   64
Command line:
  gmx mdrun -cpi -nb gpu -ntmpi 1 -ntomp 8 -pin off -maxh 0.5

GROMACS version:     2024.2-conda_forge
Precision:           mixed
Memory model:        64 bit
MPI library:         thread_mpi
OpenMP support:      enabled (GMX_OPENMP_MAX_THREADS = 128)
GPU support:         CUDA
NBNxM GPU setup:     super-cluster 2x2x2 / cluster 8
SIMD instructions:   AVX2_256
CPU FFT library:     fftw-3.3.10-sse2-avx
GPU FFT library:     cuFFT
Multi-GPU FFT:       none
RDTSCP usage:        disabled
TNG support:         enabled
Hwloc support:       disabled
Tracing support:     disabled
C compiler:          /home/conda/feedstock_root/build_artifacts/gromacs_1720551881628/_build_env/bin/x86_64-conda-linux-gnu-cc GNU 11.4.0
C compiler flags:    -fexcess-precision=fast -funroll-all-loops -mavx2 -mfma -Wno-missing-field-initializers -O3 -DNDEBUG
C++ compiler:        /home/conda/feedstock_root/build_artifacts/gromacs_1720551881628/_build_env/bin/x86_64-conda-linux-gnu-c++ GNU 11.4.0
C++ compiler flags:  -fexcess-precision=fast -funroll-all-loops -mavx2 -mfma -Wno-missing-field-initializers -Wno-cast-function-type-strict SHELL:-fopenmp -O3 -DNDEBUG
BLAS library:        Internal
LAPACK library:      Internal
CUDA compiler:       /usr/local/cuda/bin/nvcc nvcc: NVIDIA (R) Cuda compiler driver;Copyright (c) 2005-2022 NVIDIA Corporation;Built on Wed_Sep_21_10:33:58_PDT_2022;Cuda compilation tools, release 11.8, V11.8.89;Build cuda_11.8.r11.8/compiler.31833905_0
CUDA compiler flags:-std=c++17;--generate-code=arch=compute_35,code=sm_35;--generate-code=arch=compute_37,code=sm_37;--generate-code=arch=compute_50,code=sm_50;--generate-code=arch=compute_52,code=sm_52;--generate-code=arch=compute_60,code=sm_60;--generate-code=arch=compute_61,code=sm_61;--generate-code=arch=compute_70,code=sm_70;--generate-code=arch=compute_75,code=sm_75;--generate-code=arch=compute_80,code=sm_80;--generate-code=arch=compute_86,code=sm_86;--generate-code=arch=compute_89,code=sm_89;--generate-code=arch=compute_90,code=sm_90;-Wno-deprecated-gpu-targets;--generate-code=arch=compute_53,code=sm_53;--generate-code=arch=compute_80,code=sm_80;-use_fast_math;-Xptxas;-warn-double-usage;-Xptxas;-Werror;;-Xcompiler;-fopenmp;-fexcess-precision=fast -funroll-all-loops -mavx2 -mfma -Wno-missing-field-initializers -Wno-cast-function-type-strict SHELL:-fopenmp -O3 -DNDEBUG
CUDA driver:         12.40
CUDA runtime:        11.80


Running on 1 node with total 4 cores, 8 processing units, 1 compatible GPU
Hardware detected on host cganalysis-structure-074542003-5b656:
  CPU info:
    Vendor: Intel
    Brand:  Intel(R) Xeon(R) CPU E5-2686 v4 @ 2.30GHz
    Family: 6   Model: 79   Stepping: 1
    Features: aes apic avx avx2 clfsh cmov cx8 cx16 f16c fma hle htt intel lahf mmx msr nonstop_tsc pcid pclmuldq pdpe1gb popcnt pse rdrnd rdtscp rtm sse2 sse3 sse4.1 sse4.2 ssse3 tdt x2apic
  Hardware topology: Basic
    Packages, cores, and logical processors:
    [indices refer to OS logical processors]
      Package  0: [   0   4] [   1   5] [   2   6] [   3   7]
    CPU limit set by OS: 7   Recommended max number of threads: 7
  GPU info:
    Number of GPUs detected: 1
    #0: NVIDIA Tesla V100-SXM2-16GB, compute cap.: 7.0, ECC: yes, stat: compatible

The current CPU can measure timings more accurately than the code in
gmx mdrun was configured to use. This might affect your simulation
speed as accurate timings are needed for load-balancing.
Please consider rebuilding gmx mdrun with the GMX_USE_RDTSCP=ON CMake option.

++++ PLEASE READ AND CITE THE FOLLOWING REFERENCE ++++
M. J. Abraham, T. Murtola, R. Schulz, S. Páll, J. C. Smith, B. Hess, E.
Lindahl
GROMACS: High performance molecular simulations through multi-level
parallelism from laptops to supercomputers
SoftwareX 1 (2015) pp. 19-25
-------- -------- --- Thank You --- -------- --------


++++ PLEASE READ AND CITE THE FOLLOWING REFERENCE ++++
S. Páll, M. J. Abraham, C. Kutzner, B. Hess, E. Lindahl
Tackling Exascale Software Challenges in Molecular Dynamics Simulations with
GROMACS
In S. Markidis & E. Laure (Eds.), Solving Software Challenges for Exascale 8759 (2015) pp. 3-27
-------- -------- --- Thank You --- -------- --------


++++ PLEASE READ AND CITE THE FOLLOWING REFERENCE ++++
S. Pronk, S. Páll, R. Schulz, P. Larsson, P. Bjelkmar, R. Apostolov, M. R.
Shirts, J. C. Smith, P. M. Kasson, D. van der Spoel, B. Hess, and E. Lindahl
GROMACS 4.5: a high-throughput and highly parallel open source molecular
simulation toolkit
Bioinformatics 29 (2013) pp. 845-54
-------- -------- --- Thank You --- -------- --------


++++ PLEASE READ AND CITE THE FOLLOWING REFERENCE ++++
B. Hess and C. Kutzner and D. van der Spoel and E. Lindahl
GROMACS 4: Algorithms for highly efficient, load-balanced, and scalable
molecular simulation
J. Chem. Theory Comput. 4 (2008) pp. 435-447
-------- -------- --- Thank You --- -------- --------


++++ PLEASE READ AND CITE THE FOLLOWING REFERENCE ++++
D. van der Spoel, E. Lindahl, B. Hess, G. Groenhof, A. E. Mark and H. J. C.
Berendsen
GROMACS: Fast, Flexible and Free
J. Comp. Chem. 26 (2005) pp. 1701-1719
-------- -------- --- Thank You --- -------- --------


++++ PLEASE READ AND CITE THE FOLLOWING REFERENCE ++++
E. Lindahl and B. Hess and D. van der Spoel
GROMACS 3.0: A package for molecular simulation and trajectory analysis
J. Mol. Mod. 7 (2001) pp. 306-317
-------- -------- --- Thank You --- -------- --------


++++ PLEASE READ AND CITE THE FOLLOWING REFERENCE ++++
H. J. C. Berendsen, D. van der Spoel and R. van Drunen
GROMACS: A message-passing parallel molecular dynamics implementation
Comp. Phys. Comm. 91 (1995) pp. 43-56
-------- -------- --- Thank You --- -------- --------


The number of OpenMP threads was set by environment variable OMP_NUM_THREADS to 8 (and the command-line setting agreed with that)

Input Parameters:
   integrator                     = md
   tinit                          = 0
   dt                             = 0.02
   nsteps                         = -1
   init-step                      = 0
   simulation-part                = 1
   mts                            = false
   mass-repartition-factor        = 1
   comm-mode                      = Linear
   nstcomm                        = 100
   bd-fric                        = 0
   ld-seed                        = -8430177
   emtol                          = 10
   emstep                         = 0.01
   niter                          = 20
   fcstep                         = 0
   nstcgsteep                     = 1000
   nbfgscorr                      = 10
   rtpi                           = 0.05
   nstxout                        = 0
   nstvout                        = 0
   nstfout                        = 0
   nstlog                         = 25000
   nstcalcenergy                  = 100
   nstenergy                      = 25000
   nstxout-compressed             = 25000
   compressed-x-precision         = 100
   cutoff-scheme                  = Verlet
   nstlist                        = 20
   pbc                            = xyz
   periodic-molecules             = false
   verlet-buffer-tolerance        = -1
   verlet-buffer-pressure-tolerance = -1
   rlist                          = 1.35
   coulombtype                    = Reaction-Field
   coulomb-modifier               = Potential-shift
   rcoulomb-switch                = 0
   rcoulomb                       = 1.1
   epsilon-r                      = 15
   epsilon-rf                     = inf
   vdw-type                       = Cut-off
   vdw-modifier                   = Potential-shift
   rvdw-switch                    = 0
   rvdw                           = 1.1
   DispCorr                       = No
   table-extension                = 1
   fourierspacing                 = 0.12
   fourier-nx                     = 0
   fourier-ny                     = 0
   fourier-nz                     = 0
   pme-order                      = 4
   ewald-rtol                     = 1e-05
   ewald-rtol-lj                  = 0.001
   lj-pme-comb-rule               = Geometric
   ewald-geometry                 = 3d
   epsilon-surface                = 0
   ensemble-temperature-setting   = constant
   ensemble-temperature           = 310
   tcoupl                         = V-rescale
   nsttcouple                     = 20
   nh-chain-length                = 0
   print-nose-hoover-chain-variables = false
   pcoupl                         = Parrinello-Rahman
   pcoupltype                     = Semiisotropic
   nstpcouple                     = 20
   tau-p                          = 12
   compressibility (3x3):
      compressibility[    0]={ 3.00000e-04,  0.00000e+00,  0.00000e+00}
      compressibility[    1]={ 0.00000e+00,  3.00000e-04,  0.00000e+00}
      compressibility[    2]={ 0.00000e+00,  0.00000e+00,  3.00000e-04}
   ref-p (3x3):
      ref-p[    0]={ 1.00000e+00,  0.00000e+00,  0.00000e+00}
      ref-p[    1]={ 0.00000e+00,  1.00000e+00,  0.00000e+00}
      ref-p[    2]={ 0.00000e+00,  0.00000e+00,  1.00000e+00}
   refcoord-scaling               = COM
   posres-com (3):
      posres-com[0]= 6.75018e-01
      posres-com[1]= 3.71025e-01
      posres-com[2]= 8.32372e-01
   posres-comB (3):
      posres-comB[0]= 6.75018e-01
      posres-comB[1]= 3.71025e-01
      posres-comB[2]= 8.32372e-01
   QMMM                           = false
qm-opts:
   ngQM                           = 0
   constraint-algorithm           = Lincs
   continuation                   = false
   Shake-SOR                      = false
   shake-tol                      = 0.0001
   lincs-order                    = 12
   lincs-iter                     = 2
   lincs-warnangle                = 90
   nwall                          = 0
   wall-type                      = 9-3
   wall-r-linpot                  = -1
   wall-atomtype[0]               = -1
   wall-atomtype[1]               = -1
   wall-density[0]                = 0
   wall-density[1]                = 0
   wall-ewald-zfac                = 3
   pull                           = false
   awh                            = false
   rotation                       = false
   interactiveMD                  = false
   disre                          = No
   disre-weighting                = Conservative
   disre-mixed                    = false
   dr-fc                          = 1000
   dr-tau                         = 0
   nstdisreout                    = 100
   orire-fc                       = 0
   orire-tau                      = 0
   nstorireout                    = 100
   free-energy                    = no
   cos-acceleration               = 0
   deform (3x3):
      deform[    0]={ 0.00000e+00,  0.00000e+00,  0.00000e+00}
      deform[    1]={ 0.00000e+00,  0.00000e+00,  0.00000e+00}
      deform[    2]={ 0.00000e+00,  0.00000e+00,  0.00000e+00}
   simulated-tempering            = false
   swapcoords                     = no
   userint1                       = 0
   userint2                       = 0
   userint3                       = 0
   userint4                       = 0
   userreal1                      = 0
   userreal2                      = 0
   userreal3                      = 0
   userreal4                      = 0
   applied-forces:
     electric-field:
       x:
         E0                       = 0
         omega                    = 0
         t0                       = 0
         sigma                    = 0
       y:
         E0                       = 0
         omega                    = 0
         t0                       = 0
         sigma                    = 0
       z:
         E0                       = 0
         omega                    = 0
         t0                       = 0
         sigma                    = 0
     density-guided-simulation:
       active                     = false
       group                      = protein
       similarity-measure         = inner-product
       atom-spreading-weight      = unity
       force-constant             = 1e+09
       gaussian-transform-spreading-width = 0.2
       gaussian-transform-spreading-range-in-multiples-of-width = 4
       reference-density-filename = reference.mrc
       nst                        = 1
       normalize-densities        = true
       adaptive-force-scaling     = false
       adaptive-force-scaling-time-constant = 4
       shift-vector               = 
       transformation-matrix      = 
     qmmm-cp2k:
       active                     = false
       qmgroup                    = System
       qmmethod                   = PBE
       qmfilenames                = 
       qmcharge                   = 0
       qmmultiplicity             = 1
     colvars:
       active                     = false
       configfile                 = 
       seed                       = -1
grpopts:
   nrdf:      114471       41795
   ref-t:         310         310
   tau-t:           1           1
annealing:          No          No
annealing-npoints:           0           0
   acc:	           0           0           0
   nfreeze:           N           N           N
   energygrp-flags[  0]: 0

Can not increase nstlist because verlet-buffer-tolerance is not set or used
Update groups can not be used for this system because an incompatible virtual site type is used

Update task can not run on the GPU, because the following condition(s) were not satisfied:

Virtual sites are not supported.

1 GPU selected for this run.
Mapping of GPU IDs to the 1 GPU task in the 1 rank on this node:
  PP:0
PP tasks will do (non-perturbed) short-ranged interactions on the GPU
PP task will update and constrain coordinates on the CPU
Using 1 MPI thread
Using 8 OpenMP threads 


WARNING: Oversubscribing the recommended max load of 7 logical CPUs with 8 threads.
         This will cause considerable performance loss.
System total charge: 0.000
Reaction-Field:
epsRF = 0, rc = 1.1, krf = 0.375657, crf = 1.36364, epsfac = 9.26236
The electrostatics potential has its minimum at r = 1.1
Potential shift: LJ r^-12: -3.186e-01 r^-6: -5.645e-01


Using GPU 8x8 nonbonded short-range kernels

Using a 8x8 pair-list setup:
  updated every 20 steps, buffer 0.250 nm, rlist 1.350 nm

The average pressure is off by at most nan bar due to missing LJ interactions

Using full Lennard-Jones parameter combination matrix
Removing pbc first time

Initializing LINear Constraint Solver

++++ PLEASE READ AND CITE THE FOLLOWING REFERENCE ++++
B. Hess
P-LINCS: A Parallel Linear Constraint Solver for molecular simulation
J. Chem. Theory Comput. 4 (2008) pp. 116-122
-------- -------- --- Thank You --- -------- --------

The number of constraints is 1495
1316 constraints are involved in constraint triangles,
will apply an additional matrix expansion of order 12 for couplings
between constraints inside triangles

++++ PLEASE READ AND CITE THE FOLLOWING REFERENCE ++++
G. Bussi, D. Donadio and M. Parrinello
Canonical sampling through velocity rescaling
J. Chem. Phys. 126 (2007) pp. 014101
-------- -------- --- Thank You --- -------- --------

There are: 52589 Atoms
There are: 1923 VSites

Constraining the starting coordinates (step 0)

Constraining the coordinates at t0-dt (step 0)
Center of mass motion removal mode is Linear
We have the following groups for center of mass motion removal:
  0:  Rest
  1:  Solvent
RMS relative constraint deviation after constraining: 1.18e-06
Initial temperature: 309.769 K

Started mdrun on rank 0 Sat Mar 15 06:36:43 2025

           Step           Time
              0        0.00000

   Energies (kJ/mol)
           Bond  Harmonic Pot.          Angle       G96Angle  Restr. Angles
    1.89378e+04    9.38053e+00    1.29476e+04    5.61920e+02    6.73885e+02
    Proper Dih.  Improper Dih.        LJ (SR)   Coulomb (SR) Position Rest.
    4.15800e+02    4.44534e+02   -1.26317e+06   -1.42113e+04    0.00000e+00
      Potential    Kinetic En.   Total Energy  Conserved En.    Temperature
   -1.24339e+06    2.01000e+05   -1.04239e+06   -1.04203e+06    3.09404e+02
 Pressure (bar)   Constr. rmsd
   -2.62464e+00    1.13610e-06

           Step           Time
          25000      500.00000

   Energies (kJ/mol)
           Bond  Harmonic Pot.          Angle       G96Angle  Restr. Angles
    1.85837e+04    8.72816e+00    1.29750e+04    5.20855e+02    7.75281e+02
    Proper Dih.  Improper Dih.        LJ (SR)   Coulomb (SR) Position Rest.
    3.63274e+02    4.38999e+02   -1.26368e+06   -1.41262e+04    1.56636e+01
      Potential    Kinetic En.   Total Energy  Conserved En.    Temperature
   -1.24412e+06    2.01791e+05   -1.04233e+06   -1.04216e+06    3.10623e+02
 Pressure (bar)   Constr. rmsd
    8.39781e+00    1.21118e-06

           Step           Time
          50000     1000.00000

   Energies (kJ/mol)
           Bond  Harmonic Pot.          Angle       G96Angle  Restr. Angles
    1.84931e+04    9.80173e+00    1.28931e+04    5.77763e+02    6.84479e+02
    Proper Dih.  Improper Dih.        LJ (SR)   Coulomb (SR) Position Rest.
    4.62336e+02    4.06270e+02   -1.26423e+06   -1.42530e+04    1.68623e+01
      Potential    Kinetic En.   Total Energy  Conserved En.    Temperature
   -1.24494e+06    2.01820e+05   -1.04312e+06   -1.04222e+06    3.10668e+02
 Pressure (bar)   Constr. rmsd
   -1.17824e+01    1.21072e-06

           Step           Time
          75000     1500.00000

   Energies (kJ/mol)
           Bond  Harmonic Pot.          Angle       G96Angle  Restr. Angles
    1.82096e+04    9.98371e+00    1.27482e+04    5.43681e+02    6.60886e+02
    Proper Dih.  Improper Dih.        LJ (SR)   Coulomb (SR) Position Rest.
    3.96933e+02    4.80670e+02   -1.26401e+06   -1.42967e+04    1.44860e+01
      Potential    Kinetic En.   Total Energy  Conserved En.    Temperature
   -1.24524e+06    2.01116e+05   -1.04413e+06   -1.04230e+06    3.09583e+02
 Pressure (bar)   Constr. rmsd
   -1.79356e+01    1.17283e-06

           Step           Time
         100000     2000.00000

   Energies (kJ/mol)
           Bond  Harmonic Pot.          Angle       G96Angle  Restr. Angles
    1.87852e+04    4.96348e+00    1.28172e+04    6.14307e+02    6.97243e+02
    Proper Dih.  Improper Dih.        LJ (SR)   Coulomb (SR) Position Rest.
    4.10322e+02    4.51585e+02   -1.26394e+06   -1.43419e+04    1.66220e+01
      Potential    Kinetic En.   Total Energy  Conserved En.    Temperature
   -1.24449e+06    2.02779e+05   -1.04171e+06   -1.04248e+06    3.12143e+02
 Pressure (bar)   Constr. rmsd
   -4.38244e+00    1.21043e-06

           Step           Time
         125000     2500.00000

   Energies (kJ/mol)
           Bond  Harmonic Pot.          Angle       G96Angle  Restr. Angles
    1.87513e+04    1.00416e+01    1.29796e+04    4.99743e+02    7.07521e+02
    Proper Dih.  Improper Dih.        LJ (SR)   Coulomb (SR) Position Rest.
    3.40979e+02    4.03301e+02   -1.26654e+06   -1.42685e+04    1.69959e+01
      Potential    Kinetic En.   Total Energy  Conserved En.    Temperature
   -1.24710e+06    2.02474e+05   -1.04462e+06   -1.04257e+06    3.11675e+02
 Pressure (bar)   Constr. rmsd
   -1.07361e+01    1.14090e-06

           Step           Time
         150000     3000.00000

   Energies (kJ/mol)
           Bond  Harmonic Pot.          Angle       G96Angle  Restr. Angles
    1.87586e+04    5.13335e+00    1.30061e+04    5.65274e+02    7.00107e+02
    Proper Dih.  Improper Dih.        LJ (SR)   Coulomb (SR) Position Rest.
    3.59959e+02    4.92631e+02   -1.26344e+06   -1.44440e+04    1.74956e+01
      Potential    Kinetic En.   Total Energy  Conserved En.    Temperature
   -1.24398e+06    2.02379e+05   -1.04160e+06   -1.04244e+06    3.11528e+02
 Pressure (bar)   Constr. rmsd
   -1.30048e+01    1.17620e-06

           Step           Time
         175000     3500.00000

   Energies (kJ/mol)
           Bond  Harmonic Pot.          Angle       G96Angle  Restr. Angles
    1.83735e+04    3.39948e+00    1.30593e+04    5.83498e+02    6.78948e+02
    Proper Dih.  Improper Dih.        LJ (SR)   Coulomb (SR) Position Rest.
    4.25708e+02    3.71657e+02   -1.26392e+06   -1.40907e+04    1.85872e+01
      Potential    Kinetic En.   Total Energy  Conserved En.    Temperature
   -1.24449e+06    2.01857e+05   -1.04264e+06   -1.04249e+06    3.10725e+02
 Pressure (bar)   Constr. rmsd
   -9.55083e+00    1.22118e-06

           Step           Time
         200000     4000.00000

   Energies (kJ/mol)
           Bond  Harmonic Pot.          Angle       G96Angle  Restr. Angles
    1.87030e+04    6.16556e+00    1.27579e+04    5.33072e+02    6.76661e+02
    Proper Dih.  Improper Dih.        LJ (SR)   Coulomb (SR) Position Rest.
    4.51597e+02    4.61693e+02   -1.26554e+06   -1.41712e+04    1.58067e+01
      Potential    Kinetic En.   Total Energy  Conserved En.    Temperature
   -1.24610e+06    2.00143e+05   -1.04596e+06   -1.04254e+06    3.08086e+02
 Pressure (bar)   Constr. rmsd
    6.42074e+00    1.17031e-06

           Step           Time
         225000     4500.00000

   Energies (kJ/mol)
           Bond  Harmonic Pot.          Angle       G96Angle  Restr. Angles
    1.86639e+04    6.56316e+00    1.26041e+04    5.76625e+02    6.48482e+02
    Proper Dih.  Improper Dih.        LJ (SR)   Coulomb (SR) Position Rest.
    4.41504e+02    4.54158e+02   -1.26638e+06   -1.42575e+04    1.97818e+01
      Potential    Kinetic En.   Total Energy  Conserved En.    Temperature
   -1.24722e+06    2.01806e+05   -1.04542e+06   -1.04269e+06    3.10646e+02
 Pressure (bar)   Constr. rmsd
   -9.93503e+00    1.16648e-06

           Step           Time
         250000     5000.00000

   Energies (kJ/mol)
           Bond  Harmonic Pot.          Angle       G96Angle  Restr. Angles
    1.85840e+04    7.46665e+00    1.28938e+04    5.28542e+02    7.07198e+02
    Proper Dih.  Improper Dih.        LJ (SR)   Coulomb (SR) Position Rest.
    3.71632e+02    4.66221e+02   -1.26400e+06   -1.43750e+04    2.30161e+01
      Potential    Kinetic En.   Total Energy  Conserved En.    Temperature
   -1.24480e+06    2.02112e+05   -1.04268e+06   -1.04272e+06    3.11117e+02
 Pressure (bar)   Constr. rmsd
    4.91602e+00    1.20371e-06

           Step           Time
         275000     5500.00000

   Energies (kJ/mol)
           Bond  Harmonic Pot.          Angle       G96Angle  Restr. Angles
    1.92338e+04    1.01524e+01    1.24654e+04    5.65384e+02    6.58321e+02
    Proper Dih.  Improper Dih.        LJ (SR)   Coulomb (SR) Position Rest.
    3.96153e+02    4.61129e+02   -1.26485e+06   -1.43654e+04    2.55092e+01
      Potential    Kinetic En.   Total Energy  Conserved En.    Temperature
   -1.24540e+06    2.00523e+05   -1.04487e+06   -1.04278e+06    3.08671e+02
 Pressure (bar)   Constr. rmsd
   -4.43277e+00    1.15410e-06

           Step           Time
         300000     6000.00000

   Energies (kJ/mol)
           Bond  Harmonic Pot.          Angle       G96Angle  Restr. Angles
    1.84863e+04    1.04309e+01    1.25957e+04    4.99435e+02    6.56011e+02
    Proper Dih.  Improper Dih.        LJ (SR)   Coulomb (SR) Position Rest.
    3.86691e+02    3.69316e+02   -1.26591e+06   -1.41545e+04    3.04990e+01
      Potential    Kinetic En.   Total Energy  Conserved En.    Temperature
   -1.24703e+06    2.01799e+05   -1.04523e+06   -1.04301e+06    3.10635e+02
 Pressure (bar)   Constr. rmsd
   -4.68248e+00    1.10471e-06

           Step           Time
         325000     6500.00000

   Energies (kJ/mol)
           Bond  Harmonic Pot.          Angle       G96Angle  Restr. Angles
    1.85546e+04    1.72390e+01    1.28920e+04    5.03906e+02    6.61624e+02
    Proper Dih.  Improper Dih.        LJ (SR)   Coulomb (SR) Position Rest.
    4.19871e+02    3.97912e+02   -1.26591e+06   -1.42555e+04    2.01843e+01
      Potential    Kinetic En.   Total Energy  Conserved En.    Temperature
   -1.24670e+06    2.00669e+05   -1.04603e+06   -1.04324e+06    3.08895e+02
 Pressure (bar)   Constr. rmsd
    1.09744e+01    1.12922e-06

           Step           Time
         350000     7000.00000

   Energies (kJ/mol)
           Bond  Harmonic Pot.          Angle       G96Angle  Restr. Angles
    1.86914e+04    1.44429e+01    1.28524e+04    5.18559e+02    6.44682e+02
    Proper Dih.  Improper Dih.        LJ (SR)   Coulomb (SR) Position Rest.
    4.12707e+02    4.58753e+02   -1.26187e+06   -1.43928e+04    2.53734e+01
      Potential    Kinetic En.   Total Energy  Conserved En.    Temperature
   -1.24265e+06    2.02020e+05   -1.04063e+06   -1.04337e+06    3.10975e+02
 Pressure (bar)   Constr. rmsd
    2.77596e+01    1.11194e-06

           Step           Time
         375000     7500.00000

   Energies (kJ/mol)
           Bond  Harmonic Pot.          Angle       G96Angle  Restr. Angles
    1.81262e+04    1.18579e+01    1.29248e+04    5.32776e+02    6.88137e+02
    Proper Dih.  Improper Dih.        LJ (SR)   Coulomb (SR) Position Rest.
    3.76925e+02    4.37349e+02   -1.26370e+06   -1.42630e+04    2.06917e+01
      Potential    Kinetic En.   Total Energy  Conserved En.    Temperature
   -1.24484e+06    2.00892e+05   -1.04395e+06   -1.04360e+06    3.09239e+02
 Pressure (bar)   Constr. rmsd
   -9.59812e+00    1.07488e-06

           Step           Time
         400000     8000.00000

   Energies (kJ/mol)
           Bond  Harmonic Pot.          Angle       G96Angle  Restr. Angles
    1.81362e+04    1.10498e+01    1.27286e+04    5.73610e+02    6.60555e+02
    Proper Dih.  Improper Dih.        LJ (SR)   Coulomb (SR) Position Rest.
    4.38732e+02    4.48754e+02   -1.26364e+06   -1.41129e+04    1.74006e+01
      Potential    Kinetic En.   Total Energy  Conserved En.    Temperature
   -1.24474e+06    2.00631e+05   -1.04411e+06   -1.04367e+06    3.08837e+02
 Pressure (bar)   Constr. rmsd
   -1.79184e+01    1.12643e-06

           Step           Time
         425000     8500.00000

   Energies (kJ/mol)
           Bond  Harmonic Pot.          Angle       G96Angle  Restr. Angles
    1.86279e+04    1.26918e+01    1.27243e+04    5.52710e+02    6.63546e+02
    Proper Dih.  Improper Dih.        LJ (SR)   Coulomb (SR) Position Rest.
    4.37715e+02    4.95105e+02   -1.26328e+06   -1.40934e+04    1.99139e+01
      Potential    Kinetic En.   Total Energy  Conserved En.    Temperature
   -1.24383e+06    2.01341e+05   -1.04249e+06   -1.04372e+06    3.09931e+02
 Pressure (bar)   Constr. rmsd
    2.03092e+01    1.14025e-06

           Step           Time
         450000     9000.00000

   Energies (kJ/mol)
           Bond  Harmonic Pot.          Angle       G96Angle  Restr. Angles
    1.85042e+04    1.08342e+01    1.24531e+04    5.67565e+02    6.87718e+02
    Proper Dih.  Improper Dih.        LJ (SR)   Coulomb (SR) Position Rest.
    4.44885e+02    4.39076e+02   -1.26695e+06   -1.42750e+04    2.11042e+01
      Potential    Kinetic En.   Total Energy  Conserved En.    Temperature
   -1.24809e+06    2.00620e+05   -1.04747e+06   -1.04384e+06    3.08821e+02
 Pressure (bar)   Constr. rmsd
   -5.48021e+00    1.10946e-06

           Step           Time
         475000     9500.00000

   Energies (kJ/mol)
           Bond  Harmonic Pot.          Angle       G96Angle  Restr. Angles
    1.88915e+04    9.17056e+00    1.26781e+04    5.35024e+02    6.97572e+02
    Proper Dih.  Improper Dih.        LJ (SR)   Coulomb (SR) Position Rest.
    4.57250e+02    4.22413e+02   -1.26415e+06   -1.41897e+04    2.16086e+01
      Potential    Kinetic En.   Total Energy  Conserved En.    Temperature
   -1.24463e+06    2.01524e+05   -1.04311e+06   -1.04391e+06    3.10212e+02
 Pressure (bar)   Constr. rmsd
   -6.09258e+00    1.08581e-06

           Step           Time
         500000    10000.00000

   Energies (kJ/mol)
           Bond  Harmonic Pot.          Angle       G96Angle  Restr. Angles
    1.84439e+04    9.71912e+00    1.27450e+04    5.13932e+02    7.02020e+02
    Proper Dih.  Improper Dih.        LJ (SR)   Coulomb (SR) Position Rest.
    4.02091e+02    4.16525e+02   -1.26589e+06   -1.40799e+04    2.26269e+01
      Potential    Kinetic En.   Total Energy  Conserved En.    Temperature
   -1.24671e+06    2.00580e+05   -1.04613e+06   -1.04417e+06    3.08758e+02
 Pressure (bar)   Constr. rmsd
    1.49373e+01    1.09046e-06

           Step           Time
         525000    10500.00000

   Energies (kJ/mol)
           Bond  Harmonic Pot.          Angle       G96Angle  Restr. Angles
    1.80159e+04    1.33287e+01    1.24182e+04    4.87432e+02    6.81619e+02
    Proper Dih.  Improper Dih.        LJ (SR)   Coulomb (SR) Position Rest.
    4.10001e+02    4.11994e+02   -1.26375e+06   -1.40234e+04    2.91714e+01
      Potential    Kinetic En.   Total Energy  Conserved En.    Temperature
   -1.24530e+06    2.02934e+05   -1.04237e+06   -1.04430e+06    3.12382e+02
 Pressure (bar)   Constr. rmsd
   -1.08540e+01    1.12889e-06

           Step           Time
         550000    11000.00000

   Energies (kJ/mol)
           Bond  Harmonic Pot.          Angle       G96Angle  Restr. Angles
    1.86465e+04    9.96347e+00    1.28022e+04    5.37646e+02    7.01906e+02
    Proper Dih.  Improper Dih.        LJ (SR)   Coulomb (SR) Position Rest.
    4.03852e+02    4.65941e+02   -1.26395e+06   -1.42603e+04    2.07902e+01
      Potential    Kinetic En.   Total Energy  Conserved En.    Temperature
   -1.24462e+06    2.00758e+05   -1.04386e+06   -1.04437e+06    3.09033e+02
 Pressure (bar)   Constr. rmsd
   -1.40157e+00    1.10937e-06

           Step           Time
         575000    11500.00000

   Energies (kJ/mol)
           Bond  Harmonic Pot.          Angle       G96Angle  Restr. Angles
    1.82269e+04    1.55533e+01    1.29774e+04    5.06740e+02    6.78278e+02
    Proper Dih.  Improper Dih.        LJ (SR)   Coulomb (SR) Position Rest.
    3.70591e+02    3.90660e+02   -1.26370e+06   -1.42159e+04    2.45502e+01
      Potential    Kinetic En.   Total Energy  Conserved En.    Temperature
   -1.24472e+06    2.00511e+05   -1.04421e+06   -1.04453e+06    3.08652e+02
 Pressure (bar)   Constr. rmsd
   -2.49323e+01    1.16151e-06

           Step           Time
         600000    12000.00000

   Energies (kJ/mol)
           Bond  Harmonic Pot.          Angle       G96Angle  Restr. Angles
    1.85324e+04    1.52343e+01    1.27814e+04    5.05522e+02    6.45820e+02
    Proper Dih.  Improper Dih.        LJ (SR)   Coulomb (SR) Position Rest.
    4.32584e+02    4.19464e+02   -1.26668e+06   -1.40844e+04    2.11710e+01
      Potential    Kinetic En.   Total Energy  Conserved En.    Temperature
   -1.24741e+06    1.99632e+05   -1.04778e+06   -1.04462e+06    3.07299e+02
 Pressure (bar)   Constr. rmsd
   -3.67719e+00    1.12336e-06

           Step           Time
         625000    12500.00000

   Energies (kJ/mol)
           Bond  Harmonic Pot.          Angle       G96Angle  Restr. Angles
    1.82919e+04    1.18509e+01    1.27638e+04    5.95101e+02    7.46459e+02
    Proper Dih.  Improper Dih.        LJ (SR)   Coulomb (SR) Position Rest.
    3.85467e+02    5.19300e+02   -1.26611e+06   -1.42904e+04    2.30026e+01
      Potential    Kinetic En.   Total Energy  Conserved En.    Temperature
   -1.24706e+06    2.01796e+05   -1.04526e+06   -1.04456e+06    3.10631e+02
 Pressure (bar)   Constr. rmsd
   -1.28468e+01    1.09525e-06

           Step           Time
         650000    13000.00000

   Energies (kJ/mol)
           Bond  Harmonic Pot.          Angle       G96Angle  Restr. Angles
    1.82487e+04    8.55054e+00    1.29143e+04    4.88901e+02    6.54081e+02
    Proper Dih.  Improper Dih.        LJ (SR)   Coulomb (SR) Position Rest.
    4.01984e+02    3.73473e+02   -1.26280e+06   -1.41874e+04    1.76109e+01
      Potential    Kinetic En.   Total Energy  Conserved En.    Temperature
   -1.24388e+06    2.00651e+05   -1.04323e+06   -1.04457e+06    3.08867e+02
 Pressure (bar)   Constr. rmsd
   -3.47355e+01    1.12316e-06

           Step           Time
         675000    13500.00000

   Energies (kJ/mol)
           Bond  Harmonic Pot.          Angle       G96Angle  Restr. Angles
    1.83746e+04    1.25618e+01    1.26019e+04    5.22472e+02    7.02080e+02
    Proper Dih.  Improper Dih.        LJ (SR)   Coulomb (SR) Position Rest.
    3.87555e+02    3.88227e+02   -1.26648e+06   -1.43346e+04    1.99344e+01
      Potential    Kinetic En.   Total Energy  Conserved En.    Temperature
   -1.24780e+06    1.99764e+05   -1.04804e+06   -1.04474e+06    3.07502e+02
 Pressure (bar)   Constr. rmsd
   -1.03103e+01    1.09156e-06

           Step           Time
         700000    14000.00000

   Energies (kJ/mol)
           Bond  Harmonic Pot.          Angle       G96Angle  Restr. Angles
    1.83697e+04    1.55660e+01    1.29066e+04    5.47075e+02    7.08954e+02
    Proper Dih.  Improper Dih.        LJ (SR)   Coulomb (SR) Position Rest.
    3.97238e+02    4.30168e+02   -1.26621e+06   -1.42585e+04    1.87199e+01
      Potential    Kinetic En.   Total Energy  Conserved En.    Temperature
   -1.24707e+06    2.01139e+05   -1.04593e+06   -1.04473e+06    3.09619e+02
 Pressure (bar)   Constr. rmsd
   -1.46637e+01    1.10618e-06

           Step           Time
         725000    14500.00000

   Energies (kJ/mol)
           Bond  Harmonic Pot.          Angle       G96Angle  Restr. Angles
    1.84354e+04    8.54300e+00    1.29062e+04    5.67703e+02    6.70014e+02
    Proper Dih.  Improper Dih.        LJ (SR)   Coulomb (SR) Position Rest.
    4.08901e+02    4.40769e+02   -1.26339e+06   -1.44271e+04    1.74037e+01
      Potential    Kinetic En.   Total Energy  Conserved En.    Temperature
   -1.24437e+06    2.01054e+05   -1.04331e+06   -1.04491e+06    3.09488e+02
 Pressure (bar)   Constr. rmsd
    1.28308e+01    1.06564e-06

           Step           Time
         750000    15000.00000

   Energies (kJ/mol)
           Bond  Harmonic Pot.          Angle       G96Angle  Restr. Angles
    1.85705e+04    1.20184e+01    1.27504e+04    5.21432e+02    6.42172e+02
    Proper Dih.  Improper Dih.        LJ (SR)   Coulomb (SR) Position Rest.
    4.39040e+02    4.05588e+02   -1.26578e+06   -1.43081e+04    2.01148e+01
      Potential    Kinetic En.   Total Energy  Conserved En.    Temperature
   -1.24672e+06    2.00440e+05   -1.04628e+06   -1.04471e+06    3.08542e+02
 Pressure (bar)   Constr. rmsd
   -5.13502e+00    1.11819e-06

           Step           Time
         775000    15500.00000

   Energies (kJ/mol)
           Bond  Harmonic Pot.          Angle       G96Angle  Restr. Angles
    1.87746e+04    1.29068e+01    1.28084e+04    5.31108e+02    6.41162e+02
    Proper Dih.  Improper Dih.        LJ (SR)   Coulomb (SR) Position Rest.
    3.72862e+02    4.21778e+02   -1.26337e+06   -1.42679e+04    1.83438e+01
      Potential    Kinetic En.   Total Energy  Conserved En.    Temperature
   -1.24405e+06    2.00833e+05   -1.04322e+06   -1.04469e+06    3.09148e+02
 Pressure (bar)   Constr. rmsd
    1.51658e+01    1.09037e-06

Writing checkpoint, step 797120 at Sat Mar 15 06:51:43 2025


           Step           Time
         800000    16000.00000

   Energies (kJ/mol)
           Bond  Harmonic Pot.          Angle       G96Angle  Restr. Angles
    1.83869e+04    1.16026e+01    1.27341e+04    5.20064e+02    6.53828e+02
    Proper Dih.  Improper Dih.        LJ (SR)   Coulomb (SR) Position Rest.
    4.00472e+02    4.67936e+02   -1.26452e+06   -1.39834e+04    2.24752e+01
      Potential    Kinetic En.   Total Energy  Conserved En.    Temperature
   -1.24531e+06    2.01347e+05   -1.04396e+06   -1.04479e+06    3.09939e+02
 Pressure (bar)   Constr. rmsd
   -1.31644e+01    1.07241e-06

           Step           Time
         825000    16500.00000

   Energies (kJ/mol)
           Bond  Harmonic Pot.          Angle       G96Angle  Restr. Angles
    1.85510e+04    1.37237e+01    1.28250e+04    5.22840e+02    6.57716e+02
    Proper Dih.  Improper Dih.        LJ (SR)   Coulomb (SR) Position Rest.
    4.11265e+02    4.29490e+02   -1.26456e+06   -1.40636e+04    2.35084e+01
      Potential    Kinetic En.   Total Energy  Conserved En.    Temperature
   -1.24519e+06    2.01861e+05   -1.04333e+06   -1.04492e+06    3.10731e+02
 Pressure (bar)   Constr. rmsd
   -1.43617e+01    1.08763e-06

           Step           Time
         850000    17000.00000

   Energies (kJ/mol)
           Bond  Harmonic Pot.          Angle       G96Angle  Restr. Angles
    1.87631e+04    1.22253e+01    1.27976e+04    5.54295e+02    6.31626e+02
    Proper Dih.  Improper Dih.        LJ (SR)   Coulomb (SR) Position Rest.
    4.31444e+02    4.30720e+02   -1.26738e+06   -1.42178e+04    1.99042e+01
      Potential    Kinetic En.   Total Energy  Conserved En.    Temperature
   -1.24796e+06    2.01491e+05   -1.04646e+06   -1.04490e+06    3.10161e+02
 Pressure (bar)   Constr. rmsd
    1.28615e+01    1.09783e-06

           Step           Time
         875000    17500.00000

   Energies (kJ/mol)
           Bond  Harmonic Pot.          Angle       G96Angle  Restr. Angles
    1.84602e+04    1.96733e+01    1.24892e+04    5.30692e+02    6.48862e+02
    Proper Dih.  Improper Dih.        LJ (SR)   Coulomb (SR) Position Rest.
    4.13181e+02    4.50321e+02   -1.26575e+06   -1.40811e+04    1.87081e+01
      Potential    Kinetic En.   Total Energy  Conserved En.    Temperature
   -1.24680e+06    2.02110e+05   -1.04469e+06   -1.04500e+06    3.11113e+02
 Pressure (bar)   Constr. rmsd
    1.05870e+01    1.12918e-06

           Step           Time
         900000    18000.00000

   Energies (kJ/mol)
           Bond  Harmonic Pot.          Angle       G96Angle  Restr. Angles
    1.85147e+04    8.86684e+00    1.27848e+04    5.66389e+02    6.97539e+02
    Proper Dih.  Improper Dih.        LJ (SR)   Coulomb (SR) Position Rest.
    4.30238e+02    4.47043e+02   -1.26513e+06   -1.42377e+04    1.90850e+01
      Potential    Kinetic En.   Total Energy  Conserved En.    Temperature
   -1.24590e+06    2.01241e+05   -1.04466e+06   -1.04516e+06    3.09777e+02
 Pressure (bar)   Constr. rmsd
   -2.66023e+01    1.09516e-06

           Step           Time
         925000    18500.00000

   Energies (kJ/mol)
           Bond  Harmonic Pot.          Angle       G96Angle  Restr. Angles
    1.83066e+04    1.34573e+01    1.25107e+04    4.87087e+02    6.85759e+02
    Proper Dih.  Improper Dih.        LJ (SR)   Coulomb (SR) Position Rest.
    4.14725e+02    4.29472e+02   -1.26692e+06   -1.44069e+04    2.41317e+01
      Potential    Kinetic En.   Total Energy  Conserved En.    Temperature
   -1.24846e+06    2.01728e+05   -1.04673e+06   -1.04522e+06    3.10526e+02
 Pressure (bar)   Constr. rmsd
    1.71484e+01    1.15031e-06

           Step           Time
         950000    19000.00000

   Energies (kJ/mol)
           Bond  Harmonic Pot.          Angle       G96Angle  Restr. Angles
    1.85023e+04    9.72672e+00    1.26915e+04    5.20316e+02    7.21715e+02
    Proper Dih.  Improper Dih.        LJ (SR)   Coulomb (SR) Position Rest.
    4.36203e+02    4.52047e+02   -1.26556e+06   -1.43646e+04    2.24004e+01
      Potential    Kinetic En.   Total Energy  Conserved En.    Temperature
   -1.24657e+06    2.01431e+05   -1.04514e+06   -1.04519e+06    3.10069e+02
 Pressure (bar)   Constr. rmsd
    9.45889e+00    1.17585e-06

           Step           Time
         975000    19500.00000

   Energies (kJ/mol)
           Bond  Harmonic Pot.          Angle       G96Angle  Restr. Angles
    1.86329e+04    1.49453e+01    1.26385e+04    5.50758e+02    6.08650e+02
    Proper Dih.  Improper Dih.        LJ (SR)   Coulomb (SR) Position Rest.
    4.17196e+02    4.23218e+02   -1.26725e+06   -1.40741e+04    2.40685e+01
      Potential    Kinetic En.   Total Energy  Conserved En.    Temperature
   -1.24801e+06    2.01765e+05   -1.04624e+06   -1.04524e+06    3.10582e+02
 Pressure (bar)   Constr. rmsd
    9.15376e+00    1.21724e-06

           Step           Time
        1000000    20000.00000

   Energies (kJ/mol)
           Bond  Harmonic Pot.          Angle       G96Angle  Restr. Angles
    1.87103e+04    1.14784e+01    1.26911e+04    5.38894e+02    6.66475e+02
    Proper Dih.  Improper Dih.        LJ (SR)   Coulomb (SR) Position Rest.
    4.11017e+02    4.31082e+02   -1.26475e+06   -1.41853e+04    2.40720e+01
      Potential    Kinetic En.   Total Energy  Conserved En.    Temperature
   -1.24546e+06    2.02944e+05   -1.04251e+06   -1.04538e+06    3.12397e+02
 Pressure (bar)   Constr. rmsd
    2.12933e+01    1.13099e-06

           Step           Time
        1025000    20500.00000

   Energies (kJ/mol)
           Bond  Harmonic Pot.          Angle       G96Angle  Restr. Angles
    1.81613e+04    1.36175e+01    1.28286e+04    5.53614e+02    6.27358e+02
    Proper Dih.  Improper Dih.        LJ (SR)   Coulomb (SR) Position Rest.
    4.29586e+02    4.35814e+02   -1.26617e+06   -1.43594e+04    2.59698e+01
      Potential    Kinetic En.   Total Energy  Conserved En.    Temperature
   -1.24745e+06    2.00635e+05   -1.04682e+06   -1.04523e+06    3.08844e+02
 Pressure (bar)   Constr. rmsd
    1.80497e+01    1.13638e-06

           Step           Time
        1050000    21000.00000

   Energies (kJ/mol)
           Bond  Harmonic Pot.          Angle       G96Angle  Restr. Angles
    1.84517e+04    1.32525e+01    1.29042e+04    5.14294e+02    6.42750e+02
    Proper Dih.  Improper Dih.        LJ (SR)   Coulomb (SR) Position Rest.
    4.00463e+02    4.46696e+02   -1.26609e+06   -1.40514e+04    2.75374e+01
      Potential    Kinetic En.   Total Energy  Conserved En.    Temperature
   -1.24674e+06    2.00503e+05   -1.04623e+06   -1.04539e+06    3.08641e+02
 Pressure (bar)   Constr. rmsd
    7.98796e+00    1.14659e-06

           Step           Time
        1075000    21500.00000

   Energies (kJ/mol)
           Bond  Harmonic Pot.          Angle       G96Angle  Restr. Angles
    1.85715e+04    1.55938e+01    1.24092e+04    5.30959e+02    6.75339e+02
    Proper Dih.  Improper Dih.        LJ (SR)   Coulomb (SR) Position Rest.
    4.00776e+02    4.40129e+02   -1.26482e+06   -1.42436e+04    2.15827e+01
      Potential    Kinetic En.   Total Energy  Conserved En.    Temperature
   -1.24600e+06    1.99882e+05   -1.04612e+06   -1.04552e+06    3.07684e+02
 Pressure (bar)   Constr. rmsd
    4.10501e+00    1.14398e-06

           Step           Time
        1100000    22000.00000

   Energies (kJ/mol)
           Bond  Harmonic Pot.          Angle       G96Angle  Restr. Angles
    1.81222e+04    1.82809e+01    1.25439e+04    5.66679e+02    6.94560e+02
    Proper Dih.  Improper Dih.        LJ (SR)   Coulomb (SR) Position Rest.
    4.12561e+02    4.43754e+02   -1.26712e+06   -1.43206e+04    2.47236e+01
      Potential    Kinetic En.   Total Energy  Conserved En.    Temperature
   -1.24862e+06    2.01780e+05   -1.04684e+06   -1.04554e+06    3.10605e+02
 Pressure (bar)   Constr. rmsd
   -9.17337e+00    1.15198e-06

           Step           Time
        1125000    22500.00000

   Energies (kJ/mol)
           Bond  Harmonic Pot.          Angle       G96Angle  Restr. Angles
    1.88512e+04    9.55526e+00    1.27450e+04    5.30582e+02    6.72408e+02
    Proper Dih.  Improper Dih.        LJ (SR)   Coulomb (SR) Position Rest.
    4.63945e+02    4.90229e+02   -1.26518e+06   -1.42199e+04    2.30400e+01
      Potential    Kinetic En.   Total Energy  Conserved En.    Temperature
   -1.24561e+06    2.00996e+05   -1.04462e+06   -1.04549e+06    3.09399e+02
 Pressure (bar)   Constr. rmsd
   -1.28405e+01    1.09965e-06

           Step           Time
        1150000    23000.00000

   Energies (kJ/mol)
           Bond  Harmonic Pot.          Angle       G96Angle  Restr. Angles
    1.84076e+04    2.06203e+01    1.28210e+04    5.17243e+02    6.62672e+02
    Proper Dih.  Improper Dih.        LJ (SR)   Coulomb (SR) Position Rest.
    3.96748e+02    4.41868e+02   -1.26545e+06   -1.42779e+04    2.53929e+01
      Potential    Kinetic En.   Total Energy  Conserved En.    Temperature
   -1.24644e+06    2.01478e+05   -1.04496e+06   -1.04568e+06    3.10141e+02
 Pressure (bar)   Constr. rmsd
    1.01769e+01    1.08109e-06

           Step           Time
        1175000    23500.00000

   Energies (kJ/mol)
           Bond  Harmonic Pot.          Angle       G96Angle  Restr. Angles
    1.82345e+04    1.33799e+01    1.28113e+04    5.41475e+02    6.61540e+02
    Proper Dih.  Improper Dih.        LJ (SR)   Coulomb (SR) Position Rest.
    4.22716e+02    4.37077e+02   -1.26804e+06   -1.44374e+04    1.99456e+01
      Potential    Kinetic En.   Total Energy  Conserved En.    Temperature
   -1.24934e+06    2.00908e+05   -1.04843e+06   -1.04582e+06    3.09263e+02
 Pressure (bar)   Constr. rmsd
    9.99370e+00    1.18705e-06

           Step           Time
        1200000    24000.00000

   Energies (kJ/mol)
           Bond  Harmonic Pot.          Angle       G96Angle  Restr. Angles
    1.84748e+04    1.53716e+01    1.25904e+04    5.74262e+02    6.93052e+02
    Proper Dih.  Improper Dih.        LJ (SR)   Coulomb (SR) Position Rest.
    3.58960e+02    4.73820e+02   -1.26574e+06   -1.42836e+04    1.90064e+01
      Potential    Kinetic En.   Total Energy  Conserved En.    Temperature
   -1.24682e+06    2.00561e+05   -1.04626e+06   -1.04588e+06    3.08730e+02
 Pressure (bar)   Constr. rmsd
    1.17456e+01    1.06453e-06

           Step           Time
        1225000    24500.00000

   Energies (kJ/mol)
           Bond  Harmonic Pot.          Angle       G96Angle  Restr. Angles
    1.85649e+04    1.29845e+01    1.26903e+04    5.55545e+02    6.48721e+02
    Proper Dih.  Improper Dih.        LJ (SR)   Coulomb (SR) Position Rest.
    3.82403e+02    4.08414e+02   -1.26434e+06   -1.44106e+04    2.54716e+01
      Potential    Kinetic En.   Total Energy  Conserved En.    Temperature
   -1.24547e+06    2.00874e+05   -1.04459e+06   -1.04600e+06    3.09211e+02
 Pressure (bar)   Constr. rmsd
    1.60708e+01    1.08757e-06

           Step           Time
        1250000    25000.00000

   Energies (kJ/mol)
           Bond  Harmonic Pot.          Angle       G96Angle  Restr. Angles
    1.81537e+04    9.15539e+00    1.24388e+04    5.35719e+02    7.37801e+02
    Proper Dih.  Improper Dih.        LJ (SR)   Coulomb (SR) Position Rest.
    4.26211e+02    4.36918e+02   -1.26681e+06   -1.42941e+04    1.95424e+01
      Potential    Kinetic En.   Total Energy  Conserved En.    Temperature
   -1.24834e+06    2.01519e+05   -1.04682e+06   -1.04599e+06    3.10204e+02
 Pressure (bar)   Constr. rmsd
    4.78832e+00    1.15055e-06

           Step           Time
        1275000    25500.00000

   Energies (kJ/mol)
           Bond  Harmonic Pot.          Angle       G96Angle  Restr. Angles
    1.84198e+04    1.42116e+01    1.25442e+04    5.74817e+02    6.64275e+02
    Proper Dih.  Improper Dih.        LJ (SR)   Coulomb (SR) Position Rest.
    4.63286e+02    4.49372e+02   -1.26587e+06   -1.42037e+04    2.12376e+01
      Potential    Kinetic En.   Total Energy  Conserved En.    Temperature
   -1.24692e+06    2.01476e+05   -1.04544e+06   -1.04600e+06    3.10138e+02
 Pressure (bar)   Constr. rmsd
   -3.17089e+01    1.11211e-06

           Step           Time
        1300000    26000.00000

   Energies (kJ/mol)
           Bond  Harmonic Pot.          Angle       G96Angle  Restr. Angles
    1.87165e+04    8.27293e+00    1.25171e+04    5.07477e+02    6.55961e+02
    Proper Dih.  Improper Dih.        LJ (SR)   Coulomb (SR) Position Rest.
    4.10378e+02    4.28227e+02   -1.26578e+06   -1.41416e+04    2.64119e+01
      Potential    Kinetic En.   Total Energy  Conserved En.    Temperature
   -1.24665e+06    2.01155e+05   -1.04550e+06   -1.04611e+06    3.09643e+02
 Pressure (bar)   Constr. rmsd
   -3.29823e+01    1.09677e-06

           Step           Time
        1325000    26500.00000

   Energies (kJ/mol)
           Bond  Harmonic Pot.          Angle       G96Angle  Restr. Angles
    1.83600e+04    9.97505e+00    1.27837e+04    5.04034e+02    6.37414e+02
    Proper Dih.  Improper Dih.        LJ (SR)   Coulomb (SR) Position Rest.
    4.69800e+02    4.51748e+02   -1.26427e+06   -1.42761e+04    2.02264e+01
      Potential    Kinetic En.   Total Energy  Conserved En.    Temperature
   -1.24530e+06    2.01670e+05   -1.04363e+06   -1.04614e+06    3.10436e+02
 Pressure (bar)   Constr. rmsd
   -1.93995e+00    1.14992e-06

           Step           Time
        1350000    27000.00000

   Energies (kJ/mol)
           Bond  Harmonic Pot.          Angle       G96Angle  Restr. Angles
    1.85230e+04    1.21609e+01    1.27203e+04    5.38512e+02    6.86595e+02
    Proper Dih.  Improper Dih.        LJ (SR)   Coulomb (SR) Position Rest.
    3.87899e+02    4.86515e+02   -1.26700e+06   -1.42349e+04    1.85898e+01
      Potential    Kinetic En.   Total Energy  Conserved En.    Temperature
   -1.24787e+06    2.01788e+05   -1.04608e+06   -1.04621e+06    3.10618e+02
 Pressure (bar)   Constr. rmsd
    1.30292e+01    1.24881e-06

           Step           Time
        1375000    27500.00000

   Energies (kJ/mol)
           Bond  Harmonic Pot.          Angle       G96Angle  Restr. Angles
    1.84949e+04    9.35669e+00    1.23957e+04    4.72989e+02    6.94762e+02
    Proper Dih.  Improper Dih.        LJ (SR)   Coulomb (SR) Position Rest.
    4.11063e+02    4.33902e+02   -1.26644e+06   -1.43290e+04    1.96942e+01
      Potential    Kinetic En.   Total Energy  Conserved En.    Temperature
   -1.24784e+06    2.02025e+05   -1.04582e+06   -1.04631e+06    3.10982e+02
 Pressure (bar)   Constr. rmsd
   -1.27308e+01    1.12318e-06

           Step           Time
        1400000    28000.00000

   Energies (kJ/mol)
           Bond  Harmonic Pot.          Angle       G96Angle  Restr. Angles
    1.82751e+04    1.48423e+01    1.27910e+04    5.57840e+02    7.19461e+02
    Proper Dih.  Improper Dih.        LJ (SR)   Coulomb (SR) Position Rest.
    4.29078e+02    4.06856e+02   -1.26638e+06   -1.43020e+04    2.33759e+01
      Potential    Kinetic En.   Total Energy  Conserved En.    Temperature
   -1.24747e+06    2.00878e+05   -1.04659e+06   -1.04635e+06    3.09218e+02
 Pressure (bar)   Constr. rmsd
    8.39764e+00    1.09149e-06

           Step           Time
        1425000    28500.00000

   Energies (kJ/mol)
           Bond  Harmonic Pot.          Angle       G96Angle  Restr. Angles
    1.83996e+04    9.71250e+00    1.31852e+04    5.14844e+02    7.06597e+02
    Proper Dih.  Improper Dih.        LJ (SR)   Coulomb (SR) Position Rest.
    3.81385e+02    4.25099e+02   -1.26655e+06   -1.44759e+04    2.44439e+01
      Potential    Kinetic En.   Total Energy  Conserved En.    Temperature
   -1.24738e+06    2.04001e+05   -1.04338e+06   -1.04627e+06    3.14025e+02
 Pressure (bar)   Constr. rmsd
    4.22586e+01    1.11093e-06

           Step           Time
        1450000    29000.00000

   Energies (kJ/mol)
           Bond  Harmonic Pot.          Angle       G96Angle  Restr. Angles
    1.85845e+04    1.28765e+01    1.25669e+04    5.01880e+02    6.72704e+02
    Proper Dih.  Improper Dih.        LJ (SR)   Coulomb (SR) Position Rest.
    3.90641e+02    4.68537e+02   -1.26468e+06   -1.41923e+04    2.64017e+01
      Potential    Kinetic En.   Total Energy  Conserved En.    Temperature
   -1.24564e+06    2.02502e+05   -1.04314e+06   -1.04642e+06    3.11718e+02
 Pressure (bar)   Constr. rmsd
    2.10082e+01    1.11606e-06

           Step           Time
        1475000    29500.00000

   Energies (kJ/mol)
           Bond  Harmonic Pot.          Angle       G96Angle  Restr. Angles
    1.85618e+04    8.96460e+00    1.28615e+04    5.26130e+02    6.44268e+02
    Proper Dih.  Improper Dih.        LJ (SR)   Coulomb (SR) Position Rest.
    4.27497e+02    4.24616e+02   -1.26418e+06   -1.40517e+04    1.77247e+01
      Potential    Kinetic En.   Total Energy  Conserved En.    Temperature
   -1.24476e+06    2.01416e+05   -1.04335e+06   -1.04655e+06    3.10046e+02
 Pressure (bar)   Constr. rmsd
    2.61508e+01    1.11204e-06

           Step           Time
        1500000    30000.00000

   Energies (kJ/mol)
           Bond  Harmonic Pot.          Angle       G96Angle  Restr. Angles
    1.89213e+04    9.16669e+00    1.26183e+04    5.64413e+02    6.96968e+02
    Proper Dih.  Improper Dih.        LJ (SR)   Coulomb (SR) Position Rest.
    3.64457e+02    4.59313e+02   -1.26281e+06   -1.42372e+04    2.27489e+01
      Potential    Kinetic En.   Total Energy  Conserved En.    Temperature
   -1.24339e+06    2.01749e+05   -1.04164e+06   -1.04671e+06    3.10558e+02
 Pressure (bar)   Constr. rmsd
   -1.19994e+01    1.10730e-06

           Step           Time
        1525000    30500.00000

   Energies (kJ/mol)
           Bond  Harmonic Pot.          Angle       G96Angle  Restr. Angles
    1.85616e+04    8.73890e+00    1.27127e+04    5.11407e+02    6.64364e+02
    Proper Dih.  Improper Dih.        LJ (SR)   Coulomb (SR) Position Rest.
    4.08672e+02    4.19103e+02   -1.26394e+06   -1.42112e+04    2.71254e+01
      Potential    Kinetic En.   Total Energy  Conserved En.    Temperature
   -1.24483e+06    2.01875e+05   -1.04296e+06   -1.04672e+06    3.10751e+02
 Pressure (bar)   Constr. rmsd
   -2.63765e+01    1.13214e-06

           Step           Time
        1550000    31000.00000

   Energies (kJ/mol)
           Bond  Harmonic Pot.          Angle       G96Angle  Restr. Angles
    1.85499e+04    1.18427e+01    1.25504e+04    5.14763e+02    7.27786e+02
    Proper Dih.  Improper Dih.        LJ (SR)   Coulomb (SR) Position Rest.
    4.31075e+02    3.77531e+02   -1.26401e+06   -1.40767e+04    2.36088e+01
      Potential    Kinetic En.   Total Energy  Conserved En.    Temperature
   -1.24490e+06    2.00959e+05   -1.04394e+06   -1.04683e+06    3.09341e+02
 Pressure (bar)   Constr. rmsd
   -1.77250e+01    1.09303e-06

           Step           Time
        1575000    31500.00000

   Energies (kJ/mol)
           Bond  Harmonic Pot.          Angle       G96Angle  Restr. Angles
    1.86364e+04    5.91539e+00    1.26362e+04    5.42841e+02    6.98273e+02
    Proper Dih.  Improper Dih.        LJ (SR)   Coulomb (SR) Position Rest.
    4.59654e+02    4.55726e+02   -1.26647e+06   -1.44704e+04    2.21423e+01
      Potential    Kinetic En.   Total Energy  Conserved En.    Temperature
   -1.24748e+06    2.00967e+05   -1.04651e+06   -1.04697e+06    3.09354e+02
 Pressure (bar)   Constr. rmsd
    8.18485e-02    1.15728e-06


Step 1577840: Run time exceeded 0.495 hours, will terminate the run within 40 steps
           Step           Time
        1577860    31557.20000

Writing checkpoint, step 1577860 at Sat Mar 15 07:06:25 2025


   Energies (kJ/mol)
           Bond  Harmonic Pot.          Angle       G96Angle  Restr. Angles
    1.87358e+04    9.69724e+00    1.28329e+04    5.16495e+02    6.84365e+02
    Proper Dih.  Improper Dih.        LJ (SR)   Coulomb (SR) Position Rest.
    3.87365e+02    4.15544e+02   -1.26435e+06   -1.44200e+04    2.39233e+01
      Potential    Kinetic En.   Total Energy  Conserved En.    Temperature
   -1.24517e+06    2.02380e+05   -1.04279e+06   -1.04701e+06    3.11529e+02
 Pressure (bar)   Constr. rmsd
   -1.63250e+01    1.13973e-06


Energy conservation over simulation part #1 of length 31557.2 ps, time 0 to 31557.2 ps
  Conserved energy drift: -2.90e-06 kJ/mol/ps per atom


	<======  ###############  ==>
	<====  A V E R A G E S  ====>
	<==  ###############  ======>

	Statistics over 1577861 steps using 15779 frames

   Energies (kJ/mol)
           Bond  Harmonic Pot.          Angle       G96Angle  Restr. Angles
    1.84889e+04    1.13593e+01    1.27302e+04    5.32858e+02    6.79332e+02
    Proper Dih.  Improper Dih.        LJ (SR)   Coulomb (SR) Position Rest.
    4.01650e+02    4.43761e+02   -1.26506e+06   -1.42652e+04    2.11420e+01
      Potential    Kinetic En.   Total Energy  Conserved En.    Temperature
   -1.24602e+06    2.01382e+05   -1.04464e+06   -1.04467e+06    3.09993e+02
 Pressure (bar)   Constr. rmsd
    8.89408e-01    0.00000e+00

          Box-X          Box-Y          Box-Z
    1.80877e+01    1.80877e+01    1.83153e+01

   Total Virial (kJ/mol)
    6.70948e+04   -3.42116e+00    8.04723e-01
   -3.42231e+00    6.71114e+04   -1.83508e+01
    8.06155e-01   -1.83516e+01    6.67025e+04

   Pressure (bar)
    9.88245e-01   -4.36490e-03    2.51342e-02
   -4.35850e-03    8.51409e-01    1.15986e-01
    2.51262e-02    1.15990e-01    8.28569e-01

      T-Solvent         T-Rest
    3.09971e+02    3.10052e+02


	M E G A - F L O P S   A C C O U N T I N G

 NB=Group-cutoff nonbonded kernels    NxN=N-by-N cluster Verlet kernels
 RF=Reaction-Field  VdW=Van der Waals  QSTab=quadratic-spline table
 W3=SPC/TIP3p  W4=TIP4p (single or pairs)
 V&F=Potential and force  V=Potential only  F=Force only

 Computing:                               M-Number         M-Flops  % Flops
-----------------------------------------------------------------------------
 Pair Search distance check          207795.398288     1870158.585     0.2
 NxN RF Elec. + LJ [F]             25746494.964224   978366808.641    97.8
 NxN RF Elec. + LJ [V&F]             260090.875520    14044907.278     1.4
 Shift-X                               4300.669728       25804.018     0.0
 Bonds                                22902.652415     1351256.492     0.1
 Angles                               16916.247781     2841929.627     0.3
 Propers                                350.285142       80215.298     0.0
 Impropers                              683.213813      142108.473     0.0
 Pos. Restr.                            250.879899       12543.995     0.0
 Virial                                4304.219958       77475.959     0.0
 Stop-CM                                860.199360        8601.994     0.0
 Calc-Ekin                             8601.339456      232236.165     0.0
 Lincs                                 2358.905185      141534.311     0.0
 Lincs-Mat                           115979.241952      463916.968     0.0
 Constraint-V                          4717.807380       42460.266     0.0
 Constraint-Vir                         117.946530        2830.717     0.0
 Virtual Site 3out                     3156.118275      274582.290     0.0
 Virtual Site N                          87.808015        1317.120     0.0
-----------------------------------------------------------------------------
 Total                                               999980688.197   100.0
-----------------------------------------------------------------------------


      R E A L   C Y C L E   A N D   T I M E   A C C O U N T I N G

On 1 MPI rank, each using 8 OpenMP threads

 Activity:              Num   Num      Call    Wall time         Giga-Cycles
                        Ranks Threads  Count      (s)         total sum    %
--------------------------------------------------------------------------------
 Vsite constr.             1    8    1577861     115.640       2127.789   6.5
 Neighbor search           1    8      78894     302.783       5571.231  17.0
 Launch PP GPU ops.        1    8    1577861      54.421       1001.348   3.1
 Force                     1    8    1577861     400.511       7369.436  22.5
 Wait GPU NB local         1    8    1577861      25.448        468.253   1.4
 NB X/F buffer ops.        1    8    3076828     236.271       4347.408  13.3
 Vsite spread              1    8    1656755     110.453       2032.347   6.2
 Write traj.               1    8         66       0.406          7.466   0.0
 Update                    1    8    1577861     117.284       2158.033   6.6
 Constraints               1    8    1577863     354.523       6523.252  19.9
 Rest                                             64.314       1183.380   3.6
--------------------------------------------------------------------------------
 Total                                          1782.052      32789.941 100.0
--------------------------------------------------------------------------------

NOTE: 17 % of the run time was spent in pair search,
      you might want to increase nstlist (this has no effect on accuracy)

               Core t (s)   Wall t (s)        (%)
       Time:    14256.414     1782.052      800.0
                 (ns/day)    (hour/ns)
Performance:     1530.002        0.016
Finished mdrun on rank 0 Sat Mar 15 07:06:25 2025

