                :-) GROMACS - gmx mdrun, 2024.2-conda_forge (-:

Executable:   /miniconda3/bin.AVX2_256/gmx
Data prefix:  /miniconda3
Working dir:  /tmp/workdir
Command line:
  gmx mdrun -cpi -ntmpi 1 -ntomp 64 -pin off -maxh 0.5

The current CPU can measure timings more accurately than the code in
gmx mdrun was configured to use. This might affect your simulation
speed as accurate timings are needed for load-balancing.
Please consider rebuilding gmx mdrun with the GMX_USE_RDTSCP=ON CMake option.
Reading file topol.tpr, VERSION 2024.2-conda_forge (single precision)
Can not increase nstlist because verlet-buffer-tolerance is not set or used

Update groups can not be used for this system because an incompatible virtual site type is used

Using 1 MPI thread
Using 64 OpenMP threads 


WARNING: Oversubscribing the recommended max load of 30 logical CPUs with 64 threads.
         This will cause considerable performance loss.
starting mdrun 'lipids-sim'
-1 steps, infinite ps.

Step 855740: Run time exceeded 0.495 hours, will terminate the run within 40 steps

               Core t (s)   Wall t (s)        (%)
       Time:   114063.334     1782.240     6400.0
                 (ns/day)    (hour/ns)
Performance:      829.717        0.029

GROMACS reminds you: "I couldn't claim that I was smarter than sixty-five other guys - but the average of sixty-five other guys, certainly!" (Richard Feynman)

