2025-03-24T14:40:42.417009780Z >> jobid        = structure_011469773
2025-03-24T14:40:42.417028290Z >> outpath      = /tmp/out
2025-03-24T14:40:42.417030792Z >> registry     = registry-0.mummi.default.svc.cluster.local:5000
2025-03-24T14:40:42.417795408Z >> hostname     = cganalysis-m6g-16xlarge-structure-011469773-hqtrx
2025-03-24T14:40:42.419022164Z mkdir: created directory '/tmp/out'
2025-03-24T14:40:42.422560563Z   % Total    % Received % Xferd  Average Speed   Time    Time     Time  Current
2025-03-24T14:40:42.422598741Z                                  Dload  Upload   Total   Spent    Left  Speed
2025-03-24T14:40:42.516909457Z   0     0    0     0    0     0      0      0 --:--:-- --:--:-- --:--:--     0  0     0    0     0    0     0      0      0 --:--:-- --:--:-- --:--:--     0
2025-03-24T14:40:42.576097943Z 100 3811k  100 3811k    0     0  24.3M      0 --:--:-- --:--:-- --:--:-- 24.3M
2025-03-24T14:40:42.662297804Z /tmp/out
2025-03-24T14:40:42.663266328Z This run does not use GPU
2025-03-24T14:40:42.678440376Z >> simname  = structure_099868581
2025-03-24T14:40:42.678445053Z >> outpath  = /tmp/out
2025-03-24T14:40:42.678446817Z >> registry = 
2025-03-24T14:40:42.678458066Z >> locpath  = /tmp/workdir
2025-03-24T14:40:42.678957491Z >> gmx      = /miniconda3/bin/gmx
2025-03-24T14:40:42.679399661Z >> pwd      = /tmp/workdir
2025-03-24T14:40:42.680136856Z >> hostname = cganalysis-m6g-16xlarge-structure-011469773-hqtrx
2025-03-24T14:40:42.682642659Z >> xtclast = , cframe = 0
2025-03-24T14:40:44.214707675Z  Resnames ['ALA' 'ARG' 'ASN' 'ASP' 'CGW' 'CYF' 'CYM' 'CYS' 'GLN' 'GLU' 'GLY' 'GTP'
2025-03-24T14:40:44.214721106Z  'HSE' 'ILE' 'ION' 'LEU' 'LYS' 'MET' 'MG' 'PHE' 'PRO' 'SER' 'THR' 'TRP'
2025-03-24T14:40:44.214723486Z  'TYR' 'VAL' 'W' 'ZN2'] either not lipids or not supported!
2025-03-24T14:40:44.516321427Z Found leaflets of size 448 355
2025-03-24T15:10:27.747017847Z cp: cannot stat '/tmp/workdir/cg_analysis.out': No such file or directory
2025-03-24T15:10:27.750235589Z cp: cannot stat '/tmp/workdir/cg_analysis.log': No such file or directory
2025-03-24T15:10:27.752648824Z cp: cannot stat '/tmp/workdir/cg_analysis.out': No such file or directory
2025-03-24T15:10:27.759416754Z > Initialized MuMMI
2025-03-24T15:10:27.759419733Z 	> MuMMI_ROOT: (/opt/clones/mummi-ras)
2025-03-24T15:10:27.759421726Z 	> MuMMI_Resources: (/opt/clones/mummi_resources)
2025-03-24T15:10:27.759423351Z 	> MuMMI_Specs: (/opt/clones/mummi-ras/specs)
2025-03-24T15:10:27.759424705Z 
2025-03-24T15:10:27.759426223Z > Creating MuMMI root hierarchy at (/opt/clones/mummi-ras)
2025-03-24T15:10:27.759427544Z 
2025-03-24T15:10:27.759428996Z === times
2025-03-24T15:10:27.759430965Z {"times": {}, "timestamps": {"cganalysis_run_start": 1742827243.5116096, "cganalysis_load_mdanalysis_start": 1742827243.5962481, "cganalysis_load_mdanalysis_complete": 1742827244.519852, "cganalysis_run_simulation_start": 1742827244.5224438, "cganalysis_simrun_start": 1742827244.5225692, "cganalysis_simrun_complete": 1742827249.531161, "cganalysis_run_simulation_complete": 1742827249.531176, "cganalysis_main_analysis_start": 1742827249.5311797, "cganalysis_main_analysis_complete": 1742829027.7475877, "cganalysis_run_complete": 1742829027.7477167}}
2025-03-24T15:10:27.759433328Z ===
2025-03-24T15:10:28.049695714Z 
2025-03-24T15:10:28.049714110Z real	29m45.367s
2025-03-24T15:10:28.049716596Z user	1798m21.347s
2025-03-24T15:10:28.049718163Z sys	1m11.882s
2025-03-24T15:10:28.049770888Z Simulation was successful
2025-03-24T15:10:28.051118535Z 099868581
2025-03-24T15:10:28.051121070Z createsims-times.json
2025-03-24T15:10:28.051122834Z createsims.log
2025-03-24T15:10:28.051124410Z createsims.tar.gz
2025-03-24T15:10:28.051135002Z createsims_success
2025-03-24T15:10:28.051136865Z ener.edr
2025-03-24T15:10:28.051138530Z index.ndx
2025-03-24T15:10:28.051139983Z lipids-water-eq6.gro
2025-03-24T15:10:28.051141681Z martini_v2.x_new-rf-prod.mdp
2025-03-24T15:10:28.051143281Z md.log
2025-03-24T15:10:28.051144725Z mdrun.log
2025-03-24T15:10:28.051146259Z psim.npz
2025-03-24T15:10:28.051147687Z state.cpt
2025-03-24T15:10:28.051149197Z state_prev.cpt
2025-03-24T15:10:28.051150805Z structure_099868581_000000000000.gro
2025-03-24T15:10:28.051152216Z system.top
2025-03-24T15:10:28.051153701Z topol.tpr
2025-03-24T15:10:28.051155137Z traj_comp.xtc
2025-03-24T15:10:29.133571791Z ./traj_comp.xtc      => 40.0 ns | 40.0 ns
2025-03-24T15:10:29.231467000Z Job was successful, pushing result to registry-0.mummi.default.svc.cluster.local:5000/structure_011469773:cganalysis-m6g-16xlarge
2025-03-24T15:10:29.246187419Z Uploading e85ccd7d2b29 .
2025-03-24T15:10:29.258780397Z Uploaded  e85ccd7d2b29 .
2025-03-24T15:10:29.268196797Z Pushed [registry] registry-0.mummi.default.svc.cluster.local:5000/structure_011469773:cganalysis-m6g-16xlarge
2025-03-24T15:10:29.268201728Z ArtifactType: application/vnd.unknown.artifact.v1
2025-03-24T15:10:29.268204107Z Digest: sha256:696ceddf145fc1721b85a503bb76834906767ae162ea0d1f51ba5cecdf6dd807
