WARNING: Could not find any nv files on this host!
>> jobid        = structure_069556892
>> outpath      = /mnt/efs/iter-1/structure_069556892/cganalysis
>> hostname     = i-0de12c6c888a06746
cganalysis
createsim
createsims.log
mlrunner
structure_069556892_000000000000.npz
tmp
>> xtclast = , cframe = 0
2025-03-16 17:28:29,746 - [MainProcess:5911] root:init_logger:344 - INFO - Enabled
2025-03-16 17:28:29,746 - [MainProcess:5911] root:init_logger:345 - WARNING - Enabled
2025-03-16 17:28:29,746 - [MainProcess:5911] root:init_logger:346 - ERROR - Enabled
2025-03-16 17:28:29,746 - [MainProcess:5911] root:init_logger:347 - CRITICAL - Enabled
2025-03-16 17:28:29,828 - [MainProcess:5911] root:_log_profile:78 - PROFILE - [195.641 MB]: Enabled
2025-03-16 17:28:29,828 - [MainProcess:5911] mummi_ras.online.cg.cganalysis:run_cganalysis:849 - INFO - Running CG analysis, options are:
2025-03-16 17:28:29,828 - [MainProcess:5911] mummi_ras.online.cg.cganalysis:run_cganalysis:850 - INFO - Namespace(simname='structure_069556892', fcount=0, noninteractive=False, path='/mnt/efs/iter-1/structure_069556892/createsim', pathremote='/mnt/efs/iter-1/structure_069556892/cganalysis', fstype='mummi', fbio='mummi', nprocs=1, loglevel=2, logpath='./', logstdout=True, test=False, no_gpu=False, logfile='cg_analysis', maxsimtime=250000000, stopsimtime=100, minsimtime=100000000, frameProcessBatchSize=10, siminputs='/mnt/efs/iter-1/structure_069556892/cganalysis', simbin='gmx', simruntime='0.5', simcores=8, nofeedback=False, backend=<MDEngine.GROMACS_PARTS: <class 'mummi_ras.online.simulation.GROMACS_PARTS'>>, mini=True)
2025-03-16 17:28:29,828 - [MainProcess:5911] mummi_ras.online.cg.cganalysis:run_cganalysis:851 - INFO - local path = /mnt/efs/iter-1/structure_069556892/createsim
2025-03-16 17:28:29,828 - [MainProcess:5911] mummi_ras.online.cg.cganalysis:run_cganalysis:853 - INFO - remote path = /mnt/efs/iter-1/structure_069556892/cganalysis
2025-03-16 17:28:30,038 - [MainProcess:5911] mummi_ras.online.cg.cganalysis:run_cganalysis:863 - INFO - Using IO_Interface [<class 'mummi_ras.interfaces.mummi.IO_Mummi'>] for data output
2025-03-16 17:28:30,038 - [MainProcess:5911] mummi_ras.online.cg.cganalysis:run_cganalysis:864 - INFO - Using IO_Interface [<class 'mummi_ras.interfaces.mummi.IO_Mummi'>] for feedback output
2025-03-16 17:28:30,038 - [MainProcess:5911] mummi_ras.online.cg.cgoptions:__init__:46 - INFO - Loading parameters from /opt/clones/mummi_resources/analysis/cg/cg_analysis_parameters.yaml
2025-03-16 17:28:30,048 - [MainProcess:5911] mummi_ras.feedback.feedback_manager_cg2ml:__init__:56 - INFO - Initialized FeedbackManager (type = FeedbackManagerType.Worker; name = structure_069556892; host = ip-10-0-2-18)
2025-03-16 17:28:30,150 - [MainProcess:5911] mummi_ras.parsers.cg:setup:68 - INFO - Initializing CGParser (MDAnalysis version 2.8.0)
2025-03-16 17:28:30,151 - [MainProcess:5911] mummi_ras.parsers.cg:setup:69 - INFO - 	Loading: (/mnt/efs/iter-1/structure_069556892/createsim/lipids-water-eq6.gro) (/mnt/efs/iter-1/structure_069556892/createsim/topol.tpr)
2025-03-16 17:28:30,157 - [MainProcess:5911] MDAnalysis.topology.TPRparser:_log_header:257 - INFO - Gromacs version   : b'VERSION 2024.2-conda_forge'
2025-03-16 17:28:30,158 - [MainProcess:5911] MDAnalysis.topology.TPRparser:_log_header:258 - INFO - tpx version       : 133
2025-03-16 17:28:30,158 - [MainProcess:5911] MDAnalysis.topology.TPRparser:_log_header:259 - INFO - tpx generation    : 28
2025-03-16 17:28:30,158 - [MainProcess:5911] MDAnalysis.topology.TPRparser:_log_header:260 - INFO - tpx precision     : 4
2025-03-16 17:28:30,158 - [MainProcess:5911] MDAnalysis.topology.TPRparser:_log_header:261 - INFO - tpx file_tag      : b'release'
2025-03-16 17:28:30,158 - [MainProcess:5911] MDAnalysis.topology.TPRparser:_log_header:262 - INFO - tpx natoms        : 54475
2025-03-16 17:28:30,158 - [MainProcess:5911] MDAnalysis.topology.TPRparser:_log_header:263 - INFO - tpx ngtc          : 2
2025-03-16 17:28:30,158 - [MainProcess:5911] MDAnalysis.topology.TPRparser:_log_header:264 - INFO - tpx fep_state     : 0
2025-03-16 17:28:30,158 - [MainProcess:5911] MDAnalysis.topology.TPRparser:_log_header:265 - INFO - tpx lambda        : 0.0
2025-03-16 17:28:30,651 - [MainProcess:5911] MDAnalysis.core.universe:guess_TopologyAttrs:1645 - INFO - The attribute(s) types, masses have already been read from the topology file. The guesser will only guess empty values for this attribute, if any exists. To overwrite it by completely guessed values, you can pass the attribute to the force_guess parameter instead of the to_guess one
2025-03-16 17:28:30,654 - [MainProcess:5911] MDAnalysis.guesser.base:guess_attr:177 - INFO - There is no empty types values. Guesser did not guess any new values for types attribute
2025-03-16 17:28:30,654 - [MainProcess:5911] MDAnalysis.guesser.base:guess_attr:177 - INFO - There is no empty masses values. Guesser did not guess any new values for masses attribute
2025-03-16 17:28:30,654 - [MainProcess:5911] mummi_ras.parsers.cg:setup:74 - INFO - 	Number of frames in sim: 1
2025-03-16 17:28:30,655 - [MainProcess:5911] mummi_ras.parsers.cg:setup:75 - INFO - 	Number of atoms in sim: 54475
2025-03-16 17:28:30,655 - [MainProcess:5911] mummi_ras.parsers.cg:setup:76 - INFO - 	Sim dimensions: [180.6287  180.6287  183.30179]
2025-03-16 17:28:30,678 - [MainProcess:5911] mummi_ras.parsers.cg:_setup_lipids:103 - WARNING -  Resnames ['ALA' 'ARG' 'ASN' 'ASP' 'CGW' 'CYF' 'CYM' 'CYS' 'GLN' 'GLU' 'GLY' 'GTP'
 'HSE' 'ILE' 'ION' 'LEU' 'LYS' 'MET' 'MG' 'PHE' 'PRO' 'SER' 'THR' 'TRP'
 'TYR' 'VAL' 'W' 'ZN2'] either not lipids or not supported!
2025-03-16 17:28:32,634 - [MainProcess:5911] mummi_ras.parsers.cg:_setup_lipids:145 - WARNING - Found leaflets of size 448 355
2025-03-16 17:28:32,638 - [MainProcess:5911] mummi_ras.parsers.cg_aligner:init:144 - INFO - origin: (165,): ['THR', 'GLU', 'TYR', 'LYS', 'LEU', 'VAL', 'VAL', 'VAL', 'GLY', 'ALA', 'ASP', 'GLY', 'VAL', 'GLY', 'LYS', 'SER', 'ALA', 'LEU', 'THR', 'ILE', 'GLN', 'LEU', 'ILE', 'GLN', 'ASN', 'HSE', 'PHE', 'VAL', 'ASP', 'GLU', 'TYR', 'ASP', 'PRO', 'THR', 'ILE', 'GLU', 'ASP', 'SER', 'TYR', 'ARG', 'LYS', 'GLN', 'VAL', 'VAL', 'ILE', 'ASP', 'GLY', 'GLU', 'THR', 'CYS', 'LEU', 'LEU', 'ASP', 'ILE', 'LEU', 'ASP', 'THR', 'ALA', 'GLY', 'GLN', 'GLU', 'GLU', 'TYR', 'SER', 'ALA', 'MET', 'ARG', 'ASP', 'GLN', 'TYR', 'MET', 'ARG', 'THR', 'GLY', 'GLU', 'GLY', 'PHE', 'LEU', 'CYS', 'VAL', 'PHE', 'ALA', 'ILE', 'ASN', 'ASN', 'THR', 'LYS', 'SER', 'PHE', 'GLU', 'ASP', 'ILE', 'HSE', 'HSE', 'TYR', 'ARG', 'GLU', 'GLN', 'ILE', 'LYS', 'ARG', 'VAL', 'LYS', 'ASP', 'SER', 'GLU', 'ASP', 'VAL', 'PRO', 'MET', 'VAL', 'LEU', 'VAL', 'GLY', 'ASN', 'LYS', 'CYS', 'ASP', 'LEU', 'PRO', 'SER', 'ARG', 'THR', 'VAL', 'ASP', 'THR', 'LYS', 'GLN', 'ALA', 'GLN', 'ASP', 'LEU', 'ALA', 'ARG', 'SER', 'TYR', 'GLY', 'ILE', 'PRO', 'PHE', 'ILE', 'GLU', 'THR', 'SER', 'ALA', 'LYS', 'THR', 'ARG', 'GLN', 'GLY', 'VAL', 'ASP', 'ASP', 'ALA', 'PHE', 'TYR', 'THR', 'LEU', 'VAL', 'ARG', 'GLU', 'ILE', 'ARG', 'LYS', 'HSE']
2025-03-16 17:28:32,638 - [MainProcess:5911] mummi_ras.parsers.cg_aligner:init:145 - INFO - xaxis:  (8,): ['THR', 'PHE', 'PHE', 'THR', 'LEU', 'LEU', 'PHE', 'GLN']
2025-03-16 17:28:32,642 - [MainProcess:5911] mummi_ras.online.cg.cganalysis:run_cganalysis:946 - INFO - Testing flags: [Success='cg_success', Fail='cg_failure']
2025-03-16 17:28:32,643 - [MainProcess:5911] mummi_ras.online.cg.cganalysis:run_cganalysis:947 - INFO - Checking for exit condition [/mnt/efs/iter-1/structure_069556892/cganalysis] (pass=False fail=False)
2025-03-16 17:28:32,643 - [MainProcess:5911] mummi_ras.online.simulation:run:98 - INFO - Starting /miniconda3/bin/gmx....
2025-03-16 17:28:32,643 - [MainProcess:5911] mummi_ras.online.simulation:run:112 - INFO - cmd =       /miniconda3/bin/gmx mdrun -cpi -nb gpu -ntmpi 1 -ntomp 8 -pin off -maxh 0.5 >> mdrun.log 2>&1
2025-03-16 17:28:32,643 - [MainProcess:5911] mummi_ras.online.simulation:run:113 - INFO - os.pwd =    /mnt/efs/iter-1/structure_069556892
2025-03-16 17:28:32,643 - [MainProcess:5911] mummi_ras.online.simulation:run:114 - INFO - simdir =    /mnt/efs/iter-1/structure_069556892/createsim
2025-03-16 17:28:37,660 - [MainProcess:5911] mummi_ras.online.simulation:run:119 - INFO - Process Running? None
2025-03-16 17:28:37,663 - [MainProcess:5911] mummi_ras.online.simulation:run:123 - INFO - CUDA_VISIBLE_DEVICES=0
2025-03-16 17:28:37,663 - [MainProcess:5911] mummi_ras.online.simulation:run:124 - INFO - ROCR_VISIBLE_DEVICES=UNSET
2025-03-16 17:58:18,146 - [MainProcess:5911] mummi_ras.online.cg.cganalysis:run_main_analysis:293 - INFO - CG analysis is stopping.
2025-03-16 17:58:18,147 - [MainProcess:5911] mummi_ras.online.cg.cganalysis:copyRemoteLogs:326 - INFO - Copy over log files
cp: cannot stat '/mnt/efs/iter-1/structure_069556892/createsim/cg_analysis.out': No such file or directory
2025-03-16 17:58:18,243 - [MainProcess:5911] mummi_core.utils.utilities:sys_call:184 - INFO - Run command: cp -r  /mnt/efs/iter-1/structure_069556892/createsim/cg_analysis.out /mnt/efs/iter-1/structure_069556892/createsim/*.log /mnt/efs/iter-1/structure_069556892/cganalysis/ || true
2025-03-16 17:58:18,243 - [MainProcess:5911] mummi_ras.online.cg.cganalysis:copyRemoteLogs:338 - INFO - copyRemoteLogs =  /mnt/efs/iter-1/structure_069556892/createsim/cg_analysis.out /mnt/efs/iter-1/structure_069556892/createsim/*.log
cp: cannot stat '/mnt/efs/iter-1/structure_069556892/createsim/cg_analysis.log': No such file or directory
2025-03-16 17:58:18,260 - [MainProcess:5911] mummi_core.utils.utilities:sys_call:184 - INFO - Run command: cp /mnt/efs/iter-1/structure_069556892/createsim/cg_analysis.log /mnt/efs/iter-1/structure_069556892/cganalysis/ || true
cp: cannot stat '/mnt/efs/iter-1/structure_069556892/createsim/cg_analysis.out': No such file or directory
2025-03-16 17:58:18,267 - [MainProcess:5911] mummi_core.utils.utilities:sys_call:184 - INFO - Run command: cp /mnt/efs/iter-1/structure_069556892/createsim/cg_analysis.out /mnt/efs/iter-1/structure_069556892/cganalysis/ || true
2025-03-16 17:58:18,302 - [MainProcess:5911] mummi_core.utils.utilities:sys_call:184 - INFO - Run command: cp /mnt/efs/iter-1/structure_069556892/createsim/md.log /mnt/efs/iter-1/structure_069556892/cganalysis/ || true
2025-03-16 17:58:18,321 - [MainProcess:5911] mummi_core.utils.utilities:sys_call:184 - INFO - Run command: cp /mnt/efs/iter-1/structure_069556892/createsim/mdrun.log /mnt/efs/iter-1/structure_069556892/cganalysis/ || true
> Initialized MuMMI
	> MuMMI_ROOT: (/mnt/efs/iter-1)
	> MuMMI_Resources: (/opt/clones/mummi_resources)
	> MuMMI_Specs: (/opt/clones/mummi-ras/specs)

> Creating MuMMI root hierarchy at (/mnt/efs/iter-1)

> Initializing logger:  level = (2), stdout = (True), file = (./cg_analysis.log), history = (False),  memusage = (False)
=== times
{"times": {}, "timestamps": {"cganalysis_run_start": 1742146109.82847, "cganalysis_load_mdanalysis_start": 1742146110.150872, "cganalysis_load_mdanalysis_complete": 1742146112.6382499, "cganalysis_run_simulation_start": 1742146112.643146, "cganalysis_simrun_start": 1742146112.6432376, "cganalysis_simrun_complete": 1742146117.6634843, "cganalysis_run_simulation_complete": 1742146117.663502, "cganalysis_main_analysis_start": 1742146117.6635077, "cganalysis_main_analysis_complete": 1742147898.2440386, "cganalysis_run_complete": 1742147898.2441947}}
===
0
START OF JOBSPEC
{"resources": [{"type": "node", "count": 1, "exclusive": true, "with": [{"type": "slot", "count": 1, "with": [{"type": "core", "count": 1}, {"type": "gpu", "count": 1}], "label": "task"}]}], "tasks": [{"command": ["/usr/local/bin/singularity", "exec", "--nv", "--bind", "/mnt/efs", "/home/ubuntu/containers/mini-mummi_cganalysis-gpu.sif", "bash", "./entrypoint.sh"], "slot": "task", "count": {"per_slot": 1}}], "attributes": {"system": {"duration": 0.0, "job": {"name": "cganalysis"}, "cwd": "/mnt/efs/iter-1/structure_069556892/cganalysis"}, "user": {"workflow": "state-machine", "app": "cganalysis", "jobname": "structure_069556892"}}, "version": 1}
START OF EVENTLOG
{"timestamp":1742146093.6350524,"name":"init"}
{"timestamp":1742146093.6394129,"name":"starting"}
{"timestamp":1742146093.6683013,"name":"shell.init","context":{"service":"1000-shell-fGb2wYJyM","leader-rank":3,"size":1}}
{"timestamp":1742146093.6774681,"name":"shell.start","context":{"taskmap":{"version":1,"map":[[0,1,1,1]]}}}
{"timestamp":1742147900.0642295,"name":"shell.task-exit","context":{"localid":0,"rank":0,"state":"Exited","pid":5861,"wait_status":0,"signaled":0,"exitcode":0}}
{"timestamp":1742147900.0670404,"name":"complete","context":{"status":0}}
{"timestamp":1742147900.0670824,"name":"done"}

