WARNING: Could not find any nv files on this host!
>> jobid        = structure_035214444
>> outpath      = /mnt/efs/iter-1/structure_035214444/cganalysis
>> hostname     = i-0573165421488a571
cganalysis
createsim
createsims.log
mlrunner
structure_035214444_000000000000.npz
tmp
>> xtclast = , cframe = 0
2025-03-16 17:27:44,088 - [MainProcess:6355] root:init_logger:344 - INFO - Enabled
2025-03-16 17:27:44,089 - [MainProcess:6355] root:init_logger:345 - WARNING - Enabled
2025-03-16 17:27:44,089 - [MainProcess:6355] root:init_logger:346 - ERROR - Enabled
2025-03-16 17:27:44,089 - [MainProcess:6355] root:init_logger:347 - CRITICAL - Enabled
2025-03-16 17:27:44,255 - [MainProcess:6355] root:_log_profile:78 - PROFILE - [196.324 MB]: Enabled
2025-03-16 17:27:44,255 - [MainProcess:6355] mummi_ras.online.cg.cganalysis:run_cganalysis:849 - INFO - Running CG analysis, options are:
2025-03-16 17:27:44,255 - [MainProcess:6355] mummi_ras.online.cg.cganalysis:run_cganalysis:850 - INFO - Namespace(simname='structure_035214444', fcount=0, noninteractive=False, path='/mnt/efs/iter-1/structure_035214444/createsim', pathremote='/mnt/efs/iter-1/structure_035214444/cganalysis', fstype='mummi', fbio='mummi', nprocs=1, loglevel=2, logpath='./', logstdout=True, test=False, no_gpu=False, logfile='cg_analysis', maxsimtime=250000000, stopsimtime=100, minsimtime=100000000, frameProcessBatchSize=10, siminputs='/mnt/efs/iter-1/structure_035214444/cganalysis', simbin='gmx', simruntime='0.5', simcores=8, nofeedback=False, backend=<MDEngine.GROMACS_PARTS: <class 'mummi_ras.online.simulation.GROMACS_PARTS'>>, mini=True)
2025-03-16 17:27:44,256 - [MainProcess:6355] mummi_ras.online.cg.cganalysis:run_cganalysis:851 - INFO - local path = /mnt/efs/iter-1/structure_035214444/createsim
2025-03-16 17:27:44,256 - [MainProcess:6355] mummi_ras.online.cg.cganalysis:run_cganalysis:853 - INFO - remote path = /mnt/efs/iter-1/structure_035214444/cganalysis
2025-03-16 17:27:44,556 - [MainProcess:6355] mummi_ras.online.cg.cganalysis:run_cganalysis:863 - INFO - Using IO_Interface [<class 'mummi_ras.interfaces.mummi.IO_Mummi'>] for data output
2025-03-16 17:27:44,556 - [MainProcess:6355] mummi_ras.online.cg.cganalysis:run_cganalysis:864 - INFO - Using IO_Interface [<class 'mummi_ras.interfaces.mummi.IO_Mummi'>] for feedback output
2025-03-16 17:27:44,556 - [MainProcess:6355] mummi_ras.online.cg.cgoptions:__init__:46 - INFO - Loading parameters from /opt/clones/mummi_resources/analysis/cg/cg_analysis_parameters.yaml
2025-03-16 17:27:44,566 - [MainProcess:6355] mummi_ras.feedback.feedback_manager_cg2ml:__init__:56 - INFO - Initialized FeedbackManager (type = FeedbackManagerType.Worker; name = structure_035214444; host = ip-10-0-2-145)
2025-03-16 17:27:44,629 - [MainProcess:6355] mummi_ras.parsers.cg:setup:68 - INFO - Initializing CGParser (MDAnalysis version 2.8.0)
2025-03-16 17:27:44,629 - [MainProcess:6355] mummi_ras.parsers.cg:setup:69 - INFO - 	Loading: (/mnt/efs/iter-1/structure_035214444/createsim/lipids-water-eq6.gro) (/mnt/efs/iter-1/structure_035214444/createsim/topol.tpr)
2025-03-16 17:27:44,636 - [MainProcess:6355] MDAnalysis.topology.TPRparser:_log_header:257 - INFO - Gromacs version   : b'VERSION 2024.2-conda_forge'
2025-03-16 17:27:44,637 - [MainProcess:6355] MDAnalysis.topology.TPRparser:_log_header:258 - INFO - tpx version       : 133
2025-03-16 17:27:44,637 - [MainProcess:6355] MDAnalysis.topology.TPRparser:_log_header:259 - INFO - tpx generation    : 28
2025-03-16 17:27:44,637 - [MainProcess:6355] MDAnalysis.topology.TPRparser:_log_header:260 - INFO - tpx precision     : 4
2025-03-16 17:27:44,637 - [MainProcess:6355] MDAnalysis.topology.TPRparser:_log_header:261 - INFO - tpx file_tag      : b'release'
2025-03-16 17:27:44,637 - [MainProcess:6355] MDAnalysis.topology.TPRparser:_log_header:262 - INFO - tpx natoms        : 54851
2025-03-16 17:27:44,637 - [MainProcess:6355] MDAnalysis.topology.TPRparser:_log_header:263 - INFO - tpx ngtc          : 2
2025-03-16 17:27:44,637 - [MainProcess:6355] MDAnalysis.topology.TPRparser:_log_header:264 - INFO - tpx fep_state     : 0
2025-03-16 17:27:44,637 - [MainProcess:6355] MDAnalysis.topology.TPRparser:_log_header:265 - INFO - tpx lambda        : 0.0
2025-03-16 17:27:45,143 - [MainProcess:6355] MDAnalysis.core.universe:guess_TopologyAttrs:1645 - INFO - The attribute(s) masses, types have already been read from the topology file. The guesser will only guess empty values for this attribute, if any exists. To overwrite it by completely guessed values, you can pass the attribute to the force_guess parameter instead of the to_guess one
2025-03-16 17:27:45,145 - [MainProcess:6355] MDAnalysis.guesser.base:guess_attr:177 - INFO - There is no empty types values. Guesser did not guess any new values for types attribute
2025-03-16 17:27:45,146 - [MainProcess:6355] MDAnalysis.guesser.base:guess_attr:177 - INFO - There is no empty masses values. Guesser did not guess any new values for masses attribute
2025-03-16 17:27:45,146 - [MainProcess:6355] mummi_ras.parsers.cg:setup:74 - INFO - 	Number of frames in sim: 1
2025-03-16 17:27:45,146 - [MainProcess:6355] mummi_ras.parsers.cg:setup:75 - INFO - 	Number of atoms in sim: 54851
2025-03-16 17:27:45,146 - [MainProcess:6355] mummi_ras.parsers.cg:setup:76 - INFO - 	Sim dimensions: [182.5976 182.5976 180.9603]
2025-03-16 17:27:45,170 - [MainProcess:6355] mummi_ras.parsers.cg:_setup_lipids:103 - WARNING -  Resnames ['ALA' 'ARG' 'ASN' 'ASP' 'CGW' 'CYF' 'CYM' 'CYS' 'GLN' 'GLU' 'GLY' 'GTP'
 'HSE' 'ILE' 'ION' 'LEU' 'LYS' 'MET' 'MG' 'PHE' 'PRO' 'SER' 'THR' 'TRP'
 'TYR' 'VAL' 'W' 'ZN2'] either not lipids or not supported!
2025-03-16 17:27:47,852 - [MainProcess:6355] mummi_ras.parsers.cg:_setup_lipids:145 - WARNING - Found leaflets of size 448 354
2025-03-16 17:27:47,857 - [MainProcess:6355] mummi_ras.parsers.cg_aligner:init:144 - INFO - origin: (165,): ['THR', 'GLU', 'TYR', 'LYS', 'LEU', 'VAL', 'VAL', 'VAL', 'GLY', 'ALA', 'ASP', 'GLY', 'VAL', 'GLY', 'LYS', 'SER', 'ALA', 'LEU', 'THR', 'ILE', 'GLN', 'LEU', 'ILE', 'GLN', 'ASN', 'HSE', 'PHE', 'VAL', 'ASP', 'GLU', 'TYR', 'ASP', 'PRO', 'THR', 'ILE', 'GLU', 'ASP', 'SER', 'TYR', 'ARG', 'LYS', 'GLN', 'VAL', 'VAL', 'ILE', 'ASP', 'GLY', 'GLU', 'THR', 'CYS', 'LEU', 'LEU', 'ASP', 'ILE', 'LEU', 'ASP', 'THR', 'ALA', 'GLY', 'GLN', 'GLU', 'GLU', 'TYR', 'SER', 'ALA', 'MET', 'ARG', 'ASP', 'GLN', 'TYR', 'MET', 'ARG', 'THR', 'GLY', 'GLU', 'GLY', 'PHE', 'LEU', 'CYS', 'VAL', 'PHE', 'ALA', 'ILE', 'ASN', 'ASN', 'THR', 'LYS', 'SER', 'PHE', 'GLU', 'ASP', 'ILE', 'HSE', 'HSE', 'TYR', 'ARG', 'GLU', 'GLN', 'ILE', 'LYS', 'ARG', 'VAL', 'LYS', 'ASP', 'SER', 'GLU', 'ASP', 'VAL', 'PRO', 'MET', 'VAL', 'LEU', 'VAL', 'GLY', 'ASN', 'LYS', 'CYS', 'ASP', 'LEU', 'PRO', 'SER', 'ARG', 'THR', 'VAL', 'ASP', 'THR', 'LYS', 'GLN', 'ALA', 'GLN', 'ASP', 'LEU', 'ALA', 'ARG', 'SER', 'TYR', 'GLY', 'ILE', 'PRO', 'PHE', 'ILE', 'GLU', 'THR', 'SER', 'ALA', 'LYS', 'THR', 'ARG', 'GLN', 'GLY', 'VAL', 'ASP', 'ASP', 'ALA', 'PHE', 'TYR', 'THR', 'LEU', 'VAL', 'ARG', 'GLU', 'ILE', 'ARG', 'LYS', 'HSE']
2025-03-16 17:27:47,857 - [MainProcess:6355] mummi_ras.parsers.cg_aligner:init:145 - INFO - xaxis:  (8,): ['THR', 'PHE', 'PHE', 'THR', 'LEU', 'LEU', 'PHE', 'GLN']
2025-03-16 17:27:47,861 - [MainProcess:6355] mummi_ras.online.cg.cganalysis:run_cganalysis:946 - INFO - Testing flags: [Success='cg_success', Fail='cg_failure']
2025-03-16 17:27:47,861 - [MainProcess:6355] mummi_ras.online.cg.cganalysis:run_cganalysis:947 - INFO - Checking for exit condition [/mnt/efs/iter-1/structure_035214444/cganalysis] (pass=False fail=False)
2025-03-16 17:27:47,862 - [MainProcess:6355] mummi_ras.online.simulation:run:98 - INFO - Starting /miniconda3/bin/gmx....
2025-03-16 17:27:47,862 - [MainProcess:6355] mummi_ras.online.simulation:run:112 - INFO - cmd =       /miniconda3/bin/gmx mdrun -cpi -nb gpu -ntmpi 1 -ntomp 8 -pin off -maxh 0.5 >> mdrun.log 2>&1
2025-03-16 17:27:47,862 - [MainProcess:6355] mummi_ras.online.simulation:run:113 - INFO - os.pwd =    /mnt/efs/iter-1/structure_035214444
2025-03-16 17:27:47,862 - [MainProcess:6355] mummi_ras.online.simulation:run:114 - INFO - simdir =    /mnt/efs/iter-1/structure_035214444/createsim
2025-03-16 17:27:52,877 - [MainProcess:6355] mummi_ras.online.simulation:run:119 - INFO - Process Running? None
2025-03-16 17:27:52,878 - [MainProcess:6355] mummi_ras.online.simulation:run:123 - INFO - CUDA_VISIBLE_DEVICES=0
2025-03-16 17:27:52,878 - [MainProcess:6355] mummi_ras.online.simulation:run:124 - INFO - ROCR_VISIBLE_DEVICES=UNSET
2025-03-16 17:57:35,340 - [MainProcess:6355] mummi_ras.online.cg.cganalysis:run_main_analysis:293 - INFO - CG analysis is stopping.
2025-03-16 17:57:35,341 - [MainProcess:6355] mummi_ras.online.cg.cganalysis:copyRemoteLogs:326 - INFO - Copy over log files
cp: cannot stat '/mnt/efs/iter-1/structure_035214444/createsim/cg_analysis.out': No such file or directory
2025-03-16 17:57:35,429 - [MainProcess:6355] mummi_core.utils.utilities:sys_call:184 - INFO - Run command: cp -r  /mnt/efs/iter-1/structure_035214444/createsim/cg_analysis.out /mnt/efs/iter-1/structure_035214444/createsim/*.log /mnt/efs/iter-1/structure_035214444/cganalysis/ || true
2025-03-16 17:57:35,430 - [MainProcess:6355] mummi_ras.online.cg.cganalysis:copyRemoteLogs:338 - INFO - copyRemoteLogs =  /mnt/efs/iter-1/structure_035214444/createsim/cg_analysis.out /mnt/efs/iter-1/structure_035214444/createsim/*.log
cp: cannot stat '/mnt/efs/iter-1/structure_035214444/createsim/cg_analysis.log': No such file or directory
2025-03-16 17:57:35,448 - [MainProcess:6355] mummi_core.utils.utilities:sys_call:184 - INFO - Run command: cp /mnt/efs/iter-1/structure_035214444/createsim/cg_analysis.log /mnt/efs/iter-1/structure_035214444/cganalysis/ || true
cp: cannot stat '/mnt/efs/iter-1/structure_035214444/createsim/cg_analysis.out': No such file or directory
2025-03-16 17:57:35,455 - [MainProcess:6355] mummi_core.utils.utilities:sys_call:184 - INFO - Run command: cp /mnt/efs/iter-1/structure_035214444/createsim/cg_analysis.out /mnt/efs/iter-1/structure_035214444/cganalysis/ || true
2025-03-16 17:57:35,486 - [MainProcess:6355] mummi_core.utils.utilities:sys_call:184 - INFO - Run command: cp /mnt/efs/iter-1/structure_035214444/createsim/md.log /mnt/efs/iter-1/structure_035214444/cganalysis/ || true
2025-03-16 17:57:35,505 - [MainProcess:6355] mummi_core.utils.utilities:sys_call:184 - INFO - Run command: cp /mnt/efs/iter-1/structure_035214444/createsim/mdrun.log /mnt/efs/iter-1/structure_035214444/cganalysis/ || true
> Initialized MuMMI
	> MuMMI_ROOT: (/mnt/efs/iter-1)
	> MuMMI_Resources: (/opt/clones/mummi_resources)
	> MuMMI_Specs: (/opt/clones/mummi-ras/specs)

> Creating MuMMI root hierarchy at (/mnt/efs/iter-1)

> Initializing logger:  level = (2), stdout = (True), file = (./cg_analysis.log), history = (False),  memusage = (False)
=== times
{"times": {}, "timestamps": {"cganalysis_run_start": 1742146064.2558541, "cganalysis_load_mdanalysis_start": 1742146064.6293151, "cganalysis_load_mdanalysis_complete": 1742146067.8574476, "cganalysis_run_simulation_start": 1742146067.862049, "cganalysis_simrun_start": 1742146067.8621469, "cganalysis_simrun_complete": 1742146072.8789659, "cganalysis_run_simulation_complete": 1742146072.8789837, "cganalysis_main_analysis_start": 1742146072.8789892, "cganalysis_main_analysis_complete": 1742147855.4302235, "cganalysis_run_complete": 1742147855.4304016}}
===
0
START OF JOBSPEC
{"resources": [{"type": "node", "count": 1, "exclusive": true, "with": [{"type": "slot", "count": 1, "with": [{"type": "core", "count": 1}, {"type": "gpu", "count": 1}], "label": "task"}]}], "tasks": [{"command": ["/usr/local/bin/singularity", "exec", "--nv", "--bind", "/mnt/efs", "/home/ubuntu/containers/mini-mummi_cganalysis-gpu.sif", "bash", "./entrypoint.sh"], "slot": "task", "count": {"per_slot": 1}}], "attributes": {"system": {"duration": 0.0, "job": {"name": "cganalysis"}, "cwd": "/mnt/efs/iter-1/structure_035214444/cganalysis"}, "user": {"workflow": "state-machine", "app": "cganalysis", "jobname": "structure_035214444"}}, "version": 1}
START OF EVENTLOG
{"timestamp":1742146050.052475,"name":"init"}
{"timestamp":1742146050.0539486,"name":"starting"}
{"timestamp":1742146050.0702829,"name":"shell.init","context":{"service":"1000-shell-fGFqSuisy","leader-rank":0,"size":1}}
{"timestamp":1742146050.0724735,"name":"shell.start","context":{"taskmap":{"version":1,"map":[[0,1,1,1]]}}}
{"timestamp":1742147856.6515532,"name":"shell.task-exit","context":{"localid":0,"rank":0,"state":"Exited","pid":6306,"wait_status":0,"signaled":0,"exitcode":0}}
{"timestamp":1742147856.6540213,"name":"complete","context":{"status":0}}
{"timestamp":1742147856.6540577,"name":"done"}

