2025-04-05T03:37:45.973900025Z >> jobid        = job_022813226
2025-04-05T03:37:45.973921656Z >> outpath      = /tmp/out
2025-04-05T03:37:45.973925958Z >> registry     = registry-0.state-machine.default.svc.cluster.local:5000
2025-04-05T03:37:45.975211246Z >> hostname     = pytorch-job-022813226-jobset-0-3
2025-04-05T03:37:45.984875847Z   % Total    % Received % Xferd  Average Speed   Time    Time     Time  Current
2025-04-05T03:37:45.984961940Z                                  Dload  Upload   Total   Spent    Left  Speed
2025-04-05T03:37:46.066733778Z   0     0    0     0    0     0      0      0 --:--:-- --:--:-- --:--:--     0  0     0    0     0    0     0      0      0 --:--:-- --:--:-- --:--:--     0
2025-04-05T03:37:46.114356317Z 100 4132k  100 4132k    0     0  31.2M      0 --:--:-- --:--:-- --:--:-- 31.2M
2025-04-05T03:37:46.215933710Z /tmp/out
2025-04-05T03:37:46.227472789Z Downloading 009653a8183a .
2025-04-05T03:37:52.871012097Z Downloaded  009653a8183a .
2025-04-05T03:37:52.871137611Z Pulled [registry] registry-0.state-machine.default.svc.cluster.local:5000/models:resnet-cifar
2025-04-05T03:37:52.871147181Z Digest: sha256:19fa120d8c628662423c2b57703ec5b1678a6d2992e23bc8df994d14517f1c32
2025-04-05T03:37:52.909456215Z Found model checkpoint to resume from.
2025-04-05T03:37:52.909545847Z torchrun --nproc_per_node=1 --nnodes=4 --node_rank=3 --rdzv_endpoint=pytorch-job-022813226-jobset-0-0.pytorch-job-022813226.default.svc.cluster.local:3389 /resnet.py --backend=gloo --num_epochs=6 --resume
2025-04-05T03:38:01.277598126Z Files already downloaded and verified
2025-04-05T03:38:02.287497497Z Files already downloaded and verified
2025-04-05T03:38:02.717025517Z Local Rank: 0, Epoch: 0, Training ...
2025-04-05T03:38:07.157762126Z ---------------------------------------------------------------------------
2025-04-05T03:38:07.157780283Z Epoch: 0, Accuracy: 0.6862
2025-04-05T03:38:07.157784354Z ---------------------------------------------------------------------------
2025-04-05T03:38:13.735152268Z Local Rank: 0, Epoch: 1, Training ...
2025-04-05T03:38:16.879826480Z ---------------------------------------------------------------------------
2025-04-05T03:38:16.879843083Z Epoch: 1, Accuracy: 0.69
2025-04-05T03:38:16.879846970Z ---------------------------------------------------------------------------
2025-04-05T03:38:23.142763486Z Local Rank: 0, Epoch: 2, Training ...
2025-04-05T03:38:26.705246340Z ---------------------------------------------------------------------------
2025-04-05T03:38:26.705265778Z Epoch: 2, Accuracy: 0.7132
2025-04-05T03:38:26.705270205Z ---------------------------------------------------------------------------
2025-04-05T03:38:33.046388361Z Local Rank: 0, Epoch: 3, Training ...
2025-04-05T03:38:36.273156544Z ---------------------------------------------------------------------------
2025-04-05T03:38:36.273176270Z Epoch: 3, Accuracy: 0.7039
2025-04-05T03:38:36.273180298Z ---------------------------------------------------------------------------
2025-04-05T03:38:42.736092743Z Local Rank: 0, Epoch: 4, Training ...
2025-04-05T03:38:46.098223430Z ---------------------------------------------------------------------------
2025-04-05T03:38:46.098242050Z Epoch: 4, Accuracy: 0.6832
2025-04-05T03:38:46.098246015Z ---------------------------------------------------------------------------
2025-04-05T03:38:52.543684852Z Local Rank: 0, Epoch: 5, Training ...
2025-04-05T03:38:55.881197612Z ---------------------------------------------------------------------------
2025-04-05T03:38:55.881224936Z Epoch: 5, Accuracy: 0.7079
2025-04-05T03:38:55.881229359Z ---------------------------------------------------------------------------
2025-04-05T03:39:26.056160976Z Uploading aee66f8452f2 .
2025-04-05T03:39:38.731902693Z Uploaded  aee66f8452f2 .
2025-04-05T03:39:38.739834875Z Pushed [registry] registry-0.state-machine.default.svc.cluster.local:5000/models:resnet-cifar
2025-04-05T03:39:38.739845142Z ArtifactType: application/vnd.unknown.artifact.v1
2025-04-05T03:39:38.739849141Z Digest: sha256:c7a1b39b515bca549d634de2457c17c96bc293b98b8bfda55a44d92a17530a00
