2025-03-16 17:15:50,007 - [MainProcess:5096] root:init_logger:344 - INFO - Enabled
2025-03-16 17:15:50,007 - [MainProcess:5096] root:init_logger:345 - WARNING - Enabled
2025-03-16 17:15:50,007 - [MainProcess:5096] root:init_logger:346 - ERROR - Enabled
2025-03-16 17:15:50,007 - [MainProcess:5096] root:init_logger:347 - CRITICAL - Enabled
2025-03-16 17:15:50,143 - [MainProcess:5096] root:_log_profile:78 - PROFILE - [105.230 MB]: Enabled
2025-03-16 17:15:50,143 - [MainProcess:5096] mummi_ras.transformations.createsim.createsims:main:2180 - INFO - Running createsims, options are:
2025-03-16 17:15:50,143 - [MainProcess:5096] mummi_ras.transformations.createsim.createsims:main:2181 - INFO - Namespace(fstype='simple', outpath='/mnt/efs/iter-1/structure_035214444/createsim', outlocal='/mnt/efs/iter-1/structure_035214444/tmp', inpath='/mnt/efs/iter-1/structure_035214444/tmp', loglevel=2, logpath='/mnt/efs/iter-1/structure_035214444', logstdout=False, logfile='createsims', patch='structure_035214444', gromacs='gmx', mpi='gmx mdrun', mdrunopt=' -nb gpu -ntmpi 1 -ntomp 8 -pin off', simnum='', mini=True)
2025-03-16 17:15:50,143 - [MainProcess:5096] mummi_ras.transformations.createsim.createsims:main:2182 - INFO - GROMACS       = gmx
2025-03-16 17:15:50,144 - [MainProcess:5096] mummi_ras.transformations.createsim.createsims:main:2183 - INFO - GROMACS single precision path /miniconda3/bin/gmx
2025-03-16 17:15:50,144 - [MainProcess:5096] mummi_ras.transformations.createsim.createsims:main:2184 - INFO - mdrun_o       =  -nb gpu -ntmpi 1 -ntomp 8 -pin off
2025-03-16 17:15:50,144 - [MainProcess:5096] mummi_ras.transformations.createsim.createsims:main:2185 - INFO - mdrun_mpi     = gmx mdrun
2025-03-16 17:15:50,144 - [MainProcess:5096] mummi_ras.transformations.createsim.createsims:main:2186 - INFO - init outpath  = /mnt/efs/iter-1/structure_035214444/createsim
2025-03-16 17:15:50,144 - [MainProcess:5096] mummi_ras.transformations.createsim.createsims:main:2187 - INFO - init outlocal = /mnt/efs/iter-1/structure_035214444/tmp
2025-03-16 17:15:50,150 - [MainProcess:5096] mummi_ras.transformations.createsim.createsims:main:2196 - INFO - Using IO_Interface [<class 'mummi_core.interfaces.simple.IO_Simple'>] for all output
2025-03-16 17:15:50,151 - [MainProcess:5096] mummi_ras.transformations.createsim.createsims:main:2360 - WARNING - File /mnt/efs/iter-1/structure_035214444/tmp/035214444/structure_035214444.gro does not exist.
2025-03-16 17:15:50,152 - [MainProcess:5096] mummi_ras.transformations.createsim.createsims:main:2365 - INFO - Read in generated input structure after healing = structure_035214444.gro
2025-03-16 17:15:50,174 - [MainProcess:5096] MDAnalysis.core.universe:guess_TopologyAttrs:1682 - INFO - attribute types has been guessed successfully.
2025-03-16 17:15:50,174 - [MainProcess:5096] MDAnalysis.core.universe:guess_TopologyAttrs:1682 - INFO - attribute masses has been guessed successfully.
2025-03-16 17:15:50,174 - [MainProcess:5096] mummi_ras.transformations.createsim.createsims:main:2369 - INFO - Setting up patch structure_035214444 in mini-MuMMI style
2025-03-16 17:15:50,176 - [MainProcess:5096] mummi_ras.transformations.createsim.particlesim:getProteinFeedback:168 - INFO - Feedback AA to CG - no new .itp's found in /mnt/efs/iter-1/feedback-aa2cg use inital/default RAS-ONLY .itp - /opt/clones/mummi_resources/martini3/RAS_scfix-CYFpos
2025-03-16 17:15:50,177 - [MainProcess:5096] mummi_ras.transformations.createsim.particlesim:getProteinFeedback:168 - INFO - Feedback AA to CG - no new .itp's found in /mnt/efs/iter-1/feedback-aa2cg use inital/default RAS-RAF .itp - /opt/clones/mummi_resources/martini3/RAS_RAF_TERNARY_scfix-CYFpos
2025-03-16 17:15:50,178 - [MainProcess:5096] mummi_ras.transformations.createsim.particlesim:getProteinFeedback:168 - INFO - Feedback AA to CG - no new .itp's found in /mnt/efs/iter-1/feedback-aa2cg use inital/default RAS4A-ONLY .itp - /opt/clones/mummi_resources/martini3/RAS4A_scfix-CYFpos
2025-03-16 17:15:50,178 - [MainProcess:5096] mummi_ras.transformations.createsim.particlesim:getProteinFeedback:168 - INFO - Feedback AA to CG - no new .itp's found in /mnt/efs/iter-1/feedback-aa2cg use inital/default RAS4A-RAF .itp - /opt/clones/mummi_resources/martini3/RAS4A_RAF_scfix-CYFpos
2025-03-16 17:15:50,178 - [MainProcess:5096] mummi_ras.transformations.createsim.particlesim:__init__:149 - INFO - Final itp's after feedback check: RAS4B /opt/clones/mummi_resources/martini3/RAS_scfix-CYFpos, RAS4B-RAF /opt/clones/mummi_resources/martini3/RAS_RAF_TERNARY_scfix-CYFpos, RAS4A /opt/clones/mummi_resources/martini3/RAS4A_scfix-CYFpos, RAS4A-RAF /opt/clones/mummi_resources/martini3/RAS4A_RAF_scfix-CYFpos, ddcMD folder /opt/clones/mummi_resources/ddcmd-martini3, ref pdbs []
2025-03-16 17:15:50,192 - [MainProcess:5096] mummi_ras.transformations.createsim.createsims:main:2571 - INFO - final outpath = /mnt/efs/iter-1/structure_035214444/createsim
2025-03-16 17:15:50,193 - [MainProcess:5096] mummi_ras.transformations.createsim.createsims:main:2572 - INFO - final outlocal = /mnt/efs/iter-1/structure_035214444/tmp
2025-03-16 17:15:50,195 - [MainProcess:5096] mummi_ras.transformations.createsim.createsims:main:2597 - INFO - Creating PG Particle simulation...
2025-03-16 17:15:50,216 - [MainProcess:5096] mummi_ras.transformations.createsim.particlesim:create:230 - INFO - -> Particle simulation RAS_RAF has been created
2025-03-16 17:15:50,224 - [MainProcess:5096] mummi_ras.transformations.createsim.createsims:setup_cg_sim:97 - INFO - ---> Setup CG sim and run eq in dir /mnt/efs/iter-1/structure_035214444/tmp
2025-03-16 17:15:50,447 - [MainProcess:5096] mummi_core.utils.utilities:sys_call:184 - INFO - Run command: cp /opt/clones/mummi_resources/martini3/martini_v2.x_new-rf*.mdp .
2025-03-16 17:15:50,690 - [MainProcess:5096] mummi_core.utils.utilities:sys_call:184 - INFO - Run command: sed -ie 's/XXX/ -DACYM280/g' martini_v2.x_new-rf-*.mdp
2025-03-16 17:15:50,690 - [MainProcess:5096] mummi_ras.transformations.createsim.createsims:setup_cg_sim:129 - INFO - ---> Proteins are pressent they are: [{'id': 0, 'type': 'RAS-RAF', 'angle': '', 'beads': -1, 'state': 'N/A', 'position': [10, 10], 'structure_pre_assigned': True, 'structure': '/mnt/efs/iter-1/structure_035214444/tmp/struct_createsim.gro', 'charge': -1, 'ff_options': ' -DACYM280'}]
2025-03-16 17:15:50,690 - [MainProcess:5096] mummi_ras.transformations.createsim.createsims:setup_cg_sim:130 - INFO - ---> After protein alignment: rotation ['/mnt/efs/iter-1/structure_035214444/tmp/struct_createsim.gro'] posInserted [[10, 10]]
2025-03-16 17:15:50,690 - [MainProcess:5096] mummi_ras.transformations.createsim.createsims:setup_cg_sim:175 - INFO - ---> Manual protein alignment insane protein string =  -ras /mnt/efs/iter-1/structure_035214444/tmp/struct_createsim.gro l 10 10 -1 -1 
2025-03-16 17:15:50,690 - [MainProcess:5096] mummi_ras.transformations.createsim.createsims:setup_cg_sim:180 - INFO - ---> System setup/EM try number 0
2025-03-16 17:15:50,782 - [MainProcess:5096] mummi_core.utils.utilities:sys_call:184 - INFO - Run command: sed -ie 's/xPATHx/\/opt\/clones\/mummi_resources\/martini3/g' system.top
2025-03-16 17:15:51,397 - [MainProcess:5096] mummi_core.utils.utilities:sys_call:184 - INFO - Run command: python /opt/clones/mummi_resources/martini3/insane-ck-m3.py -salt 0.15 -x 20 -y 20 -z 15 -charge -1 -pbc square -sol W -asym -65 -rand 0.095 -o lipids-water.gro -uf psimSubPatch_upper.pat -lf psimSubPatch_lower.pat  -ras /mnt/efs/iter-1/structure_035214444/tmp/struct_createsim.gro l 10 10 -1 -1  2>&1 | tee -a system.top
2025-03-16 17:15:51,428 - [MainProcess:5096] mummi_core.utils.utilities:sys_call:184 - INFO - Run command: sed -ie '0,/Protein          1/s//RAS_RAF          1/g' system.top
2025-03-16 17:15:55,394 - [MainProcess:5096] mummi_core.utils.utilities:sys_call:184 - INFO - Run command: gmx grompp -c lipids-water.gro -r lipids-water.gro -f martini_v2.x_new-rf-em.mdp -p system.top -o topol.tpr -maxwarn 5
2025-03-16 17:16:00,845 - [MainProcess:5096] mummi_core.utils.utilities:sys_call:184 - INFO - Run command: gmx mdrun  -nb gpu -ntmpi 1 -ntomp 8 -pin off  -c lipids-water-em.gro >> mdrun-em.log 2>&1
2025-03-16 17:16:01,197 - [MainProcess:5096] mummi_core.utils.utilities:sys_call:184 - INFO - Run command: echo 0 | gmx trjconv -f lipids-water-em.gro -o lipids-water-em.gro -pbc mol -s topol.tpr
2025-03-16 17:16:01,774 - [MainProcess:5096] mummi_core.utils.utilities:sys_call:184 - INFO - Run command: gmx make_ndx -f lipids-water-em.gro -o index.ndx < index-selection.txt
2025-03-16 17:16:03,076 - [MainProcess:5096] mummi_core.utils.utilities:sys_call:184 - INFO - Run command: gmx grompp -c lipids-water-em.gro -f martini_v2.x_new-rf-eq1.mdp  -p system.top -o topol.tpr -maxwarn 5 -n index.ndx -r lipids-water-em.gro
2025-03-16 17:16:44,946 - [MainProcess:5096] mummi_core.utils.utilities:sys_call:184 - INFO - Run command: gmx mdrun  -nb gpu -ntmpi 1 -ntomp 8 -pin off  -c lipids-water-eq1.gro >> mdrun-eq1.log 2>&1 
2025-03-16 17:16:46,289 - [MainProcess:5096] mummi_core.utils.utilities:sys_call:184 - INFO - Run command: gmx grompp -c lipids-water-eq1.gro -f martini_v2.x_new-rf-eq2.mdp  -p system.top -o topol.tpr -maxwarn 5 -n index.ndx -r lipids-water-em.gro
2025-03-16 17:18:23,301 - [MainProcess:5096] mummi_core.utils.utilities:sys_call:184 - INFO - Run command: gmx mdrun  -nb gpu -ntmpi 1 -ntomp 8 -pin off  -c lipids-water-eq2.gro >> mdrun-eq2.log 2>&1
2025-03-16 17:18:24,663 - [MainProcess:5096] mummi_core.utils.utilities:sys_call:184 - INFO - Run command: gmx grompp -c lipids-water-eq2.gro -f martini_v2.x_new-rf-eq3-PULL.mdp -p system.top -o topol.tpr -maxwarn 5 -n index.ndx -r lipids-water-em.gro
2025-03-16 17:25:09,437 - [MainProcess:5096] mummi_core.utils.utilities:sys_call:184 - INFO - Run command: gmx mdrun  -nb gpu -ntmpi 1 -ntomp 8 -pin off  -c lipids-water-eq3.gro >> mdrun-eq3.log 2>&1
2025-03-16 17:25:10,864 - [MainProcess:5096] mummi_core.utils.utilities:sys_call:184 - INFO - Run command: gmx grompp -c lipids-water-eq3.gro -f martini_v2.x_new-rf-eq4.mdp -p system.top -o topol.tpr -maxwarn 5 -n index.ndx -r lipids-water-eq3.gro
2025-03-16 17:25:21,494 - [MainProcess:5096] mummi_core.utils.utilities:sys_call:184 - INFO - Run command: gmx mdrun  -nb gpu -ntmpi 1 -ntomp 8 -pin off  -c lipids-water-eq4.gro >> mdrun-eq4.log 2>&1
2025-03-16 17:25:22,907 - [MainProcess:5096] mummi_core.utils.utilities:sys_call:184 - INFO - Run command: gmx grompp -c lipids-water-eq4.gro -f martini_v2.x_new-rf-eq5.mdp -p system.top -o topol.tpr -maxwarn 5 -n index.ndx -r lipids-water-eq4.gro
2025-03-16 17:25:43,329 - [MainProcess:5096] mummi_core.utils.utilities:sys_call:184 - INFO - Run command: gmx mdrun  -nb gpu -ntmpi 1 -ntomp 8 -pin off  -c lipids-water-eq5.gro >> mdrun-eq5.log 2>&1
2025-03-16 17:25:44,762 - [MainProcess:5096] mummi_core.utils.utilities:sys_call:184 - INFO - Run command: gmx grompp -c lipids-water-eq5.gro -f martini_v2.x_new-rf-eq6.mdp -p system.top -o topol.tpr -maxwarn 5 -n index.ndx -r lipids-water-eq5.gro
2025-03-16 17:27:24,530 - [MainProcess:5096] mummi_core.utils.utilities:sys_call:184 - INFO - Run command: gmx mdrun  -nb gpu -ntmpi 1 -ntomp 8 -pin off  -c lipids-water-eq6.gro >> mdrun-eq6.log 2>&1
2025-03-16 17:27:24,680 - [MainProcess:5096] mummi_core.utils.utilities:sys_call:184 - INFO - Run command: rm \#* step*.pdb || true
2025-03-16 17:27:24,723 - [MainProcess:5096] mummi_core.utils.utilities:sys_call:184 - INFO - Run command: rm system.tope state.cpt state_prev.cpt traj_comp.xtc traj.trr mdout.mdp md.log ener.edr index-old.ndx temp-index-end.txt || true
2025-03-16 17:27:27,404 - [MainProcess:5096] mummi_core.utils.utilities:sys_call:184 - INFO - Run command: tar -czvf createsims.tar.gz psimSubPatch_lower.pat psimSubPatch_upper.pat protein-*-rotate.gro protein-ALL.gro index-selection.txt lipids-water-em.gro lipids-water-eq1.gro lipids-water-eq2.gro lipids-water-eq3.gro lipids-water.gro martini_v2.x_new-rf-eq3-PULL.mdp mdrun-em.log mdrun-eq1.log mdrun-eq2.log mdrun-eq3.log mdrun-eq4.log pullf.xvg pullx.xvg lipid_counts.npz mdrun-eq5.log lipids-water-eq5.gro mdrun-eq6.log lipids-water-eq4.gro macro_sim_dir/snapshot.* macro_sim_dir/macro_createsims.out struct_createsim.gro || true
2025-03-16 17:27:27,586 - [MainProcess:5096] mummi_core.utils.utilities:sys_call:184 - INFO - Run command: rm psimSubPatch_lower.pat psimSubPatch_upper.pat protein-*-rotate.gro protein-ALL.gro index-selection.txt lipids-water-em.gro lipids-water-eq1.gro lipids-water-eq2.gro lipids-water-eq3.gro lipids-water.gro martini_v2.x_new-rf-e*.mdp martini_v2.x_new-rf-*.mdpe mdrun-em.log mdrun-eq1.log mdrun-eq2.log mdrun-eq3.log traj_comp.step*.xtc mdrun-eq4.log pullf.xvg pullx.xvg lipid_counts.npz mdrun-eq5.log lipids-water-eq5.gro mdrun-eq6.log lipids-water-eq4.gro struct_createsim.gro || true
2025-03-16 17:27:27,595 - [MainProcess:5096] mummi_core.utils.utilities:sys_call:184 - INFO - Run command: rm -r macro_sim_dir || true
2025-03-16 17:27:27,596 - [MainProcess:5096] mummi_ras.transformations.createsim.createsims:main:2608 - INFO - Running conversion from GROMACS to ddcMD...
2025-03-16 17:27:27,596 - [MainProcess:5096] mummi_ras.transformations.createsim.createsims:prime_cg_sim:592 - INFO - ---> Setup CG production sim in dir /mnt/efs/iter-1/structure_035214444/tmp
2025-03-16 17:27:27,995 - [MainProcess:5096] mummi_core.utils.utilities:sys_call:184 - INFO - Run command: gmx editconf -f lipids-water-eq6.gro -o lipids-water-eq6.gro -translate 0 0 -0.5 
2025-03-16 17:27:29,387 - [MainProcess:5096] mummi_core.utils.utilities:sys_call:184 - INFO - Run command: gmx grompp -c lipids-water-eq6.gro -r lipids-water-eq6.gro -f martini_v2.x_new-rf-prod.mdp -p system.top -o topol.tpr -maxwarn 5 -n index.ndx
2025-03-16 17:27:29,410 - [MainProcess:5096] mummi_core.utils.utilities:sys_call:184 - INFO - Run command: rm \#* || true
2025-03-16 17:27:29,428 - [MainProcess:5096] mummi_core.utils.utilities:sys_call:184 - INFO - Run command: rm fancy-slurm-syrah.she fancy.she lipids-water-eq4-fix.pdbe mdout.mdp system.tope molecule_1.data molecule_2.data molecule_3.data || true
2025-03-16 17:27:29,439 - [MainProcess:5096] mummi_core.interfaces.base:send_signal:280 - INFO - Saved signal (/mnt/efs/iter-1/structure_035214444/createsim/createsims_success)
2025-03-16 17:27:29,439 - [MainProcess:5096] mummi_ras.transformations.createsim.createsims:main:2619 - INFO - ---> Createsims finish successfully for sim RAS_RAF
2025-03-16 17:27:29,439 - [MainProcess:5096] mummi_ras.transformations.createsim.createsims:main:2624 - INFO - Creatsims takes = 699.2890605926514 seconds
2025-03-16 17:27:29,449 - [MainProcess:5096] mummi_ras.transformations.createsim.createsims:main:2660 - INFO - ---> Copied form local to global - /mnt/efs/iter-1/structure_035214444/tmp/* /mnt/efs/iter-1/structure_035214444/createsim/
2025-03-16 17:27:29,794 - [MainProcess:5096] mummi_core.utils.utilities:sys_call:184 - INFO - Run command: cp -r /mnt/efs/iter-1/structure_035214444/tmp/* /mnt/efs/iter-1/structure_035214444/createsim/
2025-03-16 17:27:29,794 - [MainProcess:5096] mummi_ras.transformations.createsim.createsims:main:2662 - INFO - ---> Copy to /mnt/efs/iter-1/structure_035214444/createsim completed.
2025-03-16 17:27:29,842 - [MainProcess:5096] mummi_core.utils.utilities:sys_call:184 - INFO - Run command: rm -r /mnt/efs/iter-1/structure_035214444/tmp
