Sleeping 20 seconds anticipating rabbitmq coming up...
 WARN The `/pixi-env/.pixi/env` folder is deprecated, please remove it as we now use the `envs` folder
Looking for kubernetesTracker.py
_clones
clones
kubernetesTracker.py
(wfmanager: Mon Mar 17 05:24:29 UTC 2025) --> Launching MuMMI workflow (1 nodes)
(wfmanager: Mon Mar 17 05:24:29 UTC 2025) --> [Warning] File wfmanager.chk doesn't exist. Generate a new wfmanager.chk...
flux: ''
iterCounterPC: 0
iterCounterWF: 0
patchCounter: 0
ts: '2025-03-17 05:24:29'
jobs_aa:
  type: aa
  jobCnt: 0
  nqueued: 0
  nrunning: 0
  queued: []
  running: {}
jobs_backmapping:
  type: backmapping
  jobCnt: 0
  nqueued: 0
  nrunning: 0
  queued: []
  running: {}
jobs_cg:
  type: cg
  jobCnt: 0
  nqueued: 0
  nrunning: 0
  queued: []
  running: {}
jobs_createsim:
  type: createsim
  jobCnt: 0
  nqueued: 0
  nrunning: 0
  queued: []
  running: {}
(wfmanager: Mon Mar 17 05:24:30 UTC 2025) --> Checkpoint file wfmanager.chk is fine size of 461
(wfmanager: Mon Mar 17 05:24:30 UTC 2025) --> backup in run_backup_2025-03-17_05-24-30
(wfmanager: Mon Mar 17 05:24:30 UTC 2025) --> backup finished
(wfmanager: Mon Mar 17 05:24:30 UTC 2025) --> Launching workflow
  % Total    % Received % Xferd  Average Speed   Time    Time     Time  Current
                                 Dload  Upload   Total   Spent    Left  Speed
  0     0    0     0    0     0      0      0 --:--:-- --:--:-- --:--:--     0100 43323  100 43323    0     0   646k      0 --:--:-- --:--:-- --:--:--  650k
mummi_core: ['/opt/clones/mummi-core/mummi_core']
mummi_ras: ['/opt/clones/mummi-ras/mummi_ras']
python3 /opt/clones/mummi-ras/mummi_ras/scripts/run_wfmanager.py
Unidentified hostname: wfmanager.mummi-sample.default.svc.cluster.local
Enabled
Enabled
Enabled
Enabled
[183.645 MB]: Enabled
Unidentified hostname: wfmanager.mummi-sample.default.svc.cluster.local
Failed to find Flux URI file (/opt/clones/mummi-ras/flux/flux_server.info)
Unidentified hostname: wfmanager.mummi-sample.default.svc.cluster.local
Unidentified hostname: wfmanager.mummi-sample.default.svc.cluster.local
Unidentified hostname: wfmanager.mummi-sample.default.svc.cluster.local
Unidentified hostname: wfmanager.mummi-sample.default.svc.cluster.local
Unidentified hostname: wfmanager.mummi-sample.default.svc.cluster.local
Unidentified hostname: wfmanager.mummi-sample.default.svc.cluster.local
Unidentified hostname: wfmanager.mummi-sample.default.svc.cluster.local
Unidentified hostname: wfmanager.mummi-sample.default.svc.cluster.local
Did not find current user: defaulted to mummiusr
Using Plain connection (unsafe): TLS certificate /opt/clones/certs/client_rabbitmq_certificate.pem does not exist
[188.008 MB]: Starting MainProcess iteration 0
[188.008 MB]:     > Iteration 0: testing all jobs
[188.008 MB]: Starting MainProcess iteration 1
[188.008 MB]:     > Iteration 1: added new patches
Batch job for cganalysis-structure_iter00_000000000000 exists, assuming resumed: Conflict
[cg] Found already running cg job (Conflict) for simname = structure_iter00_000000000000
Batch job for cganalysis-structure_iter00_000000000001 exists, assuming resumed: Conflict
[cg] Found already running cg job (Conflict) for simname = structure_iter00_000000000001
Batch job for cganalysis-structure_iter00_000000000002 exists, assuming resumed: Conflict
[cg] Found already running cg job (Conflict) for simname = structure_iter00_000000000002
Batch job for cganalysis-structure_iter00_000000000003 exists, assuming resumed: Conflict
[cg] Found already running cg job (Conflict) for simname = structure_iter00_000000000003
Batch job for cganalysis-structure_iter00_000000000004 exists, assuming resumed: Conflict
[cg] Found already running cg job (Conflict) for simname = structure_iter00_000000000004
Batch job for cganalysis-structure_iter00_000000000006 exists, assuming resumed: Conflict
[cg] Found already running cg job (Conflict) for simname = structure_iter00_000000000006
Batch job for cganalysis-structure_iter00_000000000008 exists, assuming resumed: Conflict
[cg] Found already running cg job (Conflict) for simname = structure_iter00_000000000008
Batch job for cganalysis-structure_iter00_000000000009 exists, assuming resumed: Conflict
[cg] Found already running cg job (Conflict) for simname = structure_iter00_000000000009
Batch job for cganalysis-structure_iter00_000000000010 exists, assuming resumed: Conflict
[cg] Found already running cg job (Conflict) for simname = structure_iter00_000000000010
Batch job for cganalysis-structure_iter00_000000000011 exists, assuming resumed: Conflict
[cg] Found already running cg job (Conflict) for simname = structure_iter00_000000000011
Batch job for cganalysis-structure_iter00_000000000012 exists, assuming resumed: Conflict
[cg] Found already running cg job (Conflict) for simname = structure_iter00_000000000012
Batch job for cganalysis-structure_iter00_000000000013 exists, assuming resumed: Conflict
[cg] Found already running cg job (Conflict) for simname = structure_iter00_000000000013
Maximum jobs for cg (3) reached, will not submit more.
[188.008 MB]:     > Iteration 1: updated jobs
[188.008 MB]:     > Iteration 1: testing all jobs
