                :-) GROMACS - gmx mdrun, 2024.2-conda_forge (-:

Copyright 1991-2024 The GROMACS Authors.
GROMACS is free software; you can redistribute it and/or modify it
under the terms of the GNU Lesser General Public License
as published by the Free Software Foundation; either version 2.1
of the License, or (at your option) any later version.

                         Current GROMACS contributors:
       Mark Abraham           Andrey Alekseenko           Vladimir Basov      
      Cathrine Bergh            Eliane Briand               Ania Brown        
      Mahesh Doijade            Giacomo Fiorin          Stefan Fleischmann    
      Sergey Gorelov         Gilles Gouaillardet            Alan Gray         
     M. Eric Irrgang         Farzaneh Jalalypour            Joe Jordan        
     Carsten Kutzner           Justin A. Lemkul          Magnus Lundborg      
       Pascal Merz              Vedran Miletic            Dmitry Morozov      
       Julien Nabet              Szilard Pall        Andrea Pasquadibisceglie 
    Michele Pellegrino          Hubert Santuz             Roland Schulz       
     Tatiana Shugaeva          Alexey Shvetsov            Philip Turner       
     Alessandra Villa      Sebastian Wingbermuehle  

                         Previous GROMACS contributors:
        Emile Apol             Rossen Apostolov           James Barnett       
        Paul Bauer          Herman J.C. Berendsen          Par Bjelkmar       
      Christian Blau          Viacheslav Bolnykh            Kevin Boyd        
    Aldert van Buuren          Carlo Camilloni           Rudi van Drunen      
      Anton Feenstra           Oliver Fleetwood            Vytas Gapsys       
       Gaurav Garg             Gerrit Groenhof            Bert de Groot       
      Anca Hamuraru           Vincent Hindriksen          Victor Holanda      
     Aleksei Iupinov          Christoph Junghans        Prashanth Kanduri     
   Dimitrios Karkoulis           Peter Kasson             Sebastian Kehl      
     Sebastian Keller             Jiri Kraus               Per Larsson        
      Viveca Lindahl            Erik Marklund           Pieter Meulenhoff     
      Teemu Murtola              Sander Pronk             Michael Shirts      
      Alfons Sijbers            Balint Soproni         David van der Spoel    
      Peter Tieleman            Carsten Uphoff             Jon Vincent        
     Teemu Virolainen         Christian Wennberg           Maarten Wolf       
      Artem Zhmurov       

                  Coordinated by the GROMACS project leaders:
                           Berk Hess and Erik Lindahl

GROMACS:      gmx mdrun, version 2024.2-conda_forge
Executable:   /miniconda3/bin.AVX2_256/gmx
Data prefix:  /miniconda3
Working dir:  /tmp/workdir
Process ID:   61
Command line:
  gmx mdrun -cpi -nb gpu -ntmpi 1 -ntomp 6 -pin off -maxh 0.5

GROMACS version:     2024.2-conda_forge
Precision:           mixed
Memory model:        64 bit
MPI library:         thread_mpi
OpenMP support:      enabled (GMX_OPENMP_MAX_THREADS = 128)
GPU support:         CUDA
NBNxM GPU setup:     super-cluster 2x2x2 / cluster 8
SIMD instructions:   AVX2_256
CPU FFT library:     fftw-3.3.10-sse2-avx
GPU FFT library:     cuFFT
Multi-GPU FFT:       none
RDTSCP usage:        disabled
TNG support:         enabled
Hwloc support:       disabled
Tracing support:     disabled
C compiler:          /home/conda/feedstock_root/build_artifacts/gromacs_1720551881628/_build_env/bin/x86_64-conda-linux-gnu-cc GNU 11.4.0
C compiler flags:    -fexcess-precision=fast -funroll-all-loops -mavx2 -mfma -Wno-missing-field-initializers -O3 -DNDEBUG
C++ compiler:        /home/conda/feedstock_root/build_artifacts/gromacs_1720551881628/_build_env/bin/x86_64-conda-linux-gnu-c++ GNU 11.4.0
C++ compiler flags:  -fexcess-precision=fast -funroll-all-loops -mavx2 -mfma -Wno-missing-field-initializers -Wno-cast-function-type-strict SHELL:-fopenmp -O3 -DNDEBUG
BLAS library:        Internal
LAPACK library:      Internal
CUDA compiler:       /usr/local/cuda/bin/nvcc nvcc: NVIDIA (R) Cuda compiler driver;Copyright (c) 2005-2022 NVIDIA Corporation;Built on Wed_Sep_21_10:33:58_PDT_2022;Cuda compilation tools, release 11.8, V11.8.89;Build cuda_11.8.r11.8/compiler.31833905_0
CUDA compiler flags:-std=c++17;--generate-code=arch=compute_35,code=sm_35;--generate-code=arch=compute_37,code=sm_37;--generate-code=arch=compute_50,code=sm_50;--generate-code=arch=compute_52,code=sm_52;--generate-code=arch=compute_60,code=sm_60;--generate-code=arch=compute_61,code=sm_61;--generate-code=arch=compute_70,code=sm_70;--generate-code=arch=compute_75,code=sm_75;--generate-code=arch=compute_80,code=sm_80;--generate-code=arch=compute_86,code=sm_86;--generate-code=arch=compute_89,code=sm_89;--generate-code=arch=compute_90,code=sm_90;-Wno-deprecated-gpu-targets;--generate-code=arch=compute_53,code=sm_53;--generate-code=arch=compute_80,code=sm_80;-use_fast_math;-Xptxas;-warn-double-usage;-Xptxas;-Werror;;-Xcompiler;-fopenmp;-fexcess-precision=fast -funroll-all-loops -mavx2 -mfma -Wno-missing-field-initializers -Wno-cast-function-type-strict SHELL:-fopenmp -O3 -DNDEBUG
CUDA driver:         12.40
CUDA runtime:        11.80


Running on 1 node with total 4 cores, 8 processing units, 1 compatible GPU
Hardware detected on host cganalysis-structure-046602127-468bl:
  CPU info:
    Vendor: Intel
    Brand:  Intel(R) Xeon(R) CPU E5-2686 v4 @ 2.30GHz
    Family: 6   Model: 79   Stepping: 1
    Features: aes apic avx avx2 clfsh cmov cx8 cx16 f16c fma hle htt intel lahf mmx msr nonstop_tsc pcid pclmuldq pdpe1gb popcnt pse rdrnd rdtscp rtm sse2 sse3 sse4.1 sse4.2 ssse3 tdt x2apic
  Hardware topology: Basic
    Packages, cores, and logical processors:
    [indices refer to OS logical processors]
      Package  0: [   0   4] [   1   5] [   2   6] [   3   7]
    CPU limit set by OS: 6   Recommended max number of threads: 6
  GPU info:
    Number of GPUs detected: 1
    #0: NVIDIA Tesla V100-SXM2-16GB, compute cap.: 7.0, ECC: yes, stat: compatible

The current CPU can measure timings more accurately than the code in
gmx mdrun was configured to use. This might affect your simulation
speed as accurate timings are needed for load-balancing.
Please consider rebuilding gmx mdrun with the GMX_USE_RDTSCP=ON CMake option.

++++ PLEASE READ AND CITE THE FOLLOWING REFERENCE ++++
M. J. Abraham, T. Murtola, R. Schulz, S. Páll, J. C. Smith, B. Hess, E.
Lindahl
GROMACS: High performance molecular simulations through multi-level
parallelism from laptops to supercomputers
SoftwareX 1 (2015) pp. 19-25
-------- -------- --- Thank You --- -------- --------


++++ PLEASE READ AND CITE THE FOLLOWING REFERENCE ++++
S. Páll, M. J. Abraham, C. Kutzner, B. Hess, E. Lindahl
Tackling Exascale Software Challenges in Molecular Dynamics Simulations with
GROMACS
In S. Markidis & E. Laure (Eds.), Solving Software Challenges for Exascale 8759 (2015) pp. 3-27
-------- -------- --- Thank You --- -------- --------


++++ PLEASE READ AND CITE THE FOLLOWING REFERENCE ++++
S. Pronk, S. Páll, R. Schulz, P. Larsson, P. Bjelkmar, R. Apostolov, M. R.
Shirts, J. C. Smith, P. M. Kasson, D. van der Spoel, B. Hess, and E. Lindahl
GROMACS 4.5: a high-throughput and highly parallel open source molecular
simulation toolkit
Bioinformatics 29 (2013) pp. 845-54
-------- -------- --- Thank You --- -------- --------


++++ PLEASE READ AND CITE THE FOLLOWING REFERENCE ++++
B. Hess and C. Kutzner and D. van der Spoel and E. Lindahl
GROMACS 4: Algorithms for highly efficient, load-balanced, and scalable
molecular simulation
J. Chem. Theory Comput. 4 (2008) pp. 435-447
-------- -------- --- Thank You --- -------- --------


++++ PLEASE READ AND CITE THE FOLLOWING REFERENCE ++++
D. van der Spoel, E. Lindahl, B. Hess, G. Groenhof, A. E. Mark and H. J. C.
Berendsen
GROMACS: Fast, Flexible and Free
J. Comp. Chem. 26 (2005) pp. 1701-1719
-------- -------- --- Thank You --- -------- --------


++++ PLEASE READ AND CITE THE FOLLOWING REFERENCE ++++
E. Lindahl and B. Hess and D. van der Spoel
GROMACS 3.0: A package for molecular simulation and trajectory analysis
J. Mol. Mod. 7 (2001) pp. 306-317
-------- -------- --- Thank You --- -------- --------


++++ PLEASE READ AND CITE THE FOLLOWING REFERENCE ++++
H. J. C. Berendsen, D. van der Spoel and R. van Drunen
GROMACS: A message-passing parallel molecular dynamics implementation
Comp. Phys. Comm. 91 (1995) pp. 43-56
-------- -------- --- Thank You --- -------- --------


The number of OpenMP threads was set by environment variable OMP_NUM_THREADS to 6 (and the command-line setting agreed with that)

Input Parameters:
   integrator                     = md
   tinit                          = 0
   dt                             = 0.02
   nsteps                         = -1
   init-step                      = 0
   simulation-part                = 1
   mts                            = false
   mass-repartition-factor        = 1
   comm-mode                      = Linear
   nstcomm                        = 100
   bd-fric                        = 0
   ld-seed                        = -605177409
   emtol                          = 10
   emstep                         = 0.01
   niter                          = 20
   fcstep                         = 0
   nstcgsteep                     = 1000
   nbfgscorr                      = 10
   rtpi                           = 0.05
   nstxout                        = 0
   nstvout                        = 0
   nstfout                        = 0
   nstlog                         = 25000
   nstcalcenergy                  = 100
   nstenergy                      = 25000
   nstxout-compressed             = 25000
   compressed-x-precision         = 100
   cutoff-scheme                  = Verlet
   nstlist                        = 20
   pbc                            = xyz
   periodic-molecules             = false
   verlet-buffer-tolerance        = -1
   verlet-buffer-pressure-tolerance = -1
   rlist                          = 1.35
   coulombtype                    = Reaction-Field
   coulomb-modifier               = Potential-shift
   rcoulomb-switch                = 0
   rcoulomb                       = 1.1
   epsilon-r                      = 15
   epsilon-rf                     = inf
   vdw-type                       = Cut-off
   vdw-modifier                   = Potential-shift
   rvdw-switch                    = 0
   rvdw                           = 1.1
   DispCorr                       = No
   table-extension                = 1
   fourierspacing                 = 0.12
   fourier-nx                     = 0
   fourier-ny                     = 0
   fourier-nz                     = 0
   pme-order                      = 4
   ewald-rtol                     = 1e-05
   ewald-rtol-lj                  = 0.001
   lj-pme-comb-rule               = Geometric
   ewald-geometry                 = 3d
   epsilon-surface                = 0
   ensemble-temperature-setting   = constant
   ensemble-temperature           = 310
   tcoupl                         = V-rescale
   nsttcouple                     = 20
   nh-chain-length                = 0
   print-nose-hoover-chain-variables = false
   pcoupl                         = Parrinello-Rahman
   pcoupltype                     = Semiisotropic
   nstpcouple                     = 20
   tau-p                          = 12
   compressibility (3x3):
      compressibility[    0]={ 3.00000e-04,  0.00000e+00,  0.00000e+00}
      compressibility[    1]={ 0.00000e+00,  3.00000e-04,  0.00000e+00}
      compressibility[    2]={ 0.00000e+00,  0.00000e+00,  3.00000e-04}
   ref-p (3x3):
      ref-p[    0]={ 1.00000e+00,  0.00000e+00,  0.00000e+00}
      ref-p[    1]={ 0.00000e+00,  1.00000e+00,  0.00000e+00}
      ref-p[    2]={ 0.00000e+00,  0.00000e+00,  1.00000e+00}
   refcoord-scaling               = COM
   posres-com (3):
      posres-com[0]= 5.11109e-01
      posres-com[1]= 5.31391e-01
      posres-com[2]= 8.31993e-01
   posres-comB (3):
      posres-comB[0]= 5.11109e-01
      posres-comB[1]= 5.31391e-01
      posres-comB[2]= 8.31993e-01
   QMMM                           = false
qm-opts:
   ngQM                           = 0
   constraint-algorithm           = Lincs
   continuation                   = false
   Shake-SOR                      = false
   shake-tol                      = 0.0001
   lincs-order                    = 12
   lincs-iter                     = 2
   lincs-warnangle                = 90
   nwall                          = 0
   wall-type                      = 9-3
   wall-r-linpot                  = -1
   wall-atomtype[0]               = -1
   wall-atomtype[1]               = -1
   wall-density[0]                = 0
   wall-density[1]                = 0
   wall-ewald-zfac                = 3
   pull                           = false
   awh                            = false
   rotation                       = false
   interactiveMD                  = false
   disre                          = No
   disre-weighting                = Conservative
   disre-mixed                    = false
   dr-fc                          = 1000
   dr-tau                         = 0
   nstdisreout                    = 100
   orire-fc                       = 0
   orire-tau                      = 0
   nstorireout                    = 100
   free-energy                    = no
   cos-acceleration               = 0
   deform (3x3):
      deform[    0]={ 0.00000e+00,  0.00000e+00,  0.00000e+00}
      deform[    1]={ 0.00000e+00,  0.00000e+00,  0.00000e+00}
      deform[    2]={ 0.00000e+00,  0.00000e+00,  0.00000e+00}
   simulated-tempering            = false
   swapcoords                     = no
   userint1                       = 0
   userint2                       = 0
   userint3                       = 0
   userint4                       = 0
   userreal1                      = 0
   userreal2                      = 0
   userreal3                      = 0
   userreal4                      = 0
   applied-forces:
     electric-field:
       x:
         E0                       = 0
         omega                    = 0
         t0                       = 0
         sigma                    = 0
       y:
         E0                       = 0
         omega                    = 0
         t0                       = 0
         sigma                    = 0
       z:
         E0                       = 0
         omega                    = 0
         t0                       = 0
         sigma                    = 0
     density-guided-simulation:
       active                     = false
       group                      = protein
       similarity-measure         = inner-product
       atom-spreading-weight      = unity
       force-constant             = 1e+09
       gaussian-transform-spreading-width = 0.2
       gaussian-transform-spreading-range-in-multiples-of-width = 4
       reference-density-filename = reference.mrc
       nst                        = 1
       normalize-densities        = true
       adaptive-force-scaling     = false
       adaptive-force-scaling-time-constant = 4
       shift-vector               = 
       transformation-matrix      = 
     qmmm-cp2k:
       active                     = false
       qmgroup                    = System
       qmmethod                   = PBE
       qmfilenames                = 
       qmcharge                   = 0
       qmmultiplicity             = 1
     colvars:
       active                     = false
       configfile                 = 
       seed                       = -1
grpopts:
   nrdf:      114165       41834
   ref-t:         310         310
   tau-t:           1           1
annealing:          No          No
annealing-npoints:           0           0
   acc:	           0           0           0
   nfreeze:           N           N           N
   energygrp-flags[  0]: 0

Can not increase nstlist because verlet-buffer-tolerance is not set or used
Update groups can not be used for this system because an incompatible virtual site type is used

Update task can not run on the GPU, because the following condition(s) were not satisfied:

Virtual sites are not supported.

1 GPU selected for this run.
Mapping of GPU IDs to the 1 GPU task in the 1 rank on this node:
  PP:0
PP tasks will do (non-perturbed) short-ranged interactions on the GPU
PP task will update and constrain coordinates on the CPU
Using 1 MPI thread
Using 6 OpenMP threads 

System total charge: 0.000
Reaction-Field:
epsRF = 0, rc = 1.1, krf = 0.375657, crf = 1.36364, epsfac = 9.26236
The electrostatics potential has its minimum at r = 1.1
Potential shift: LJ r^-12: -3.186e-01 r^-6: -5.645e-01


Using GPU 8x8 nonbonded short-range kernels

Using a 8x8 pair-list setup:
  updated every 20 steps, buffer 0.250 nm, rlist 1.350 nm

The average pressure is off by at most nan bar due to missing LJ interactions

Using full Lennard-Jones parameter combination matrix
Removing pbc first time

Initializing LINear Constraint Solver

++++ PLEASE READ AND CITE THE FOLLOWING REFERENCE ++++
B. Hess
P-LINCS: A Parallel Linear Constraint Solver for molecular simulation
J. Chem. Theory Comput. 4 (2008) pp. 116-122
-------- -------- --- Thank You --- -------- --------

The number of constraints is 1501
1322 constraints are involved in constraint triangles,
will apply an additional matrix expansion of order 12 for couplings
between constraints inside triangles

++++ PLEASE READ AND CITE THE FOLLOWING REFERENCE ++++
G. Bussi, D. Donadio and M. Parrinello
Canonical sampling through velocity rescaling
J. Chem. Phys. 126 (2007) pp. 014101
-------- -------- --- Thank You --- -------- --------

There are: 52502 Atoms
There are: 1925 VSites

Constraining the starting coordinates (step 0)

Constraining the coordinates at t0-dt (step 0)
Center of mass motion removal mode is Linear
We have the following groups for center of mass motion removal:
  0:  Rest
  1:  Solvent
RMS relative constraint deviation after constraining: 1.18e-06
Initial temperature: 310.434 K

Started mdrun on rank 0 Sat Mar  8 21:05:48 2025

           Step           Time
              0        0.00000

   Energies (kJ/mol)
           Bond  Harmonic Pot.          Angle       G96Angle  Restr. Angles
    1.81443e+04    8.49162e+00    1.32670e+04    5.01474e+02    7.06042e+02
    Proper Dih.  Improper Dih.        LJ (SR)   Coulomb (SR) Position Rest.
    4.49952e+02    4.09428e+02   -1.26164e+06   -1.43784e+04    0.00000e+00
      Potential    Kinetic En.   Total Energy  Conserved En.    Temperature
   -1.24254e+06    2.01343e+05   -1.04119e+06   -1.04083e+06    3.10464e+02
 Pressure (bar)   Constr. rmsd
   -2.93587e+01    1.16730e-06

           Step           Time
          25000      500.00000

   Energies (kJ/mol)
           Bond  Harmonic Pot.          Angle       G96Angle  Restr. Angles
    1.87447e+04    1.14761e+01    1.31017e+04    4.66292e+02    6.38493e+02
    Proper Dih.  Improper Dih.        LJ (SR)   Coulomb (SR) Position Rest.
    4.01188e+02    4.38149e+02   -1.26304e+06   -1.43342e+04    1.27800e+01
      Potential    Kinetic En.   Total Energy  Conserved En.    Temperature
   -1.24356e+06    2.02741e+05   -1.04082e+06   -1.04089e+06    3.12620e+02
 Pressure (bar)   Constr. rmsd
    4.88852e+01    1.12040e-06

           Step           Time
          50000     1000.00000

   Energies (kJ/mol)
           Bond  Harmonic Pot.          Angle       G96Angle  Restr. Angles
    1.86149e+04    1.12640e+01    1.26324e+04    5.44757e+02    7.12494e+02
    Proper Dih.  Improper Dih.        LJ (SR)   Coulomb (SR) Position Rest.
    3.91711e+02    4.67650e+02   -1.26277e+06   -1.43809e+04    1.99479e+01
      Potential    Kinetic En.   Total Energy  Conserved En.    Temperature
   -1.24375e+06    2.01236e+05   -1.04252e+06   -1.04089e+06    3.10299e+02
 Pressure (bar)   Constr. rmsd
   -1.73096e+01    1.06521e-06

           Step           Time
          75000     1500.00000

   Energies (kJ/mol)
           Bond  Harmonic Pot.          Angle       G96Angle  Restr. Angles
    1.78980e+04    1.10868e+01    1.26230e+04    6.05672e+02    6.35614e+02
    Proper Dih.  Improper Dih.        LJ (SR)   Coulomb (SR) Position Rest.
    3.80949e+02    3.95859e+02   -1.26548e+06   -1.43758e+04    1.75530e+01
      Potential    Kinetic En.   Total Energy  Conserved En.    Temperature
   -1.24729e+06    2.01841e+05   -1.04545e+06   -1.04094e+06    3.11231e+02
 Pressure (bar)   Constr. rmsd
    2.21339e+00    1.14450e-06

           Step           Time
         100000     2000.00000

   Energies (kJ/mol)
           Bond  Harmonic Pot.          Angle       G96Angle  Restr. Angles
    1.81456e+04    9.64144e+00    1.26647e+04    4.85202e+02    6.28713e+02
    Proper Dih.  Improper Dih.        LJ (SR)   Coulomb (SR) Position Rest.
    4.20567e+02    3.95156e+02   -1.26424e+06   -1.41816e+04    1.85649e+01
      Potential    Kinetic En.   Total Energy  Conserved En.    Temperature
   -1.24565e+06    1.99256e+05   -1.04639e+06   -1.04083e+06    3.07245e+02
 Pressure (bar)   Constr. rmsd
    8.37716e+00    1.12266e-06

           Step           Time
         125000     2500.00000

   Energies (kJ/mol)
           Bond  Harmonic Pot.          Angle       G96Angle  Restr. Angles
    1.82165e+04    6.21784e+00    1.29883e+04    4.98312e+02    6.74209e+02
    Proper Dih.  Improper Dih.        LJ (SR)   Coulomb (SR) Position Rest.
    3.92153e+02    3.85293e+02   -1.26641e+06   -1.44892e+04    1.76719e+01
      Potential    Kinetic En.   Total Energy  Conserved En.    Temperature
   -1.24772e+06    2.00899e+05   -1.04682e+06   -1.04089e+06    3.09779e+02
 Pressure (bar)   Constr. rmsd
    9.40408e+00    1.18431e-06

           Step           Time
         150000     3000.00000

   Energies (kJ/mol)
           Bond  Harmonic Pot.          Angle       G96Angle  Restr. Angles
    1.87603e+04    6.75431e+00    1.28567e+04    5.46401e+02    6.79992e+02
    Proper Dih.  Improper Dih.        LJ (SR)   Coulomb (SR) Position Rest.
    4.68023e+02    4.79350e+02   -1.26106e+06   -1.47140e+04    1.58103e+01
      Potential    Kinetic En.   Total Energy  Conserved En.    Temperature
   -1.24196e+06    2.01519e+05   -1.04045e+06   -1.04088e+06    3.10735e+02
 Pressure (bar)   Constr. rmsd
    1.32259e+01    1.17570e-06

           Step           Time
         175000     3500.00000

   Energies (kJ/mol)
           Bond  Harmonic Pot.          Angle       G96Angle  Restr. Angles
    1.83963e+04    4.17533e+00    1.28947e+04    5.88420e+02    6.35404e+02
    Proper Dih.  Improper Dih.        LJ (SR)   Coulomb (SR) Position Rest.
    4.35517e+02    4.53984e+02   -1.26240e+06   -1.46374e+04    1.25998e+01
      Potential    Kinetic En.   Total Energy  Conserved En.    Temperature
   -1.24362e+06    2.02023e+05   -1.04159e+06   -1.04093e+06    3.11513e+02
 Pressure (bar)   Constr. rmsd
    2.30754e+01    1.14843e-06

           Step           Time
         200000     4000.00000

   Energies (kJ/mol)
           Bond  Harmonic Pot.          Angle       G96Angle  Restr. Angles
    1.79728e+04    3.07092e+00    1.28016e+04    5.38810e+02    6.73258e+02
    Proper Dih.  Improper Dih.        LJ (SR)   Coulomb (SR) Position Rest.
    4.71944e+02    4.83860e+02   -1.26220e+06   -1.47697e+04    1.91034e+01
      Potential    Kinetic En.   Total Energy  Conserved En.    Temperature
   -1.24400e+06    2.01100e+05   -1.04290e+06   -1.04101e+06    3.10090e+02
 Pressure (bar)   Constr. rmsd
   -2.71635e+01    1.15011e-06

           Step           Time
         225000     4500.00000

   Energies (kJ/mol)
           Bond  Harmonic Pot.          Angle       G96Angle  Restr. Angles
    1.84877e+04    3.82723e+00    1.30179e+04    5.31504e+02    7.06307e+02
    Proper Dih.  Improper Dih.        LJ (SR)   Coulomb (SR) Position Rest.
    4.23219e+02    4.35558e+02   -1.26526e+06   -1.45439e+04    1.87209e+01
      Potential    Kinetic En.   Total Energy  Conserved En.    Temperature
   -1.24618e+06    2.01455e+05   -1.04472e+06   -1.04120e+06    3.10637e+02
 Pressure (bar)   Constr. rmsd
    2.25904e+01    1.12855e-06

           Step           Time
         250000     5000.00000

   Energies (kJ/mol)
           Bond  Harmonic Pot.          Angle       G96Angle  Restr. Angles
    1.84096e+04    4.44581e+00    1.27939e+04    5.31648e+02    6.76348e+02
    Proper Dih.  Improper Dih.        LJ (SR)   Coulomb (SR) Position Rest.
    3.92158e+02    4.82078e+02   -1.26673e+06   -1.44983e+04    1.81165e+01
      Potential    Kinetic En.   Total Energy  Conserved En.    Temperature
   -1.24792e+06    1.99684e+05   -1.04824e+06   -1.04121e+06    3.07906e+02
 Pressure (bar)   Constr. rmsd
    3.56572e+01    1.16137e-06

           Step           Time
         275000     5500.00000

   Energies (kJ/mol)
           Bond  Harmonic Pot.          Angle       G96Angle  Restr. Angles
    1.84831e+04    2.45877e+00    1.24643e+04    5.21215e+02    6.91516e+02
    Proper Dih.  Improper Dih.        LJ (SR)   Coulomb (SR) Position Rest.
    4.60458e+02    5.25490e+02   -1.26133e+06   -1.43419e+04    1.68796e+01
      Potential    Kinetic En.   Total Energy  Conserved En.    Temperature
   -1.24251e+06    2.01623e+05   -1.04088e+06   -1.04116e+06    3.10896e+02
 Pressure (bar)   Constr. rmsd
    1.19603e+01    1.18846e-06

           Step           Time
         300000     6000.00000

   Energies (kJ/mol)
           Bond  Harmonic Pot.          Angle       G96Angle  Restr. Angles
    1.82667e+04    4.88091e+00    1.26515e+04    5.33364e+02    7.24175e+02
    Proper Dih.  Improper Dih.        LJ (SR)   Coulomb (SR) Position Rest.
    3.50167e+02    4.21131e+02   -1.26117e+06   -1.44923e+04    1.36079e+01
      Potential    Kinetic En.   Total Energy  Conserved En.    Temperature
   -1.24269e+06    2.02817e+05   -1.03987e+06   -1.04134e+06    3.12736e+02
 Pressure (bar)   Constr. rmsd
   -2.82688e-01    1.16206e-06

           Step           Time
         325000     6500.00000

   Energies (kJ/mol)
           Bond  Harmonic Pot.          Angle       G96Angle  Restr. Angles
    1.79424e+04    2.65169e+00    1.26009e+04    5.53229e+02    7.02189e+02
    Proper Dih.  Improper Dih.        LJ (SR)   Coulomb (SR) Position Rest.
    3.67659e+02    4.92511e+02   -1.26335e+06   -1.42955e+04    1.64188e+01
      Potential    Kinetic En.   Total Energy  Conserved En.    Temperature
   -1.24497e+06    1.99672e+05   -1.04530e+06   -1.04140e+06    3.07886e+02
 Pressure (bar)   Constr. rmsd
    3.99636e-01    1.16476e-06

           Step           Time
         350000     7000.00000

   Energies (kJ/mol)
           Bond  Harmonic Pot.          Angle       G96Angle  Restr. Angles
    1.83240e+04    3.37781e+00    1.28923e+04    5.36130e+02    6.70209e+02
    Proper Dih.  Improper Dih.        LJ (SR)   Coulomb (SR) Position Rest.
    4.04304e+02    4.64096e+02   -1.26409e+06   -1.43725e+04    2.15043e+01
      Potential    Kinetic En.   Total Energy  Conserved En.    Temperature
   -1.24515e+06    2.00248e+05   -1.04490e+06   -1.04140e+06    3.08775e+02
 Pressure (bar)   Constr. rmsd
   -1.05656e+01    1.17006e-06

           Step           Time
         375000     7500.00000

   Energies (kJ/mol)
           Bond  Harmonic Pot.          Angle       G96Angle  Restr. Angles
    1.87774e+04    4.57498e+00    1.29262e+04    5.06344e+02    6.78007e+02
    Proper Dih.  Improper Dih.        LJ (SR)   Coulomb (SR) Position Rest.
    4.63981e+02    4.51532e+02   -1.26377e+06   -1.46049e+04    1.84966e+01
      Potential    Kinetic En.   Total Energy  Conserved En.    Temperature
   -1.24455e+06    1.99662e+05   -1.04488e+06   -1.04156e+06    3.07872e+02
 Pressure (bar)   Constr. rmsd
    2.81867e+00    1.21348e-06

           Step           Time
         400000     8000.00000

   Energies (kJ/mol)
           Bond  Harmonic Pot.          Angle       G96Angle  Restr. Angles
    1.83979e+04    5.34908e+00    1.28064e+04    5.21870e+02    6.94785e+02
    Proper Dih.  Improper Dih.        LJ (SR)   Coulomb (SR) Position Rest.
    4.05295e+02    4.39444e+02   -1.26293e+06   -1.46557e+04    1.60731e+01
      Potential    Kinetic En.   Total Energy  Conserved En.    Temperature
   -1.24430e+06    2.00566e+05   -1.04373e+06   -1.04151e+06    3.09266e+02
 Pressure (bar)   Constr. rmsd
    1.93089e+01    1.12977e-06

           Step           Time
         425000     8500.00000

   Energies (kJ/mol)
           Bond  Harmonic Pot.          Angle       G96Angle  Restr. Angles
    1.86249e+04    5.19851e+00    1.25852e+04    5.55931e+02    6.98603e+02
    Proper Dih.  Improper Dih.        LJ (SR)   Coulomb (SR) Position Rest.
    4.25587e+02    4.39019e+02   -1.26364e+06   -1.45962e+04    1.66189e+01
      Potential    Kinetic En.   Total Energy  Conserved En.    Temperature
   -1.24488e+06    2.00980e+05   -1.04390e+06   -1.04152e+06    3.09904e+02
 Pressure (bar)   Constr. rmsd
   -4.60468e+00    1.19175e-06

           Step           Time
         450000     9000.00000

   Energies (kJ/mol)
           Bond  Harmonic Pot.          Angle       G96Angle  Restr. Angles
    1.84743e+04    6.74010e+00    1.27534e+04    5.46451e+02    6.87341e+02
    Proper Dih.  Improper Dih.        LJ (SR)   Coulomb (SR) Position Rest.
    3.59924e+02    4.30005e+02   -1.26319e+06   -1.46626e+04    1.43476e+01
      Potential    Kinetic En.   Total Energy  Conserved En.    Temperature
   -1.24458e+06    2.00555e+05   -1.04402e+06   -1.04142e+06    3.09248e+02
 Pressure (bar)   Constr. rmsd
   -5.55894e+00    1.16837e-06

           Step           Time
         475000     9500.00000

   Energies (kJ/mol)
           Bond  Harmonic Pot.          Angle       G96Angle  Restr. Angles
    1.86947e+04    7.22530e+00    1.24210e+04    5.08435e+02    6.46796e+02
    Proper Dih.  Improper Dih.        LJ (SR)   Coulomb (SR) Position Rest.
    4.28227e+02    4.28947e+02   -1.26607e+06   -1.45361e+04    1.85324e+01
      Potential    Kinetic En.   Total Energy  Conserved En.    Temperature
   -1.24745e+06    2.00870e+05   -1.04658e+06   -1.04119e+06    3.09734e+02
 Pressure (bar)   Constr. rmsd
    3.92737e+01    1.24114e-06

           Step           Time
         500000    10000.00000

   Energies (kJ/mol)
           Bond  Harmonic Pot.          Angle       G96Angle  Restr. Angles
    1.85200e+04    6.52398e+00    1.26648e+04    5.62253e+02    7.02302e+02
    Proper Dih.  Improper Dih.        LJ (SR)   Coulomb (SR) Position Rest.
    3.52620e+02    4.24849e+02   -1.26422e+06   -1.44878e+04    1.58913e+01
      Potential    Kinetic En.   Total Energy  Conserved En.    Temperature
   -1.24546e+06    2.02574e+05   -1.04288e+06   -1.04126e+06    3.12362e+02
 Pressure (bar)   Constr. rmsd
    3.53775e+01    1.22082e-06

           Step           Time
         525000    10500.00000

   Energies (kJ/mol)
           Bond  Harmonic Pot.          Angle       G96Angle  Restr. Angles
    1.85792e+04    5.09002e+00    1.30115e+04    5.64035e+02    6.15518e+02
    Proper Dih.  Improper Dih.        LJ (SR)   Coulomb (SR) Position Rest.
    4.36337e+02    3.88352e+02   -1.26462e+06   -1.46267e+04    1.81359e+01
      Potential    Kinetic En.   Total Energy  Conserved En.    Temperature
   -1.24562e+06    2.00947e+05   -1.04468e+06   -1.04125e+06    3.09852e+02
 Pressure (bar)   Constr. rmsd
   -1.70654e+00    1.17941e-06

           Step           Time
         550000    11000.00000

   Energies (kJ/mol)
           Bond  Harmonic Pot.          Angle       G96Angle  Restr. Angles
    1.87570e+04    9.75510e+00    1.27709e+04    5.43412e+02    7.15500e+02
    Proper Dih.  Improper Dih.        LJ (SR)   Coulomb (SR) Position Rest.
    4.03966e+02    4.53023e+02   -1.26313e+06   -1.44996e+04    1.53413e+01
      Potential    Kinetic En.   Total Energy  Conserved En.    Temperature
   -1.24396e+06    1.99259e+05   -1.04470e+06   -1.04131e+06    3.07250e+02
 Pressure (bar)   Constr. rmsd
    2.54883e+01    1.20610e-06

           Step           Time
         575000    11500.00000

   Energies (kJ/mol)
           Bond  Harmonic Pot.          Angle       G96Angle  Restr. Angles
    1.84524e+04    6.33301e+00    1.27151e+04    4.96714e+02    7.12848e+02
    Proper Dih.  Improper Dih.        LJ (SR)   Coulomb (SR) Position Rest.
    3.95130e+02    4.84733e+02   -1.26113e+06   -1.45546e+04    2.21695e+01
      Potential    Kinetic En.   Total Energy  Conserved En.    Temperature
   -1.24239e+06    2.00570e+05   -1.04182e+06   -1.04145e+06    3.09272e+02
 Pressure (bar)   Constr. rmsd
    6.76050e+00    1.07310e-06

           Step           Time
         600000    12000.00000

   Energies (kJ/mol)
           Bond  Harmonic Pot.          Angle       G96Angle  Restr. Angles
    1.88504e+04    4.12776e+00    1.25102e+04    5.05899e+02    6.89285e+02
    Proper Dih.  Improper Dih.        LJ (SR)   Coulomb (SR) Position Rest.
    3.76272e+02    4.66012e+02   -1.26216e+06   -1.44082e+04    1.93869e+01
      Potential    Kinetic En.   Total Energy  Conserved En.    Temperature
   -1.24315e+06    2.01342e+05   -1.04181e+06   -1.04170e+06    3.10461e+02
 Pressure (bar)   Constr. rmsd
   -2.00121e+00    1.19924e-06

           Step           Time
         625000    12500.00000

   Energies (kJ/mol)
           Bond  Harmonic Pot.          Angle       G96Angle  Restr. Angles
    1.87901e+04    4.94555e+00    1.25383e+04    5.18800e+02    6.85107e+02
    Proper Dih.  Improper Dih.        LJ (SR)   Coulomb (SR) Position Rest.
    4.59771e+02    4.09828e+02   -1.26374e+06   -1.44927e+04    2.23927e+01
      Potential    Kinetic En.   Total Energy  Conserved En.    Temperature
   -1.24480e+06    2.00696e+05   -1.04411e+06   -1.04176e+06    3.09466e+02
 Pressure (bar)   Constr. rmsd
   -1.16736e+01    1.21210e-06

           Step           Time
         650000    13000.00000

   Energies (kJ/mol)
           Bond  Harmonic Pot.          Angle       G96Angle  Restr. Angles
    1.84163e+04    5.61548e+00    1.26476e+04    5.76865e+02    6.16667e+02
    Proper Dih.  Improper Dih.        LJ (SR)   Coulomb (SR) Position Rest.
    4.60121e+02    5.19375e+02   -1.26498e+06   -1.44576e+04    2.35954e+01
      Potential    Kinetic En.   Total Energy  Conserved En.    Temperature
   -1.24617e+06    2.00579e+05   -1.04559e+06   -1.04194e+06    3.09286e+02
 Pressure (bar)   Constr. rmsd
    5.46573e+00    1.11810e-06

           Step           Time
         675000    13500.00000

   Energies (kJ/mol)
           Bond  Harmonic Pot.          Angle       G96Angle  Restr. Angles
    1.85015e+04    4.94727e+00    1.28460e+04    5.43119e+02    6.89857e+02
    Proper Dih.  Improper Dih.        LJ (SR)   Coulomb (SR) Position Rest.
    4.13289e+02    4.35866e+02   -1.26499e+06   -1.46981e+04    2.28712e+01
      Potential    Kinetic En.   Total Energy  Conserved En.    Temperature
   -1.24623e+06    2.00760e+05   -1.04547e+06   -1.04191e+06    3.09564e+02
 Pressure (bar)   Constr. rmsd
    3.64429e+01    1.13386e-06

           Step           Time
         700000    14000.00000

   Energies (kJ/mol)
           Bond  Harmonic Pot.          Angle       G96Angle  Restr. Angles
    1.85650e+04    5.14684e+00    1.26439e+04    5.42191e+02    7.07195e+02
    Proper Dih.  Improper Dih.        LJ (SR)   Coulomb (SR) Position Rest.
    3.16299e+02    4.19066e+02   -1.26411e+06   -1.45570e+04    2.05869e+01
      Potential    Kinetic En.   Total Energy  Conserved En.    Temperature
   -1.24545e+06    2.00911e+05   -1.04454e+06   -1.04210e+06    3.09798e+02
 Pressure (bar)   Constr. rmsd
   -1.15844e+01    1.12427e-06

           Step           Time
         725000    14500.00000

   Energies (kJ/mol)
           Bond  Harmonic Pot.          Angle       G96Angle  Restr. Angles
    1.82929e+04    7.95303e+00    1.29468e+04    5.45238e+02    7.28770e+02
    Proper Dih.  Improper Dih.        LJ (SR)   Coulomb (SR) Position Rest.
    4.58611e+02    4.71634e+02   -1.26250e+06   -1.48718e+04    2.17793e+01
      Potential    Kinetic En.   Total Energy  Conserved En.    Temperature
   -1.24390e+06    2.01888e+05   -1.04201e+06   -1.04212e+06    3.11303e+02
 Pressure (bar)   Constr. rmsd
   -4.97789e+01    1.17476e-06

           Step           Time
         750000    15000.00000

   Energies (kJ/mol)
           Bond  Harmonic Pot.          Angle       G96Angle  Restr. Angles
    1.87029e+04    3.48796e+00    1.25930e+04    5.54489e+02    6.75533e+02
    Proper Dih.  Improper Dih.        LJ (SR)   Coulomb (SR) Position Rest.
    4.68068e+02    4.67476e+02   -1.26537e+06   -1.48672e+04    1.98102e+01
      Potential    Kinetic En.   Total Energy  Conserved En.    Temperature
   -1.24676e+06    2.00807e+05   -1.04595e+06   -1.04199e+06    3.09637e+02
 Pressure (bar)   Constr. rmsd
   -8.24579e+00    1.18257e-06

           Step           Time
         775000    15500.00000

   Energies (kJ/mol)
           Bond  Harmonic Pot.          Angle       G96Angle  Restr. Angles
    1.88461e+04    6.60308e+00    1.24969e+04    5.42836e+02    6.86201e+02
    Proper Dih.  Improper Dih.        LJ (SR)   Coulomb (SR) Position Rest.
    4.05517e+02    4.41643e+02   -1.26255e+06   -1.45717e+04    2.55606e+01
      Potential    Kinetic En.   Total Energy  Conserved En.    Temperature
   -1.24367e+06    2.01445e+05   -1.04222e+06   -1.04197e+06    3.10621e+02
 Pressure (bar)   Constr. rmsd
    1.59519e+01    1.13327e-06

           Step           Time
         800000    16000.00000

   Energies (kJ/mol)
           Bond  Harmonic Pot.          Angle       G96Angle  Restr. Angles
    1.82886e+04    4.87158e+00    1.26956e+04    5.23316e+02    7.29221e+02
    Proper Dih.  Improper Dih.        LJ (SR)   Coulomb (SR) Position Rest.
    3.80567e+02    4.54466e+02   -1.26495e+06   -1.43794e+04    1.95991e+01
      Potential    Kinetic En.   Total Energy  Conserved En.    Temperature
   -1.24623e+06    2.01444e+05   -1.04479e+06   -1.04199e+06    3.10619e+02
 Pressure (bar)   Constr. rmsd
    9.06566e+00    1.13851e-06

           Step           Time
         825000    16500.00000

   Energies (kJ/mol)
           Bond  Harmonic Pot.          Angle       G96Angle  Restr. Angles
    1.86300e+04    4.40397e+00    1.27586e+04    5.26901e+02    7.40732e+02
    Proper Dih.  Improper Dih.        LJ (SR)   Coulomb (SR) Position Rest.
    4.38210e+02    4.48462e+02   -1.26431e+06   -1.47392e+04    2.05409e+01
      Potential    Kinetic En.   Total Energy  Conserved En.    Temperature
   -1.24548e+06    2.01263e+05   -1.04422e+06   -1.04209e+06    3.10341e+02
 Pressure (bar)   Constr. rmsd
    1.75332e+01    1.10790e-06

Writing checkpoint, step 829120 at Sat Mar  8 21:20:48 2025


           Step           Time
         850000    17000.00000

   Energies (kJ/mol)
           Bond  Harmonic Pot.          Angle       G96Angle  Restr. Angles
    1.91516e+04    4.77312e+00    1.26491e+04    5.14310e+02    6.33990e+02
    Proper Dih.  Improper Dih.        LJ (SR)   Coulomb (SR) Position Rest.
    3.96772e+02    4.49392e+02   -1.26250e+06   -1.48907e+04    1.33131e+01
      Potential    Kinetic En.   Total Energy  Conserved En.    Temperature
   -1.24358e+06    2.00737e+05   -1.04284e+06   -1.04219e+06    3.09529e+02
 Pressure (bar)   Constr. rmsd
   -3.16821e+00    1.06375e-06

           Step           Time
         875000    17500.00000

   Energies (kJ/mol)
           Bond  Harmonic Pot.          Angle       G96Angle  Restr. Angles
    1.83632e+04    8.56817e+00    1.29985e+04    5.53277e+02    6.59394e+02
    Proper Dih.  Improper Dih.        LJ (SR)   Coulomb (SR) Position Rest.
    3.84436e+02    3.92101e+02   -1.26288e+06   -1.46456e+04    1.70909e+01
      Potential    Kinetic En.   Total Energy  Conserved En.    Temperature
   -1.24415e+06    2.00062e+05   -1.04408e+06   -1.04215e+06    3.08489e+02
 Pressure (bar)   Constr. rmsd
   -4.02092e+01    1.15051e-06

           Step           Time
         900000    18000.00000

   Energies (kJ/mol)
           Bond  Harmonic Pot.          Angle       G96Angle  Restr. Angles
    1.90429e+04    5.46875e+00    1.30175e+04    5.13448e+02    6.82237e+02
    Proper Dih.  Improper Dih.        LJ (SR)   Coulomb (SR) Position Rest.
    3.77591e+02    4.14005e+02   -1.26348e+06   -1.47851e+04    1.97139e+01
      Potential    Kinetic En.   Total Energy  Conserved En.    Temperature
   -1.24419e+06    2.00798e+05   -1.04339e+06   -1.04233e+06    3.09623e+02
 Pressure (bar)   Constr. rmsd
    2.50906e+01    1.17870e-06

           Step           Time
         925000    18500.00000

   Energies (kJ/mol)
           Bond  Harmonic Pot.          Angle       G96Angle  Restr. Angles
    1.84853e+04    9.73268e+00    1.23820e+04    5.09679e+02    6.53765e+02
    Proper Dih.  Improper Dih.        LJ (SR)   Coulomb (SR) Position Rest.
    4.09090e+02    4.07633e+02   -1.26521e+06   -1.47140e+04    1.71066e+01
      Potential    Kinetic En.   Total Energy  Conserved En.    Temperature
   -1.24705e+06    2.00297e+05   -1.04675e+06   -1.04262e+06    3.08851e+02
 Pressure (bar)   Constr. rmsd
   -9.54176e+00    1.11686e-06

           Step           Time
         950000    19000.00000

   Energies (kJ/mol)
           Bond  Harmonic Pot.          Angle       G96Angle  Restr. Angles
    1.84397e+04    7.26104e+00    1.30465e+04    4.97399e+02    6.86014e+02
    Proper Dih.  Improper Dih.        LJ (SR)   Coulomb (SR) Position Rest.
    3.92619e+02    4.17782e+02   -1.26281e+06   -1.45836e+04    1.63871e+01
      Potential    Kinetic En.   Total Energy  Conserved En.    Temperature
   -1.24389e+06    2.01733e+05   -1.04216e+06   -1.04267e+06    3.11065e+02
 Pressure (bar)   Constr. rmsd
    3.92363e+01    1.11914e-06

           Step           Time
         975000    19500.00000

   Energies (kJ/mol)
           Bond  Harmonic Pot.          Angle       G96Angle  Restr. Angles
    1.85932e+04    7.92950e+00    1.25281e+04    5.02244e+02    6.47241e+02
    Proper Dih.  Improper Dih.        LJ (SR)   Coulomb (SR) Position Rest.
    4.33647e+02    4.52209e+02   -1.26568e+06   -1.45992e+04    1.93743e+01
      Potential    Kinetic En.   Total Energy  Conserved En.    Temperature
   -1.24709e+06    2.00239e+05   -1.04685e+06   -1.04250e+06    3.08761e+02
 Pressure (bar)   Constr. rmsd
    9.38752e+00    1.11703e-06

           Step           Time
        1000000    20000.00000

   Energies (kJ/mol)
           Bond  Harmonic Pot.          Angle       G96Angle  Restr. Angles
    1.86958e+04    9.91238e+00    1.26956e+04    5.46142e+02    6.89060e+02
    Proper Dih.  Improper Dih.        LJ (SR)   Coulomb (SR) Position Rest.
    3.93752e+02    4.40113e+02   -1.26380e+06   -1.47654e+04    2.05027e+01
      Potential    Kinetic En.   Total Energy  Conserved En.    Temperature
   -1.24507e+06    2.01867e+05   -1.04320e+06   -1.04252e+06    3.11272e+02
 Pressure (bar)   Constr. rmsd
    1.64327e+00    1.13868e-06

           Step           Time
        1025000    20500.00000

   Energies (kJ/mol)
           Bond  Harmonic Pot.          Angle       G96Angle  Restr. Angles
    1.84952e+04    7.87749e+00    1.26334e+04    5.26860e+02    7.05435e+02
    Proper Dih.  Improper Dih.        LJ (SR)   Coulomb (SR) Position Rest.
    4.38106e+02    4.21673e+02   -1.26427e+06   -1.45411e+04    2.06990e+01
      Potential    Kinetic En.   Total Energy  Conserved En.    Temperature
   -1.24556e+06    2.00630e+05   -1.04493e+06   -1.04261e+06    3.09364e+02
 Pressure (bar)   Constr. rmsd
    5.02144e+00    1.17032e-06

           Step           Time
        1050000    21000.00000

   Energies (kJ/mol)
           Bond  Harmonic Pot.          Angle       G96Angle  Restr. Angles
    1.86972e+04    5.90489e+00    1.26042e+04    5.19104e+02    6.67201e+02
    Proper Dih.  Improper Dih.        LJ (SR)   Coulomb (SR) Position Rest.
    4.17660e+02    4.26266e+02   -1.26372e+06   -1.45970e+04    1.95464e+01
      Potential    Kinetic En.   Total Energy  Conserved En.    Temperature
   -1.24496e+06    2.00480e+05   -1.04448e+06   -1.04271e+06    3.09132e+02
 Pressure (bar)   Constr. rmsd
    2.27641e+00    1.17128e-06

           Step           Time
        1075000    21500.00000

   Energies (kJ/mol)
           Bond  Harmonic Pot.          Angle       G96Angle  Restr. Angles
    1.86737e+04    6.81667e+00    1.23082e+04    5.50055e+02    6.84240e+02
    Proper Dih.  Improper Dih.        LJ (SR)   Coulomb (SR) Position Rest.
    4.30559e+02    4.16138e+02   -1.26581e+06   -1.45391e+04    1.72938e+01
      Potential    Kinetic En.   Total Energy  Conserved En.    Temperature
   -1.24726e+06    2.01886e+05   -1.04537e+06   -1.04277e+06    3.11300e+02
 Pressure (bar)   Constr. rmsd
    1.09812e+01    1.04449e-06

           Step           Time
        1100000    22000.00000

   Energies (kJ/mol)
           Bond  Harmonic Pot.          Angle       G96Angle  Restr. Angles
    1.86288e+04    5.03004e+00    1.25746e+04    4.85909e+02    7.15357e+02
    Proper Dih.  Improper Dih.        LJ (SR)   Coulomb (SR) Position Rest.
    4.42453e+02    4.55970e+02   -1.26618e+06   -1.47547e+04    2.18330e+01
      Potential    Kinetic En.   Total Energy  Conserved En.    Temperature
   -1.24760e+06    2.00043e+05   -1.04756e+06   -1.04279e+06    3.08458e+02
 Pressure (bar)   Constr. rmsd
    1.21574e+01    1.08351e-06

           Step           Time
        1125000    22500.00000

   Energies (kJ/mol)
           Bond  Harmonic Pot.          Angle       G96Angle  Restr. Angles
    1.85836e+04    1.19461e+01    1.25341e+04    5.35487e+02    6.98917e+02
    Proper Dih.  Improper Dih.        LJ (SR)   Coulomb (SR) Position Rest.
    3.84672e+02    4.04781e+02   -1.26170e+06   -1.44995e+04    1.43961e+01
      Potential    Kinetic En.   Total Energy  Conserved En.    Temperature
   -1.24303e+06    2.00878e+05   -1.04215e+06   -1.04302e+06    3.09746e+02
 Pressure (bar)   Constr. rmsd
   -2.16070e+01    1.11608e-06

           Step           Time
        1150000    23000.00000

   Energies (kJ/mol)
           Bond  Harmonic Pot.          Angle       G96Angle  Restr. Angles
    1.82068e+04    4.60485e+00    1.26928e+04    5.18295e+02    6.53501e+02
    Proper Dih.  Improper Dih.        LJ (SR)   Coulomb (SR) Position Rest.
    3.89937e+02    4.39591e+02   -1.26489e+06   -1.46519e+04    1.75785e+01
      Potential    Kinetic En.   Total Energy  Conserved En.    Temperature
   -1.24662e+06    1.99387e+05   -1.04724e+06   -1.04307e+06    3.07448e+02
 Pressure (bar)   Constr. rmsd
   -7.37700e+00    1.14043e-06

           Step           Time
        1175000    23500.00000

   Energies (kJ/mol)
           Bond  Harmonic Pot.          Angle       G96Angle  Restr. Angles
    1.85029e+04    6.90898e+00    1.27449e+04    5.58805e+02    7.00693e+02
    Proper Dih.  Improper Dih.        LJ (SR)   Coulomb (SR) Position Rest.
    3.75932e+02    4.32280e+02   -1.26450e+06   -1.45783e+04    1.61995e+01
      Potential    Kinetic En.   Total Energy  Conserved En.    Temperature
   -1.24574e+06    2.01232e+05   -1.04451e+06   -1.04304e+06    3.10292e+02
 Pressure (bar)   Constr. rmsd
    7.09984e+01    1.08731e-06

           Step           Time
        1200000    24000.00000

   Energies (kJ/mol)
           Bond  Harmonic Pot.          Angle       G96Angle  Restr. Angles
    1.85046e+04    3.95215e+00    1.31665e+04    5.43523e+02    6.63133e+02
    Proper Dih.  Improper Dih.        LJ (SR)   Coulomb (SR) Position Rest.
    4.19732e+02    4.38277e+02   -1.26056e+06   -1.43678e+04    2.14073e+01
      Potential    Kinetic En.   Total Energy  Conserved En.    Temperature
   -1.24117e+06    2.00359e+05   -1.04081e+06   -1.04325e+06    3.08946e+02
 Pressure (bar)   Constr. rmsd
   -4.40548e+01    1.09544e-06

           Step           Time
        1225000    24500.00000

   Energies (kJ/mol)
           Bond  Harmonic Pot.          Angle       G96Angle  Restr. Angles
    1.86464e+04    5.21583e+00    1.25873e+04    5.40427e+02    6.57252e+02
    Proper Dih.  Improper Dih.        LJ (SR)   Coulomb (SR) Position Rest.
    3.79667e+02    4.59981e+02   -1.26445e+06   -1.45940e+04    1.76289e+01
      Potential    Kinetic En.   Total Energy  Conserved En.    Temperature
   -1.24575e+06    2.01188e+05   -1.04456e+06   -1.04336e+06    3.10224e+02
 Pressure (bar)   Constr. rmsd
    7.62121e+00    1.12601e-06

           Step           Time
        1250000    25000.00000

   Energies (kJ/mol)
           Bond  Harmonic Pot.          Angle       G96Angle  Restr. Angles
    1.83671e+04    5.29362e+00    1.28502e+04    5.34199e+02    6.63063e+02
    Proper Dih.  Improper Dih.        LJ (SR)   Coulomb (SR) Position Rest.
    4.14584e+02    4.08330e+02   -1.26621e+06   -1.45045e+04    2.20979e+01
      Potential    Kinetic En.   Total Energy  Conserved En.    Temperature
   -1.24745e+06    2.01668e+05   -1.04578e+06   -1.04356e+06    3.10965e+02
 Pressure (bar)   Constr. rmsd
    1.83919e+01    1.12724e-06

           Step           Time
        1275000    25500.00000

   Energies (kJ/mol)
           Bond  Harmonic Pot.          Angle       G96Angle  Restr. Angles
    1.85175e+04    4.73326e+00    1.26919e+04    5.08131e+02    6.49640e+02
    Proper Dih.  Improper Dih.        LJ (SR)   Coulomb (SR) Position Rest.
    4.20576e+02    4.91777e+02   -1.26326e+06   -1.43936e+04    2.17679e+01
      Potential    Kinetic En.   Total Energy  Conserved En.    Temperature
   -1.24434e+06    2.01637e+05   -1.04271e+06   -1.04366e+06    3.10917e+02
 Pressure (bar)   Constr. rmsd
    1.43514e+00    1.11499e-06

           Step           Time
        1300000    26000.00000

   Energies (kJ/mol)
           Bond  Harmonic Pot.          Angle       G96Angle  Restr. Angles
    1.82838e+04    5.43676e+00    1.27714e+04    5.43636e+02    7.24012e+02
    Proper Dih.  Improper Dih.        LJ (SR)   Coulomb (SR) Position Rest.
    4.29842e+02    4.13128e+02   -1.26056e+06   -1.46124e+04    2.84725e+01
      Potential    Kinetic En.   Total Energy  Conserved En.    Temperature
   -1.24197e+06    2.00813e+05   -1.04116e+06   -1.04373e+06    3.09646e+02
 Pressure (bar)   Constr. rmsd
   -2.21387e+01    1.11158e-06

           Step           Time
        1325000    26500.00000

   Energies (kJ/mol)
           Bond  Harmonic Pot.          Angle       G96Angle  Restr. Angles
    1.86002e+04    5.29799e+00    1.26508e+04    4.70024e+02    7.13133e+02
    Proper Dih.  Improper Dih.        LJ (SR)   Coulomb (SR) Position Rest.
    4.11047e+02    4.38751e+02   -1.26312e+06   -1.47474e+04    1.74204e+01
      Potential    Kinetic En.   Total Energy  Conserved En.    Temperature
   -1.24456e+06    2.02388e+05   -1.04218e+06   -1.04379e+06    3.12075e+02
 Pressure (bar)   Constr. rmsd
   -5.35047e+00    1.15650e-06

           Step           Time
        1350000    27000.00000

   Energies (kJ/mol)
           Bond  Harmonic Pot.          Angle       G96Angle  Restr. Angles
    1.87594e+04    3.87050e+00    1.28903e+04    4.90171e+02    6.89973e+02
    Proper Dih.  Improper Dih.        LJ (SR)   Coulomb (SR) Position Rest.
    4.38370e+02    4.38187e+02   -1.26481e+06   -1.45074e+04    2.39411e+01
      Potential    Kinetic En.   Total Energy  Conserved En.    Temperature
   -1.24558e+06    2.00449e+05   -1.04514e+06   -1.04400e+06    3.09085e+02
 Pressure (bar)   Constr. rmsd
    2.17629e+01    1.09817e-06

           Step           Time
        1375000    27500.00000

   Energies (kJ/mol)
           Bond  Harmonic Pot.          Angle       G96Angle  Restr. Angles
    1.88627e+04    5.58681e+00    1.26944e+04    5.06208e+02    6.79395e+02
    Proper Dih.  Improper Dih.        LJ (SR)   Coulomb (SR) Position Rest.
    4.47015e+02    4.44192e+02   -1.26356e+06   -1.45818e+04    1.79544e+01
      Potential    Kinetic En.   Total Energy  Conserved En.    Temperature
   -1.24448e+06    2.00697e+05   -1.04379e+06   -1.04402e+06    3.09468e+02
 Pressure (bar)   Constr. rmsd
   -9.46802e+00    1.18391e-06

           Step           Time
        1400000    28000.00000

   Energies (kJ/mol)
           Bond  Harmonic Pot.          Angle       G96Angle  Restr. Angles
    1.83351e+04    3.10105e+00    1.29756e+04    4.92348e+02    6.69970e+02
    Proper Dih.  Improper Dih.        LJ (SR)   Coulomb (SR) Position Rest.
    3.97173e+02    4.25931e+02   -1.26241e+06   -1.43421e+04    2.35812e+01
      Potential    Kinetic En.   Total Energy  Conserved En.    Temperature
   -1.24343e+06    2.01290e+05   -1.04214e+06   -1.04424e+06    3.10382e+02
 Pressure (bar)   Constr. rmsd
   -3.56350e+01    1.16010e-06

           Step           Time
        1425000    28500.00000

   Energies (kJ/mol)
           Bond  Harmonic Pot.          Angle       G96Angle  Restr. Angles
    1.85443e+04    3.84520e+00    1.29537e+04    4.85451e+02    7.09377e+02
    Proper Dih.  Improper Dih.        LJ (SR)   Coulomb (SR) Position Rest.
    4.03303e+02    4.42620e+02   -1.26147e+06   -1.44681e+04    1.90544e+01
      Potential    Kinetic En.   Total Energy  Conserved En.    Temperature
   -1.24238e+06    2.02495e+05   -1.03988e+06   -1.04444e+06    3.12240e+02
 Pressure (bar)   Constr. rmsd
    3.42527e+00    1.10054e-06

           Step           Time
        1450000    29000.00000

   Energies (kJ/mol)
           Bond  Harmonic Pot.          Angle       G96Angle  Restr. Angles
    1.86920e+04    4.34657e+00    1.27864e+04    5.38543e+02    6.62868e+02
    Proper Dih.  Improper Dih.        LJ (SR)   Coulomb (SR) Position Rest.
    4.01352e+02    4.05368e+02   -1.26353e+06   -1.47022e+04    1.94934e+01
      Potential    Kinetic En.   Total Energy  Conserved En.    Temperature
   -1.24473e+06    2.01238e+05   -1.04349e+06   -1.04442e+06    3.10302e+02
 Pressure (bar)   Constr. rmsd
    9.82011e+00    1.11890e-06

           Step           Time
        1475000    29500.00000

   Energies (kJ/mol)
           Bond  Harmonic Pot.          Angle       G96Angle  Restr. Angles
    1.83520e+04    5.83439e+00    1.27865e+04    5.10281e+02    6.66365e+02
    Proper Dih.  Improper Dih.        LJ (SR)   Coulomb (SR) Position Rest.
    3.81595e+02    4.78520e+02   -1.26049e+06   -1.42894e+04    1.47161e+01
      Potential    Kinetic En.   Total Energy  Conserved En.    Temperature
   -1.24159e+06    2.00553e+05   -1.04103e+06   -1.04443e+06    3.09245e+02
 Pressure (bar)   Constr. rmsd
   -3.41350e+01    1.13274e-06

           Step           Time
        1500000    30000.00000

   Energies (kJ/mol)
           Bond  Harmonic Pot.          Angle       G96Angle  Restr. Angles
    1.84159e+04    5.47501e+00    1.28736e+04    5.01677e+02    6.51456e+02
    Proper Dih.  Improper Dih.        LJ (SR)   Coulomb (SR) Position Rest.
    3.39896e+02    4.27084e+02   -1.26288e+06   -1.44193e+04    1.82044e+01
      Potential    Kinetic En.   Total Energy  Conserved En.    Temperature
   -1.24407e+06    1.99551e+05   -1.04452e+06   -1.04452e+06    3.07701e+02
 Pressure (bar)   Constr. rmsd
   -2.27468e+01    1.14239e-06

           Step           Time
        1525000    30500.00000

   Energies (kJ/mol)
           Bond  Harmonic Pot.          Angle       G96Angle  Restr. Angles
    1.83299e+04    6.51488e+00    1.23966e+04    5.53803e+02    6.88750e+02
    Proper Dih.  Improper Dih.        LJ (SR)   Coulomb (SR) Position Rest.
    4.26213e+02    4.49278e+02   -1.26614e+06   -1.44670e+04    1.92990e+01
      Potential    Kinetic En.   Total Energy  Conserved En.    Temperature
   -1.24774e+06    2.01084e+05   -1.04666e+06   -1.04460e+06    3.10064e+02
 Pressure (bar)   Constr. rmsd
    1.92061e+01    1.14956e-06

           Step           Time
        1550000    31000.00000

   Energies (kJ/mol)
           Bond  Harmonic Pot.          Angle       G96Angle  Restr. Angles
    1.83698e+04    3.65334e+00    1.25597e+04    4.96279e+02    6.74929e+02
    Proper Dih.  Improper Dih.        LJ (SR)   Coulomb (SR) Position Rest.
    3.81442e+02    4.47191e+02   -1.26204e+06   -1.45983e+04    1.81869e+01
      Potential    Kinetic En.   Total Energy  Conserved En.    Temperature
   -1.24369e+06    2.01973e+05   -1.04172e+06   -1.04445e+06    3.11434e+02
 Pressure (bar)   Constr. rmsd
    1.24891e+01    1.11467e-06

           Step           Time
        1575000    31500.00000

   Energies (kJ/mol)
           Bond  Harmonic Pot.          Angle       G96Angle  Restr. Angles
    1.86980e+04    3.14300e+00    1.27262e+04    5.29258e+02    6.59018e+02
    Proper Dih.  Improper Dih.        LJ (SR)   Coulomb (SR) Position Rest.
    4.46677e+02    3.95309e+02   -1.26249e+06   -1.44554e+04    2.20786e+01
      Potential    Kinetic En.   Total Energy  Conserved En.    Temperature
   -1.24346e+06    2.00364e+05   -1.04310e+06   -1.04444e+06    3.08954e+02
 Pressure (bar)   Constr. rmsd
   -6.09246e+00    1.13313e-06

           Step           Time
        1600000    32000.00000

   Energies (kJ/mol)
           Bond  Harmonic Pot.          Angle       G96Angle  Restr. Angles
    1.85327e+04    3.75975e+00    1.27739e+04    5.37947e+02    6.75958e+02
    Proper Dih.  Improper Dih.        LJ (SR)   Coulomb (SR) Position Rest.
    3.32945e+02    4.63790e+02   -1.26326e+06   -1.45662e+04    1.69159e+01
      Potential    Kinetic En.   Total Energy  Conserved En.    Temperature
   -1.24449e+06    2.03194e+05   -1.04130e+06   -1.04464e+06    3.13317e+02
 Pressure (bar)   Constr. rmsd
    2.22890e+01    1.07533e-06

           Step           Time
        1625000    32500.00000

   Energies (kJ/mol)
           Bond  Harmonic Pot.          Angle       G96Angle  Restr. Angles
    1.89034e+04    3.78446e+00    1.28340e+04    4.69737e+02    6.51826e+02
    Proper Dih.  Improper Dih.        LJ (SR)   Coulomb (SR) Position Rest.
    4.31851e+02    4.05532e+02   -1.26340e+06   -1.45887e+04    1.60632e+01
      Potential    Kinetic En.   Total Energy  Conserved En.    Temperature
   -1.24427e+06    2.01388e+05   -1.04288e+06   -1.04468e+06    3.10533e+02
 Pressure (bar)   Constr. rmsd
    2.91632e+01    1.12558e-06


Step 1645900: Run time exceeded 0.495 hours, will terminate the run within 40 steps
           Step           Time
        1645920    32918.40000

Writing checkpoint, step 1645920 at Sat Mar  8 21:35:30 2025


   Energies (kJ/mol)
           Bond  Harmonic Pot.          Angle       G96Angle  Restr. Angles
    1.81067e+04    2.77259e+00    1.28502e+04    5.29751e+02    6.74024e+02
    Proper Dih.  Improper Dih.        LJ (SR)   Coulomb (SR) Position Rest.
    4.53076e+02    4.44378e+02   -1.26288e+06   -1.46166e+04    2.03785e+01
      Potential    Kinetic En.   Total Energy  Conserved En.    Temperature
   -1.24441e+06    2.01872e+05   -1.04254e+06   -1.04482e+06    3.11280e+02
 Pressure (bar)   Constr. rmsd
    1.28664e+01    1.12084e-06


Energy conservation over simulation part #1 of length 32918.4 ps, time 0 to 32918.4 ps
  Conserved energy drift: -2.22e-06 kJ/mol/ps per atom


	<======  ###############  ==>
	<====  A V E R A G E S  ====>
	<==  ###############  ======>

	Statistics over 1645921 steps using 16460 frames

   Energies (kJ/mol)
           Bond  Harmonic Pot.          Angle       G96Angle  Restr. Angles
    1.84975e+04    5.61245e+00    1.27427e+04    5.28238e+02    6.77217e+02
    Proper Dih.  Improper Dih.        LJ (SR)   Coulomb (SR) Position Rest.
    4.03904e+02    4.51513e+02   -1.26350e+06   -1.45438e+04    1.91557e+01
      Potential    Kinetic En.   Total Energy  Conserved En.    Temperature
   -1.24472e+06    2.01034e+05   -1.04369e+06   -1.04244e+06    3.09987e+02
 Pressure (bar)   Constr. rmsd
    1.13346e+00    0.00000e+00

          Box-X          Box-Y          Box-Z
    1.80908e+01    1.80908e+01    1.82713e+01

   Total Virial (kJ/mol)
    6.69434e+04    1.67890e+00    4.13961e+01
    1.68096e+00    6.69415e+04   -2.80940e+01
    4.13942e+01   -2.81003e+01    6.65449e+04

   Pressure (bar)
    1.14760e+00   -1.35564e-02   -2.20453e-01
   -1.35679e-02    1.17490e+00    1.47988e-01
   -2.20442e-01    1.48023e-01    1.07789e+00

      T-Solvent         T-Rest
    3.09963e+02    3.10050e+02


	M E G A - F L O P S   A C C O U N T I N G

 NB=Group-cutoff nonbonded kernels    NxN=N-by-N cluster Verlet kernels
 RF=Reaction-Field  VdW=Van der Waals  QSTab=quadratic-spline table
 W3=SPC/TIP3p  W4=TIP4p (single or pairs)
 V&F=Potential and force  V=Potential only  F=Force only

 Computing:                               M-Number         M-Flops  % Flops
-----------------------------------------------------------------------------
 Pair Search distance check          216417.241536     1947755.174     0.2
 NxN RF Elec. + LJ [F]             26816606.822848  1019031059.268    97.8
 NxN RF Elec. + LJ [V&F]             270904.339584    14628834.338     1.4
 Shift-X                               4479.178819       26875.073     0.0
 Bonds                                23902.064762     1410221.821     0.1
 Angles                               17654.148646     2965896.973     0.3
 Propers                                368.686304       84429.164     0.0
 Impropers                              722.559319      150292.338     0.0
 Pos. Restr.                            261.701439       13085.072     0.0
 Virial                                4482.882184       80691.879     0.0
 Stop-CM                                895.922847        8959.228     0.0
 Calc-Ekin                             8958.357638      241875.656     0.0
 Lincs                                 2470.530423      148231.825     0.0
 Lincs-Mat                           121495.452168      485981.809     0.0
 Constraint-V                          4941.057844       44469.521     0.0
 Constraint-Vir                         123.527797        2964.667     0.0
 Virtual Site 3out                     3292.255290      286426.210     0.0
 Virtual Site N                         101.964862        1529.473     0.0
-----------------------------------------------------------------------------
 Total                                              1041559579.489   100.0
-----------------------------------------------------------------------------


      R E A L   C Y C L E   A N D   T I M E   A C C O U N T I N G

On 1 MPI rank, each using 6 OpenMP threads

 Activity:              Num   Num      Call    Wall time         Giga-Cycles
                        Ranks Threads  Count      (s)         total sum    %
--------------------------------------------------------------------------------
 Vsite constr.             1    6    1645921     102.655       1416.657   5.8
 Neighbor search           1    6      82297     338.148       4666.479  19.0
 Launch PP GPU ops.        1    6    1645921      47.557        656.295   2.7
 Force                     1    6    1645921     359.885       4966.456  20.2
 Wait GPU NB local         1    6    1645921      38.093        525.694   2.1
 NB X/F buffer ops.        1    6    3209545     258.772       3571.084  14.5
 Vsite spread              1    6    1728218      94.894       1309.553   5.3
 Write traj.               1    6         68       0.368          5.080   0.0
 Update                    1    6    1645921     124.473       1717.746   7.0
 Constraints               1    6    1645923     353.419       4877.220  19.8
 Rest                                             63.789        880.299   3.6
--------------------------------------------------------------------------------
 Total                                          1782.056      24592.562 100.0
--------------------------------------------------------------------------------

NOTE: 19 % of the run time was spent in pair search,
      you might want to increase nstlist (this has no effect on accuracy)

               Core t (s)   Wall t (s)        (%)
       Time:    10692.333     1782.056      600.0
                 (ns/day)    (hour/ns)
Performance:     1595.995        0.015
Finished mdrun on rank 0 Sat Mar  8 21:35:30 2025

