                :-) GROMACS - gmx mdrun, 2024.2-conda_forge (-:

Copyright 1991-2024 The GROMACS Authors.
GROMACS is free software; you can redistribute it and/or modify it
under the terms of the GNU Lesser General Public License
as published by the Free Software Foundation; either version 2.1
of the License, or (at your option) any later version.

                         Current GROMACS contributors:
       Mark Abraham           Andrey Alekseenko           Vladimir Basov      
      Cathrine Bergh            Eliane Briand               Ania Brown        
      Mahesh Doijade            Giacomo Fiorin          Stefan Fleischmann    
      Sergey Gorelov         Gilles Gouaillardet            Alan Gray         
     M. Eric Irrgang         Farzaneh Jalalypour            Joe Jordan        
     Carsten Kutzner           Justin A. Lemkul          Magnus Lundborg      
       Pascal Merz              Vedran Miletic            Dmitry Morozov      
       Julien Nabet              Szilard Pall        Andrea Pasquadibisceglie 
    Michele Pellegrino          Hubert Santuz             Roland Schulz       
     Tatiana Shugaeva          Alexey Shvetsov            Philip Turner       
     Alessandra Villa      Sebastian Wingbermuehle  

                         Previous GROMACS contributors:
        Emile Apol             Rossen Apostolov           James Barnett       
        Paul Bauer          Herman J.C. Berendsen          Par Bjelkmar       
      Christian Blau          Viacheslav Bolnykh            Kevin Boyd        
    Aldert van Buuren          Carlo Camilloni           Rudi van Drunen      
      Anton Feenstra           Oliver Fleetwood            Vytas Gapsys       
       Gaurav Garg             Gerrit Groenhof            Bert de Groot       
      Anca Hamuraru           Vincent Hindriksen          Victor Holanda      
     Aleksei Iupinov          Christoph Junghans        Prashanth Kanduri     
   Dimitrios Karkoulis           Peter Kasson             Sebastian Kehl      
     Sebastian Keller             Jiri Kraus               Per Larsson        
      Viveca Lindahl            Erik Marklund           Pieter Meulenhoff     
      Teemu Murtola              Sander Pronk             Michael Shirts      
      Alfons Sijbers            Balint Soproni         David van der Spoel    
      Peter Tieleman            Carsten Uphoff             Jon Vincent        
     Teemu Virolainen         Christian Wennberg           Maarten Wolf       
      Artem Zhmurov       

                  Coordinated by the GROMACS project leaders:
                           Berk Hess and Erik Lindahl

GROMACS:      gmx mdrun, version 2024.2-conda_forge
Executable:   /miniconda3/bin.AVX2_256/gmx
Data prefix:  /miniconda3
Working dir:  /tmp/workdir
Process ID:   90
Command line:
  gmx mdrun -cpi -ntmpi 1 -ntomp 48 -pin off -maxh 0.5

GROMACS version:     2024.2-conda_forge
Precision:           mixed
Memory model:        64 bit
MPI library:         thread_mpi
OpenMP support:      enabled (GMX_OPENMP_MAX_THREADS = 128)
GPU support:         OpenCL
NBNxM GPU setup:     super-cluster 2x2x2 / cluster 8
SIMD instructions:   AVX2_256
CPU FFT library:     fftw-3.3.10-sse2-avx
GPU FFT library:     clFFT
Multi-GPU FFT:       none
RDTSCP usage:        disabled
TNG support:         enabled
Hwloc support:       disabled
Tracing support:     disabled
C compiler:          /home/conda/feedstock_root/build_artifacts/gromacs_1720551669321/_build_env/bin/x86_64-conda-linux-gnu-cc GNU 12.3.0
C compiler flags:    -fexcess-precision=fast -funroll-all-loops -mavx2 -mfma -Wno-missing-field-initializers -O3 -DNDEBUG
C++ compiler:        /home/conda/feedstock_root/build_artifacts/gromacs_1720551669321/_build_env/bin/x86_64-conda-linux-gnu-c++ GNU 12.3.0
C++ compiler flags:  -fexcess-precision=fast -funroll-all-loops -mavx2 -mfma -Wno-missing-field-initializers -Wno-cast-function-type-strict SHELL:-fopenmp -O3 -DNDEBUG
BLAS library:        Internal
LAPACK library:      Internal
OpenCL include dir:  /miniconda3/include
OpenCL library:      /miniconda3/lib/libOpenCL.so
OpenCL version:      3.0


Running on 1 node with total 48 cores, 48 processing units (GPU detection failed)
Hardware detected on host createsim-c7a-12xlarge-structure-062152093-dfvm2:
  CPU info:
    Vendor: AMD
    Brand:  AMD EPYC 9R14
    Family: 25   Model: 17   Stepping: 1
    Features: aes amd apic avx avx2 avx512f avx512cd avx512bw avx512vl avx512bf16 avx512secondFMA clfsh cmov cx8 cx16 f16c fma htt lahf misalignsse mmx msr nonstop_tsc pcid pclmuldq pdpe1gb popcnt pse rdrnd rdtscp sha sse2 sse3 sse4a sse4.1 sse4.2 ssse3 x2apic
  Hardware topology: Basic
    Packages, cores, and logical processors:
    [indices refer to OS logical processors]
      Package  0: [   0] [   1] [   2] [   3] [   4] [   5] [   6] [   7] [   8] [   9] [  10] [  11] [  12] [  13] [  14] [  15] [  16] [  17] [  18] [  19] [  20] [  21] [  22] [  23] [  24] [  25] [  26] [  27] [  28] [  29] [  30] [  31] [  32] [  33] [  34] [  35] [  36] [  37] [  38] [  39] [  40] [  41] [  42] [  43] [  44] [  45] [  46] [  47]
    CPU limit set by OS: 46   Recommended max number of threads: 46

Likely fastest SIMD instructions supported by all nodes: AVX_512
SIMD instructions selected at compile time:              AVX2_256
On non-Intel hardware supporting AVX-512, you might gain a few percent
performance by recompiling to use it, at least for CPU-only runs.

The current CPU can measure timings more accurately than the code in
gmx mdrun was configured to use. This might affect your simulation
speed as accurate timings are needed for load-balancing.
Please consider rebuilding gmx mdrun with the GMX_USE_RDTSCP=ON CMake option.

++++ PLEASE READ AND CITE THE FOLLOWING REFERENCE ++++
M. J. Abraham, T. Murtola, R. Schulz, S. Páll, J. C. Smith, B. Hess, E.
Lindahl
GROMACS: High performance molecular simulations through multi-level
parallelism from laptops to supercomputers
SoftwareX 1 (2015) pp. 19-25
-------- -------- --- Thank You --- -------- --------


++++ PLEASE READ AND CITE THE FOLLOWING REFERENCE ++++
S. Páll, M. J. Abraham, C. Kutzner, B. Hess, E. Lindahl
Tackling Exascale Software Challenges in Molecular Dynamics Simulations with
GROMACS
In S. Markidis & E. Laure (Eds.), Solving Software Challenges for Exascale 8759 (2015) pp. 3-27
-------- -------- --- Thank You --- -------- --------


++++ PLEASE READ AND CITE THE FOLLOWING REFERENCE ++++
S. Pronk, S. Páll, R. Schulz, P. Larsson, P. Bjelkmar, R. Apostolov, M. R.
Shirts, J. C. Smith, P. M. Kasson, D. van der Spoel, B. Hess, and E. Lindahl
GROMACS 4.5: a high-throughput and highly parallel open source molecular
simulation toolkit
Bioinformatics 29 (2013) pp. 845-54
-------- -------- --- Thank You --- -------- --------


++++ PLEASE READ AND CITE THE FOLLOWING REFERENCE ++++
B. Hess and C. Kutzner and D. van der Spoel and E. Lindahl
GROMACS 4: Algorithms for highly efficient, load-balanced, and scalable
molecular simulation
J. Chem. Theory Comput. 4 (2008) pp. 435-447
-------- -------- --- Thank You --- -------- --------


++++ PLEASE READ AND CITE THE FOLLOWING REFERENCE ++++
D. van der Spoel, E. Lindahl, B. Hess, G. Groenhof, A. E. Mark and H. J. C.
Berendsen
GROMACS: Fast, Flexible and Free
J. Comp. Chem. 26 (2005) pp. 1701-1719
-------- -------- --- Thank You --- -------- --------


++++ PLEASE READ AND CITE THE FOLLOWING REFERENCE ++++
E. Lindahl and B. Hess and D. van der Spoel
GROMACS 3.0: A package for molecular simulation and trajectory analysis
J. Mol. Mod. 7 (2001) pp. 306-317
-------- -------- --- Thank You --- -------- --------


++++ PLEASE READ AND CITE THE FOLLOWING REFERENCE ++++
H. J. C. Berendsen, D. van der Spoel and R. van Drunen
GROMACS: A message-passing parallel molecular dynamics implementation
Comp. Phys. Comm. 91 (1995) pp. 43-56
-------- -------- --- Thank You --- -------- --------


The number of OpenMP threads was set by environment variable OMP_NUM_THREADS to 48 (and the command-line setting agreed with that)

Input Parameters:
   integrator                     = md
   tinit                          = 0
   dt                             = 0.02
   nsteps                         = -1
   init-step                      = 0
   simulation-part                = 1
   mts                            = false
   mass-repartition-factor        = 1
   comm-mode                      = Linear
   nstcomm                        = 100
   bd-fric                        = 0
   ld-seed                        = -1908412563
   emtol                          = 10
   emstep                         = 0.01
   niter                          = 20
   fcstep                         = 0
   nstcgsteep                     = 1000
   nbfgscorr                      = 10
   rtpi                           = 0.05
   nstxout                        = 0
   nstvout                        = 0
   nstfout                        = 0
   nstlog                         = 25000
   nstcalcenergy                  = 100
   nstenergy                      = 25000
   nstxout-compressed             = 25000
   compressed-x-precision         = 100
   cutoff-scheme                  = Verlet
   nstlist                        = 20
   pbc                            = xyz
   periodic-molecules             = false
   verlet-buffer-tolerance        = -1
   verlet-buffer-pressure-tolerance = -1
   rlist                          = 1.35
   coulombtype                    = Reaction-Field
   coulomb-modifier               = Potential-shift
   rcoulomb-switch                = 0
   rcoulomb                       = 1.1
   epsilon-r                      = 15
   epsilon-rf                     = inf
   vdw-type                       = Cut-off
   vdw-modifier                   = Potential-shift
   rvdw-switch                    = 0
   rvdw                           = 1.1
   DispCorr                       = No
   table-extension                = 1
   fourierspacing                 = 0.12
   fourier-nx                     = 0
   fourier-ny                     = 0
   fourier-nz                     = 0
   pme-order                      = 4
   ewald-rtol                     = 1e-05
   ewald-rtol-lj                  = 0.001
   lj-pme-comb-rule               = Geometric
   ewald-geometry                 = 3d
   epsilon-surface                = 0
   ensemble-temperature-setting   = constant
   ensemble-temperature           = 310
   tcoupl                         = V-rescale
   nsttcouple                     = 20
   nh-chain-length                = 0
   print-nose-hoover-chain-variables = false
   pcoupl                         = Parrinello-Rahman
   pcoupltype                     = Semiisotropic
   nstpcouple                     = 20
   tau-p                          = 12
   compressibility (3x3):
      compressibility[    0]={ 3.00000e-04,  0.00000e+00,  0.00000e+00}
      compressibility[    1]={ 0.00000e+00,  3.00000e-04,  0.00000e+00}
      compressibility[    2]={ 0.00000e+00,  0.00000e+00,  3.00000e-04}
   ref-p (3x3):
      ref-p[    0]={ 1.00000e+00,  0.00000e+00,  0.00000e+00}
      ref-p[    1]={ 0.00000e+00,  1.00000e+00,  0.00000e+00}
      ref-p[    2]={ 0.00000e+00,  0.00000e+00,  1.00000e+00}
   refcoord-scaling               = COM
   posres-com (3):
      posres-com[0]= 8.67720e-01
      posres-com[1]= 5.51531e-01
      posres-com[2]= 8.42114e-01
   posres-comB (3):
      posres-comB[0]= 8.67720e-01
      posres-comB[1]= 5.51531e-01
      posres-comB[2]= 8.42114e-01
   QMMM                           = false
qm-opts:
   ngQM                           = 0
   constraint-algorithm           = Lincs
   continuation                   = false
   Shake-SOR                      = false
   shake-tol                      = 0.0001
   lincs-order                    = 12
   lincs-iter                     = 2
   lincs-warnangle                = 90
   nwall                          = 0
   wall-type                      = 9-3
   wall-r-linpot                  = -1
   wall-atomtype[0]               = -1
   wall-atomtype[1]               = -1
   wall-density[0]                = 0
   wall-density[1]                = 0
   wall-ewald-zfac                = 3
   pull                           = false
   awh                            = false
   rotation                       = false
   interactiveMD                  = false
   disre                          = No
   disre-weighting                = Conservative
   disre-mixed                    = false
   dr-fc                          = 1000
   dr-tau                         = 0
   nstdisreout                    = 100
   orire-fc                       = 0
   orire-tau                      = 0
   nstorireout                    = 100
   free-energy                    = no
   cos-acceleration               = 0
   deform (3x3):
      deform[    0]={ 0.00000e+00,  0.00000e+00,  0.00000e+00}
      deform[    1]={ 0.00000e+00,  0.00000e+00,  0.00000e+00}
      deform[    2]={ 0.00000e+00,  0.00000e+00,  0.00000e+00}
   simulated-tempering            = false
   swapcoords                     = no
   userint1                       = 0
   userint2                       = 0
   userint3                       = 0
   userint4                       = 0
   userreal1                      = 0
   userreal2                      = 0
   userreal3                      = 0
   userreal4                      = 0
   applied-forces:
     electric-field:
       x:
         E0                       = 0
         omega                    = 0
         t0                       = 0
         sigma                    = 0
       y:
         E0                       = 0
         omega                    = 0
         t0                       = 0
         sigma                    = 0
       z:
         E0                       = 0
         omega                    = 0
         t0                       = 0
         sigma                    = 0
     density-guided-simulation:
       active                     = false
       group                      = protein
       similarity-measure         = inner-product
       atom-spreading-weight      = unity
       force-constant             = 1e+09
       gaussian-transform-spreading-width = 0.2
       gaussian-transform-spreading-range-in-multiples-of-width = 4
       reference-density-filename = reference.mrc
       nst                        = 1
       normalize-densities        = true
       adaptive-force-scaling     = false
       adaptive-force-scaling-time-constant = 4
       shift-vector               = 
       transformation-matrix      = 
     qmmm-cp2k:
       active                     = false
       qmgroup                    = System
       qmmethod                   = PBE
       qmfilenames                = 
       qmcharge                   = 0
       qmmultiplicity             = 1
     colvars:
       active                     = false
       configfile                 = 
       seed                       = -1
grpopts:
   nrdf:      115338       41798
   ref-t:         310         310
   tau-t:           1           1
annealing:          No          No
annealing-npoints:           0           0
   acc:	           0           0           0
   nfreeze:           N           N           N
   energygrp-flags[  0]: 0

Can not increase nstlist because verlet-buffer-tolerance is not set or used
Update groups can not be used for this system because an incompatible virtual site type is used

Using 1 MPI thread
Using 48 OpenMP threads 


WARNING: Oversubscribing the recommended max load of 46 logical CPUs with 48 threads.
         This will cause considerable performance loss.
System total charge: 0.000
Reaction-Field:
epsRF = 0, rc = 1.1, krf = 0.375657, crf = 1.36364, epsfac = 9.26236
The electrostatics potential has its minimum at r = 1.1
Potential shift: LJ r^-12: -3.186e-01 r^-6: -5.645e-01


Using SIMD4xM 4x8 nonbonded short-range kernels

Using a 4x8 pair-list setup:
  updated every 20 steps, buffer 0.250 nm, rlist 1.350 nm

The average pressure is off by at most nan bar due to missing LJ interactions

Using full Lennard-Jones parameter combination matrix
Removing pbc first time

Initializing LINear Constraint Solver

++++ PLEASE READ AND CITE THE FOLLOWING REFERENCE ++++
B. Hess
P-LINCS: A Parallel Linear Constraint Solver for molecular simulation
J. Chem. Theory Comput. 4 (2008) pp. 116-122
-------- -------- --- Thank You --- -------- --------

The number of constraints is 1501
1322 constraints are involved in constraint triangles,
will apply an additional matrix expansion of order 12 for couplings
between constraints inside triangles

++++ PLEASE READ AND CITE THE FOLLOWING REFERENCE ++++
G. Bussi, D. Donadio and M. Parrinello
Canonical sampling through velocity rescaling
J. Chem. Phys. 126 (2007) pp. 014101
-------- -------- --- Thank You --- -------- --------

There are: 52881 Atoms
There are: 1929 VSites

Constraining the starting coordinates (step 0)

Constraining the coordinates at t0-dt (step 0)
Center of mass motion removal mode is Linear
We have the following groups for center of mass motion removal:
  0:  Rest
  1:  Solvent
RMS relative constraint deviation after constraining: 1.14e-06
Initial temperature: 310.052 K

Started mdrun on rank 0 Mon Mar 24 02:40:19 2025

           Step           Time
              0        0.00000

   Energies (kJ/mol)
           Bond  Harmonic Pot.          Angle       G96Angle  Restr. Angles
    1.84825e+04    2.91664e+00    1.27990e+04    5.08377e+02    5.87778e+02
    Proper Dih.  Improper Dih.        LJ (SR)   Coulomb (SR) Position Rest.
    5.09469e+02    4.34118e+02   -1.27321e+06   -1.43290e+04    0.00000e+00
      Potential    Kinetic En.   Total Energy  Conserved En.    Temperature
   -1.25422e+06    2.02423e+05   -1.05180e+06   -1.05143e+06    3.09870e+02
 Pressure (bar)   Constr. rmsd
   -4.82705e+00    1.09403e-06

           Step           Time
          25000      500.00000

   Energies (kJ/mol)
           Bond  Harmonic Pot.          Angle       G96Angle  Restr. Angles
    1.81875e+04    6.93702e+00    1.31176e+04    5.51668e+02    6.67343e+02
    Proper Dih.  Improper Dih.        LJ (SR)   Coulomb (SR) Position Rest.
    3.94115e+02    4.12220e+02   -1.27349e+06   -1.42549e+04    1.49951e+01
      Potential    Kinetic En.   Total Energy  Conserved En.    Temperature
   -1.25440e+06    2.02179e+05   -1.05222e+06   -1.05141e+06    3.09497e+02
 Pressure (bar)   Constr. rmsd
    4.09424e+01    1.16400e-06

           Step           Time
          50000     1000.00000

   Energies (kJ/mol)
           Bond  Harmonic Pot.          Angle       G96Angle  Restr. Angles
    1.87235e+04    3.73484e+00    1.28734e+04    5.34399e+02    7.04719e+02
    Proper Dih.  Improper Dih.        LJ (SR)   Coulomb (SR) Position Rest.
    4.46982e+02    4.49080e+02   -1.27342e+06   -1.42541e+04    1.56600e+01
      Potential    Kinetic En.   Total Energy  Conserved En.    Temperature
   -1.25393e+06    2.02462e+05   -1.05146e+06   -1.05142e+06    3.09930e+02
 Pressure (bar)   Constr. rmsd
   -7.19394e+00    1.08031e-06

           Step           Time
          75000     1500.00000

   Energies (kJ/mol)
           Bond  Harmonic Pot.          Angle       G96Angle  Restr. Angles
    1.86658e+04    4.34943e+00    1.28136e+04    5.14131e+02    6.77952e+02
    Proper Dih.  Improper Dih.        LJ (SR)   Coulomb (SR) Position Rest.
    3.84526e+02    5.06295e+02   -1.27514e+06   -1.44656e+04    1.43437e+01
      Potential    Kinetic En.   Total Energy  Conserved En.    Temperature
   -1.25602e+06    2.02633e+05   -1.05339e+06   -1.05163e+06    3.10192e+02
 Pressure (bar)   Constr. rmsd
    3.06049e+01    1.10535e-06

           Step           Time
         100000     2000.00000

   Energies (kJ/mol)
           Bond  Harmonic Pot.          Angle       G96Angle  Restr. Angles
    1.80827e+04    4.79172e+00    1.27847e+04    5.82635e+02    6.62913e+02
    Proper Dih.  Improper Dih.        LJ (SR)   Coulomb (SR) Position Rest.
    4.28314e+02    4.93973e+02   -1.27267e+06   -1.42247e+04    1.54490e+01
      Potential    Kinetic En.   Total Energy  Conserved En.    Temperature
   -1.25384e+06    2.02304e+05   -1.05154e+06   -1.05184e+06    3.09689e+02
 Pressure (bar)   Constr. rmsd
   -1.09069e+01    1.16007e-06

           Step           Time
         125000     2500.00000

   Energies (kJ/mol)
           Bond  Harmonic Pot.          Angle       G96Angle  Restr. Angles
    1.84305e+04    8.15449e+00    1.26974e+04    5.45348e+02    6.54972e+02
    Proper Dih.  Improper Dih.        LJ (SR)   Coulomb (SR) Position Rest.
    4.58910e+02    4.38576e+02   -1.27175e+06   -1.43474e+04    1.87007e+01
      Potential    Kinetic En.   Total Energy  Conserved En.    Temperature
   -1.25284e+06    2.01984e+05   -1.05086e+06   -1.05197e+06    3.09198e+02
 Pressure (bar)   Constr. rmsd
    1.22595e+01    1.17355e-06

           Step           Time
         150000     3000.00000

   Energies (kJ/mol)
           Bond  Harmonic Pot.          Angle       G96Angle  Restr. Angles
    1.83136e+04    4.02394e+00    1.27142e+04    6.12123e+02    6.89641e+02
    Proper Dih.  Improper Dih.        LJ (SR)   Coulomb (SR) Position Rest.
    3.81279e+02    5.32859e+02   -1.27185e+06   -1.43624e+04    2.35679e+01
      Potential    Kinetic En.   Total Energy  Conserved En.    Temperature
   -1.25294e+06    2.02376e+05   -1.05057e+06   -1.05198e+06    3.09798e+02
 Pressure (bar)   Constr. rmsd
   -3.10411e+00    1.15451e-06

           Step           Time
         175000     3500.00000

   Energies (kJ/mol)
           Bond  Harmonic Pot.          Angle       G96Angle  Restr. Angles
    1.87444e+04    9.74383e+00    1.25222e+04    5.70788e+02    6.58139e+02
    Proper Dih.  Improper Dih.        LJ (SR)   Coulomb (SR) Position Rest.
    3.90684e+02    4.16283e+02   -1.27476e+06   -1.45470e+04    2.02253e+01
      Potential    Kinetic En.   Total Energy  Conserved En.    Temperature
   -1.25597e+06    2.03034e+05   -1.05294e+06   -1.05221e+06    3.10806e+02
 Pressure (bar)   Constr. rmsd
   -3.86477e+00    1.14077e-06

           Step           Time
         200000     4000.00000

   Energies (kJ/mol)
           Bond  Harmonic Pot.          Angle       G96Angle  Restr. Angles
    1.87467e+04    8.07444e+00    1.28269e+04    5.50251e+02    6.79325e+02
    Proper Dih.  Improper Dih.        LJ (SR)   Coulomb (SR) Position Rest.
    3.62992e+02    4.10430e+02   -1.27225e+06   -1.43655e+04    2.36481e+01
      Potential    Kinetic En.   Total Energy  Conserved En.    Temperature
   -1.25301e+06    2.02535e+05   -1.05047e+06   -1.05231e+06    3.10041e+02
 Pressure (bar)   Constr. rmsd
   -1.71302e+01    1.09769e-06

           Step           Time
         225000     4500.00000

   Energies (kJ/mol)
           Bond  Harmonic Pot.          Angle       G96Angle  Restr. Angles
    1.84375e+04    5.38427e+00    1.28573e+04    6.01744e+02    6.79152e+02
    Proper Dih.  Improper Dih.        LJ (SR)   Coulomb (SR) Position Rest.
    4.29371e+02    4.64063e+02   -1.27444e+06   -1.41778e+04    2.34353e+01
      Potential    Kinetic En.   Total Energy  Conserved En.    Temperature
   -1.25512e+06    2.03714e+05   -1.05140e+06   -1.05234e+06    3.11847e+02
 Pressure (bar)   Constr. rmsd
    1.54870e+01    1.15604e-06

           Step           Time
         250000     5000.00000

   Energies (kJ/mol)
           Bond  Harmonic Pot.          Angle       G96Angle  Restr. Angles
    1.87398e+04    5.71311e+00    1.25288e+04    5.07386e+02    6.49647e+02
    Proper Dih.  Improper Dih.        LJ (SR)   Coulomb (SR) Position Rest.
    4.39854e+02    4.16169e+02   -1.27371e+06   -1.42613e+04    2.84792e+01
      Potential    Kinetic En.   Total Energy  Conserved En.    Temperature
   -1.25465e+06    2.02936e+05   -1.05172e+06   -1.05264e+06    3.10655e+02
 Pressure (bar)   Constr. rmsd
   -1.66245e+01    1.20012e-06

           Step           Time
         275000     5500.00000

   Energies (kJ/mol)
           Bond  Harmonic Pot.          Angle       G96Angle  Restr. Angles
    1.86031e+04    7.32878e+00    1.31706e+04    5.48638e+02    6.40123e+02
    Proper Dih.  Improper Dih.        LJ (SR)   Coulomb (SR) Position Rest.
    4.33559e+02    4.15688e+02   -1.27411e+06   -1.41164e+04    2.45803e+01
      Potential    Kinetic En.   Total Energy  Conserved En.    Temperature
   -1.25438e+06    2.00321e+05   -1.05406e+06   -1.05282e+06    3.06652e+02
 Pressure (bar)   Constr. rmsd
   -1.42560e+01    1.17413e-06

           Step           Time
         300000     6000.00000

   Energies (kJ/mol)
           Bond  Harmonic Pot.          Angle       G96Angle  Restr. Angles
    1.84580e+04    4.75690e+00    1.31019e+04    5.00852e+02    6.61085e+02
    Proper Dih.  Improper Dih.        LJ (SR)   Coulomb (SR) Position Rest.
    4.55259e+02    4.34446e+02   -1.27284e+06   -1.41546e+04    2.75426e+01
      Potential    Kinetic En.   Total Energy  Conserved En.    Temperature
   -1.25335e+06    2.02431e+05   -1.05092e+06   -1.05305e+06    3.09882e+02
 Pressure (bar)   Constr. rmsd
   -1.74101e+01    1.20019e-06

           Step           Time
         325000     6500.00000

   Energies (kJ/mol)
           Bond  Harmonic Pot.          Angle       G96Angle  Restr. Angles
    1.86684e+04    6.99069e+00    1.30847e+04    5.35610e+02    7.22165e+02
    Proper Dih.  Improper Dih.        LJ (SR)   Coulomb (SR) Position Rest.
    3.90114e+02    4.11149e+02   -1.27300e+06   -1.43833e+04    1.84310e+01
      Potential    Kinetic En.   Total Energy  Conserved En.    Temperature
   -1.25354e+06    2.03516e+05   -1.05003e+06   -1.05295e+06    3.11543e+02
 Pressure (bar)   Constr. rmsd
    2.42863e+01    1.12928e-06

           Step           Time
         350000     7000.00000

   Energies (kJ/mol)
           Bond  Harmonic Pot.          Angle       G96Angle  Restr. Angles
    1.84569e+04    6.17975e+00    1.31473e+04    5.71839e+02    6.57243e+02
    Proper Dih.  Improper Dih.        LJ (SR)   Coulomb (SR) Position Rest.
    4.16758e+02    4.01280e+02   -1.27349e+06   -1.41704e+04    2.53855e+01
      Potential    Kinetic En.   Total Energy  Conserved En.    Temperature
   -1.25398e+06    2.01487e+05   -1.05249e+06   -1.05320e+06    3.08438e+02
 Pressure (bar)   Constr. rmsd
    1.33534e+01    1.14336e-06

           Step           Time
         375000     7500.00000

   Energies (kJ/mol)
           Bond  Harmonic Pot.          Angle       G96Angle  Restr. Angles
    1.81117e+04    6.30357e+00    1.27126e+04    5.73125e+02    6.81814e+02
    Proper Dih.  Improper Dih.        LJ (SR)   Coulomb (SR) Position Rest.
    4.18450e+02    4.30122e+02   -1.27259e+06   -1.42393e+04    2.15511e+01
      Potential    Kinetic En.   Total Energy  Conserved En.    Temperature
   -1.25388e+06    2.02038e+05   -1.05184e+06   -1.05334e+06    3.09281e+02
 Pressure (bar)   Constr. rmsd
   -2.44438e+01    1.13848e-06

           Step           Time
         400000     8000.00000

   Energies (kJ/mol)
           Bond  Harmonic Pot.          Angle       G96Angle  Restr. Angles
    1.81721e+04    6.38079e+00    1.28661e+04    5.41044e+02    6.64517e+02
    Proper Dih.  Improper Dih.        LJ (SR)   Coulomb (SR) Position Rest.
    4.06985e+02    4.36464e+02   -1.27425e+06   -1.45678e+04    2.73825e+01
      Potential    Kinetic En.   Total Energy  Conserved En.    Temperature
   -1.25569e+06    2.03663e+05   -1.05203e+06   -1.05339e+06    3.11768e+02
 Pressure (bar)   Constr. rmsd
    3.54129e+01    1.17705e-06

           Step           Time
         425000     8500.00000

   Energies (kJ/mol)
           Bond  Harmonic Pot.          Angle       G96Angle  Restr. Angles
    1.85579e+04    4.08884e+00    1.27667e+04    5.36685e+02    6.77558e+02
    Proper Dih.  Improper Dih.        LJ (SR)   Coulomb (SR) Position Rest.
    3.86539e+02    4.44058e+02   -1.27116e+06   -1.44185e+04    1.89128e+01
      Potential    Kinetic En.   Total Energy  Conserved En.    Temperature
   -1.25219e+06    2.02844e+05   -1.04935e+06   -1.05337e+06    3.10514e+02
 Pressure (bar)   Constr. rmsd
    1.58353e+01    1.14504e-06

           Step           Time
         450000     9000.00000

   Energies (kJ/mol)
           Bond  Harmonic Pot.          Angle       G96Angle  Restr. Angles
    1.84659e+04    9.43126e+00    1.26314e+04    5.66047e+02    7.19626e+02
    Proper Dih.  Improper Dih.        LJ (SR)   Coulomb (SR) Position Rest.
    3.84461e+02    4.55827e+02   -1.27325e+06   -1.42635e+04    1.74419e+01
      Potential    Kinetic En.   Total Energy  Conserved En.    Temperature
   -1.25426e+06    2.02634e+05   -1.05163e+06   -1.05329e+06    3.10193e+02
 Pressure (bar)   Constr. rmsd
    9.53428e+00    1.17483e-06

           Step           Time
         475000     9500.00000

   Energies (kJ/mol)
           Bond  Harmonic Pot.          Angle       G96Angle  Restr. Angles
    1.88744e+04    3.75809e+00    1.29639e+04    5.75106e+02    6.52446e+02
    Proper Dih.  Improper Dih.        LJ (SR)   Coulomb (SR) Position Rest.
    3.60750e+02    4.52127e+02   -1.27137e+06   -1.44689e+04    2.55564e+01
      Potential    Kinetic En.   Total Energy  Conserved En.    Temperature
   -1.25194e+06    2.03562e+05   -1.04837e+06   -1.05352e+06    3.11615e+02
 Pressure (bar)   Constr. rmsd
    5.84324e+01    1.12117e-06

           Step           Time
         500000    10000.00000

   Energies (kJ/mol)
           Bond  Harmonic Pot.          Angle       G96Angle  Restr. Angles
    1.78662e+04    4.93559e+00    1.27373e+04    5.50650e+02    6.58206e+02
    Proper Dih.  Improper Dih.        LJ (SR)   Coulomb (SR) Position Rest.
    3.49276e+02    4.19920e+02   -1.27233e+06   -1.43589e+04    2.62183e+01
      Potential    Kinetic En.   Total Energy  Conserved En.    Temperature
   -1.25408e+06    2.01370e+05   -1.05271e+06   -1.05349e+06    3.08259e+02
 Pressure (bar)   Constr. rmsd
   -8.60196e+00    1.13409e-06

           Step           Time
         525000    10500.00000

   Energies (kJ/mol)
           Bond  Harmonic Pot.          Angle       G96Angle  Restr. Angles
    1.85943e+04    7.39833e+00    1.29278e+04    5.20308e+02    6.88859e+02
    Proper Dih.  Improper Dih.        LJ (SR)   Coulomb (SR) Position Rest.
    4.09983e+02    5.07141e+02   -1.27361e+06   -1.43337e+04    2.05901e+01
      Potential    Kinetic En.   Total Energy  Conserved En.    Temperature
   -1.25426e+06    2.01989e+05   -1.05228e+06   -1.05359e+06    3.09206e+02
 Pressure (bar)   Constr. rmsd
   -2.05332e+00    1.15167e-06

           Step           Time
         550000    11000.00000

   Energies (kJ/mol)
           Bond  Harmonic Pot.          Angle       G96Angle  Restr. Angles
    1.88792e+04    1.31378e+01    1.26096e+04    5.71900e+02    6.68955e+02
    Proper Dih.  Improper Dih.        LJ (SR)   Coulomb (SR) Position Rest.
    4.15258e+02    4.24882e+02   -1.27233e+06   -1.43928e+04    1.80926e+01
      Potential    Kinetic En.   Total Energy  Conserved En.    Temperature
   -1.25312e+06    2.02035e+05   -1.05108e+06   -1.05366e+06    3.09276e+02
 Pressure (bar)   Constr. rmsd
    2.34132e+01    1.11930e-06

           Step           Time
         575000    11500.00000

   Energies (kJ/mol)
           Bond  Harmonic Pot.          Angle       G96Angle  Restr. Angles
    1.83990e+04    1.01447e+01    1.26381e+04    5.07441e+02    6.90949e+02
    Proper Dih.  Improper Dih.        LJ (SR)   Coulomb (SR) Position Rest.
    4.09646e+02    4.60736e+02   -1.27209e+06   -1.44131e+04    2.05425e+01
      Potential    Kinetic En.   Total Energy  Conserved En.    Temperature
   -1.25336e+06    2.02167e+05   -1.05120e+06   -1.05376e+06    3.09479e+02
 Pressure (bar)   Constr. rmsd
    1.10297e+01    1.06389e-06

           Step           Time
         600000    12000.00000

   Energies (kJ/mol)
           Bond  Harmonic Pot.          Angle       G96Angle  Restr. Angles
    1.85450e+04    5.38606e+00    1.29879e+04    5.08454e+02    6.93566e+02
    Proper Dih.  Improper Dih.        LJ (SR)   Coulomb (SR) Position Rest.
    3.45903e+02    4.03755e+02   -1.27102e+06   -1.42574e+04    2.63415e+01
      Potential    Kinetic En.   Total Energy  Conserved En.    Temperature
   -1.25176e+06    2.02514e+05   -1.04925e+06   -1.05395e+06    3.10009e+02
 Pressure (bar)   Constr. rmsd
   -2.32265e+01    1.11473e-06

           Step           Time
         625000    12500.00000

   Energies (kJ/mol)
           Bond  Harmonic Pot.          Angle       G96Angle  Restr. Angles
    1.85489e+04    4.89710e+00    1.31242e+04    5.29164e+02    6.67954e+02
    Proper Dih.  Improper Dih.        LJ (SR)   Coulomb (SR) Position Rest.
    3.30781e+02    4.38629e+02   -1.27222e+06   -1.42760e+04    2.33626e+01
      Potential    Kinetic En.   Total Energy  Conserved En.    Temperature
   -1.25283e+06    2.01588e+05   -1.05124e+06   -1.05394e+06    3.08593e+02
 Pressure (bar)   Constr. rmsd
   -1.85023e+00    1.12636e-06

           Step           Time
         650000    13000.00000

   Energies (kJ/mol)
           Bond  Harmonic Pot.          Angle       G96Angle  Restr. Angles
    1.86706e+04    4.96443e+00    1.26696e+04    5.36232e+02    6.80334e+02
    Proper Dih.  Improper Dih.        LJ (SR)   Coulomb (SR) Position Rest.
    3.81290e+02    3.87806e+02   -1.27169e+06   -1.44565e+04    1.93601e+01
      Potential    Kinetic En.   Total Energy  Conserved En.    Temperature
   -1.25280e+06    2.02804e+05   -1.04999e+06   -1.05396e+06    3.10453e+02
 Pressure (bar)   Constr. rmsd
   -3.06132e+01    1.08843e-06

           Step           Time
         675000    13500.00000

   Energies (kJ/mol)
           Bond  Harmonic Pot.          Angle       G96Angle  Restr. Angles
    1.80784e+04    7.55087e+00    1.27107e+04    5.03558e+02    6.17592e+02
    Proper Dih.  Improper Dih.        LJ (SR)   Coulomb (SR) Position Rest.
    3.85552e+02    3.92976e+02   -1.27224e+06   -1.43339e+04    1.90890e+01
      Potential    Kinetic En.   Total Energy  Conserved En.    Temperature
   -1.25386e+06    1.99816e+05   -1.05404e+06   -1.05389e+06    3.05880e+02
 Pressure (bar)   Constr. rmsd
   -7.61304e+00    1.08493e-06

           Step           Time
         700000    14000.00000

   Energies (kJ/mol)
           Bond  Harmonic Pot.          Angle       G96Angle  Restr. Angles
    1.83833e+04    6.01809e+00    1.27759e+04    5.69531e+02    6.50385e+02
    Proper Dih.  Improper Dih.        LJ (SR)   Coulomb (SR) Position Rest.
    3.98867e+02    4.27954e+02   -1.27367e+06   -1.42058e+04    1.76209e+01
      Potential    Kinetic En.   Total Energy  Conserved En.    Temperature
   -1.25465e+06    2.02597e+05   -1.05205e+06   -1.05403e+06    3.10136e+02
 Pressure (bar)   Constr. rmsd
    7.46948e+00    1.10217e-06

           Step           Time
         725000    14500.00000

   Energies (kJ/mol)
           Bond  Harmonic Pot.          Angle       G96Angle  Restr. Angles
    1.81501e+04    5.87912e+00    1.28978e+04    5.28437e+02    6.59540e+02
    Proper Dih.  Improper Dih.        LJ (SR)   Coulomb (SR) Position Rest.
    4.47238e+02    4.22813e+02   -1.27284e+06   -1.44509e+04    1.90178e+01
      Potential    Kinetic En.   Total Energy  Conserved En.    Temperature
   -1.25416e+06    2.03819e+05   -1.05034e+06   -1.05389e+06    3.12008e+02
 Pressure (bar)   Constr. rmsd
    3.97679e+01    1.10350e-06

           Step           Time
         750000    15000.00000

   Energies (kJ/mol)
           Bond  Harmonic Pot.          Angle       G96Angle  Restr. Angles
    1.88217e+04    9.00861e+00    1.25471e+04    5.16556e+02    6.67470e+02
    Proper Dih.  Improper Dih.        LJ (SR)   Coulomb (SR) Position Rest.
    4.23582e+02    4.80764e+02   -1.27312e+06   -1.41031e+04    1.61037e+01
      Potential    Kinetic En.   Total Energy  Conserved En.    Temperature
   -1.25374e+06    2.01913e+05   -1.05183e+06   -1.05396e+06    3.09090e+02
 Pressure (bar)   Constr. rmsd
   -4.69969e+00    1.10048e-06

           Step           Time
         775000    15500.00000

   Energies (kJ/mol)
           Bond  Harmonic Pot.          Angle       G96Angle  Restr. Angles
    1.82779e+04    1.13440e+01    1.31835e+04    5.31760e+02    6.88989e+02
    Proper Dih.  Improper Dih.        LJ (SR)   Coulomb (SR) Position Rest.
    3.79721e+02    4.41748e+02   -1.27304e+06   -1.40258e+04    2.30634e+01
      Potential    Kinetic En.   Total Energy  Conserved En.    Temperature
   -1.25353e+06    2.03087e+05   -1.05045e+06   -1.05401e+06    3.10886e+02
 Pressure (bar)   Constr. rmsd
   -7.05066e+00    1.09941e-06

           Step           Time
         800000    16000.00000

   Energies (kJ/mol)
           Bond  Harmonic Pot.          Angle       G96Angle  Restr. Angles
    1.86524e+04    6.13996e+00    1.29005e+04    4.93865e+02    6.27886e+02
    Proper Dih.  Improper Dih.        LJ (SR)   Coulomb (SR) Position Rest.
    4.22171e+02    4.67785e+02   -1.27403e+06   -1.44149e+04    1.69755e+01
      Potential    Kinetic En.   Total Energy  Conserved En.    Temperature
   -1.25486e+06    2.03014e+05   -1.05185e+06   -1.05399e+06    3.10775e+02
 Pressure (bar)   Constr. rmsd
    3.83325e+01    1.08262e-06

           Step           Time
         825000    16500.00000

   Energies (kJ/mol)
           Bond  Harmonic Pot.          Angle       G96Angle  Restr. Angles
    1.89125e+04    3.77129e+00    1.29417e+04    5.01340e+02    6.45473e+02
    Proper Dih.  Improper Dih.        LJ (SR)   Coulomb (SR) Position Rest.
    4.24324e+02    4.69269e+02   -1.27287e+06   -1.43221e+04    2.18243e+01
      Potential    Kinetic En.   Total Energy  Conserved En.    Temperature
   -1.25328e+06    2.03306e+05   -1.04997e+06   -1.05416e+06    3.11222e+02
 Pressure (bar)   Constr. rmsd
   -2.72781e+00    1.09149e-06

           Step           Time
         850000    17000.00000

   Energies (kJ/mol)
           Bond  Harmonic Pot.          Angle       G96Angle  Restr. Angles
    1.83711e+04    4.36010e+00    1.26649e+04    5.73177e+02    6.62049e+02
    Proper Dih.  Improper Dih.        LJ (SR)   Coulomb (SR) Position Rest.
    4.39693e+02    4.13158e+02   -1.27155e+06   -1.42696e+04    2.14292e+01
      Potential    Kinetic En.   Total Energy  Conserved En.    Temperature
   -1.25267e+06    2.04094e+05   -1.04858e+06   -1.05414e+06    3.12429e+02
 Pressure (bar)   Constr. rmsd
    1.69244e+01    1.10585e-06

           Step           Time
         875000    17500.00000

   Energies (kJ/mol)
           Bond  Harmonic Pot.          Angle       G96Angle  Restr. Angles
    1.83730e+04    3.09663e+00    1.30031e+04    4.84502e+02    6.36788e+02
    Proper Dih.  Improper Dih.        LJ (SR)   Coulomb (SR) Position Rest.
    4.88913e+02    4.27355e+02   -1.27290e+06   -1.46000e+04    2.30836e+01
      Potential    Kinetic En.   Total Energy  Conserved En.    Temperature
   -1.25406e+06    2.03056e+05   -1.05101e+06   -1.05413e+06    3.10839e+02
 Pressure (bar)   Constr. rmsd
   -9.98899e+00    1.11781e-06

           Step           Time
         900000    18000.00000

   Energies (kJ/mol)
           Bond  Harmonic Pot.          Angle       G96Angle  Restr. Angles
    1.86992e+04    4.63493e+00    1.23745e+04    5.35182e+02    6.72349e+02
    Proper Dih.  Improper Dih.        LJ (SR)   Coulomb (SR) Position Rest.
    4.28148e+02    4.34754e+02   -1.27313e+06   -1.40341e+04    1.91433e+01
      Potential    Kinetic En.   Total Energy  Conserved En.    Temperature
   -1.25399e+06    2.03574e+05   -1.05042e+06   -1.05414e+06    3.11633e+02
 Pressure (bar)   Constr. rmsd
    2.38271e+00    1.14013e-06

           Step           Time
         925000    18500.00000

   Energies (kJ/mol)
           Bond  Harmonic Pot.          Angle       G96Angle  Restr. Angles
    1.84877e+04    7.83948e+00    1.25065e+04    5.99285e+02    6.09438e+02
    Proper Dih.  Improper Dih.        LJ (SR)   Coulomb (SR) Position Rest.
    4.50623e+02    4.55149e+02   -1.27117e+06   -1.44407e+04    2.22367e+01
      Potential    Kinetic En.   Total Energy  Conserved En.    Temperature
   -1.25247e+06    2.02617e+05   -1.04985e+06   -1.05413e+06    3.10167e+02
 Pressure (bar)   Constr. rmsd
    5.40658e+00    1.10778e-06

           Step           Time
         950000    19000.00000

   Energies (kJ/mol)
           Bond  Harmonic Pot.          Angle       G96Angle  Restr. Angles
    1.83659e+04    7.07088e+00    1.29706e+04    5.40077e+02    5.88665e+02
    Proper Dih.  Improper Dih.        LJ (SR)   Coulomb (SR) Position Rest.
    5.09602e+02    3.96449e+02   -1.27261e+06   -1.43049e+04    3.02910e+01
      Potential    Kinetic En.   Total Energy  Conserved En.    Temperature
   -1.25351e+06    2.02109e+05   -1.05140e+06   -1.05413e+06    3.09389e+02
 Pressure (bar)   Constr. rmsd
    1.64791e+01    1.10783e-06

           Step           Time
         975000    19500.00000

   Energies (kJ/mol)
           Bond  Harmonic Pot.          Angle       G96Angle  Restr. Angles
    1.85269e+04    7.79839e+00    1.28368e+04    5.52862e+02    6.68543e+02
    Proper Dih.  Improper Dih.        LJ (SR)   Coulomb (SR) Position Rest.
    3.80309e+02    4.73460e+02   -1.27513e+06   -1.42250e+04    2.31952e+01
      Potential    Kinetic En.   Total Energy  Conserved En.    Temperature
   -1.25588e+06    2.03040e+05   -1.05284e+06   -1.05436e+06    3.10815e+02
 Pressure (bar)   Constr. rmsd
    2.25541e+00    1.11929e-06

           Step           Time
        1000000    20000.00000

   Energies (kJ/mol)
           Bond  Harmonic Pot.          Angle       G96Angle  Restr. Angles
    1.85252e+04    3.99565e+00    1.24931e+04    5.47796e+02    7.02101e+02
    Proper Dih.  Improper Dih.        LJ (SR)   Coulomb (SR) Position Rest.
    4.81709e+02    3.97494e+02   -1.27318e+06   -1.43032e+04    2.18589e+01
      Potential    Kinetic En.   Total Energy  Conserved En.    Temperature
   -1.25431e+06    2.02667e+05   -1.05164e+06   -1.05439e+06    3.10244e+02
 Pressure (bar)   Constr. rmsd
    2.75491e+01    1.10196e-06

           Step           Time
        1025000    20500.00000

   Energies (kJ/mol)
           Bond  Harmonic Pot.          Angle       G96Angle  Restr. Angles
    1.82919e+04    5.07486e+00    1.27423e+04    5.54689e+02    6.41534e+02
    Proper Dih.  Improper Dih.        LJ (SR)   Coulomb (SR) Position Rest.
    3.61848e+02    4.83719e+02   -1.27185e+06   -1.45989e+04    1.83608e+01
      Potential    Kinetic En.   Total Energy  Conserved En.    Temperature
   -1.25335e+06    2.01563e+05   -1.05178e+06   -1.05449e+06    3.08554e+02
 Pressure (bar)   Constr. rmsd
   -5.59158e+00    1.13963e-06

           Step           Time
        1050000    21000.00000

   Energies (kJ/mol)
           Bond  Harmonic Pot.          Angle       G96Angle  Restr. Angles
    1.87506e+04    8.45228e+00    1.28755e+04    5.62057e+02    6.45402e+02
    Proper Dih.  Improper Dih.        LJ (SR)   Coulomb (SR) Position Rest.
    3.58775e+02    4.34788e+02   -1.27128e+06   -1.45319e+04    2.11279e+01
      Potential    Kinetic En.   Total Energy  Conserved En.    Temperature
   -1.25216e+06    2.03345e+05   -1.04881e+06   -1.05454e+06    3.11281e+02
 Pressure (bar)   Constr. rmsd
    2.36633e+01    1.06993e-06

           Step           Time
        1075000    21500.00000

   Energies (kJ/mol)
           Bond  Harmonic Pot.          Angle       G96Angle  Restr. Angles
    1.86929e+04    3.05702e+00    1.28012e+04    5.01227e+02    6.49761e+02
    Proper Dih.  Improper Dih.        LJ (SR)   Coulomb (SR) Position Rest.
    3.86516e+02    4.65663e+02   -1.27453e+06   -1.44035e+04    2.00651e+01
      Potential    Kinetic En.   Total Energy  Conserved En.    Temperature
   -1.25541e+06    2.02523e+05   -1.05289e+06   -1.05477e+06    3.10023e+02
 Pressure (bar)   Constr. rmsd
    6.26629e+00    1.12768e-06

           Step           Time
        1100000    22000.00000

   Energies (kJ/mol)
           Bond  Harmonic Pot.          Angle       G96Angle  Restr. Angles
    1.86654e+04    6.02023e+00    1.25879e+04    5.72407e+02    6.11031e+02
    Proper Dih.  Improper Dih.        LJ (SR)   Coulomb (SR) Position Rest.
    4.58981e+02    4.43683e+02   -1.27400e+06   -1.40562e+04    1.97004e+01
      Potential    Kinetic En.   Total Energy  Conserved En.    Temperature
   -1.25469e+06    2.02555e+05   -1.05214e+06   -1.05481e+06    3.10073e+02
 Pressure (bar)   Constr. rmsd
    2.15084e+00    1.11407e-06

           Step           Time
        1125000    22500.00000

   Energies (kJ/mol)
           Bond  Harmonic Pot.          Angle       G96Angle  Restr. Angles
    1.84541e+04    3.98706e+00    1.28575e+04    5.18151e+02    6.33610e+02
    Proper Dih.  Improper Dih.        LJ (SR)   Coulomb (SR) Position Rest.
    4.59331e+02    4.42063e+02   -1.27165e+06   -1.43949e+04    2.74369e+01
      Potential    Kinetic En.   Total Energy  Conserved En.    Temperature
   -1.25265e+06    2.02671e+05   -1.04998e+06   -1.05477e+06    3.10250e+02
 Pressure (bar)   Constr. rmsd
   -4.62767e-02    1.13243e-06

           Step           Time
        1150000    23000.00000

   Energies (kJ/mol)
           Bond  Harmonic Pot.          Angle       G96Angle  Restr. Angles
    1.82938e+04    6.81374e+00    1.29179e+04    5.66335e+02    6.61247e+02
    Proper Dih.  Improper Dih.        LJ (SR)   Coulomb (SR) Position Rest.
    4.56356e+02    4.21009e+02   -1.27283e+06   -1.43093e+04    1.81823e+01
      Potential    Kinetic En.   Total Energy  Conserved En.    Temperature
   -1.25380e+06    2.02841e+05   -1.05096e+06   -1.05466e+06    3.10510e+02
 Pressure (bar)   Constr. rmsd
    3.44326e+01    1.14568e-06

           Step           Time
        1175000    23500.00000

   Energies (kJ/mol)
           Bond  Harmonic Pot.          Angle       G96Angle  Restr. Angles
    1.82765e+04    6.04856e+00    1.28578e+04    5.23571e+02    6.76899e+02
    Proper Dih.  Improper Dih.        LJ (SR)   Coulomb (SR) Position Rest.
    4.21778e+02    4.58349e+02   -1.27296e+06   -1.43068e+04    1.54002e+01
      Potential    Kinetic En.   Total Energy  Conserved En.    Temperature
   -1.25403e+06    2.03341e+05   -1.05068e+06   -1.05478e+06    3.11276e+02
 Pressure (bar)   Constr. rmsd
   -1.12586e+01    1.19297e-06

           Step           Time
        1200000    24000.00000

   Energies (kJ/mol)
           Bond  Harmonic Pot.          Angle       G96Angle  Restr. Angles
    1.84887e+04    7.08266e+00    1.26982e+04    5.50745e+02    7.05232e+02
    Proper Dih.  Improper Dih.        LJ (SR)   Coulomb (SR) Position Rest.
    3.52606e+02    4.65128e+02   -1.27543e+06   -1.42596e+04    1.73702e+01
      Potential    Kinetic En.   Total Energy  Conserved En.    Temperature
   -1.25640e+06    2.02661e+05   -1.05374e+06   -1.05490e+06    3.10235e+02
 Pressure (bar)   Constr. rmsd
   -7.64080e+00    1.12962e-06

           Step           Time
        1225000    24500.00000

   Energies (kJ/mol)
           Bond  Harmonic Pot.          Angle       G96Angle  Restr. Angles
    1.83562e+04    4.66179e+00    1.29100e+04    5.91098e+02    6.67802e+02
    Proper Dih.  Improper Dih.        LJ (SR)   Coulomb (SR) Position Rest.
    3.88368e+02    4.28115e+02   -1.27305e+06   -1.44665e+04    2.86366e+01
      Potential    Kinetic En.   Total Energy  Conserved En.    Temperature
   -1.25414e+06    2.02972e+05   -1.05117e+06   -1.05501e+06    3.10711e+02
 Pressure (bar)   Constr. rmsd
    2.27617e+01    1.12880e-06

           Step           Time
        1250000    25000.00000

   Energies (kJ/mol)
           Bond  Harmonic Pot.          Angle       G96Angle  Restr. Angles
    1.84741e+04    7.12252e+00    1.26821e+04    5.23399e+02    6.62896e+02
    Proper Dih.  Improper Dih.        LJ (SR)   Coulomb (SR) Position Rest.
    3.96860e+02    4.38377e+02   -1.27452e+06   -1.47679e+04    2.07918e+01
      Potential    Kinetic En.   Total Energy  Conserved En.    Temperature
   -1.25608e+06    2.00850e+05   -1.05523e+06   -1.05502e+06    3.07462e+02
 Pressure (bar)   Constr. rmsd
   -5.34675e+01    1.14547e-06

Writing checkpoint, step 1258100 at Mon Mar 24 02:55:19 2025


           Step           Time
        1275000    25500.00000

   Energies (kJ/mol)
           Bond  Harmonic Pot.          Angle       G96Angle  Restr. Angles
    1.86053e+04    4.79271e+00    1.24751e+04    5.46158e+02    6.84427e+02
    Proper Dih.  Improper Dih.        LJ (SR)   Coulomb (SR) Position Rest.
    3.70990e+02    4.50242e+02   -1.27064e+06   -1.44276e+04    3.15718e+01
      Potential    Kinetic En.   Total Energy  Conserved En.    Temperature
   -1.25190e+06    2.02111e+05   -1.04979e+06   -1.05514e+06    3.09393e+02
 Pressure (bar)   Constr. rmsd
    9.94378e+00    1.08863e-06

           Step           Time
        1300000    26000.00000

   Energies (kJ/mol)
           Bond  Harmonic Pot.          Angle       G96Angle  Restr. Angles
    1.84407e+04    9.84498e+00    1.24888e+04    5.05757e+02    7.10746e+02
    Proper Dih.  Improper Dih.        LJ (SR)   Coulomb (SR) Position Rest.
    4.11972e+02    4.40954e+02   -1.27294e+06   -1.45379e+04    1.96822e+01
      Potential    Kinetic En.   Total Energy  Conserved En.    Temperature
   -1.25445e+06    2.02705e+05   -1.05175e+06   -1.05516e+06    3.10301e+02
 Pressure (bar)   Constr. rmsd
    3.50488e+01    1.08966e-06

           Step           Time
        1325000    26500.00000

   Energies (kJ/mol)
           Bond  Harmonic Pot.          Angle       G96Angle  Restr. Angles
    1.82269e+04    7.66194e+00    1.24721e+04    5.28920e+02    6.69724e+02
    Proper Dih.  Improper Dih.        LJ (SR)   Coulomb (SR) Position Rest.
    4.09492e+02    5.32055e+02   -1.27208e+06   -1.44363e+04    3.06029e+01
      Potential    Kinetic En.   Total Energy  Conserved En.    Temperature
   -1.25363e+06    2.03113e+05   -1.05052e+06   -1.05527e+06    3.10927e+02
 Pressure (bar)   Constr. rmsd
    2.45933e+01    1.16873e-06

           Step           Time
        1350000    27000.00000

   Energies (kJ/mol)
           Bond  Harmonic Pot.          Angle       G96Angle  Restr. Angles
    1.85562e+04    4.54259e+00    1.28070e+04    5.64026e+02    6.90569e+02
    Proper Dih.  Improper Dih.        LJ (SR)   Coulomb (SR) Position Rest.
    3.64682e+02    4.80549e+02   -1.27485e+06   -1.43083e+04    2.09972e+01
      Potential    Kinetic En.   Total Energy  Conserved En.    Temperature
   -1.25567e+06    2.03244e+05   -1.05243e+06   -1.05527e+06    3.11127e+02
 Pressure (bar)   Constr. rmsd
   -1.37377e+01    1.18222e-06

           Step           Time
        1375000    27500.00000

   Energies (kJ/mol)
           Bond  Harmonic Pot.          Angle       G96Angle  Restr. Angles
    1.83185e+04    3.36270e+00    1.27433e+04    5.25499e+02    6.48106e+02
    Proper Dih.  Improper Dih.        LJ (SR)   Coulomb (SR) Position Rest.
    3.70406e+02    5.09862e+02   -1.27218e+06   -1.42058e+04    1.90006e+01
      Potential    Kinetic En.   Total Energy  Conserved En.    Temperature
   -1.25324e+06    2.01778e+05   -1.05147e+06   -1.05525e+06    3.08882e+02
 Pressure (bar)   Constr. rmsd
   -1.91328e+01    1.15637e-06

           Step           Time
        1400000    28000.00000

   Energies (kJ/mol)
           Bond  Harmonic Pot.          Angle       G96Angle  Restr. Angles
    1.85266e+04    6.45171e+00    1.25870e+04    5.41811e+02    6.85776e+02
    Proper Dih.  Improper Dih.        LJ (SR)   Coulomb (SR) Position Rest.
    4.04208e+02    5.21711e+02   -1.27216e+06   -1.43342e+04    2.11806e+01
      Potential    Kinetic En.   Total Energy  Conserved En.    Temperature
   -1.25319e+06    2.02590e+05   -1.05061e+06   -1.05533e+06    3.10126e+02
 Pressure (bar)   Constr. rmsd
    1.95743e+00    1.14941e-06

           Step           Time
        1425000    28500.00000

   Energies (kJ/mol)
           Bond  Harmonic Pot.          Angle       G96Angle  Restr. Angles
    1.86628e+04    5.58000e+00    1.25524e+04    5.06230e+02    6.50577e+02
    Proper Dih.  Improper Dih.        LJ (SR)   Coulomb (SR) Position Rest.
    3.99897e+02    3.96457e+02   -1.27559e+06   -1.43508e+04    2.02984e+01
      Potential    Kinetic En.   Total Energy  Conserved En.    Temperature
   -1.25675e+06    2.01229e+05   -1.05552e+06   -1.05546e+06    3.08042e+02
 Pressure (bar)   Constr. rmsd
    3.57969e+01    1.16144e-06

           Step           Time
        1450000    29000.00000

   Energies (kJ/mol)
           Bond  Harmonic Pot.          Angle       G96Angle  Restr. Angles
    1.83421e+04    8.25406e+00    1.29020e+04    5.60440e+02    6.77916e+02
    Proper Dih.  Improper Dih.        LJ (SR)   Coulomb (SR) Position Rest.
    3.96990e+02    4.53758e+02   -1.27231e+06   -1.43492e+04    2.47053e+01
      Potential    Kinetic En.   Total Energy  Conserved En.    Temperature
   -1.25329e+06    2.02775e+05   -1.05052e+06   -1.05553e+06    3.10409e+02
 Pressure (bar)   Constr. rmsd
   -3.45898e+00    1.16592e-06

           Step           Time
        1475000    29500.00000

   Energies (kJ/mol)
           Bond  Harmonic Pot.          Angle       G96Angle  Restr. Angles
    1.90618e+04    9.41015e+00    1.28059e+04    5.58212e+02    7.19544e+02
    Proper Dih.  Improper Dih.        LJ (SR)   Coulomb (SR) Position Rest.
    3.97138e+02    3.89656e+02   -1.27309e+06   -1.44703e+04    1.90120e+01
      Potential    Kinetic En.   Total Energy  Conserved En.    Temperature
   -1.25360e+06    2.03563e+05   -1.05004e+06   -1.05536e+06    3.11615e+02
 Pressure (bar)   Constr. rmsd
    2.00655e+01    1.11876e-06

           Step           Time
        1500000    30000.00000

   Energies (kJ/mol)
           Bond  Harmonic Pot.          Angle       G96Angle  Restr. Angles
    1.82621e+04    7.54653e+00    1.25167e+04    5.11646e+02    6.52082e+02
    Proper Dih.  Improper Dih.        LJ (SR)   Coulomb (SR) Position Rest.
    4.43551e+02    4.85807e+02   -1.27375e+06   -1.43646e+04    1.69764e+01
      Potential    Kinetic En.   Total Energy  Conserved En.    Temperature
   -1.25521e+06    2.01050e+05   -1.05416e+06   -1.05538e+06    3.07769e+02
 Pressure (bar)   Constr. rmsd
    2.09291e+01    1.12607e-06

           Step           Time
        1525000    30500.00000

   Energies (kJ/mol)
           Bond  Harmonic Pot.          Angle       G96Angle  Restr. Angles
    1.82840e+04    1.26241e+01    1.27382e+04    5.26590e+02    6.81484e+02
    Proper Dih.  Improper Dih.        LJ (SR)   Coulomb (SR) Position Rest.
    3.99543e+02    4.58751e+02   -1.27220e+06   -1.44666e+04    2.07370e+01
      Potential    Kinetic En.   Total Energy  Conserved En.    Temperature
   -1.25354e+06    2.02655e+05   -1.05089e+06   -1.05551e+06    3.10226e+02
 Pressure (bar)   Constr. rmsd
   -1.82728e+00    1.14905e-06

           Step           Time
        1550000    31000.00000

   Energies (kJ/mol)
           Bond  Harmonic Pot.          Angle       G96Angle  Restr. Angles
    1.87976e+04    1.14597e+01    1.25232e+04    4.98438e+02    6.48037e+02
    Proper Dih.  Improper Dih.        LJ (SR)   Coulomb (SR) Position Rest.
    3.85145e+02    5.23464e+02   -1.26981e+06   -1.42484e+04    1.56518e+01
      Potential    Kinetic En.   Total Energy  Conserved En.    Temperature
   -1.25065e+06    2.03323e+05   -1.04733e+06   -1.05543e+06    3.11248e+02
 Pressure (bar)   Constr. rmsd
   -1.02740e+01    1.10858e-06

           Step           Time
        1575000    31500.00000

   Energies (kJ/mol)
           Bond  Harmonic Pot.          Angle       G96Angle  Restr. Angles
    1.82532e+04    1.00265e+01    1.24729e+04    5.08550e+02    7.02723e+02
    Proper Dih.  Improper Dih.        LJ (SR)   Coulomb (SR) Position Rest.
    3.69833e+02    4.74202e+02   -1.27293e+06   -1.45224e+04    1.77533e+01
      Potential    Kinetic En.   Total Energy  Conserved En.    Temperature
   -1.25464e+06    2.01876e+05   -1.05276e+06   -1.05567e+06    3.09032e+02
 Pressure (bar)   Constr. rmsd
    4.70570e+00    1.13430e-06

           Step           Time
        1600000    32000.00000

   Energies (kJ/mol)
           Bond  Harmonic Pot.          Angle       G96Angle  Restr. Angles
    1.80942e+04    6.87968e+00    1.24701e+04    5.63106e+02    6.58450e+02
    Proper Dih.  Improper Dih.        LJ (SR)   Coulomb (SR) Position Rest.
    4.29858e+02    4.09420e+02   -1.27351e+06   -1.41677e+04    2.31420e+01
      Potential    Kinetic En.   Total Energy  Conserved En.    Temperature
   -1.25503e+06    2.02482e+05   -1.05255e+06   -1.05542e+06    3.09961e+02
 Pressure (bar)   Constr. rmsd
    3.29394e+01    1.09799e-06

           Step           Time
        1625000    32500.00000

   Energies (kJ/mol)
           Bond  Harmonic Pot.          Angle       G96Angle  Restr. Angles
    1.85681e+04    7.18063e+00    1.28569e+04    4.72942e+02    7.34486e+02
    Proper Dih.  Improper Dih.        LJ (SR)   Coulomb (SR) Position Rest.
    3.86532e+02    4.33080e+02   -1.27296e+06   -1.45673e+04    2.54698e+01
      Potential    Kinetic En.   Total Energy  Conserved En.    Temperature
   -1.25404e+06    2.01002e+05   -1.05304e+06   -1.05556e+06    3.07695e+02
 Pressure (bar)   Constr. rmsd
    4.09386e-01    1.21643e-06

           Step           Time
        1650000    33000.00000

   Energies (kJ/mol)
           Bond  Harmonic Pot.          Angle       G96Angle  Restr. Angles
    1.82532e+04    7.77812e+00    1.26508e+04    5.84347e+02    6.47547e+02
    Proper Dih.  Improper Dih.        LJ (SR)   Coulomb (SR) Position Rest.
    3.67109e+02    4.90688e+02   -1.27297e+06   -1.43536e+04    2.19314e+01
      Potential    Kinetic En.   Total Energy  Conserved En.    Temperature
   -1.25430e+06    2.03346e+05   -1.05095e+06   -1.05571e+06    3.11283e+02
 Pressure (bar)   Constr. rmsd
    2.22577e+01    1.16761e-06

           Step           Time
        1675000    33500.00000

   Energies (kJ/mol)
           Bond  Harmonic Pot.          Angle       G96Angle  Restr. Angles
    1.87378e+04    1.09997e+01    1.28902e+04    5.29450e+02    6.27239e+02
    Proper Dih.  Improper Dih.        LJ (SR)   Coulomb (SR) Position Rest.
    4.13041e+02    4.40833e+02   -1.27228e+06   -1.43852e+04    2.34113e+01
      Potential    Kinetic En.   Total Energy  Conserved En.    Temperature
   -1.25300e+06    2.02958e+05   -1.05004e+06   -1.05578e+06    3.10689e+02
 Pressure (bar)   Constr. rmsd
    6.97895e+00    1.14393e-06

           Step           Time
        1700000    34000.00000

   Energies (kJ/mol)
           Bond  Harmonic Pot.          Angle       G96Angle  Restr. Angles
    1.83041e+04    1.49012e+01    1.26423e+04    5.33097e+02    6.66545e+02
    Proper Dih.  Improper Dih.        LJ (SR)   Coulomb (SR) Position Rest.
    4.70830e+02    4.62030e+02   -1.27285e+06   -1.43163e+04    2.72672e+01
      Potential    Kinetic En.   Total Energy  Conserved En.    Temperature
   -1.25404e+06    2.01557e+05   -1.05249e+06   -1.05606e+06    3.08545e+02
 Pressure (bar)   Constr. rmsd
   -3.06867e+01    1.13244e-06

           Step           Time
        1725000    34500.00000

   Energies (kJ/mol)
           Bond  Harmonic Pot.          Angle       G96Angle  Restr. Angles
    1.85446e+04    7.74210e+00    1.28506e+04    5.12628e+02    6.10630e+02
    Proper Dih.  Improper Dih.        LJ (SR)   Coulomb (SR) Position Rest.
    4.11318e+02    4.59182e+02   -1.27255e+06   -1.42372e+04    2.26655e+01
      Potential    Kinetic En.   Total Energy  Conserved En.    Temperature
   -1.25337e+06    2.03627e+05   -1.04974e+06   -1.05627e+06    3.11713e+02
 Pressure (bar)   Constr. rmsd
    1.81370e+01    1.14162e-06

           Step           Time
        1750000    35000.00000

   Energies (kJ/mol)
           Bond  Harmonic Pot.          Angle       G96Angle  Restr. Angles
    1.85637e+04    7.16133e+00    1.29464e+04    5.11365e+02    6.76463e+02
    Proper Dih.  Improper Dih.        LJ (SR)   Coulomb (SR) Position Rest.
    4.43113e+02    4.14757e+02   -1.27211e+06   -1.43939e+04    1.91973e+01
      Potential    Kinetic En.   Total Energy  Conserved En.    Temperature
   -1.25293e+06    2.04125e+05   -1.04880e+06   -1.05634e+06    3.12476e+02
 Pressure (bar)   Constr. rmsd
   -7.32392e+00    1.17685e-06

           Step           Time
        1775000    35500.00000

   Energies (kJ/mol)
           Bond  Harmonic Pot.          Angle       G96Angle  Restr. Angles
    1.85183e+04    9.56158e+00    1.24066e+04    5.32674e+02    6.51135e+02
    Proper Dih.  Improper Dih.        LJ (SR)   Coulomb (SR) Position Rest.
    4.06217e+02    4.01160e+02   -1.27396e+06   -1.43944e+04    2.65320e+01
      Potential    Kinetic En.   Total Energy  Conserved En.    Temperature
   -1.25540e+06    2.02932e+05   -1.05247e+06   -1.05643e+06    3.10649e+02
 Pressure (bar)   Constr. rmsd
    3.23378e+01    1.13030e-06

           Step           Time
        1800000    36000.00000

   Energies (kJ/mol)
           Bond  Harmonic Pot.          Angle       G96Angle  Restr. Angles
    1.82559e+04    8.43856e+00    1.29131e+04    5.73343e+02    6.97874e+02
    Proper Dih.  Improper Dih.        LJ (SR)   Coulomb (SR) Position Rest.
    3.73884e+02    4.26155e+02   -1.27259e+06   -1.42762e+04    2.40711e+01
      Potential    Kinetic En.   Total Energy  Conserved En.    Temperature
   -1.25359e+06    2.01633e+05   -1.05196e+06   -1.05660e+06    3.08661e+02
 Pressure (bar)   Constr. rmsd
   -3.49661e+01    1.16157e-06

           Step           Time
        1825000    36500.00000

   Energies (kJ/mol)
           Bond  Harmonic Pot.          Angle       G96Angle  Restr. Angles
    1.85314e+04    9.93606e+00    1.26377e+04    5.71288e+02    7.05419e+02
    Proper Dih.  Improper Dih.        LJ (SR)   Coulomb (SR) Position Rest.
    3.74492e+02    4.41281e+02   -1.26945e+06   -1.43233e+04    3.20620e+01
      Potential    Kinetic En.   Total Energy  Conserved En.    Temperature
   -1.25047e+06    2.03868e+05   -1.04661e+06   -1.05677e+06    3.12082e+02
 Pressure (bar)   Constr. rmsd
   -1.22790e+01    1.11742e-06

           Step           Time
        1850000    37000.00000

   Energies (kJ/mol)
           Bond  Harmonic Pot.          Angle       G96Angle  Restr. Angles
    1.82434e+04    9.79770e+00    1.24829e+04    5.39644e+02    7.14779e+02
    Proper Dih.  Improper Dih.        LJ (SR)   Coulomb (SR) Position Rest.
    4.20315e+02    5.04360e+02   -1.27056e+06   -1.38584e+04    2.77723e+01
      Potential    Kinetic En.   Total Energy  Conserved En.    Temperature
   -1.25148e+06    2.01914e+05   -1.04956e+06   -1.05663e+06    3.09091e+02
 Pressure (bar)   Constr. rmsd
   -1.70622e+01    1.10221e-06

           Step           Time
        1875000    37500.00000

   Energies (kJ/mol)
           Bond  Harmonic Pot.          Angle       G96Angle  Restr. Angles
    1.83911e+04    1.01464e+01    1.26696e+04    5.58548e+02    6.88646e+02
    Proper Dih.  Improper Dih.        LJ (SR)   Coulomb (SR) Position Rest.
    3.96034e+02    4.34045e+02   -1.27510e+06   -1.45893e+04    2.50952e+01
      Potential    Kinetic En.   Total Energy  Conserved En.    Temperature
   -1.25652e+06    2.02166e+05   -1.05435e+06   -1.05671e+06    3.09477e+02
 Pressure (bar)   Constr. rmsd
   -2.80201e+01    1.10999e-06

           Step           Time
        1900000    38000.00000

   Energies (kJ/mol)
           Bond  Harmonic Pot.          Angle       G96Angle  Restr. Angles
    1.89364e+04    1.19597e+01    1.24874e+04    5.36379e+02    6.64003e+02
    Proper Dih.  Improper Dih.        LJ (SR)   Coulomb (SR) Position Rest.
    3.71518e+02    4.52669e+02   -1.27323e+06   -1.43712e+04    1.74634e+01
      Potential    Kinetic En.   Total Energy  Conserved En.    Temperature
   -1.25412e+06    2.01735e+05   -1.05238e+06   -1.05676e+06    3.08817e+02
 Pressure (bar)   Constr. rmsd
   -3.33135e+00    1.08303e-06

           Step           Time
        1925000    38500.00000

   Energies (kJ/mol)
           Bond  Harmonic Pot.          Angle       G96Angle  Restr. Angles
    1.79151e+04    8.08704e+00    1.27069e+04    5.47203e+02    6.52000e+02
    Proper Dih.  Improper Dih.        LJ (SR)   Coulomb (SR) Position Rest.
    4.04851e+02    4.63893e+02   -1.27228e+06   -1.42406e+04    1.75981e+01
      Potential    Kinetic En.   Total Energy  Conserved En.    Temperature
   -1.25381e+06    2.02099e+05   -1.05171e+06   -1.05704e+06    3.09375e+02
 Pressure (bar)   Constr. rmsd
    1.53173e+00    1.12064e-06

           Step           Time
        1950000    39000.00000

   Energies (kJ/mol)
           Bond  Harmonic Pot.          Angle       G96Angle  Restr. Angles
    1.83402e+04    6.09355e+00    1.24471e+04    5.22598e+02    6.94805e+02
    Proper Dih.  Improper Dih.        LJ (SR)   Coulomb (SR) Position Rest.
    3.99969e+02    4.52330e+02   -1.27130e+06   -1.44309e+04    2.20347e+01
      Potential    Kinetic En.   Total Energy  Conserved En.    Temperature
   -1.25285e+06    2.02010e+05   -1.05084e+06   -1.05716e+06    3.09237e+02
 Pressure (bar)   Constr. rmsd
   -2.12637e+01    1.11580e-06

           Step           Time
        1975000    39500.00000

   Energies (kJ/mol)
           Bond  Harmonic Pot.          Angle       G96Angle  Restr. Angles
    1.84596e+04    7.24128e+00    1.24747e+04    5.36555e+02    6.61087e+02
    Proper Dih.  Improper Dih.        LJ (SR)   Coulomb (SR) Position Rest.
    3.95974e+02    3.71775e+02   -1.27132e+06   -1.43872e+04    2.42992e+01
      Potential    Kinetic En.   Total Energy  Conserved En.    Temperature
   -1.25278e+06    2.02102e+05   -1.05067e+06   -1.05701e+06    3.09380e+02
 Pressure (bar)   Constr. rmsd
   -1.82761e+00    1.08070e-06

           Step           Time
        2000000    40000.00000

   Energies (kJ/mol)
           Bond  Harmonic Pot.          Angle       G96Angle  Restr. Angles
    1.82017e+04    4.47317e+00    1.30021e+04    5.60733e+02    7.02353e+02
    Proper Dih.  Improper Dih.        LJ (SR)   Coulomb (SR) Position Rest.
    4.27358e+02    4.30064e+02   -1.27482e+06   -1.43149e+04    2.44826e+01
      Potential    Kinetic En.   Total Energy  Conserved En.    Temperature
   -1.25578e+06    2.02784e+05   -1.05299e+06   -1.05728e+06    3.10422e+02
 Pressure (bar)   Constr. rmsd
   -1.17757e+00    1.15143e-06

           Step           Time
        2025000    40500.00000

   Energies (kJ/mol)
           Bond  Harmonic Pot.          Angle       G96Angle  Restr. Angles
    1.90714e+04    4.24216e+00    1.24398e+04    5.39908e+02    6.39605e+02
    Proper Dih.  Improper Dih.        LJ (SR)   Coulomb (SR) Position Rest.
    3.89151e+02    5.02333e+02   -1.27581e+06   -1.45260e+04    2.76926e+01
      Potential    Kinetic En.   Total Energy  Conserved En.    Temperature
   -1.25672e+06    2.00416e+05   -1.05630e+06   -1.05731e+06    3.06798e+02
 Pressure (bar)   Constr. rmsd
    7.44523e+00    1.07855e-06

           Step           Time
        2050000    41000.00000

   Energies (kJ/mol)
           Bond  Harmonic Pot.          Angle       G96Angle  Restr. Angles
    1.85565e+04    6.52406e+00    1.25010e+04    5.22506e+02    6.25154e+02
    Proper Dih.  Improper Dih.        LJ (SR)   Coulomb (SR) Position Rest.
    4.54372e+02    3.99286e+02   -1.27334e+06   -1.44614e+04    3.15348e+01
      Potential    Kinetic En.   Total Energy  Conserved En.    Temperature
   -1.25470e+06    2.02580e+05   -1.05212e+06   -1.05742e+06    3.10110e+02
 Pressure (bar)   Constr. rmsd
    1.73645e+01    1.09971e-06

           Step           Time
        2075000    41500.00000

   Energies (kJ/mol)
           Bond  Harmonic Pot.          Angle       G96Angle  Restr. Angles
    1.82786e+04    5.59597e+00    1.24005e+04    5.11890e+02    6.26723e+02
    Proper Dih.  Improper Dih.        LJ (SR)   Coulomb (SR) Position Rest.
    4.50427e+02    4.61453e+02   -1.27653e+06   -1.42158e+04    3.72654e+01
      Potential    Kinetic En.   Total Energy  Conserved En.    Temperature
   -1.25797e+06    2.00406e+05   -1.05756e+06   -1.05767e+06    3.06783e+02
 Pressure (bar)   Constr. rmsd
    1.01891e-01    1.10191e-06

           Step           Time
        2100000    42000.00000

   Energies (kJ/mol)
           Bond  Harmonic Pot.          Angle       G96Angle  Restr. Angles
    1.84611e+04    3.65515e+00    1.30187e+04    5.31951e+02    6.70409e+02
    Proper Dih.  Improper Dih.        LJ (SR)   Coulomb (SR) Position Rest.
    4.21338e+02    4.28818e+02   -1.27173e+06   -1.45463e+04    2.76178e+01
      Potential    Kinetic En.   Total Energy  Conserved En.    Temperature
   -1.25271e+06    2.01946e+05   -1.05077e+06   -1.05761e+06    3.09139e+02
 Pressure (bar)   Constr. rmsd
   -1.44700e+01    1.09811e-06

           Step           Time
        2125000    42500.00000

   Energies (kJ/mol)
           Bond  Harmonic Pot.          Angle       G96Angle  Restr. Angles
    1.86214e+04    2.99521e+00    1.27579e+04    5.51913e+02    7.17882e+02
    Proper Dih.  Improper Dih.        LJ (SR)   Coulomb (SR) Position Rest.
    4.19837e+02    3.98005e+02   -1.27336e+06   -1.43804e+04    2.31538e+01
      Potential    Kinetic En.   Total Energy  Conserved En.    Temperature
   -1.25425e+06    2.02065e+05   -1.05219e+06   -1.05769e+06    3.09322e+02
 Pressure (bar)   Constr. rmsd
    2.35285e+00    1.12238e-06

           Step           Time
        2150000    43000.00000

   Energies (kJ/mol)
           Bond  Harmonic Pot.          Angle       G96Angle  Restr. Angles
    1.80370e+04    4.54426e+00    1.28575e+04    5.72772e+02    6.90651e+02
    Proper Dih.  Improper Dih.        LJ (SR)   Coulomb (SR) Position Rest.
    4.08782e+02    4.09451e+02   -1.27441e+06   -1.45867e+04    2.25664e+01
      Potential    Kinetic En.   Total Energy  Conserved En.    Temperature
   -1.25599e+06    2.02132e+05   -1.05386e+06   -1.05776e+06    3.09425e+02
 Pressure (bar)   Constr. rmsd
   -2.59682e+01    1.19722e-06

           Step           Time
        2175000    43500.00000

   Energies (kJ/mol)
           Bond  Harmonic Pot.          Angle       G96Angle  Restr. Angles
    1.82780e+04    4.75779e+00    1.27020e+04    5.08413e+02    7.00424e+02
    Proper Dih.  Improper Dih.        LJ (SR)   Coulomb (SR) Position Rest.
    4.15651e+02    4.67256e+02   -1.27318e+06   -1.42744e+04    2.17626e+01
      Potential    Kinetic En.   Total Energy  Conserved En.    Temperature
   -1.25436e+06    2.00821e+05   -1.05354e+06   -1.05774e+06    3.07418e+02
 Pressure (bar)   Constr. rmsd
   -2.83395e+01    1.06327e-06

           Step           Time
        2200000    44000.00000

   Energies (kJ/mol)
           Bond  Harmonic Pot.          Angle       G96Angle  Restr. Angles
    1.86994e+04    4.03218e+00    1.25734e+04    5.27452e+02    7.03598e+02
    Proper Dih.  Improper Dih.        LJ (SR)   Coulomb (SR) Position Rest.
    4.27096e+02    4.77484e+02   -1.27218e+06   -1.46270e+04    2.91942e+01
      Potential    Kinetic En.   Total Energy  Conserved En.    Temperature
   -1.25337e+06    2.04152e+05   -1.04921e+06   -1.05783e+06    3.12517e+02
 Pressure (bar)   Constr. rmsd
    1.59140e+01    1.04641e-06

           Step           Time
        2225000    44500.00000

   Energies (kJ/mol)
           Bond  Harmonic Pot.          Angle       G96Angle  Restr. Angles
    1.84149e+04    3.28405e+00    1.29015e+04    5.39782e+02    7.10482e+02
    Proper Dih.  Improper Dih.        LJ (SR)   Coulomb (SR) Position Rest.
    4.08204e+02    4.43128e+02   -1.27423e+06   -1.44106e+04    2.28788e+01
      Potential    Kinetic En.   Total Energy  Conserved En.    Temperature
   -1.25520e+06    2.02540e+05   -1.05266e+06   -1.05786e+06    3.10050e+02
 Pressure (bar)   Constr. rmsd
    1.08254e+01    1.04120e-06

           Step           Time
        2250000    45000.00000

   Energies (kJ/mol)
           Bond  Harmonic Pot.          Angle       G96Angle  Restr. Angles
    1.88720e+04    5.26354e+00    1.26682e+04    5.45681e+02    6.59551e+02
    Proper Dih.  Improper Dih.        LJ (SR)   Coulomb (SR) Position Rest.
    3.93510e+02    4.61152e+02   -1.27046e+06   -1.44420e+04    2.21528e+01
      Potential    Kinetic En.   Total Energy  Conserved En.    Temperature
   -1.25128e+06    2.04331e+05   -1.04694e+06   -1.05789e+06    3.12791e+02
 Pressure (bar)   Constr. rmsd
    3.11088e+01    1.03454e-06

           Step           Time
        2275000    45500.00000

   Energies (kJ/mol)
           Bond  Harmonic Pot.          Angle       G96Angle  Restr. Angles
    1.86703e+04    4.06862e+00    1.22690e+04    5.13161e+02    7.12473e+02
    Proper Dih.  Improper Dih.        LJ (SR)   Coulomb (SR) Position Rest.
    3.93271e+02    4.51294e+02   -1.27534e+06   -1.44202e+04    2.01778e+01
      Potential    Kinetic En.   Total Energy  Conserved En.    Temperature
   -1.25673e+06    2.02396e+05   -1.05433e+06   -1.05774e+06    3.09828e+02
 Pressure (bar)   Constr. rmsd
   -7.61530e+00    1.10642e-06

