                :-) GROMACS - gmx mdrun, 2024.5-conda_forge (-:

Copyright 1991-2024 The GROMACS Authors.
GROMACS is free software; you can redistribute it and/or modify it
under the terms of the GNU Lesser General Public License
as published by the Free Software Foundation; either version 2.1
of the License, or (at your option) any later version.

                         Current GROMACS contributors:
       Mark Abraham           Andrey Alekseenko           Vladimir Basov      
      Cathrine Bergh            Eliane Briand               Ania Brown        
      Mahesh Doijade            Giacomo Fiorin          Stefan Fleischmann    
      Sergey Gorelov         Gilles Gouaillardet            Alan Gray         
     M. Eric Irrgang         Farzaneh Jalalypour            Joe Jordan        
     Carsten Kutzner           Justin A. Lemkul          Magnus Lundborg      
       Pascal Merz              Vedran Miletic            Dmitry Morozov      
       Julien Nabet              Szilard Pall        Andrea Pasquadibisceglie 
    Michele Pellegrino          Hubert Santuz             Roland Schulz       
     Tatiana Shugaeva          Alexey Shvetsov            Philip Turner       
     Alessandra Villa      Sebastian Wingbermuehle  

                         Previous GROMACS contributors:
        Emile Apol             Rossen Apostolov           James Barnett       
        Paul Bauer          Herman J.C. Berendsen          Par Bjelkmar       
      Christian Blau          Viacheslav Bolnykh            Kevin Boyd        
    Aldert van Buuren          Carlo Camilloni           Rudi van Drunen      
      Anton Feenstra           Oliver Fleetwood            Vytas Gapsys       
       Gaurav Garg             Gerrit Groenhof            Bert de Groot       
      Anca Hamuraru           Vincent Hindriksen          Victor Holanda      
     Aleksei Iupinov          Christoph Junghans        Prashanth Kanduri     
   Dimitrios Karkoulis           Peter Kasson             Sebastian Kehl      
     Sebastian Keller             Jiri Kraus               Per Larsson        
      Viveca Lindahl            Erik Marklund           Pieter Meulenhoff     
      Teemu Murtola              Sander Pronk             Michael Shirts      
      Alfons Sijbers            Balint Soproni         David van der Spoel    
      Peter Tieleman            Carsten Uphoff             Jon Vincent        
     Teemu Virolainen         Christian Wennberg           Maarten Wolf       
      Artem Zhmurov       

                  Coordinated by the GROMACS project leaders:
                           Berk Hess and Erik Lindahl

GROMACS:      gmx mdrun, version 2024.5-conda_forge
Executable:   /miniconda3/bin.ARM_NEON_ASIMD/gmx
Data prefix:  /miniconda3
Working dir:  /tmp/workdir
Process ID:   123
Command line:
  gmx mdrun -cpi -ntmpi 1 -ntomp 64 -pin off -maxh 0.5

GROMACS version:     2024.5-conda_forge
Precision:           mixed
Memory model:        64 bit
MPI library:         thread_mpi
OpenMP support:      enabled (GMX_OPENMP_MAX_THREADS = 128)
GPU support:         OpenCL
NBNxM GPU setup:     super-cluster 2x2x2 / cluster 8
SIMD instructions:   ARM_NEON_ASIMD
CPU FFT library:     fftw-3.3.10
GPU FFT library:     clFFT
Multi-GPU FFT:       none
TNG support:         enabled
Hwloc support:       disabled
Tracing support:     disabled
C compiler:          /home/conda/feedstock_root/build_artifacts/gromacs_1737880092958/_build_env/bin/aarch64-conda-linux-gnu-cc GNU 13.3.0
C compiler flags:    -fexcess-precision=fast -funroll-all-loops -Wno-missing-field-initializers -O3 -DNDEBUG
C++ compiler:        /home/conda/feedstock_root/build_artifacts/gromacs_1737880092958/_build_env/bin/aarch64-conda-linux-gnu-c++ GNU 13.3.0
C++ compiler flags:  -fexcess-precision=fast -funroll-all-loops -Wno-missing-field-initializers -Wno-cast-function-type-strict SHELL:-fopenmp -O3 -DNDEBUG
BLAS library:        Internal
LAPACK library:      Internal
OpenCL include dir:  /miniconda3/include
OpenCL library:      /miniconda3/lib/libOpenCL.so
OpenCL version:      3.0


Running on 1 node with total 64 cores, 64 processing units (GPU detection failed)
Hardware detected on host cganalysis-structure-040359927-h68fw:
  CPU info:
    Vendor: ARM
    Brand:  0xd40
    Family: 8   Model: 1   Stepping: 1
    Features: neon neon_asimd sve
  Hardware topology: Basic
    Packages, cores, and logical processors:
    [indices refer to OS logical processors]
      Package 60: [   0] [   1] [   2] [   3] [   4] [   5] [   6] [   7] [   8] [   9] [  10] [  11] [  12] [  13] [  14] [  15] [  16] [  17] [  18] [  19] [  20] [  21] [  22] [  23] [  24] [  25] [  26] [  27] [  28] [  29] [  30] [  31] [  32] [  33] [  34] [  35] [  36] [  37] [  38] [  39] [  40] [  41] [  42] [  43] [  44] [  45] [  46] [  47] [  48] [  49] [  50] [  51] [  52] [  53] [  54] [  55] [  56] [  57] [  58] [  59] [  60] [  61] [  62] [  63]
    CPU limit set by OS: 62   Recommended max number of threads: 62

Likely fastest SIMD instructions supported by all nodes: ARM_SVE
SIMD instructions selected at compile time:              ARM_NEON_ASIMD


++++ PLEASE READ AND CITE THE FOLLOWING REFERENCE ++++
M. J. Abraham, T. Murtola, R. Schulz, S. Páll, J. C. Smith, B. Hess, E.
Lindahl
GROMACS: High performance molecular simulations through multi-level
parallelism from laptops to supercomputers
SoftwareX 1 (2015) pp. 19-25
-------- -------- --- Thank You --- -------- --------


++++ PLEASE READ AND CITE THE FOLLOWING REFERENCE ++++
S. Páll, M. J. Abraham, C. Kutzner, B. Hess, E. Lindahl
Tackling Exascale Software Challenges in Molecular Dynamics Simulations with
GROMACS
In S. Markidis & E. Laure (Eds.), Solving Software Challenges for Exascale 8759 (2015) pp. 3-27
-------- -------- --- Thank You --- -------- --------


++++ PLEASE READ AND CITE THE FOLLOWING REFERENCE ++++
S. Pronk, S. Páll, R. Schulz, P. Larsson, P. Bjelkmar, R. Apostolov, M. R.
Shirts, J. C. Smith, P. M. Kasson, D. van der Spoel, B. Hess, and E. Lindahl
GROMACS 4.5: a high-throughput and highly parallel open source molecular
simulation toolkit
Bioinformatics 29 (2013) pp. 845-54
-------- -------- --- Thank You --- -------- --------


++++ PLEASE READ AND CITE THE FOLLOWING REFERENCE ++++
B. Hess and C. Kutzner and D. van der Spoel and E. Lindahl
GROMACS 4: Algorithms for highly efficient, load-balanced, and scalable
molecular simulation
J. Chem. Theory Comput. 4 (2008) pp. 435-447
-------- -------- --- Thank You --- -------- --------


++++ PLEASE READ AND CITE THE FOLLOWING REFERENCE ++++
D. van der Spoel, E. Lindahl, B. Hess, G. Groenhof, A. E. Mark and H. J. C.
Berendsen
GROMACS: Fast, Flexible and Free
J. Comp. Chem. 26 (2005) pp. 1701-1719
-------- -------- --- Thank You --- -------- --------


++++ PLEASE READ AND CITE THE FOLLOWING REFERENCE ++++
E. Lindahl and B. Hess and D. van der Spoel
GROMACS 3.0: A package for molecular simulation and trajectory analysis
J. Mol. Mod. 7 (2001) pp. 306-317
-------- -------- --- Thank You --- -------- --------


++++ PLEASE READ AND CITE THE FOLLOWING REFERENCE ++++
H. J. C. Berendsen, D. van der Spoel and R. van Drunen
GROMACS: A message-passing parallel molecular dynamics implementation
Comp. Phys. Comm. 91 (1995) pp. 43-56
-------- -------- --- Thank You --- -------- --------


The number of OpenMP threads was set by environment variable OMP_NUM_THREADS to 64 (and the command-line setting agreed with that)

Input Parameters:
   integrator                     = md
   tinit                          = 0
   dt                             = 0.02
   nsteps                         = -1
   init-step                      = 0
   simulation-part                = 1
   mts                            = false
   mass-repartition-factor        = 1
   comm-mode                      = Linear
   nstcomm                        = 100
   bd-fric                        = 0
   ld-seed                        = -1610753062
   emtol                          = 10
   emstep                         = 0.01
   niter                          = 20
   fcstep                         = 0
   nstcgsteep                     = 1000
   nbfgscorr                      = 10
   rtpi                           = 0.05
   nstxout                        = 0
   nstvout                        = 0
   nstfout                        = 0
   nstlog                         = 25000
   nstcalcenergy                  = 100
   nstenergy                      = 25000
   nstxout-compressed             = 25000
   compressed-x-precision         = 100
   cutoff-scheme                  = Verlet
   nstlist                        = 20
   pbc                            = xyz
   periodic-molecules             = false
   verlet-buffer-tolerance        = -1
   verlet-buffer-pressure-tolerance = -1
   rlist                          = 1.35
   coulombtype                    = Reaction-Field
   coulomb-modifier               = Potential-shift
   rcoulomb-switch                = 0
   rcoulomb                       = 1.1
   epsilon-r                      = 15
   epsilon-rf                     = inf
   vdw-type                       = Cut-off
   vdw-modifier                   = Potential-shift
   rvdw-switch                    = 0
   rvdw                           = 1.1
   DispCorr                       = No
   table-extension                = 1
   fourierspacing                 = 0.12
   fourier-nx                     = 0
   fourier-ny                     = 0
   fourier-nz                     = 0
   pme-order                      = 4
   ewald-rtol                     = 1e-05
   ewald-rtol-lj                  = 0.001
   lj-pme-comb-rule               = Geometric
   ewald-geometry                 = 3d
   epsilon-surface                = 0
   ensemble-temperature-setting   = constant
   ensemble-temperature           = 310
   tcoupl                         = V-rescale
   nsttcouple                     = 20
   nh-chain-length                = 0
   print-nose-hoover-chain-variables = false
   pcoupl                         = Parrinello-Rahman
   pcoupltype                     = Semiisotropic
   nstpcouple                     = 20
   tau-p                          = 12
   compressibility (3x3):
      compressibility[    0]={ 3.00000e-04,  0.00000e+00,  0.00000e+00}
      compressibility[    1]={ 0.00000e+00,  3.00000e-04,  0.00000e+00}
      compressibility[    2]={ 0.00000e+00,  0.00000e+00,  3.00000e-04}
   ref-p (3x3):
      ref-p[    0]={ 1.00000e+00,  0.00000e+00,  0.00000e+00}
      ref-p[    1]={ 0.00000e+00,  1.00000e+00,  0.00000e+00}
      ref-p[    2]={ 0.00000e+00,  0.00000e+00,  1.00000e+00}
   refcoord-scaling               = COM
   posres-com (3):
      posres-com[0]= 9.39290e-01
      posres-com[1]= 2.03274e-01
      posres-com[2]= 7.94905e-01
   posres-comB (3):
      posres-comB[0]= 9.39290e-01
      posres-comB[1]= 2.03274e-01
      posres-comB[2]= 7.94905e-01
   QMMM                           = false
qm-opts:
   ngQM                           = 0
   constraint-algorithm           = Lincs
   continuation                   = false
   Shake-SOR                      = false
   shake-tol                      = 0.0001
   lincs-order                    = 12
   lincs-iter                     = 2
   lincs-warnangle                = 90
   nwall                          = 0
   wall-type                      = 9-3
   wall-r-linpot                  = -1
   wall-atomtype[0]               = -1
   wall-atomtype[1]               = -1
   wall-density[0]                = 0
   wall-density[1]                = 0
   wall-ewald-zfac                = 3
   pull                           = false
   awh                            = false
   rotation                       = false
   interactiveMD                  = false
   disre                          = No
   disre-weighting                = Conservative
   disre-mixed                    = false
   dr-fc                          = 1000
   dr-tau                         = 0
   nstdisreout                    = 100
   orire-fc                       = 0
   orire-tau                      = 0
   nstorireout                    = 100
   free-energy                    = no
   cos-acceleration               = 0
   deform (3x3):
      deform[    0]={ 0.00000e+00,  0.00000e+00,  0.00000e+00}
      deform[    1]={ 0.00000e+00,  0.00000e+00,  0.00000e+00}
      deform[    2]={ 0.00000e+00,  0.00000e+00,  0.00000e+00}
   simulated-tempering            = false
   swapcoords                     = no
   userint1                       = 0
   userint2                       = 0
   userint3                       = 0
   userint4                       = 0
   userreal1                      = 0
   userreal2                      = 0
   userreal3                      = 0
   userreal4                      = 0
   applied-forces:
     electric-field:
       x:
         E0                       = 0
         omega                    = 0
         t0                       = 0
         sigma                    = 0
       y:
         E0                       = 0
         omega                    = 0
         t0                       = 0
         sigma                    = 0
       z:
         E0                       = 0
         omega                    = 0
         t0                       = 0
         sigma                    = 0
     density-guided-simulation:
       active                     = false
       group                      = protein
       similarity-measure         = inner-product
       atom-spreading-weight      = unity
       force-constant             = 1e+09
       gaussian-transform-spreading-width = 0.2
       gaussian-transform-spreading-range-in-multiples-of-width = 4
       reference-density-filename = reference.mrc
       nst                        = 1
       normalize-densities        = true
       adaptive-force-scaling     = false
       adaptive-force-scaling-time-constant = 4
       shift-vector               = 
       transformation-matrix      = 
     qmmm-cp2k:
       active                     = false
       qmgroup                    = System
       qmmethod                   = PBE
       qmfilenames                = 
       qmcharge                   = 0
       qmmultiplicity             = 1
     colvars:
       active                     = false
       configfile                 = 
       seed                       = -1
grpopts:
   nrdf:      114273       41768
   ref-t:         310         310
   tau-t:           1           1
annealing:          No          No
annealing-npoints:           0           0
   acc:	           0           0           0
   nfreeze:           N           N           N
   energygrp-flags[  0]: 0

Can not increase nstlist because verlet-buffer-tolerance is not set or used
Update groups can not be used for this system because an incompatible virtual site type is used

Using 1 MPI thread
Using 64 OpenMP threads 


WARNING: Oversubscribing the recommended max load of 62 logical CPUs with 64 threads.
         This will cause considerable performance loss.
System total charge: 0.000
Reaction-Field:
epsRF = 0, rc = 1.1, krf = 0.375657, crf = 1.36364, epsfac = 9.26236
The electrostatics potential has its minimum at r = 1.1
Potential shift: LJ r^-12: -3.186e-01 r^-6: -5.645e-01


Using SIMD4xM 4x4 nonbonded short-range kernels

Using a 4x4 pair-list setup:
  updated every 20 steps, buffer 0.250 nm, rlist 1.350 nm

The average pressure is off by at most 0.06 bar due to missing LJ interactions

Using full Lennard-Jones parameter combination matrix
Removing pbc first time

Initializing LINear Constraint Solver

++++ PLEASE READ AND CITE THE FOLLOWING REFERENCE ++++
B. Hess
P-LINCS: A Parallel Linear Constraint Solver for molecular simulation
J. Chem. Theory Comput. 4 (2008) pp. 116-122
-------- -------- --- Thank You --- -------- --------

The number of constraints is 1507
1328 constraints are involved in constraint triangles,
will apply an additional matrix expansion of order 12 for couplings
between constraints inside triangles

++++ PLEASE READ AND CITE THE FOLLOWING REFERENCE ++++
G. Bussi, D. Donadio and M. Parrinello
Canonical sampling through velocity rescaling
J. Chem. Phys. 126 (2007) pp. 014101
-------- -------- --- Thank You --- -------- --------

There are: 52518 Atoms
There are: 1935 VSites

Constraining the starting coordinates (step 0)

Constraining the coordinates at t0-dt (step 0)
Center of mass motion removal mode is Linear
We have the following groups for center of mass motion removal:
  0:  Rest
  1:  Solvent
RMS relative constraint deviation after constraining: 1.17e-06
Initial temperature: 311.201 K

Started mdrun on rank 0 Fri Mar 14 19:10:02 2025

           Step           Time
              0        0.00000

   Energies (kJ/mol)
           Bond  Harmonic Pot.          Angle       G96Angle  Restr. Angles
    1.85021e+04    2.16723e+00    1.29390e+04    5.24390e+02    6.93425e+02
    Proper Dih.  Improper Dih.        LJ (SR)   Coulomb (SR) Position Rest.
    3.52010e+02    4.21698e+02   -1.26555e+06   -1.42112e+04    1.44610e-10
      Potential    Kinetic En.   Total Energy  Conserved En.    Temperature
   -1.24632e+06    2.01908e+05   -1.04442e+06   -1.04406e+06    3.11251e+02
 Pressure (bar)   Constr. rmsd
    1.03117e+01    1.16158e-06

           Step           Time
          25000      500.00000

   Energies (kJ/mol)
           Bond  Harmonic Pot.          Angle       G96Angle  Restr. Angles
    1.83509e+04    6.46552e+00    1.28383e+04    4.89543e+02    6.96907e+02
    Proper Dih.  Improper Dih.        LJ (SR)   Coulomb (SR) Position Rest.
    4.29299e+02    5.03500e+02   -1.26428e+06   -1.43731e+04    1.26223e+01
      Potential    Kinetic En.   Total Energy  Conserved En.    Temperature
   -1.24532e+06    2.00241e+05   -1.04508e+06   -1.04406e+06    3.08681e+02
 Pressure (bar)   Constr. rmsd
   -2.63091e+01    1.18027e-06

           Step           Time
          50000     1000.00000

   Energies (kJ/mol)
           Bond  Harmonic Pot.          Angle       G96Angle  Restr. Angles
    1.81097e+04    4.94689e+00    1.28249e+04    5.21888e+02    6.88568e+02
    Proper Dih.  Improper Dih.        LJ (SR)   Coulomb (SR) Position Rest.
    4.27719e+02    4.71949e+02   -1.26452e+06   -1.42495e+04    2.38301e+01
      Potential    Kinetic En.   Total Energy  Conserved En.    Temperature
   -1.24570e+06    1.99967e+05   -1.04573e+06   -1.04423e+06    3.08258e+02
 Pressure (bar)   Constr. rmsd
   -2.01234e+01    1.17753e-06

           Step           Time
          75000     1500.00000

   Energies (kJ/mol)
           Bond  Harmonic Pot.          Angle       G96Angle  Restr. Angles
    1.88739e+04    2.95815e+00    1.28796e+04    5.32598e+02    6.82284e+02
    Proper Dih.  Improper Dih.        LJ (SR)   Coulomb (SR) Position Rest.
    3.70516e+02    4.24675e+02   -1.26568e+06   -1.42431e+04    1.91299e+01
      Potential    Kinetic En.   Total Energy  Conserved En.    Temperature
   -1.24614e+06    2.00655e+05   -1.04548e+06   -1.04435e+06    3.09319e+02
 Pressure (bar)   Constr. rmsd
    1.09208e+01    1.14640e-06

           Step           Time
         100000     2000.00000

   Energies (kJ/mol)
           Bond  Harmonic Pot.          Angle       G96Angle  Restr. Angles
    1.87662e+04    4.45815e+00    1.24605e+04    5.07285e+02    7.51725e+02
    Proper Dih.  Improper Dih.        LJ (SR)   Coulomb (SR) Position Rest.
    3.76203e+02    4.44685e+02   -1.26220e+06   -1.42246e+04    1.29984e+01
      Potential    Kinetic En.   Total Energy  Conserved En.    Temperature
   -1.24310e+06    2.02103e+05   -1.04100e+06   -1.04448e+06    3.11552e+02
 Pressure (bar)   Constr. rmsd
   -3.15753e+01    1.16576e-06

           Step           Time
         125000     2500.00000

   Energies (kJ/mol)
           Bond  Harmonic Pot.          Angle       G96Angle  Restr. Angles
    1.81582e+04    3.61613e+00    1.26170e+04    5.46669e+02    6.71022e+02
    Proper Dih.  Improper Dih.        LJ (SR)   Coulomb (SR) Position Rest.
    4.29787e+02    4.52075e+02   -1.26212e+06   -1.42312e+04    1.83412e+01
      Potential    Kinetic En.   Total Energy  Conserved En.    Temperature
   -1.24345e+06    1.99513e+05   -1.04394e+06   -1.04458e+06    3.07559e+02
 Pressure (bar)   Constr. rmsd
   -1.75953e+01    1.15103e-06

           Step           Time
         150000     3000.00000

   Energies (kJ/mol)
           Bond  Harmonic Pot.          Angle       G96Angle  Restr. Angles
    1.86513e+04    2.52803e+00    1.29591e+04    6.05589e+02    6.46657e+02
    Proper Dih.  Improper Dih.        LJ (SR)   Coulomb (SR) Position Rest.
    3.91433e+02    4.60207e+02   -1.26316e+06   -1.40649e+04    2.45418e+01
      Potential    Kinetic En.   Total Energy  Conserved En.    Temperature
   -1.24348e+06    2.01647e+05   -1.04184e+06   -1.04466e+06    3.10849e+02
 Pressure (bar)   Constr. rmsd
   -2.64974e+01    1.21281e-06

           Step           Time
         175000     3500.00000

   Energies (kJ/mol)
           Bond  Harmonic Pot.          Angle       G96Angle  Restr. Angles
    1.85530e+04    6.56876e+00    1.25997e+04    5.47281e+02    6.58024e+02
    Proper Dih.  Improper Dih.        LJ (SR)   Coulomb (SR) Position Rest.
    3.85813e+02    4.69912e+02   -1.26427e+06   -1.43381e+04    2.46217e+01
      Potential    Kinetic En.   Total Energy  Conserved En.    Temperature
   -1.24537e+06    1.99635e+05   -1.04573e+06   -1.04495e+06    3.07747e+02
 Pressure (bar)   Constr. rmsd
   -1.59217e+01    1.19442e-06

           Step           Time
         200000     4000.00000

   Energies (kJ/mol)
           Bond  Harmonic Pot.          Angle       G96Angle  Restr. Angles
    1.84238e+04    1.12830e+01    1.26694e+04    5.66296e+02    6.68607e+02
    Proper Dih.  Improper Dih.        LJ (SR)   Coulomb (SR) Position Rest.
    4.25349e+02    4.48973e+02   -1.26429e+06   -1.45087e+04    3.63288e+01
      Potential    Kinetic En.   Total Energy  Conserved En.    Temperature
   -1.24554e+06    2.02122e+05   -1.04342e+06   -1.04519e+06    3.11581e+02
 Pressure (bar)   Constr. rmsd
   -7.05641e+00    1.17635e-06

           Step           Time
         225000     4500.00000

   Energies (kJ/mol)
           Bond  Harmonic Pot.          Angle       G96Angle  Restr. Angles
    1.84762e+04    4.49932e+00    1.26711e+04    4.86100e+02    6.62669e+02
    Proper Dih.  Improper Dih.        LJ (SR)   Coulomb (SR) Position Rest.
    4.15218e+02    5.17863e+02   -1.26415e+06   -1.44874e+04    3.14096e+01
      Potential    Kinetic En.   Total Energy  Conserved En.    Temperature
   -1.24537e+06    2.02001e+05   -1.04337e+06   -1.04506e+06    3.11394e+02
 Pressure (bar)   Constr. rmsd
    1.49982e+01    1.19501e-06

           Step           Time
         250000     5000.00000

   Energies (kJ/mol)
           Bond  Harmonic Pot.          Angle       G96Angle  Restr. Angles
    1.86725e+04    6.27490e+00    1.26451e+04    5.65853e+02    6.42495e+02
    Proper Dih.  Improper Dih.        LJ (SR)   Coulomb (SR) Position Rest.
    4.09602e+02    4.63035e+02   -1.26278e+06   -1.39345e+04    2.66621e+01
      Potential    Kinetic En.   Total Energy  Conserved En.    Temperature
   -1.24328e+06    2.00098e+05   -1.04318e+06   -1.04507e+06    3.08461e+02
 Pressure (bar)   Constr. rmsd
   -3.49282e+01    1.15105e-06

           Step           Time
         275000     5500.00000

   Energies (kJ/mol)
           Bond  Harmonic Pot.          Angle       G96Angle  Restr. Angles
    1.86201e+04    1.02289e+01    1.30087e+04    5.32119e+02    6.57116e+02
    Proper Dih.  Improper Dih.        LJ (SR)   Coulomb (SR) Position Rest.
    3.98597e+02    5.07896e+02   -1.26372e+06   -1.41270e+04    2.19609e+01
      Potential    Kinetic En.   Total Energy  Conserved En.    Temperature
   -1.24409e+06    2.02357e+05   -1.04173e+06   -1.04518e+06    3.11944e+02
 Pressure (bar)   Constr. rmsd
    6.85352e-01    1.19516e-06

           Step           Time
         300000     6000.00000

   Energies (kJ/mol)
           Bond  Harmonic Pot.          Angle       G96Angle  Restr. Angles
    1.79333e+04    1.35044e+01    1.28743e+04    5.32534e+02    6.42315e+02
    Proper Dih.  Improper Dih.        LJ (SR)   Coulomb (SR) Position Rest.
    3.98543e+02    4.40203e+02   -1.26402e+06   -1.44132e+04    3.33936e+01
      Potential    Kinetic En.   Total Energy  Conserved En.    Temperature
   -1.24557e+06    2.02371e+05   -1.04320e+06   -1.04536e+06    3.11964e+02
 Pressure (bar)   Constr. rmsd
    1.09808e+01    1.15328e-06

           Step           Time
         325000     6500.00000

   Energies (kJ/mol)
           Bond  Harmonic Pot.          Angle       G96Angle  Restr. Angles
    1.90110e+04    4.24642e+00    1.27733e+04    5.20066e+02    7.08707e+02
    Proper Dih.  Improper Dih.        LJ (SR)   Coulomb (SR) Position Rest.
    3.53243e+02    4.59577e+02   -1.26242e+06   -1.43399e+04    2.96162e+01
      Potential    Kinetic En.   Total Energy  Conserved En.    Temperature
   -1.24290e+06    2.00724e+05   -1.04218e+06   -1.04539e+06    3.09426e+02
 Pressure (bar)   Constr. rmsd
    1.54079e+01    1.16051e-06

           Step           Time
         350000     7000.00000

   Energies (kJ/mol)
           Bond  Harmonic Pot.          Angle       G96Angle  Restr. Angles
    1.80679e+04    3.90344e+00    1.27648e+04    5.15342e+02    6.53933e+02
    Proper Dih.  Improper Dih.        LJ (SR)   Coulomb (SR) Position Rest.
    4.29219e+02    4.58342e+02   -1.26401e+06   -1.42982e+04    2.47508e+01
      Potential    Kinetic En.   Total Energy  Conserved En.    Temperature
   -1.24539e+06    1.99808e+05   -1.04558e+06   -1.04535e+06    3.08014e+02
 Pressure (bar)   Constr. rmsd
   -2.06816e+01    1.21769e-06

           Step           Time
         375000     7500.00000

   Energies (kJ/mol)
           Bond  Harmonic Pot.          Angle       G96Angle  Restr. Angles
    1.80539e+04    7.41295e+00    1.28177e+04    5.12388e+02    6.50967e+02
    Proper Dih.  Improper Dih.        LJ (SR)   Coulomb (SR) Position Rest.
    3.98076e+02    4.47433e+02   -1.26413e+06   -1.43796e+04    2.16002e+01
      Potential    Kinetic En.   Total Energy  Conserved En.    Temperature
   -1.24560e+06    2.02247e+05   -1.04335e+06   -1.04549e+06    3.11774e+02
 Pressure (bar)   Constr. rmsd
    2.09909e+01    1.12113e-06

           Step           Time
         400000     8000.00000

   Energies (kJ/mol)
           Bond  Harmonic Pot.          Angle       G96Angle  Restr. Angles
    1.82635e+04    7.57043e+00    1.26069e+04    5.52421e+02    6.78869e+02
    Proper Dih.  Improper Dih.        LJ (SR)   Coulomb (SR) Position Rest.
    4.25987e+02    4.41828e+02   -1.26383e+06   -1.45185e+04    2.20165e+01
      Potential    Kinetic En.   Total Energy  Conserved En.    Temperature
   -1.24535e+06    2.01587e+05   -1.04376e+06   -1.04544e+06    3.10755e+02
 Pressure (bar)   Constr. rmsd
   -5.95295e+00    1.14713e-06

           Step           Time
         425000     8500.00000

   Energies (kJ/mol)
           Bond  Harmonic Pot.          Angle       G96Angle  Restr. Angles
    1.84654e+04    6.44522e+00    1.28369e+04    5.34464e+02    6.55307e+02
    Proper Dih.  Improper Dih.        LJ (SR)   Coulomb (SR) Position Rest.
    3.98390e+02    3.95532e+02   -1.26448e+06   -1.44645e+04    1.95339e+01
      Potential    Kinetic En.   Total Energy  Conserved En.    Temperature
   -1.24563e+06    2.02066e+05   -1.04356e+06   -1.04553e+06    3.11495e+02
 Pressure (bar)   Constr. rmsd
   -8.72879e+00    1.15663e-06

           Step           Time
         450000     9000.00000

   Energies (kJ/mol)
           Bond  Harmonic Pot.          Angle       G96Angle  Restr. Angles
    1.82569e+04    5.97294e+00    1.29482e+04    5.15259e+02    6.96682e+02
    Proper Dih.  Improper Dih.        LJ (SR)   Coulomb (SR) Position Rest.
    4.19797e+02    4.80911e+02   -1.26434e+06   -1.42925e+04    1.98834e+01
      Potential    Kinetic En.   Total Energy  Conserved En.    Temperature
   -1.24529e+06    2.00682e+05   -1.04461e+06   -1.04563e+06    3.09361e+02
 Pressure (bar)   Constr. rmsd
    1.20439e+00    1.13620e-06

           Step           Time
         475000     9500.00000

   Energies (kJ/mol)
           Bond  Harmonic Pot.          Angle       G96Angle  Restr. Angles
    1.85658e+04    5.92552e+00    1.25767e+04    5.19824e+02    6.62999e+02
    Proper Dih.  Improper Dih.        LJ (SR)   Coulomb (SR) Position Rest.
    3.86292e+02    4.85909e+02   -1.26408e+06   -1.43362e+04    1.99417e+01
      Potential    Kinetic En.   Total Energy  Conserved En.    Temperature
   -1.24520e+06    1.99833e+05   -1.04536e+06   -1.04570e+06    3.08053e+02
 Pressure (bar)   Constr. rmsd
   -1.39347e+01    1.15522e-06

           Step           Time
         500000    10000.00000

   Energies (kJ/mol)
           Bond  Harmonic Pot.          Angle       G96Angle  Restr. Angles
    1.85963e+04    7.65349e+00    1.29013e+04    5.17681e+02    6.71094e+02
    Proper Dih.  Improper Dih.        LJ (SR)   Coulomb (SR) Position Rest.
    3.69105e+02    4.61587e+02   -1.26177e+06   -1.43494e+04    2.02511e+01
      Potential    Kinetic En.   Total Energy  Conserved En.    Temperature
   -1.24257e+06    2.01577e+05   -1.04099e+06   -1.04565e+06    3.10741e+02
 Pressure (bar)   Constr. rmsd
    5.43434e+00    1.15458e-06

           Step           Time
         525000    10500.00000

   Energies (kJ/mol)
           Bond  Harmonic Pot.          Angle       G96Angle  Restr. Angles
    1.81398e+04    4.90594e+00    1.26722e+04    5.38142e+02    6.81884e+02
    Proper Dih.  Improper Dih.        LJ (SR)   Coulomb (SR) Position Rest.
    4.15888e+02    4.37344e+02   -1.26273e+06   -1.43214e+04    2.33373e+01
      Potential    Kinetic En.   Total Energy  Conserved En.    Temperature
   -1.24414e+06    2.00222e+05   -1.04391e+06   -1.04577e+06    3.08652e+02
 Pressure (bar)   Constr. rmsd
    3.55973e+00    1.18100e-06

           Step           Time
         550000    11000.00000

   Energies (kJ/mol)
           Bond  Harmonic Pot.          Angle       G96Angle  Restr. Angles
    1.87900e+04    7.77972e+00    1.25393e+04    5.40315e+02    6.61095e+02
    Proper Dih.  Improper Dih.        LJ (SR)   Coulomb (SR) Position Rest.
    4.37222e+02    4.21895e+02   -1.26376e+06   -1.43177e+04    2.62419e+01
      Potential    Kinetic En.   Total Energy  Conserved En.    Temperature
   -1.24465e+06    2.00760e+05   -1.04389e+06   -1.04583e+06    3.09482e+02
 Pressure (bar)   Constr. rmsd
   -8.50182e+00    1.23663e-06

           Step           Time
         575000    11500.00000

   Energies (kJ/mol)
           Bond  Harmonic Pot.          Angle       G96Angle  Restr. Angles
    1.83877e+04    8.53491e+00    1.26205e+04    5.30427e+02    6.85543e+02
    Proper Dih.  Improper Dih.        LJ (SR)   Coulomb (SR) Position Rest.
    4.28757e+02    4.36223e+02   -1.26409e+06   -1.46087e+04    2.02036e+01
      Potential    Kinetic En.   Total Energy  Conserved En.    Temperature
   -1.24558e+06    2.02516e+05   -1.04307e+06   -1.04602e+06    3.12188e+02
 Pressure (bar)   Constr. rmsd
    8.62913e+00    1.22598e-06

           Step           Time
         600000    12000.00000

   Energies (kJ/mol)
           Bond  Harmonic Pot.          Angle       G96Angle  Restr. Angles
    1.85967e+04    5.55536e+00    1.29572e+04    5.17391e+02    6.71927e+02
    Proper Dih.  Improper Dih.        LJ (SR)   Coulomb (SR) Position Rest.
    4.02300e+02    4.11285e+02   -1.26423e+06   -1.44217e+04    2.20264e+01
      Potential    Kinetic En.   Total Energy  Conserved En.    Temperature
   -1.24506e+06    2.00915e+05   -1.04415e+06   -1.04595e+06    3.09720e+02
 Pressure (bar)   Constr. rmsd
   -5.69836e+00    1.19404e-06

           Step           Time
         625000    12500.00000

   Energies (kJ/mol)
           Bond  Harmonic Pot.          Angle       G96Angle  Restr. Angles
    1.81881e+04    4.46531e+00    1.27557e+04    5.70715e+02    6.54452e+02
    Proper Dih.  Improper Dih.        LJ (SR)   Coulomb (SR) Position Rest.
    3.79010e+02    3.87696e+02   -1.26371e+06   -1.44466e+04    2.59284e+01
      Potential    Kinetic En.   Total Energy  Conserved En.    Temperature
   -1.24519e+06    2.01648e+05   -1.04354e+06   -1.04594e+06    3.10850e+02
 Pressure (bar)   Constr. rmsd
   -6.19967e+00    1.17970e-06

           Step           Time
         650000    13000.00000

   Energies (kJ/mol)
           Bond  Harmonic Pot.          Angle       G96Angle  Restr. Angles
    1.83355e+04    3.72754e+00    1.25683e+04    5.24600e+02    6.51401e+02
    Proper Dih.  Improper Dih.        LJ (SR)   Coulomb (SR) Position Rest.
    4.05224e+02    4.26123e+02   -1.26403e+06   -1.45957e+04    3.06544e+01
      Potential    Kinetic En.   Total Energy  Conserved En.    Temperature
   -1.24568e+06    2.00480e+05   -1.04520e+06   -1.04591e+06    3.09049e+02
 Pressure (bar)   Constr. rmsd
    1.37712e+01    1.18970e-06

           Step           Time
         675000    13500.00000

   Energies (kJ/mol)
           Bond  Harmonic Pot.          Angle       G96Angle  Restr. Angles
    1.83185e+04    4.99328e+00    1.26651e+04    5.27423e+02    6.41828e+02
    Proper Dih.  Improper Dih.        LJ (SR)   Coulomb (SR) Position Rest.
    3.93448e+02    4.30302e+02   -1.26426e+06   -1.46924e+04    2.46338e+01
      Potential    Kinetic En.   Total Energy  Conserved En.    Temperature
   -1.24594e+06    2.00266e+05   -1.04568e+06   -1.04626e+06    3.08720e+02
 Pressure (bar)   Constr. rmsd
    2.30014e+01    1.19973e-06

           Step           Time
         700000    14000.00000

   Energies (kJ/mol)
           Bond  Harmonic Pot.          Angle       G96Angle  Restr. Angles
    1.82247e+04    4.43487e+00    1.28939e+04    5.18300e+02    6.38590e+02
    Proper Dih.  Improper Dih.        LJ (SR)   Coulomb (SR) Position Rest.
    4.70456e+02    3.93298e+02   -1.26371e+06   -1.45153e+04    2.33712e+01
      Potential    Kinetic En.   Total Energy  Conserved En.    Temperature
   -1.24506e+06    2.01429e+05   -1.04363e+06   -1.04635e+06    3.10513e+02
 Pressure (bar)   Constr. rmsd
    1.25778e+01    1.24089e-06

           Step           Time
         725000    14500.00000

   Energies (kJ/mol)
           Bond  Harmonic Pot.          Angle       G96Angle  Restr. Angles
    1.85463e+04    4.87414e+00    1.27784e+04    5.17411e+02    6.24529e+02
    Proper Dih.  Improper Dih.        LJ (SR)   Coulomb (SR) Position Rest.
    4.57731e+02    5.27140e+02   -1.26461e+06   -1.46843e+04    1.98522e+01
      Potential    Kinetic En.   Total Energy  Conserved En.    Temperature
   -1.24582e+06    2.01108e+05   -1.04471e+06   -1.04661e+06    3.10017e+02
 Pressure (bar)   Constr. rmsd
   -1.35020e+01    1.14544e-06

           Step           Time
         750000    15000.00000

   Energies (kJ/mol)
           Bond  Harmonic Pot.          Angle       G96Angle  Restr. Angles
    1.84344e+04    5.21399e+00    1.25962e+04    4.92817e+02    6.43187e+02
    Proper Dih.  Improper Dih.        LJ (SR)   Coulomb (SR) Position Rest.
    3.66874e+02    4.34265e+02   -1.26577e+06   -1.47985e+04    2.34995e+01
      Potential    Kinetic En.   Total Energy  Conserved En.    Temperature
   -1.24757e+06    1.99422e+05   -1.04815e+06   -1.04688e+06    3.07418e+02
 Pressure (bar)   Constr. rmsd
   -6.93081e+00    1.13619e-06

           Step           Time
         775000    15500.00000

   Energies (kJ/mol)
           Bond  Harmonic Pot.          Angle       G96Angle  Restr. Angles
    1.86287e+04    4.51696e+00    1.27135e+04    5.19895e+02    6.90193e+02
    Proper Dih.  Improper Dih.        LJ (SR)   Coulomb (SR) Position Rest.
    4.52922e+02    4.63563e+02   -1.26419e+06   -1.43944e+04    2.35813e+01
      Potential    Kinetic En.   Total Energy  Conserved En.    Temperature
   -1.24508e+06    2.00648e+05   -1.04444e+06   -1.04706e+06    3.09308e+02
 Pressure (bar)   Constr. rmsd
    4.82175e+00    1.23245e-06

           Step           Time
         800000    16000.00000

   Energies (kJ/mol)
           Bond  Harmonic Pot.          Angle       G96Angle  Restr. Angles
    1.85197e+04    5.22280e+00    1.29134e+04    5.11406e+02    6.84517e+02
    Proper Dih.  Improper Dih.        LJ (SR)   Coulomb (SR) Position Rest.
    3.76747e+02    4.71841e+02   -1.26113e+06   -1.43436e+04    2.76803e+01
      Potential    Kinetic En.   Total Energy  Conserved En.    Temperature
   -1.24196e+06    2.02129e+05   -1.03983e+06   -1.04707e+06    3.11592e+02
 Pressure (bar)   Constr. rmsd
   -6.35353e-01    1.20813e-06

           Step           Time
         825000    16500.00000

   Energies (kJ/mol)
           Bond  Harmonic Pot.          Angle       G96Angle  Restr. Angles
    1.87865e+04    8.30888e+00    1.25842e+04    5.44051e+02    6.57961e+02
    Proper Dih.  Improper Dih.        LJ (SR)   Coulomb (SR) Position Rest.
    4.32418e+02    4.26775e+02   -1.26414e+06   -1.44492e+04    2.33309e+01
      Potential    Kinetic En.   Total Energy  Conserved En.    Temperature
   -1.24512e+06    2.02058e+05   -1.04307e+06   -1.04717e+06    3.11482e+02
 Pressure (bar)   Constr. rmsd
   -7.00195e+00    1.17892e-06

           Step           Time
         850000    17000.00000

   Energies (kJ/mol)
           Bond  Harmonic Pot.          Angle       G96Angle  Restr. Angles
    1.83836e+04    4.82686e+00    1.27245e+04    5.41312e+02    6.53087e+02
    Proper Dih.  Improper Dih.        LJ (SR)   Coulomb (SR) Position Rest.
    4.08157e+02    4.06257e+02   -1.26656e+06   -1.44341e+04    1.87744e+01
      Potential    Kinetic En.   Total Energy  Conserved En.    Temperature
   -1.24785e+06    2.01000e+05   -1.04685e+06   -1.04726e+06    3.09851e+02
 Pressure (bar)   Constr. rmsd
    1.28906e+01    1.20592e-06

           Step           Time
         875000    17500.00000

   Energies (kJ/mol)
           Bond  Harmonic Pot.          Angle       G96Angle  Restr. Angles
    1.78882e+04    5.34903e+00    1.26728e+04    5.02777e+02    7.32616e+02
    Proper Dih.  Improper Dih.        LJ (SR)   Coulomb (SR) Position Rest.
    4.25136e+02    5.16161e+02   -1.26332e+06   -1.42073e+04    2.27561e+01
      Potential    Kinetic En.   Total Energy  Conserved En.    Temperature
   -1.24476e+06    2.01102e+05   -1.04366e+06   -1.04725e+06    3.10008e+02
 Pressure (bar)   Constr. rmsd
   -1.43846e+01    1.17825e-06

           Step           Time
         900000    18000.00000

   Energies (kJ/mol)
           Bond  Harmonic Pot.          Angle       G96Angle  Restr. Angles
    1.81906e+04    3.94519e+00    1.26125e+04    4.84298e+02    6.90040e+02
    Proper Dih.  Improper Dih.        LJ (SR)   Coulomb (SR) Position Rest.
    3.73561e+02    4.72204e+02   -1.26386e+06   -1.44342e+04    2.27310e+01
      Potential    Kinetic En.   Total Energy  Conserved En.    Temperature
   -1.24545e+06    2.00999e+05   -1.04445e+06   -1.04745e+06    3.09849e+02
 Pressure (bar)   Constr. rmsd
   -2.05206e+01    1.14724e-06

           Step           Time
         925000    18500.00000

   Energies (kJ/mol)
           Bond  Harmonic Pot.          Angle       G96Angle  Restr. Angles
    1.85669e+04    3.30571e+00    1.28273e+04    5.43715e+02    6.52182e+02
    Proper Dih.  Improper Dih.        LJ (SR)   Coulomb (SR) Position Rest.
    4.57990e+02    4.95276e+02   -1.26168e+06   -1.46636e+04    2.23491e+01
      Potential    Kinetic En.   Total Energy  Conserved En.    Temperature
   -1.24277e+06    2.02175e+05   -1.04060e+06   -1.04763e+06    3.11662e+02
 Pressure (bar)   Constr. rmsd
   -4.29100e+00    1.25674e-06

           Step           Time
         950000    19000.00000

   Energies (kJ/mol)
           Bond  Harmonic Pot.          Angle       G96Angle  Restr. Angles
    1.82126e+04    8.23407e+00    1.29597e+04    5.48777e+02    6.60246e+02
    Proper Dih.  Improper Dih.        LJ (SR)   Coulomb (SR) Position Rest.
    4.01090e+02    4.34535e+02   -1.26407e+06   -1.43986e+04    2.11800e+01
      Potential    Kinetic En.   Total Energy  Conserved En.    Temperature
   -1.24522e+06    2.01798e+05   -1.04342e+06   -1.04775e+06    3.11081e+02
 Pressure (bar)   Constr. rmsd
    4.16706e+01    1.21388e-06

           Step           Time
         975000    19500.00000

   Energies (kJ/mol)
           Bond  Harmonic Pot.          Angle       G96Angle  Restr. Angles
    1.84247e+04    4.30955e+00    1.28175e+04    5.14629e+02    6.86453e+02
    Proper Dih.  Improper Dih.        LJ (SR)   Coulomb (SR) Position Rest.
    3.71644e+02    4.90725e+02   -1.26442e+06   -1.44359e+04    2.50817e+01
      Potential    Kinetic En.   Total Energy  Conserved En.    Temperature
   -1.24552e+06    2.02090e+05   -1.04343e+06   -1.04778e+06    3.11531e+02
 Pressure (bar)   Constr. rmsd
   -1.36781e+01    1.10341e-06

           Step           Time
        1000000    20000.00000

   Energies (kJ/mol)
           Bond  Harmonic Pot.          Angle       G96Angle  Restr. Angles
    1.87229e+04    4.38415e+00    1.27670e+04    5.35091e+02    6.17442e+02
    Proper Dih.  Improper Dih.        LJ (SR)   Coulomb (SR) Position Rest.
    4.34083e+02    4.95981e+02   -1.26399e+06   -1.44455e+04    2.19820e+01
      Potential    Kinetic En.   Total Energy  Conserved En.    Temperature
   -1.24483e+06    2.01779e+05   -1.04305e+06   -1.04785e+06    3.11051e+02
 Pressure (bar)   Constr. rmsd
   -4.79215e+00    1.20227e-06

           Step           Time
        1025000    20500.00000

   Energies (kJ/mol)
           Bond  Harmonic Pot.          Angle       G96Angle  Restr. Angles
    1.82913e+04    4.90638e+00    1.27849e+04    5.23052e+02    7.30971e+02
    Proper Dih.  Improper Dih.        LJ (SR)   Coulomb (SR) Position Rest.
    3.83343e+02    4.80657e+02   -1.26366e+06   -1.43461e+04    2.59755e+01
      Potential    Kinetic En.   Total Energy  Conserved En.    Temperature
   -1.24478e+06    2.01376e+05   -1.04341e+06   -1.04794e+06    3.10430e+02
 Pressure (bar)   Constr. rmsd
   -5.19185e+00    1.19504e-06

           Step           Time
        1050000    21000.00000

   Energies (kJ/mol)
           Bond  Harmonic Pot.          Angle       G96Angle  Restr. Angles
    1.83510e+04    9.41856e+00    1.25255e+04    5.11245e+02    7.00530e+02
    Proper Dih.  Improper Dih.        LJ (SR)   Coulomb (SR) Position Rest.
    4.03329e+02    4.58434e+02   -1.26219e+06   -1.42925e+04    2.15529e+01
      Potential    Kinetic En.   Total Energy  Conserved En.    Temperature
   -1.24350e+06    2.01303e+05   -1.04220e+06   -1.04789e+06    3.10318e+02
 Pressure (bar)   Constr. rmsd
    2.30190e+00    1.17633e-06

           Step           Time
        1075000    21500.00000

   Energies (kJ/mol)
           Bond  Harmonic Pot.          Angle       G96Angle  Restr. Angles
    1.83850e+04    5.31850e+00    1.26101e+04    5.61047e+02    6.65635e+02
    Proper Dih.  Improper Dih.        LJ (SR)   Coulomb (SR) Position Rest.
    4.58989e+02    4.30843e+02   -1.26572e+06   -1.46415e+04    3.17135e+01
      Potential    Kinetic En.   Total Energy  Conserved En.    Temperature
   -1.24721e+06    2.01060e+05   -1.04615e+06   -1.04784e+06    3.09943e+02
 Pressure (bar)   Constr. rmsd
   -5.10158e+00    1.17794e-06

           Step           Time
        1100000    22000.00000

   Energies (kJ/mol)
           Bond  Harmonic Pot.          Angle       G96Angle  Restr. Angles
    1.84900e+04    7.00190e+00    1.24938e+04    5.10103e+02    6.41486e+02
    Proper Dih.  Improper Dih.        LJ (SR)   Coulomb (SR) Position Rest.
    4.05877e+02    4.04998e+02   -1.26767e+06   -1.40599e+04    2.84714e+01
      Potential    Kinetic En.   Total Energy  Conserved En.    Temperature
   -1.24875e+06    2.00870e+05   -1.04788e+06   -1.04786e+06    3.09651e+02
 Pressure (bar)   Constr. rmsd
    1.67641e+01    1.13316e-06

           Step           Time
        1125000    22500.00000

   Energies (kJ/mol)
           Bond  Harmonic Pot.          Angle       G96Angle  Restr. Angles
    1.82906e+04    5.12358e+00    1.26949e+04    5.41498e+02    6.79182e+02
    Proper Dih.  Improper Dih.        LJ (SR)   Coulomb (SR) Position Rest.
    4.08879e+02    4.20835e+02   -1.26302e+06   -1.42827e+04    2.28644e+01
      Potential    Kinetic En.   Total Energy  Conserved En.    Temperature
   -1.24424e+06    1.99068e+05   -1.04517e+06   -1.04803e+06    3.06872e+02
 Pressure (bar)   Constr. rmsd
   -1.60404e+01    1.15154e-06

           Step           Time
        1150000    23000.00000

   Energies (kJ/mol)
           Bond  Harmonic Pot.          Angle       G96Angle  Restr. Angles
    1.86917e+04    5.77027e+00    1.26384e+04    5.15257e+02    6.87478e+02
    Proper Dih.  Improper Dih.        LJ (SR)   Coulomb (SR) Position Rest.
    3.88638e+02    4.67450e+02   -1.26362e+06   -1.45176e+04    3.04893e+01
      Potential    Kinetic En.   Total Energy  Conserved En.    Temperature
   -1.24471e+06    1.98931e+05   -1.04578e+06   -1.04818e+06    3.06661e+02
 Pressure (bar)   Constr. rmsd
   -1.97040e+01    1.18120e-06

           Step           Time
        1175000    23500.00000

   Energies (kJ/mol)
           Bond  Harmonic Pot.          Angle       G96Angle  Restr. Angles
    1.82828e+04    4.67352e+00    1.25800e+04    5.65125e+02    7.30214e+02
    Proper Dih.  Improper Dih.        LJ (SR)   Coulomb (SR) Position Rest.
    3.44338e+02    4.57088e+02   -1.26317e+06   -1.45713e+04    1.31578e+01
      Potential    Kinetic En.   Total Energy  Conserved En.    Temperature
   -1.24476e+06    1.99626e+05   -1.04513e+06   -1.04842e+06    3.07733e+02
 Pressure (bar)   Constr. rmsd
   -1.53087e+01    1.15944e-06

           Step           Time
        1200000    24000.00000

   Energies (kJ/mol)
           Bond  Harmonic Pot.          Angle       G96Angle  Restr. Angles
    1.85337e+04    8.20562e+00    1.25332e+04    5.43394e+02    6.73273e+02
    Proper Dih.  Improper Dih.        LJ (SR)   Coulomb (SR) Position Rest.
    3.90558e+02    4.70460e+02   -1.26324e+06   -1.45237e+04    1.87067e+01
      Potential    Kinetic En.   Total Energy  Conserved En.    Temperature
   -1.24459e+06    2.03170e+05   -1.04142e+06   -1.04845e+06    3.13197e+02
 Pressure (bar)   Constr. rmsd
    8.49191e+00    1.12446e-06

           Step           Time
        1225000    24500.00000

   Energies (kJ/mol)
           Bond  Harmonic Pot.          Angle       G96Angle  Restr. Angles
    1.88247e+04    9.60263e+00    1.25629e+04    5.78009e+02    6.89463e+02
    Proper Dih.  Improper Dih.        LJ (SR)   Coulomb (SR) Position Rest.
    4.06129e+02    4.72074e+02   -1.26308e+06   -1.44455e+04    2.25474e+01
      Potential    Kinetic En.   Total Energy  Conserved En.    Temperature
   -1.24396e+06    2.01759e+05   -1.04220e+06   -1.04830e+06    3.11021e+02
 Pressure (bar)   Constr. rmsd
    7.02735e-01    1.12634e-06

           Step           Time
        1250000    25000.00000

   Energies (kJ/mol)
           Bond  Harmonic Pot.          Angle       G96Angle  Restr. Angles
    1.86223e+04    4.63820e+00    1.24973e+04    5.52152e+02    6.49892e+02
    Proper Dih.  Improper Dih.        LJ (SR)   Coulomb (SR) Position Rest.
    3.74768e+02    4.93230e+02   -1.26288e+06   -1.44950e+04    1.58860e+01
      Potential    Kinetic En.   Total Energy  Conserved En.    Temperature
   -1.24416e+06    2.00643e+05   -1.04352e+06   -1.04837e+06    3.09301e+02
 Pressure (bar)   Constr. rmsd
    9.34086e+00    1.14984e-06

           Step           Time
        1275000    25500.00000

   Energies (kJ/mol)
           Bond  Harmonic Pot.          Angle       G96Angle  Restr. Angles
    1.84309e+04    3.84400e+00    1.24151e+04    5.13637e+02    7.09923e+02
    Proper Dih.  Improper Dih.        LJ (SR)   Coulomb (SR) Position Rest.
    3.54528e+02    3.96404e+02   -1.26386e+06   -1.44466e+04    2.10839e+01
      Potential    Kinetic En.   Total Energy  Conserved En.    Temperature
   -1.24547e+06    2.00669e+05   -1.04480e+06   -1.04847e+06    3.09340e+02
 Pressure (bar)   Constr. rmsd
   -1.08765e+01    1.14804e-06

           Step           Time
        1300000    26000.00000

   Energies (kJ/mol)
           Bond  Harmonic Pot.          Angle       G96Angle  Restr. Angles
    1.79903e+04    5.48193e+00    1.23292e+04    5.59551e+02    5.89632e+02
    Proper Dih.  Improper Dih.        LJ (SR)   Coulomb (SR) Position Rest.
    4.68752e+02    4.44035e+02   -1.26330e+06   -1.46343e+04    1.93398e+01
      Potential    Kinetic En.   Total Energy  Conserved En.    Temperature
   -1.24553e+06    2.00205e+05   -1.04532e+06   -1.04862e+06    3.08625e+02
 Pressure (bar)   Constr. rmsd
   -2.80123e+01    1.16582e-06

           Step           Time
        1325000    26500.00000

   Energies (kJ/mol)
           Bond  Harmonic Pot.          Angle       G96Angle  Restr. Angles
    1.85663e+04    4.71647e+00    1.21763e+04    5.28300e+02    6.53523e+02
    Proper Dih.  Improper Dih.        LJ (SR)   Coulomb (SR) Position Rest.
    4.33128e+02    4.51833e+02   -1.26546e+06   -1.44579e+04    1.99659e+01
      Potential    Kinetic En.   Total Energy  Conserved En.    Temperature
   -1.24709e+06    2.00214e+05   -1.04687e+06   -1.04870e+06    3.08640e+02
 Pressure (bar)   Constr. rmsd
    9.50592e-01    1.08856e-06

Writing checkpoint, step 1340240 at Fri Mar 14 19:25:02 2025


           Step           Time
        1350000    27000.00000

   Energies (kJ/mol)
           Bond  Harmonic Pot.          Angle       G96Angle  Restr. Angles
    1.85573e+04    5.69019e+00    1.26355e+04    5.33479e+02    6.86169e+02
    Proper Dih.  Improper Dih.        LJ (SR)   Coulomb (SR) Position Rest.
    3.73851e+02    4.63705e+02   -1.26391e+06   -1.44191e+04    2.38991e+01
      Potential    Kinetic En.   Total Energy  Conserved En.    Temperature
   -1.24505e+06    2.00194e+05   -1.04485e+06   -1.04875e+06    3.08609e+02
 Pressure (bar)   Constr. rmsd
   -4.14450e+01    1.14240e-06

           Step           Time
        1375000    27500.00000

   Energies (kJ/mol)
           Bond  Harmonic Pot.          Angle       G96Angle  Restr. Angles
    1.81751e+04    5.36882e+00    1.22202e+04    5.68541e+02    6.40657e+02
    Proper Dih.  Improper Dih.        LJ (SR)   Coulomb (SR) Position Rest.
    4.16116e+02    4.87594e+02   -1.26432e+06   -1.46701e+04    1.94967e+01
      Potential    Kinetic En.   Total Energy  Conserved En.    Temperature
   -1.24646e+06    2.00111e+05   -1.04635e+06   -1.04864e+06    3.08480e+02
 Pressure (bar)   Constr. rmsd
    6.25040e+00    1.12192e-06

           Step           Time
        1400000    28000.00000

   Energies (kJ/mol)
           Bond  Harmonic Pot.          Angle       G96Angle  Restr. Angles
    1.87614e+04    4.87892e+00    1.26675e+04    5.22029e+02    6.80925e+02
    Proper Dih.  Improper Dih.        LJ (SR)   Coulomb (SR) Position Rest.
    4.04275e+02    4.26097e+02   -1.26538e+06   -1.45719e+04    2.74923e+01
      Potential    Kinetic En.   Total Energy  Conserved En.    Temperature
   -1.24646e+06    2.01986e+05   -1.04447e+06   -1.04874e+06    3.11371e+02
 Pressure (bar)   Constr. rmsd
    1.32693e+01    1.17806e-06

           Step           Time
        1425000    28500.00000

   Energies (kJ/mol)
           Bond  Harmonic Pot.          Angle       G96Angle  Restr. Angles
    1.86556e+04    3.25403e+00    1.27737e+04    5.50604e+02    6.73078e+02
    Proper Dih.  Improper Dih.        LJ (SR)   Coulomb (SR) Position Rest.
    3.96292e+02    4.50473e+02   -1.26375e+06   -1.44057e+04    2.85791e+01
      Potential    Kinetic En.   Total Energy  Conserved En.    Temperature
   -1.24462e+06    2.00605e+05   -1.04401e+06   -1.04879e+06    3.09242e+02
 Pressure (bar)   Constr. rmsd
   -7.31145e+00    1.14350e-06

           Step           Time
        1450000    29000.00000

   Energies (kJ/mol)
           Bond  Harmonic Pot.          Angle       G96Angle  Restr. Angles
    1.81487e+04    7.99089e+00    1.28196e+04    5.32356e+02    6.50647e+02
    Proper Dih.  Improper Dih.        LJ (SR)   Coulomb (SR) Position Rest.
    4.45906e+02    4.78846e+02   -1.26260e+06   -1.44308e+04    2.12139e+01
      Potential    Kinetic En.   Total Energy  Conserved En.    Temperature
   -1.24393e+06    2.01683e+05   -1.04224e+06   -1.04873e+06    3.10904e+02
 Pressure (bar)   Constr. rmsd
    3.98562e+00    1.12057e-06

           Step           Time
        1475000    29500.00000

   Energies (kJ/mol)
           Bond  Harmonic Pot.          Angle       G96Angle  Restr. Angles
    1.82059e+04    6.97190e+00    1.26671e+04    5.37985e+02    6.79195e+02
    Proper Dih.  Improper Dih.        LJ (SR)   Coulomb (SR) Position Rest.
    3.57392e+02    4.78387e+02   -1.26201e+06   -1.43555e+04    2.44314e+01
      Potential    Kinetic En.   Total Energy  Conserved En.    Temperature
   -1.24341e+06    2.02101e+05   -1.04131e+06   -1.04875e+06    3.11548e+02
 Pressure (bar)   Constr. rmsd
   -3.55629e+01    1.16061e-06

           Step           Time
        1500000    30000.00000

   Energies (kJ/mol)
           Bond  Harmonic Pot.          Angle       G96Angle  Restr. Angles
    1.82353e+04    1.20370e+01    1.27501e+04    5.21950e+02    6.74550e+02
    Proper Dih.  Improper Dih.        LJ (SR)   Coulomb (SR) Position Rest.
    3.51928e+02    4.84916e+02   -1.26366e+06   -1.43948e+04    2.79093e+01
      Potential    Kinetic En.   Total Energy  Conserved En.    Temperature
   -1.24500e+06    2.00903e+05   -1.04410e+06   -1.04877e+06    3.09701e+02
 Pressure (bar)   Constr. rmsd
   -2.62424e+01    1.18470e-06

           Step           Time
        1525000    30500.00000

   Energies (kJ/mol)
           Bond  Harmonic Pot.          Angle       G96Angle  Restr. Angles
    1.81751e+04    7.24256e+00    1.26687e+04    5.71628e+02    6.46466e+02
    Proper Dih.  Improper Dih.        LJ (SR)   Coulomb (SR) Position Rest.
    3.79475e+02    5.01834e+02   -1.26457e+06   -1.43817e+04    2.23527e+01
      Potential    Kinetic En.   Total Energy  Conserved En.    Temperature
   -1.24598e+06    2.01722e+05   -1.04426e+06   -1.04881e+06    3.10964e+02
 Pressure (bar)   Constr. rmsd
   -1.36368e+01    1.15013e-06

           Step           Time
        1550000    31000.00000

   Energies (kJ/mol)
           Bond  Harmonic Pot.          Angle       G96Angle  Restr. Angles
    1.84339e+04    9.35839e+00    1.26600e+04    5.67113e+02    6.90361e+02
    Proper Dih.  Improper Dih.        LJ (SR)   Coulomb (SR) Position Rest.
    3.84966e+02    4.66831e+02   -1.26442e+06   -1.43022e+04    2.15511e+01
      Potential    Kinetic En.   Total Energy  Conserved En.    Temperature
   -1.24549e+06    2.00129e+05   -1.04536e+06   -1.04860e+06    3.08508e+02
 Pressure (bar)   Constr. rmsd
   -1.33423e+01    1.14253e-06

           Step           Time
        1575000    31500.00000

   Energies (kJ/mol)
           Bond  Harmonic Pot.          Angle       G96Angle  Restr. Angles
    1.84165e+04    8.11528e+00    1.24134e+04    5.58222e+02    6.94162e+02
    Proper Dih.  Improper Dih.        LJ (SR)   Coulomb (SR) Position Rest.
    4.08456e+02    4.04519e+02   -1.26531e+06   -1.42654e+04    1.97119e+01
      Potential    Kinetic En.   Total Energy  Conserved En.    Temperature
   -1.24665e+06    2.01296e+05   -1.04535e+06   -1.04888e+06    3.10308e+02
 Pressure (bar)   Constr. rmsd
    3.29421e+00    1.12695e-06

           Step           Time
        1600000    32000.00000

   Energies (kJ/mol)
           Bond  Harmonic Pot.          Angle       G96Angle  Restr. Angles
    1.83157e+04    8.34180e+00    1.25520e+04    4.95672e+02    6.64733e+02
    Proper Dih.  Improper Dih.        LJ (SR)   Coulomb (SR) Position Rest.
    3.85947e+02    4.40858e+02   -1.26339e+06   -1.43736e+04    1.92479e+01
      Potential    Kinetic En.   Total Energy  Conserved En.    Temperature
   -1.24488e+06    1.99494e+05   -1.04538e+06   -1.04892e+06    3.07529e+02
 Pressure (bar)   Constr. rmsd
   -1.93809e+01    1.15988e-06

           Step           Time
        1625000    32500.00000

   Energies (kJ/mol)
           Bond  Harmonic Pot.          Angle       G96Angle  Restr. Angles
    1.85540e+04    5.50404e+00    1.24373e+04    5.04918e+02    6.59818e+02
    Proper Dih.  Improper Dih.        LJ (SR)   Coulomb (SR) Position Rest.
    3.56072e+02    4.36273e+02   -1.26487e+06   -1.45542e+04    2.05762e+01
      Potential    Kinetic En.   Total Energy  Conserved En.    Temperature
   -1.24645e+06    2.00634e+05   -1.04582e+06   -1.04910e+06    3.09287e+02
 Pressure (bar)   Constr. rmsd
   -2.09097e+01    1.16481e-06

           Step           Time
        1650000    33000.00000

   Energies (kJ/mol)
           Bond  Harmonic Pot.          Angle       G96Angle  Restr. Angles
    1.85677e+04    7.90446e+00    1.23432e+04    5.15052e+02    6.94974e+02
    Proper Dih.  Improper Dih.        LJ (SR)   Coulomb (SR) Position Rest.
    4.34455e+02    3.91650e+02   -1.26585e+06   -1.43529e+04    2.30612e+01
      Potential    Kinetic En.   Total Energy  Conserved En.    Temperature
   -1.24723e+06    2.01345e+05   -1.04588e+06   -1.04913e+06    3.10384e+02
 Pressure (bar)   Constr. rmsd
   -8.93386e+00    1.15373e-06

           Step           Time
        1675000    33500.00000

   Energies (kJ/mol)
           Bond  Harmonic Pot.          Angle       G96Angle  Restr. Angles
    1.82191e+04    6.47459e+00    1.27872e+04    4.87392e+02    7.11116e+02
    Proper Dih.  Improper Dih.        LJ (SR)   Coulomb (SR) Position Rest.
    4.14697e+02    4.82803e+02   -1.26385e+06   -1.42594e+04    2.37390e+01
      Potential    Kinetic En.   Total Energy  Conserved En.    Temperature
   -1.24498e+06    2.01443e+05   -1.04353e+06   -1.04925e+06    3.10534e+02
 Pressure (bar)   Constr. rmsd
    4.54969e+01    1.22027e-06

           Step           Time
        1700000    34000.00000

   Energies (kJ/mol)
           Bond  Harmonic Pot.          Angle       G96Angle  Restr. Angles
    1.83077e+04    1.09950e+01    1.24104e+04    5.60111e+02    6.95486e+02
    Proper Dih.  Improper Dih.        LJ (SR)   Coulomb (SR) Position Rest.
    3.98909e+02    4.18817e+02   -1.26374e+06   -1.47136e+04    2.20638e+01
      Potential    Kinetic En.   Total Energy  Conserved En.    Temperature
   -1.24562e+06    2.01862e+05   -1.04376e+06   -1.04937e+06    3.11180e+02
 Pressure (bar)   Constr. rmsd
   -2.02914e+01    1.11310e-06

           Step           Time
        1725000    34500.00000

   Energies (kJ/mol)
           Bond  Harmonic Pot.          Angle       G96Angle  Restr. Angles
    1.85262e+04    4.83735e+00    1.25426e+04    5.88911e+02    6.11602e+02
    Proper Dih.  Improper Dih.        LJ (SR)   Coulomb (SR) Position Rest.
    4.04172e+02    4.25667e+02   -1.26383e+06   -1.45206e+04    2.25042e+01
      Potential    Kinetic En.   Total Energy  Conserved En.    Temperature
   -1.24523e+06    2.01834e+05   -1.04339e+06   -1.04938e+06    3.11136e+02
 Pressure (bar)   Constr. rmsd
    1.18874e+01    1.11741e-06

           Step           Time
        1750000    35000.00000

   Energies (kJ/mol)
           Bond  Harmonic Pot.          Angle       G96Angle  Restr. Angles
    1.87191e+04    3.98254e+00    1.27867e+04    5.69200e+02    6.76216e+02
    Proper Dih.  Improper Dih.        LJ (SR)   Coulomb (SR) Position Rest.
    4.27414e+02    4.28033e+02   -1.26554e+06   -1.44864e+04    1.68847e+01
      Potential    Kinetic En.   Total Energy  Conserved En.    Temperature
   -1.24640e+06    1.99199e+05   -1.04720e+06   -1.04977e+06    3.07075e+02
 Pressure (bar)   Constr. rmsd
   -2.43680e+01    1.15032e-06

           Step           Time
        1775000    35500.00000

   Energies (kJ/mol)
           Bond  Harmonic Pot.          Angle       G96Angle  Restr. Angles
    1.87288e+04    5.51885e+00    1.26027e+04    5.41085e+02    6.75773e+02
    Proper Dih.  Improper Dih.        LJ (SR)   Coulomb (SR) Position Rest.
    3.53593e+02    5.35086e+02   -1.26316e+06   -1.44356e+04    1.69300e+01
      Potential    Kinetic En.   Total Energy  Conserved En.    Temperature
   -1.24414e+06    2.02341e+05   -1.04180e+06   -1.04997e+06    3.11918e+02
 Pressure (bar)   Constr. rmsd
    1.87329e+01    1.16654e-06

           Step           Time
        1800000    36000.00000

   Energies (kJ/mol)
           Bond  Harmonic Pot.          Angle       G96Angle  Restr. Angles
    1.83508e+04    6.86637e+00    1.31221e+04    5.18190e+02    6.46982e+02
    Proper Dih.  Improper Dih.        LJ (SR)   Coulomb (SR) Position Rest.
    4.16505e+02    3.77200e+02   -1.26335e+06   -1.46394e+04    2.40718e+01
      Potential    Kinetic En.   Total Energy  Conserved En.    Temperature
   -1.24453e+06    2.01786e+05   -1.04274e+06   -1.04989e+06    3.11063e+02
 Pressure (bar)   Constr. rmsd
   -1.84009e+01    1.20200e-06

           Step           Time
        1825000    36500.00000

   Energies (kJ/mol)
           Bond  Harmonic Pot.          Angle       G96Angle  Restr. Angles
    1.83582e+04    5.63358e+00    1.28823e+04    5.60904e+02    6.98571e+02
    Proper Dih.  Improper Dih.        LJ (SR)   Coulomb (SR) Position Rest.
    3.86640e+02    4.60824e+02   -1.26380e+06   -1.44588e+04    2.43433e+01
      Potential    Kinetic En.   Total Energy  Conserved En.    Temperature
   -1.24488e+06    2.02139e+05   -1.04274e+06   -1.04989e+06    3.11607e+02
 Pressure (bar)   Constr. rmsd
    2.52131e+01    1.18158e-06

           Step           Time
        1850000    37000.00000

   Energies (kJ/mol)
           Bond  Harmonic Pot.          Angle       G96Angle  Restr. Angles
    1.85485e+04    9.67862e+00    1.25957e+04    5.38965e+02    7.17865e+02
    Proper Dih.  Improper Dih.        LJ (SR)   Coulomb (SR) Position Rest.
    4.12340e+02    4.38392e+02   -1.26234e+06   -1.45648e+04    2.66357e+01
      Potential    Kinetic En.   Total Energy  Conserved En.    Temperature
   -1.24362e+06    2.00150e+05   -1.04347e+06   -1.04998e+06    3.08541e+02
 Pressure (bar)   Constr. rmsd
   -5.47014e+00    1.14854e-06

           Step           Time
        1875000    37500.00000

   Energies (kJ/mol)
           Bond  Harmonic Pot.          Angle       G96Angle  Restr. Angles
    1.85332e+04    5.37465e+00    1.27541e+04    5.40170e+02    6.51207e+02
    Proper Dih.  Improper Dih.        LJ (SR)   Coulomb (SR) Position Rest.
    4.68150e+02    4.85412e+02   -1.26218e+06   -1.41154e+04    2.00113e+01
      Potential    Kinetic En.   Total Energy  Conserved En.    Temperature
   -1.24284e+06    2.00690e+05   -1.04215e+06   -1.05006e+06    3.09374e+02
 Pressure (bar)   Constr. rmsd
   -4.45636e+01    1.25568e-06

           Step           Time
        1900000    38000.00000

   Energies (kJ/mol)
           Bond  Harmonic Pot.          Angle       G96Angle  Restr. Angles
    1.87234e+04    1.03722e+01    1.25857e+04    5.31986e+02    6.26216e+02
    Proper Dih.  Improper Dih.        LJ (SR)   Coulomb (SR) Position Rest.
    4.40478e+02    4.26793e+02   -1.26400e+06   -1.43522e+04    2.24134e+01
      Potential    Kinetic En.   Total Energy  Conserved En.    Temperature
   -1.24498e+06    2.01847e+05   -1.04314e+06   -1.05017e+06    3.11157e+02
 Pressure (bar)   Constr. rmsd
    1.49917e+01    1.15351e-06

           Step           Time
        1925000    38500.00000

   Energies (kJ/mol)
           Bond  Harmonic Pot.          Angle       G96Angle  Restr. Angles
    1.80154e+04    6.73035e+00    1.28057e+04    5.28871e+02    6.87735e+02
    Proper Dih.  Improper Dih.        LJ (SR)   Coulomb (SR) Position Rest.
    4.42141e+02    4.70241e+02   -1.26586e+06   -1.43652e+04    3.21803e+01
      Potential    Kinetic En.   Total Energy  Conserved En.    Temperature
   -1.24723e+06    2.02830e+05   -1.04440e+06   -1.05025e+06    3.12673e+02
 Pressure (bar)   Constr. rmsd
    1.36842e+01    1.17245e-06

           Step           Time
        1950000    39000.00000

   Energies (kJ/mol)
           Bond  Harmonic Pot.          Angle       G96Angle  Restr. Angles
    1.83575e+04    4.77240e+00    1.27150e+04    5.83202e+02    7.10756e+02
    Proper Dih.  Improper Dih.        LJ (SR)   Coulomb (SR) Position Rest.
    4.34967e+02    4.17151e+02   -1.26236e+06   -1.43228e+04    2.81403e+01
      Potential    Kinetic En.   Total Energy  Conserved En.    Temperature
   -1.24343e+06    2.01487e+05   -1.04195e+06   -1.05044e+06    3.10601e+02
 Pressure (bar)   Constr. rmsd
    2.26334e+01    1.19057e-06

           Step           Time
        1975000    39500.00000

   Energies (kJ/mol)
           Bond  Harmonic Pot.          Angle       G96Angle  Restr. Angles
    1.88011e+04    6.62323e+00    1.25152e+04    5.62545e+02    6.88856e+02
    Proper Dih.  Improper Dih.        LJ (SR)   Coulomb (SR) Position Rest.
    3.89649e+02    4.68105e+02   -1.26437e+06   -1.44075e+04    2.86108e+01
      Potential    Kinetic En.   Total Energy  Conserved En.    Temperature
   -1.24532e+06    2.00300e+05   -1.04502e+06   -1.05063e+06    3.08772e+02
 Pressure (bar)   Constr. rmsd
    1.86726e+01    1.14757e-06

           Step           Time
        2000000    40000.00000

   Energies (kJ/mol)
           Bond  Harmonic Pot.          Angle       G96Angle  Restr. Angles
    1.82023e+04    4.43958e+00    1.23873e+04    5.23859e+02    6.41892e+02
    Proper Dih.  Improper Dih.        LJ (SR)   Coulomb (SR) Position Rest.
    4.01857e+02    4.54921e+02   -1.26373e+06   -1.43718e+04    2.44040e+01
      Potential    Kinetic En.   Total Energy  Conserved En.    Temperature
   -1.24546e+06    2.00439e+05   -1.04502e+06   -1.05092e+06    3.08987e+02
 Pressure (bar)   Constr. rmsd
   -9.23913e+00    1.16684e-06

           Step           Time
        2025000    40500.00000

   Energies (kJ/mol)
           Bond  Harmonic Pot.          Angle       G96Angle  Restr. Angles
    1.86186e+04    3.65084e+00    1.25811e+04    5.45463e+02    6.87920e+02
    Proper Dih.  Improper Dih.        LJ (SR)   Coulomb (SR) Position Rest.
    4.44472e+02    4.18264e+02   -1.26073e+06   -1.45134e+04    1.94522e+01
      Potential    Kinetic En.   Total Energy  Conserved En.    Temperature
   -1.24193e+06    2.03126e+05   -1.03880e+06   -1.05115e+06    3.13128e+02
 Pressure (bar)   Constr. rmsd
   -8.83620e+00    1.13346e-06

           Step           Time
        2050000    41000.00000

   Energies (kJ/mol)
           Bond  Harmonic Pot.          Angle       G96Angle  Restr. Angles
    1.86077e+04    4.17782e+00    1.29721e+04    5.11552e+02    6.46444e+02
    Proper Dih.  Improper Dih.        LJ (SR)   Coulomb (SR) Position Rest.
    4.26984e+02    5.25209e+02   -1.26334e+06   -1.42412e+04    2.18359e+01
      Potential    Kinetic En.   Total Energy  Conserved En.    Temperature
   -1.24387e+06    2.01810e+05   -1.04206e+06   -1.05101e+06    3.11100e+02
 Pressure (bar)   Constr. rmsd
    2.66059e+01    1.14403e-06

           Step           Time
        2075000    41500.00000

   Energies (kJ/mol)
           Bond  Harmonic Pot.          Angle       G96Angle  Restr. Angles
    1.79568e+04    3.32941e+00    1.25752e+04    5.65449e+02    6.52381e+02
    Proper Dih.  Improper Dih.        LJ (SR)   Coulomb (SR) Position Rest.
    4.40560e+02    4.55154e+02   -1.26249e+06   -1.42215e+04    2.39116e+01
      Potential    Kinetic En.   Total Energy  Conserved En.    Temperature
   -1.24404e+06    2.00215e+05   -1.04382e+06   -1.05100e+06    3.08642e+02
 Pressure (bar)   Constr. rmsd
   -1.26194e+01    1.11898e-06

           Step           Time
        2100000    42000.00000

   Energies (kJ/mol)
           Bond  Harmonic Pot.          Angle       G96Angle  Restr. Angles
    1.84773e+04    4.18856e+00    1.26783e+04    5.40245e+02    7.02409e+02
    Proper Dih.  Improper Dih.        LJ (SR)   Coulomb (SR) Position Rest.
    3.49503e+02    4.43519e+02   -1.26520e+06   -1.43706e+04    2.04666e+01
      Potential    Kinetic En.   Total Energy  Conserved En.    Temperature
   -1.24636e+06    2.01252e+05   -1.04510e+06   -1.05126e+06    3.10240e+02
 Pressure (bar)   Constr. rmsd
    1.59574e+01    1.10713e-06

           Step           Time
        2125000    42500.00000

   Energies (kJ/mol)
           Bond  Harmonic Pot.          Angle       G96Angle  Restr. Angles
    1.85602e+04    3.97170e+00    1.28164e+04    5.28129e+02    6.46855e+02
    Proper Dih.  Improper Dih.        LJ (SR)   Coulomb (SR) Position Rest.
    4.03201e+02    4.28524e+02   -1.26343e+06   -1.44901e+04    1.99221e+01
      Potential    Kinetic En.   Total Energy  Conserved En.    Temperature
   -1.24451e+06    2.01677e+05   -1.04283e+06   -1.05131e+06    3.10894e+02
 Pressure (bar)   Constr. rmsd
   -1.21511e+01    1.15556e-06

           Step           Time
        2150000    43000.00000

   Energies (kJ/mol)
           Bond  Harmonic Pot.          Angle       G96Angle  Restr. Angles
    1.87965e+04    5.99126e+00    1.26199e+04    4.87205e+02    6.71154e+02
    Proper Dih.  Improper Dih.        LJ (SR)   Coulomb (SR) Position Rest.
    4.21808e+02    4.48411e+02   -1.26377e+06   -1.42222e+04    2.36774e+01
      Potential    Kinetic En.   Total Energy  Conserved En.    Temperature
   -1.24452e+06    2.00422e+05   -1.04410e+06   -1.05126e+06    3.08961e+02
 Pressure (bar)   Constr. rmsd
   -1.35561e+01    1.19225e-06

           Step           Time
        2175000    43500.00000

   Energies (kJ/mol)
           Bond  Harmonic Pot.          Angle       G96Angle  Restr. Angles
    1.84257e+04    3.73067e+00    1.27510e+04    5.15399e+02    6.69253e+02
    Proper Dih.  Improper Dih.        LJ (SR)   Coulomb (SR) Position Rest.
    4.37242e+02    4.86811e+02   -1.26459e+06   -1.45780e+04    2.84835e+01
      Potential    Kinetic En.   Total Energy  Conserved En.    Temperature
   -1.24585e+06    2.01181e+05   -1.04466e+06   -1.05138e+06    3.10131e+02
 Pressure (bar)   Constr. rmsd
    8.23168e+00    1.16013e-06

           Step           Time
        2200000    44000.00000

   Energies (kJ/mol)
           Bond  Harmonic Pot.          Angle       G96Angle  Restr. Angles
    1.83473e+04    5.06966e+00    1.23952e+04    5.54749e+02    6.84782e+02
    Proper Dih.  Improper Dih.        LJ (SR)   Coulomb (SR) Position Rest.
    4.43405e+02    4.58674e+02   -1.26619e+06   -1.43708e+04    2.45704e+01
      Potential    Kinetic En.   Total Energy  Conserved En.    Temperature
   -1.24765e+06    1.99554e+05   -1.04810e+06   -1.05141e+06    3.07622e+02
 Pressure (bar)   Constr. rmsd
    7.98859e-01    1.12531e-06

           Step           Time
        2225000    44500.00000

   Energies (kJ/mol)
           Bond  Harmonic Pot.          Angle       G96Angle  Restr. Angles
    1.84189e+04    5.91718e+00    1.27921e+04    5.29324e+02    6.78350e+02
    Proper Dih.  Improper Dih.        LJ (SR)   Coulomb (SR) Position Rest.
    3.88814e+02    4.58166e+02   -1.26170e+06   -1.45522e+04    2.15678e+01
      Potential    Kinetic En.   Total Energy  Conserved En.    Temperature
   -1.24295e+06    2.02649e+05   -1.04030e+06   -1.05158e+06    3.12393e+02
 Pressure (bar)   Constr. rmsd
    7.52260e+00    1.11994e-06

           Step           Time
        2250000    45000.00000

   Energies (kJ/mol)
           Bond  Harmonic Pot.          Angle       G96Angle  Restr. Angles
    1.81878e+04    6.17892e+00    1.27297e+04    5.03462e+02    6.65330e+02
    Proper Dih.  Improper Dih.        LJ (SR)   Coulomb (SR) Position Rest.
    3.87876e+02    4.52385e+02   -1.26178e+06   -1.46473e+04    1.93329e+01
      Potential    Kinetic En.   Total Energy  Conserved En.    Temperature
   -1.24348e+06    2.03034e+05   -1.04044e+06   -1.05172e+06    3.12986e+02
 Pressure (bar)   Constr. rmsd
    1.72294e+01    1.10559e-06

           Step           Time
        2275000    45500.00000

   Energies (kJ/mol)
           Bond  Harmonic Pot.          Angle       G96Angle  Restr. Angles
    1.81702e+04    5.31881e+00    1.28976e+04    4.98726e+02    6.31780e+02
    Proper Dih.  Improper Dih.        LJ (SR)   Coulomb (SR) Position Rest.
    4.32316e+02    4.02587e+02   -1.26528e+06   -1.44299e+04    1.89593e+01
      Potential    Kinetic En.   Total Energy  Conserved En.    Temperature
   -1.24666e+06    2.00604e+05   -1.04605e+06   -1.05193e+06    3.09241e+02
 Pressure (bar)   Constr. rmsd
   -2.65712e+01    1.18700e-06

           Step           Time
        2300000    46000.00000

   Energies (kJ/mol)
           Bond  Harmonic Pot.          Angle       G96Angle  Restr. Angles
    1.81915e+04    9.33048e+00    1.28153e+04    4.85411e+02    7.54830e+02
    Proper Dih.  Improper Dih.        LJ (SR)   Coulomb (SR) Position Rest.
    4.11258e+02    4.49817e+02   -1.26461e+06   -1.45318e+04    1.87322e+01
      Potential    Kinetic En.   Total Energy  Conserved En.    Temperature
   -1.24600e+06    2.01768e+05   -1.04424e+06   -1.05191e+06    3.11035e+02
 Pressure (bar)   Constr. rmsd
    1.42614e+01    1.25871e-06

           Step           Time
        2325000    46500.00000

   Energies (kJ/mol)
           Bond  Harmonic Pot.          Angle       G96Angle  Restr. Angles
    1.86739e+04    5.95767e+00    1.24858e+04    5.10986e+02    7.12918e+02
    Proper Dih.  Improper Dih.        LJ (SR)   Coulomb (SR) Position Rest.
    3.81032e+02    3.86263e+02   -1.26212e+06   -1.45399e+04    2.36047e+01
      Potential    Kinetic En.   Total Energy  Conserved En.    Temperature
   -1.24348e+06    2.02269e+05   -1.04121e+06   -1.05214e+06    3.11807e+02
 Pressure (bar)   Constr. rmsd
   -4.43028e+00    1.19186e-06

           Step           Time
        2350000    47000.00000

   Energies (kJ/mol)
           Bond  Harmonic Pot.          Angle       G96Angle  Restr. Angles
    1.80348e+04    6.34028e+00    1.27025e+04    4.51426e+02    6.94200e+02
    Proper Dih.  Improper Dih.        LJ (SR)   Coulomb (SR) Position Rest.
    3.92838e+02    4.40211e+02   -1.26343e+06   -1.44079e+04    2.02856e+01
      Potential    Kinetic En.   Total Energy  Conserved En.    Temperature
   -1.24510e+06    1.99747e+05   -1.04535e+06   -1.05216e+06    3.07919e+02
 Pressure (bar)   Constr. rmsd
   -4.68512e+01    1.17553e-06

           Step           Time
        2375000    47500.00000

   Energies (kJ/mol)
           Bond  Harmonic Pot.          Angle       G96Angle  Restr. Angles
    1.83668e+04    7.48456e+00    1.26907e+04    4.88855e+02    6.62881e+02
    Proper Dih.  Improper Dih.        LJ (SR)   Coulomb (SR) Position Rest.
    3.44697e+02    4.70658e+02   -1.26452e+06   -1.45092e+04    2.01360e+01
      Potential    Kinetic En.   Total Energy  Conserved En.    Temperature
   -1.24598e+06    2.01351e+05   -1.04463e+06   -1.05215e+06    3.10393e+02
 Pressure (bar)   Constr. rmsd
   -2.34883e+01    1.19453e-06

           Step           Time
        2400000    48000.00000

   Energies (kJ/mol)
           Bond  Harmonic Pot.          Angle       G96Angle  Restr. Angles
    1.84844e+04    2.45028e+00    1.25624e+04    5.35515e+02    6.77596e+02
    Proper Dih.  Improper Dih.        LJ (SR)   Coulomb (SR) Position Rest.
    3.77491e+02    4.47602e+02   -1.26443e+06   -1.47207e+04    2.05873e+01
      Potential    Kinetic En.   Total Energy  Conserved En.    Temperature
   -1.24604e+06    1.99611e+05   -1.04643e+06   -1.05213e+06    3.07710e+02
 Pressure (bar)   Constr. rmsd
   -1.45583e+01    1.15510e-06

           Step           Time
        2425000    48500.00000

   Energies (kJ/mol)
           Bond  Harmonic Pot.          Angle       G96Angle  Restr. Angles
    1.79460e+04    5.27333e+00    1.23899e+04    5.27951e+02    6.83910e+02
    Proper Dih.  Improper Dih.        LJ (SR)   Coulomb (SR) Position Rest.
    4.00050e+02    4.58999e+02   -1.26252e+06   -1.45547e+04    2.25243e+01
      Potential    Kinetic En.   Total Energy  Conserved En.    Temperature
   -1.24464e+06    2.00356e+05   -1.04429e+06   -1.05208e+06    3.08858e+02
 Pressure (bar)   Constr. rmsd
   -1.91413e+00    1.15204e-06

           Step           Time
        2450000    49000.00000

   Energies (kJ/mol)
           Bond  Harmonic Pot.          Angle       G96Angle  Restr. Angles
    1.85378e+04    4.90735e+00    1.26068e+04    5.40119e+02    6.49001e+02
    Proper Dih.  Improper Dih.        LJ (SR)   Coulomb (SR) Position Rest.
    4.10602e+02    4.13648e+02   -1.26485e+06   -1.46614e+04    2.12595e+01
      Potential    Kinetic En.   Total Energy  Conserved En.    Temperature
   -1.24633e+06    2.02960e+05   -1.04337e+06   -1.05211e+06    3.12873e+02
 Pressure (bar)   Constr. rmsd
   -7.91895e+00    1.17169e-06

           Step           Time
        2475000    49500.00000

   Energies (kJ/mol)
           Bond  Harmonic Pot.          Angle       G96Angle  Restr. Angles
    1.85816e+04    4.92737e+00    1.30152e+04    5.69480e+02    6.17541e+02
    Proper Dih.  Improper Dih.        LJ (SR)   Coulomb (SR) Position Rest.
    3.61756e+02    5.08790e+02   -1.26285e+06   -1.45047e+04    2.67604e+01
      Potential    Kinetic En.   Total Energy  Conserved En.    Temperature
   -1.24366e+06    2.00369e+05   -1.04330e+06   -1.05205e+06    3.08878e+02
 Pressure (bar)   Constr. rmsd
    1.19877e+00    1.20424e-06

           Step           Time
        2500000    50000.00000

   Energies (kJ/mol)
           Bond  Harmonic Pot.          Angle       G96Angle  Restr. Angles
    1.84059e+04    7.32968e+00    1.26751e+04    5.40625e+02    7.14868e+02
    Proper Dih.  Improper Dih.        LJ (SR)   Coulomb (SR) Position Rest.
    3.84357e+02    4.97879e+02   -1.26418e+06   -1.43918e+04    2.10331e+01
      Potential    Kinetic En.   Total Energy  Conserved En.    Temperature
   -1.24532e+06    1.99494e+05   -1.04583e+06   -1.05209e+06    3.07529e+02
 Pressure (bar)   Constr. rmsd
   -3.80124e+01    1.22312e-06

           Step           Time
        2525000    50500.00000

   Energies (kJ/mol)
           Bond  Harmonic Pot.          Angle       G96Angle  Restr. Angles
    1.84199e+04    7.53361e+00    1.26528e+04    5.35461e+02    6.39467e+02
    Proper Dih.  Improper Dih.        LJ (SR)   Coulomb (SR) Position Rest.
    4.33077e+02    4.44209e+02   -1.26486e+06   -1.44086e+04    2.66956e+01
      Potential    Kinetic En.   Total Energy  Conserved En.    Temperature
   -1.24611e+06    2.00329e+05   -1.04578e+06   -1.05224e+06    3.08818e+02
 Pressure (bar)   Constr. rmsd
    1.12102e+01    1.11835e-06

           Step           Time
        2550000    51000.00000

   Energies (kJ/mol)
           Bond  Harmonic Pot.          Angle       G96Angle  Restr. Angles
    1.87886e+04    9.68711e+00    1.23572e+04    5.38832e+02    6.70680e+02
    Proper Dih.  Improper Dih.        LJ (SR)   Coulomb (SR) Position Rest.
    4.26494e+02    4.30604e+02   -1.26456e+06   -1.45784e+04    2.23306e+01
      Potential    Kinetic En.   Total Energy  Conserved En.    Temperature
   -1.24589e+06    2.00329e+05   -1.04556e+06   -1.05237e+06    3.08817e+02
 Pressure (bar)   Constr. rmsd
   -2.62765e+01    1.19564e-06

           Step           Time
        2575000    51500.00000

   Energies (kJ/mol)
           Bond  Harmonic Pot.          Angle       G96Angle  Restr. Angles
    1.85965e+04    4.50418e+00    1.24916e+04    5.27174e+02    7.16001e+02
    Proper Dih.  Improper Dih.        LJ (SR)   Coulomb (SR) Position Rest.
    3.91598e+02    4.42401e+02   -1.26524e+06   -1.43658e+04    2.39133e+01
      Potential    Kinetic En.   Total Energy  Conserved En.    Temperature
   -1.24641e+06    2.01588e+05   -1.04482e+06   -1.05241e+06    3.10758e+02
 Pressure (bar)   Constr. rmsd
    1.69750e+01    1.13131e-06

           Step           Time
        2600000    52000.00000

   Energies (kJ/mol)
           Bond  Harmonic Pot.          Angle       G96Angle  Restr. Angles
    1.83275e+04    1.06868e+01    1.26065e+04    5.03862e+02    6.69307e+02
    Proper Dih.  Improper Dih.        LJ (SR)   Coulomb (SR) Position Rest.
    4.24361e+02    4.40051e+02   -1.26424e+06   -1.43754e+04    2.47038e+01
      Potential    Kinetic En.   Total Energy  Conserved En.    Temperature
   -1.24561e+06    2.01542e+05   -1.04406e+06   -1.05245e+06    3.10686e+02
 Pressure (bar)   Constr. rmsd
    2.30331e+00    1.20770e-06

           Step           Time
        2625000    52500.00000

   Energies (kJ/mol)
           Bond  Harmonic Pot.          Angle       G96Angle  Restr. Angles
    1.85412e+04    1.61674e+01    1.26560e+04    5.26744e+02    7.20376e+02
    Proper Dih.  Improper Dih.        LJ (SR)   Coulomb (SR) Position Rest.
    3.97700e+02    4.44173e+02   -1.26151e+06   -1.46158e+04    3.21023e+01
      Potential    Kinetic En.   Total Energy  Conserved En.    Temperature
   -1.24279e+06    2.00484e+05   -1.04231e+06   -1.05238e+06    3.09055e+02
 Pressure (bar)   Constr. rmsd
   -3.32622e+00    1.17283e-06

           Step           Time
        2650000    53000.00000

   Energies (kJ/mol)
           Bond  Harmonic Pot.          Angle       G96Angle  Restr. Angles
    1.81554e+04    9.47351e+00    1.27864e+04    5.41608e+02    6.83811e+02
    Proper Dih.  Improper Dih.        LJ (SR)   Coulomb (SR) Position Rest.
    4.15386e+02    4.57305e+02   -1.26258e+06   -1.44072e+04    2.67494e+01
      Potential    Kinetic En.   Total Energy  Conserved En.    Temperature
   -1.24391e+06    2.00375e+05   -1.04353e+06   -1.05262e+06    3.08888e+02
 Pressure (bar)   Constr. rmsd
   -1.38215e+01    1.22099e-06


Step 2656420: Run time exceeded 0.495 hours, will terminate the run within 40 steps
           Step           Time
        2656440    53128.80000

Writing checkpoint, step 2656440 at Fri Mar 14 19:39:44 2025


   Energies (kJ/mol)
           Bond  Harmonic Pot.          Angle       G96Angle  Restr. Angles
    1.87941e+04    1.01778e+01    1.28211e+04    5.74592e+02    6.60889e+02
    Proper Dih.  Improper Dih.        LJ (SR)   Coulomb (SR) Position Rest.
    3.92977e+02    4.64593e+02   -1.26412e+06   -1.46240e+04    3.00263e+01
      Potential    Kinetic En.   Total Energy  Conserved En.    Temperature
   -1.24500e+06    2.02320e+05   -1.04268e+06   -1.05262e+06    3.11886e+02
 Pressure (bar)   Constr. rmsd
    1.00115e+01    1.13955e-06


Energy conservation over simulation part #1 of length 53128.8 ps, time 0 to 53128.8 ps
  Conserved energy drift: -2.96e-06 kJ/mol/ps per atom


	<======  ###############  ==>
	<====  A V E R A G E S  ====>
	<==  ###############  ======>

	Statistics over 2656441 steps using 26565 frames

   Energies (kJ/mol)
           Bond  Harmonic Pot.          Angle       G96Angle  Restr. Angles
    1.84599e+04    5.98931e+00    1.26843e+04    5.32654e+02    6.74730e+02
    Proper Dih.  Improper Dih.        LJ (SR)   Coulomb (SR) Position Rest.
    4.07490e+02    4.49802e+02   -1.26416e+06   -1.44299e+04    2.26321e+01
      Potential    Kinetic En.   Total Energy  Conserved En.    Temperature
   -1.24535e+06    2.01110e+05   -1.04424e+06   -1.04852e+06    3.10021e+02
 Pressure (bar)   Constr. rmsd
    8.42613e-01    0.00000e+00

          Box-X          Box-Y          Box-Z
    1.80647e+01    1.80647e+01    1.83319e+01

   Total Virial (kJ/mol)
    6.70026e+04   -1.39316e+01    8.70161e+00
   -1.39313e+01    6.70359e+04   -1.17243e+01
    8.70199e+00   -1.17239e+01    6.66243e+04

   Pressure (bar)
    1.00813e+00    6.31958e-02   -5.16279e-02
    6.31937e-02    7.94703e-01    9.13805e-02
   -5.16300e-02    9.13784e-02    7.25008e-01

      T-Solvent         T-Rest
    3.10006e+02    3.10061e+02


	M E G A - F L O P S   A C C O U N T I N G

 NB=Group-cutoff nonbonded kernels    NxN=N-by-N cluster Verlet kernels
 RF=Reaction-Field  VdW=Van der Waals  QSTab=quadratic-spline table
 W3=SPC/TIP3p  W4=TIP4p (single or pairs)
 V&F=Potential and force  V=Potential only  F=Force only

 Computing:                               M-Number         M-Flops  % Flops
-----------------------------------------------------------------------------
 Pair Search distance check         1029291.842292     9263626.581     1.4
 NxN RF Elec. + LJ [F]              2973282.226672   112984724.614    17.4
 NxN RF Elec. + LJ [V&F]              30033.287416     1621797.520     0.3
 NxN LJ [F]                        15376066.759456   507410203.062    78.3
 NxN LJ [V&F]                        155324.136816     6678937.883     1.0
 NxN RF Electrostatics [F]             5501.519520      170547.105     0.0
 NxN RF Electrostatics [V&F]             55.654456        2003.560     0.0
 Shift-X                               7232.610819       43395.665     0.0
 Bonds                                38513.081618     2272271.815     0.4
 Angles                               28439.857346     4777896.034     0.7
 Propers                                595.042784      136264.798     0.0
 Impropers                             1171.490481      243670.020     0.0
 Pos. Restr.                            422.374119       21118.706     0.0
 Virial                                7238.587854      130294.581     0.0
 Stop-CM                               1446.598398       14465.984     0.0
 Calc-Ekin                            14465.221638      390560.984     0.1
 Lincs                                 4003.259601      240195.576     0.0
 Lincs-Mat                           196916.806704      787667.227     0.1
 Constraint-V                          8006.516188       72058.646     0.0
 Constraint-Vir                         200.164261        4803.942     0.0
 Virtual Site 3out                     5341.440560      464705.329     0.1
 Virtual Site N                         164.566576        2468.499     0.0
-----------------------------------------------------------------------------
 Total                                               647733678.131   100.0
-----------------------------------------------------------------------------


      R E A L   C Y C L E   A N D   T I M E   A C C O U N T I N G

On 1 MPI rank, each using 64 OpenMP threads

 Activity:              Num   Num      Call    Wall time         Giga-Cycles
                        Ranks Threads  Count      (s)         total sum    %
--------------------------------------------------------------------------------
 Vsite constr.             1   64    2656441      25.913       1741.377   1.5
 Neighbor search           1   64     132823     132.972       8935.699   7.5
 Force                     1   64    2656441     860.023      57793.582  48.3
 NB X/F buffer ops.        1   64    5180059     150.234      10095.740   8.4
 Vsite spread              1   64    2789264      35.427       2380.690   2.0
 Write traj.               1   64        109       0.291         19.578   0.0
 Update                    1   64    2656441      52.041       3497.140   2.9
 Constraints               1   64    2656443     500.160      33610.766  28.1
 Rest                                             24.989       1679.275   1.4
--------------------------------------------------------------------------------
 Total                                          1782.050     119753.847 100.0
--------------------------------------------------------------------------------

               Core t (s)   Wall t (s)        (%)
       Time:   114051.214     1782.050     6400.0
                 (ns/day)    (hour/ns)
Performance:     2575.870        0.009
Finished mdrun on rank 0 Fri Mar 14 19:39:44 2025

