                :-) GROMACS - gmx mdrun, 2024.2-conda_forge (-:

Copyright 1991-2024 The GROMACS Authors.
GROMACS is free software; you can redistribute it and/or modify it
under the terms of the GNU Lesser General Public License
as published by the Free Software Foundation; either version 2.1
of the License, or (at your option) any later version.

                         Current GROMACS contributors:
       Mark Abraham           Andrey Alekseenko           Vladimir Basov      
      Cathrine Bergh            Eliane Briand               Ania Brown        
      Mahesh Doijade            Giacomo Fiorin          Stefan Fleischmann    
      Sergey Gorelov         Gilles Gouaillardet            Alan Gray         
     M. Eric Irrgang         Farzaneh Jalalypour            Joe Jordan        
     Carsten Kutzner           Justin A. Lemkul          Magnus Lundborg      
       Pascal Merz              Vedran Miletic            Dmitry Morozov      
       Julien Nabet              Szilard Pall        Andrea Pasquadibisceglie 
    Michele Pellegrino          Hubert Santuz             Roland Schulz       
     Tatiana Shugaeva          Alexey Shvetsov            Philip Turner       
     Alessandra Villa      Sebastian Wingbermuehle  

                         Previous GROMACS contributors:
        Emile Apol             Rossen Apostolov           James Barnett       
        Paul Bauer          Herman J.C. Berendsen          Par Bjelkmar       
      Christian Blau          Viacheslav Bolnykh            Kevin Boyd        
    Aldert van Buuren          Carlo Camilloni           Rudi van Drunen      
      Anton Feenstra           Oliver Fleetwood            Vytas Gapsys       
       Gaurav Garg             Gerrit Groenhof            Bert de Groot       
      Anca Hamuraru           Vincent Hindriksen          Victor Holanda      
     Aleksei Iupinov          Christoph Junghans        Prashanth Kanduri     
   Dimitrios Karkoulis           Peter Kasson             Sebastian Kehl      
     Sebastian Keller             Jiri Kraus               Per Larsson        
      Viveca Lindahl            Erik Marklund           Pieter Meulenhoff     
      Teemu Murtola              Sander Pronk             Michael Shirts      
      Alfons Sijbers            Balint Soproni         David van der Spoel    
      Peter Tieleman            Carsten Uphoff             Jon Vincent        
     Teemu Virolainen         Christian Wennberg           Maarten Wolf       
      Artem Zhmurov       

                  Coordinated by the GROMACS project leaders:
                           Berk Hess and Erik Lindahl

GROMACS:      gmx mdrun, version 2024.2-conda_forge
Executable:   /miniconda3/bin.AVX2_256/gmx
Data prefix:  /miniconda3
Working dir:  /tmp/workdir
Process ID:   74
Command line:
  gmx mdrun -cpi -ntmpi 1 -ntomp 32 -pin off -maxh 0.5

GROMACS version:     2024.2-conda_forge
Precision:           mixed
Memory model:        64 bit
MPI library:         thread_mpi
OpenMP support:      enabled (GMX_OPENMP_MAX_THREADS = 128)
GPU support:         OpenCL
NBNxM GPU setup:     super-cluster 2x2x2 / cluster 8
SIMD instructions:   AVX2_256
CPU FFT library:     fftw-3.3.10-sse2-avx
GPU FFT library:     clFFT
Multi-GPU FFT:       none
RDTSCP usage:        disabled
TNG support:         enabled
Hwloc support:       disabled
Tracing support:     disabled
C compiler:          /home/conda/feedstock_root/build_artifacts/gromacs_1720551669321/_build_env/bin/x86_64-conda-linux-gnu-cc GNU 12.3.0
C compiler flags:    -fexcess-precision=fast -funroll-all-loops -mavx2 -mfma -Wno-missing-field-initializers -O3 -DNDEBUG
C++ compiler:        /home/conda/feedstock_root/build_artifacts/gromacs_1720551669321/_build_env/bin/x86_64-conda-linux-gnu-c++ GNU 12.3.0
C++ compiler flags:  -fexcess-precision=fast -funroll-all-loops -mavx2 -mfma -Wno-missing-field-initializers -Wno-cast-function-type-strict SHELL:-fopenmp -O3 -DNDEBUG
BLAS library:        Internal
LAPACK library:      Internal
OpenCL include dir:  /miniconda3/include
OpenCL library:      /miniconda3/lib/libOpenCL.so
OpenCL version:      3.0


Running on 1 node with total 16 cores, 32 processing units (GPU detection failed)
Hardware detected on host cganalysis-r7iz-8xlarge-structure-011469773-sgbgl:
  CPU info:
    Vendor: Intel
    Brand:  Intel(R) Xeon(R) Gold 6455B
    Family: 6   Model: 143   Stepping: 8
    Features: aes apic avx avx2 avx512f avx512cd avx512bw avx512vl avx512bf16 avx512secondFMA clfsh cmov cx8 cx16 f16c fma htt intel lahf mmx msr nonstop_tsc pcid pclmuldq pdcm pdpe1gb popcnt pse rdrnd rdtscp sha sse2 sse3 sse4.1 sse4.2 ssse3 tdt x2apic
    Number of AVX-512 FMA units: 2
  Hardware topology: Basic
    Packages, cores, and logical processors:
    [indices refer to OS logical processors]
      Package  0: [   0  16] [   1  17] [   2  18] [   3  19] [   4  20] [   5  21] [   6  22] [   7  23] [   8  24] [   9  25] [  10  26] [  11  27] [  12  28] [  13  29] [  14  30] [  15  31]
    CPU limit set by OS: 14   Recommended max number of threads: 14

Likely fastest SIMD instructions supported by all nodes: AVX_512
SIMD instructions selected at compile time:              AVX2_256
Merely a note: it is unfortunately hard to know for sure which SIMD
instructons will perform best on this hardware. For non-GPU runs
on Intel CPUs with dual AVX-512 units, using AVX-512 can be good,
while AVX2 is often better for runs also using a GPU. Typically
this is just a few percent, so don't worry unless you are tuning.

The current CPU can measure timings more accurately than the code in
gmx mdrun was configured to use. This might affect your simulation
speed as accurate timings are needed for load-balancing.
Please consider rebuilding gmx mdrun with the GMX_USE_RDTSCP=ON CMake option.

++++ PLEASE READ AND CITE THE FOLLOWING REFERENCE ++++
M. J. Abraham, T. Murtola, R. Schulz, S. Páll, J. C. Smith, B. Hess, E.
Lindahl
GROMACS: High performance molecular simulations through multi-level
parallelism from laptops to supercomputers
SoftwareX 1 (2015) pp. 19-25
-------- -------- --- Thank You --- -------- --------


++++ PLEASE READ AND CITE THE FOLLOWING REFERENCE ++++
S. Páll, M. J. Abraham, C. Kutzner, B. Hess, E. Lindahl
Tackling Exascale Software Challenges in Molecular Dynamics Simulations with
GROMACS
In S. Markidis & E. Laure (Eds.), Solving Software Challenges for Exascale 8759 (2015) pp. 3-27
-------- -------- --- Thank You --- -------- --------


++++ PLEASE READ AND CITE THE FOLLOWING REFERENCE ++++
S. Pronk, S. Páll, R. Schulz, P. Larsson, P. Bjelkmar, R. Apostolov, M. R.
Shirts, J. C. Smith, P. M. Kasson, D. van der Spoel, B. Hess, and E. Lindahl
GROMACS 4.5: a high-throughput and highly parallel open source molecular
simulation toolkit
Bioinformatics 29 (2013) pp. 845-54
-------- -------- --- Thank You --- -------- --------


++++ PLEASE READ AND CITE THE FOLLOWING REFERENCE ++++
B. Hess and C. Kutzner and D. van der Spoel and E. Lindahl
GROMACS 4: Algorithms for highly efficient, load-balanced, and scalable
molecular simulation
J. Chem. Theory Comput. 4 (2008) pp. 435-447
-------- -------- --- Thank You --- -------- --------


++++ PLEASE READ AND CITE THE FOLLOWING REFERENCE ++++
D. van der Spoel, E. Lindahl, B. Hess, G. Groenhof, A. E. Mark and H. J. C.
Berendsen
GROMACS: Fast, Flexible and Free
J. Comp. Chem. 26 (2005) pp. 1701-1719
-------- -------- --- Thank You --- -------- --------


++++ PLEASE READ AND CITE THE FOLLOWING REFERENCE ++++
E. Lindahl and B. Hess and D. van der Spoel
GROMACS 3.0: A package for molecular simulation and trajectory analysis
J. Mol. Mod. 7 (2001) pp. 306-317
-------- -------- --- Thank You --- -------- --------


++++ PLEASE READ AND CITE THE FOLLOWING REFERENCE ++++
H. J. C. Berendsen, D. van der Spoel and R. van Drunen
GROMACS: A message-passing parallel molecular dynamics implementation
Comp. Phys. Comm. 91 (1995) pp. 43-56
-------- -------- --- Thank You --- -------- --------


The number of OpenMP threads was set by environment variable OMP_NUM_THREADS to 32 (and the command-line setting agreed with that)

Input Parameters:
   integrator                     = md
   tinit                          = 0
   dt                             = 0.02
   nsteps                         = -1
   init-step                      = 0
   simulation-part                = 1
   mts                            = false
   mass-repartition-factor        = 1
   comm-mode                      = Linear
   nstcomm                        = 100
   bd-fric                        = 0
   ld-seed                        = -1908412563
   emtol                          = 10
   emstep                         = 0.01
   niter                          = 20
   fcstep                         = 0
   nstcgsteep                     = 1000
   nbfgscorr                      = 10
   rtpi                           = 0.05
   nstxout                        = 0
   nstvout                        = 0
   nstfout                        = 0
   nstlog                         = 25000
   nstcalcenergy                  = 100
   nstenergy                      = 25000
   nstxout-compressed             = 25000
   compressed-x-precision         = 100
   cutoff-scheme                  = Verlet
   nstlist                        = 20
   pbc                            = xyz
   periodic-molecules             = false
   verlet-buffer-tolerance        = -1
   verlet-buffer-pressure-tolerance = -1
   rlist                          = 1.35
   coulombtype                    = Reaction-Field
   coulomb-modifier               = Potential-shift
   rcoulomb-switch                = 0
   rcoulomb                       = 1.1
   epsilon-r                      = 15
   epsilon-rf                     = inf
   vdw-type                       = Cut-off
   vdw-modifier                   = Potential-shift
   rvdw-switch                    = 0
   rvdw                           = 1.1
   DispCorr                       = No
   table-extension                = 1
   fourierspacing                 = 0.12
   fourier-nx                     = 0
   fourier-ny                     = 0
   fourier-nz                     = 0
   pme-order                      = 4
   ewald-rtol                     = 1e-05
   ewald-rtol-lj                  = 0.001
   lj-pme-comb-rule               = Geometric
   ewald-geometry                 = 3d
   epsilon-surface                = 0
   ensemble-temperature-setting   = constant
   ensemble-temperature           = 310
   tcoupl                         = V-rescale
   nsttcouple                     = 20
   nh-chain-length                = 0
   print-nose-hoover-chain-variables = false
   pcoupl                         = Parrinello-Rahman
   pcoupltype                     = Semiisotropic
   nstpcouple                     = 20
   tau-p                          = 12
   compressibility (3x3):
      compressibility[    0]={ 3.00000e-04,  0.00000e+00,  0.00000e+00}
      compressibility[    1]={ 0.00000e+00,  3.00000e-04,  0.00000e+00}
      compressibility[    2]={ 0.00000e+00,  0.00000e+00,  3.00000e-04}
   ref-p (3x3):
      ref-p[    0]={ 1.00000e+00,  0.00000e+00,  0.00000e+00}
      ref-p[    1]={ 0.00000e+00,  1.00000e+00,  0.00000e+00}
      ref-p[    2]={ 0.00000e+00,  0.00000e+00,  1.00000e+00}
   refcoord-scaling               = COM
   posres-com (3):
      posres-com[0]= 8.67720e-01
      posres-com[1]= 5.51531e-01
      posres-com[2]= 8.42114e-01
   posres-comB (3):
      posres-comB[0]= 8.67720e-01
      posres-comB[1]= 5.51531e-01
      posres-comB[2]= 8.42114e-01
   QMMM                           = false
qm-opts:
   ngQM                           = 0
   constraint-algorithm           = Lincs
   continuation                   = false
   Shake-SOR                      = false
   shake-tol                      = 0.0001
   lincs-order                    = 12
   lincs-iter                     = 2
   lincs-warnangle                = 90
   nwall                          = 0
   wall-type                      = 9-3
   wall-r-linpot                  = -1
   wall-atomtype[0]               = -1
   wall-atomtype[1]               = -1
   wall-density[0]                = 0
   wall-density[1]                = 0
   wall-ewald-zfac                = 3
   pull                           = false
   awh                            = false
   rotation                       = false
   interactiveMD                  = false
   disre                          = No
   disre-weighting                = Conservative
   disre-mixed                    = false
   dr-fc                          = 1000
   dr-tau                         = 0
   nstdisreout                    = 100
   orire-fc                       = 0
   orire-tau                      = 0
   nstorireout                    = 100
   free-energy                    = no
   cos-acceleration               = 0
   deform (3x3):
      deform[    0]={ 0.00000e+00,  0.00000e+00,  0.00000e+00}
      deform[    1]={ 0.00000e+00,  0.00000e+00,  0.00000e+00}
      deform[    2]={ 0.00000e+00,  0.00000e+00,  0.00000e+00}
   simulated-tempering            = false
   swapcoords                     = no
   userint1                       = 0
   userint2                       = 0
   userint3                       = 0
   userint4                       = 0
   userreal1                      = 0
   userreal2                      = 0
   userreal3                      = 0
   userreal4                      = 0
   applied-forces:
     electric-field:
       x:
         E0                       = 0
         omega                    = 0
         t0                       = 0
         sigma                    = 0
       y:
         E0                       = 0
         omega                    = 0
         t0                       = 0
         sigma                    = 0
       z:
         E0                       = 0
         omega                    = 0
         t0                       = 0
         sigma                    = 0
     density-guided-simulation:
       active                     = false
       group                      = protein
       similarity-measure         = inner-product
       atom-spreading-weight      = unity
       force-constant             = 1e+09
       gaussian-transform-spreading-width = 0.2
       gaussian-transform-spreading-range-in-multiples-of-width = 4
       reference-density-filename = reference.mrc
       nst                        = 1
       normalize-densities        = true
       adaptive-force-scaling     = false
       adaptive-force-scaling-time-constant = 4
       shift-vector               = 
       transformation-matrix      = 
     qmmm-cp2k:
       active                     = false
       qmgroup                    = System
       qmmethod                   = PBE
       qmfilenames                = 
       qmcharge                   = 0
       qmmultiplicity             = 1
     colvars:
       active                     = false
       configfile                 = 
       seed                       = -1
grpopts:
   nrdf:      115338       41798
   ref-t:         310         310
   tau-t:           1           1
annealing:          No          No
annealing-npoints:           0           0
   acc:	           0           0           0
   nfreeze:           N           N           N
   energygrp-flags[  0]: 0

Can not increase nstlist because verlet-buffer-tolerance is not set or used
Update groups can not be used for this system because an incompatible virtual site type is used

Using 1 MPI thread
Using 32 OpenMP threads 


WARNING: Oversubscribing the recommended max load of 14 logical CPUs with 32 threads.
         This will cause considerable performance loss.
System total charge: 0.000
Reaction-Field:
epsRF = 0, rc = 1.1, krf = 0.375657, crf = 1.36364, epsfac = 9.26236
The electrostatics potential has its minimum at r = 1.1
Potential shift: LJ r^-12: -3.186e-01 r^-6: -5.645e-01


Using SIMD4xM 4x8 nonbonded short-range kernels

Using a 4x8 pair-list setup:
  updated every 20 steps, buffer 0.250 nm, rlist 1.350 nm

The average pressure is off by at most nan bar due to missing LJ interactions

Using full Lennard-Jones parameter combination matrix
Removing pbc first time

Initializing LINear Constraint Solver

++++ PLEASE READ AND CITE THE FOLLOWING REFERENCE ++++
B. Hess
P-LINCS: A Parallel Linear Constraint Solver for molecular simulation
J. Chem. Theory Comput. 4 (2008) pp. 116-122
-------- -------- --- Thank You --- -------- --------

The number of constraints is 1501
1322 constraints are involved in constraint triangles,
will apply an additional matrix expansion of order 12 for couplings
between constraints inside triangles

++++ PLEASE READ AND CITE THE FOLLOWING REFERENCE ++++
G. Bussi, D. Donadio and M. Parrinello
Canonical sampling through velocity rescaling
J. Chem. Phys. 126 (2007) pp. 014101
-------- -------- --- Thank You --- -------- --------

There are: 52881 Atoms
There are: 1929 VSites

Constraining the starting coordinates (step 0)

Constraining the coordinates at t0-dt (step 0)
Center of mass motion removal mode is Linear
We have the following groups for center of mass motion removal:
  0:  Rest
  1:  Solvent
RMS relative constraint deviation after constraining: 1.12e-06
Initial temperature: 310.052 K

Started mdrun on rank 0 Mon Mar 24 13:03:00 2025

           Step           Time
              0        0.00000

   Energies (kJ/mol)
           Bond  Harmonic Pot.          Angle       G96Angle  Restr. Angles
    1.84825e+04    2.91664e+00    1.27990e+04    5.08378e+02    5.87778e+02
    Proper Dih.  Improper Dih.        LJ (SR)   Coulomb (SR) Position Rest.
    5.09469e+02    4.34118e+02   -1.27321e+06   -1.43290e+04    0.00000e+00
      Potential    Kinetic En.   Total Energy  Conserved En.    Temperature
   -1.25422e+06    2.02423e+05   -1.05180e+06   -1.05143e+06    3.09870e+02
 Pressure (bar)   Constr. rmsd
   -4.82935e+00    1.09287e-06

           Step           Time
          25000      500.00000

   Energies (kJ/mol)
           Bond  Harmonic Pot.          Angle       G96Angle  Restr. Angles
    1.85231e+04    4.08903e+00    1.25705e+04    5.01435e+02    7.17156e+02
    Proper Dih.  Improper Dih.        LJ (SR)   Coulomb (SR) Position Rest.
    4.25349e+02    4.70256e+02   -1.27462e+06   -1.42793e+04    1.47025e+01
      Potential    Kinetic En.   Total Energy  Conserved En.    Temperature
   -1.25567e+06    2.02239e+05   -1.05344e+06   -1.05135e+06    3.09588e+02
 Pressure (bar)   Constr. rmsd
    2.97048e+01    1.14941e-06

           Step           Time
          50000     1000.00000

   Energies (kJ/mol)
           Bond  Harmonic Pot.          Angle       G96Angle  Restr. Angles
    1.84212e+04    7.34436e+00    1.27532e+04    5.36471e+02    6.72192e+02
    Proper Dih.  Improper Dih.        LJ (SR)   Coulomb (SR) Position Rest.
    4.20817e+02    4.32489e+02   -1.27337e+06   -1.44223e+04    1.38581e+01
      Potential    Kinetic En.   Total Energy  Conserved En.    Temperature
   -1.25453e+06    2.01784e+05   -1.05275e+06   -1.05142e+06    3.08893e+02
 Pressure (bar)   Constr. rmsd
   -9.95243e+00    1.11645e-06

           Step           Time
          75000     1500.00000

   Energies (kJ/mol)
           Bond  Harmonic Pot.          Angle       G96Angle  Restr. Angles
    1.83591e+04    4.72291e+00    1.25757e+04    4.87257e+02    6.81136e+02
    Proper Dih.  Improper Dih.        LJ (SR)   Coulomb (SR) Position Rest.
    3.94600e+02    4.92513e+02   -1.27376e+06   -1.42038e+04    1.99633e+01
      Potential    Kinetic En.   Total Energy  Conserved En.    Temperature
   -1.25495e+06    2.02576e+05   -1.05237e+06   -1.05129e+06    3.10105e+02
 Pressure (bar)   Constr. rmsd
    2.49169e+01    1.13678e-06

           Step           Time
         100000     2000.00000

   Energies (kJ/mol)
           Bond  Harmonic Pot.          Angle       G96Angle  Restr. Angles
    1.80455e+04    3.29679e+00    1.25894e+04    5.18078e+02    6.79906e+02
    Proper Dih.  Improper Dih.        LJ (SR)   Coulomb (SR) Position Rest.
    3.91017e+02    5.07380e+02   -1.27239e+06   -1.43174e+04    1.54896e+01
      Potential    Kinetic En.   Total Energy  Conserved En.    Temperature
   -1.25396e+06    2.02597e+05   -1.05136e+06   -1.05134e+06    3.10137e+02
 Pressure (bar)   Constr. rmsd
   -6.10112e+00    1.14724e-06

           Step           Time
         125000     2500.00000

   Energies (kJ/mol)
           Bond  Harmonic Pot.          Angle       G96Angle  Restr. Angles
    1.86667e+04    2.70230e+00    1.28325e+04    5.20536e+02    6.32394e+02
    Proper Dih.  Improper Dih.        LJ (SR)   Coulomb (SR) Position Rest.
    4.12841e+02    4.22207e+02   -1.27584e+06   -1.40722e+04    1.60643e+01
      Potential    Kinetic En.   Total Energy  Conserved En.    Temperature
   -1.25641e+06    2.03373e+05   -1.05303e+06   -1.05139e+06    3.11324e+02
 Pressure (bar)   Constr. rmsd
    3.73491e+01    1.10014e-06

           Step           Time
         150000     3000.00000

   Energies (kJ/mol)
           Bond  Harmonic Pot.          Angle       G96Angle  Restr. Angles
    1.82443e+04    4.39350e+00    1.26881e+04    5.25667e+02    6.43860e+02
    Proper Dih.  Improper Dih.        LJ (SR)   Coulomb (SR) Position Rest.
    4.04417e+02    4.34110e+02   -1.27026e+06   -1.44416e+04    1.46552e+01
      Potential    Kinetic En.   Total Energy  Conserved En.    Temperature
   -1.25174e+06    2.02118e+05   -1.04963e+06   -1.05153e+06    3.09403e+02
 Pressure (bar)   Constr. rmsd
    6.80829e+00    1.08114e-06

           Step           Time
         175000     3500.00000

   Energies (kJ/mol)
           Bond  Harmonic Pot.          Angle       G96Angle  Restr. Angles
    1.88253e+04    6.00108e+00    1.29905e+04    5.18297e+02    6.51306e+02
    Proper Dih.  Improper Dih.        LJ (SR)   Coulomb (SR) Position Rest.
    3.73183e+02    4.73170e+02   -1.27296e+06   -1.43389e+04    1.78738e+01
      Potential    Kinetic En.   Total Energy  Conserved En.    Temperature
   -1.25344e+06    2.01963e+05   -1.05148e+06   -1.05159e+06    3.09167e+02
 Pressure (bar)   Constr. rmsd
    1.79392e+01    1.17658e-06

           Step           Time
         200000     4000.00000

   Energies (kJ/mol)
           Bond  Harmonic Pot.          Angle       G96Angle  Restr. Angles
    1.83501e+04    4.67120e+00    1.28334e+04    5.22019e+02    6.33357e+02
    Proper Dih.  Improper Dih.        LJ (SR)   Coulomb (SR) Position Rest.
    4.30251e+02    4.26294e+02   -1.27164e+06   -1.43731e+04    2.07923e+01
      Potential    Kinetic En.   Total Energy  Conserved En.    Temperature
   -1.25280e+06    2.02559e+05   -1.05024e+06   -1.05184e+06    3.10078e+02
 Pressure (bar)   Constr. rmsd
   -6.46254e+00    1.10367e-06

           Step           Time
         225000     4500.00000

   Energies (kJ/mol)
           Bond  Harmonic Pot.          Angle       G96Angle  Restr. Angles
    1.87928e+04    3.51533e+00    1.27377e+04    5.74645e+02    7.00543e+02
    Proper Dih.  Improper Dih.        LJ (SR)   Coulomb (SR) Position Rest.
    4.37470e+02    4.59447e+02   -1.27306e+06   -1.45052e+04    1.60126e+01
      Potential    Kinetic En.   Total Energy  Conserved En.    Temperature
   -1.25385e+06    2.02878e+05   -1.05097e+06   -1.05180e+06    3.10567e+02
 Pressure (bar)   Constr. rmsd
    3.28115e+01    1.10231e-06

           Step           Time
         250000     5000.00000

   Energies (kJ/mol)
           Bond  Harmonic Pot.          Angle       G96Angle  Restr. Angles
    1.84095e+04    6.33928e+00    1.26510e+04    5.69028e+02    6.90113e+02
    Proper Dih.  Improper Dih.        LJ (SR)   Coulomb (SR) Position Rest.
    4.09263e+02    4.58134e+02   -1.27362e+06   -1.43753e+04    1.90485e+01
      Potential    Kinetic En.   Total Energy  Conserved En.    Temperature
   -1.25478e+06    2.02384e+05   -1.05240e+06   -1.05193e+06    3.09811e+02
 Pressure (bar)   Constr. rmsd
    2.57319e+01    1.13598e-06

           Step           Time
         275000     5500.00000

   Energies (kJ/mol)
           Bond  Harmonic Pot.          Angle       G96Angle  Restr. Angles
    1.82962e+04    4.37407e+00    1.26654e+04    5.06749e+02    6.31243e+02
    Proper Dih.  Improper Dih.        LJ (SR)   Coulomb (SR) Position Rest.
    4.76526e+02    4.39972e+02   -1.27325e+06   -1.47240e+04    1.56856e+01
      Potential    Kinetic En.   Total Energy  Conserved En.    Temperature
   -1.25494e+06    2.01032e+05   -1.05391e+06   -1.05209e+06    3.07741e+02
 Pressure (bar)   Constr. rmsd
   -1.56620e+01    1.14786e-06

           Step           Time
         300000     6000.00000

   Energies (kJ/mol)
           Bond  Harmonic Pot.          Angle       G96Angle  Restr. Angles
    1.83263e+04    7.71163e+00    1.23023e+04    5.23551e+02    6.89522e+02
    Proper Dih.  Improper Dih.        LJ (SR)   Coulomb (SR) Position Rest.
    3.57595e+02    4.09795e+02   -1.27339e+06   -1.41346e+04    1.46039e+01
      Potential    Kinetic En.   Total Energy  Conserved En.    Temperature
   -1.25489e+06    2.02486e+05   -1.05240e+06   -1.05216e+06    3.09967e+02
 Pressure (bar)   Constr. rmsd
   -2.31207e+00    1.12625e-06

           Step           Time
         325000     6500.00000

   Energies (kJ/mol)
           Bond  Harmonic Pot.          Angle       G96Angle  Restr. Angles
    1.84439e+04    6.75492e+00    1.29620e+04    5.09018e+02    7.50073e+02
    Proper Dih.  Improper Dih.        LJ (SR)   Coulomb (SR) Position Rest.
    4.02449e+02    4.25864e+02   -1.27263e+06   -1.45513e+04    2.01214e+01
      Potential    Kinetic En.   Total Energy  Conserved En.    Temperature
   -1.25366e+06    2.03607e+05   -1.05005e+06   -1.05222e+06    3.11683e+02
 Pressure (bar)   Constr. rmsd
    2.46158e+01    1.15625e-06

           Step           Time
         350000     7000.00000

   Energies (kJ/mol)
           Bond  Harmonic Pot.          Angle       G96Angle  Restr. Angles
    1.83908e+04    6.37575e+00    1.23899e+04    5.07805e+02    6.44323e+02
    Proper Dih.  Improper Dih.        LJ (SR)   Coulomb (SR) Position Rest.
    4.03078e+02    4.30248e+02   -1.27447e+06   -1.42894e+04    2.27303e+01
      Potential    Kinetic En.   Total Energy  Conserved En.    Temperature
   -1.25596e+06    2.01461e+05   -1.05450e+06   -1.05223e+06    3.08397e+02
 Pressure (bar)   Constr. rmsd
   -2.64623e+01    1.11459e-06

           Step           Time
         375000     7500.00000

   Energies (kJ/mol)
           Bond  Harmonic Pot.          Angle       G96Angle  Restr. Angles
    1.84279e+04    7.24845e+00    1.25973e+04    4.63933e+02    7.13639e+02
    Proper Dih.  Improper Dih.        LJ (SR)   Coulomb (SR) Position Rest.
    3.87000e+02    4.40234e+02   -1.27303e+06   -1.42605e+04    2.15143e+01
      Potential    Kinetic En.   Total Energy  Conserved En.    Temperature
   -1.25423e+06    2.01314e+05   -1.05291e+06   -1.05233e+06    3.08173e+02
 Pressure (bar)   Constr. rmsd
   -2.02888e+00    1.15891e-06

           Step           Time
         400000     8000.00000

   Energies (kJ/mol)
           Bond  Harmonic Pot.          Angle       G96Angle  Restr. Angles
    1.82103e+04    7.43126e+00    1.26566e+04    5.24768e+02    6.57468e+02
    Proper Dih.  Improper Dih.        LJ (SR)   Coulomb (SR) Position Rest.
    4.32719e+02    4.82976e+02   -1.27459e+06   -1.41046e+04    3.29580e+01
      Potential    Kinetic En.   Total Energy  Conserved En.    Temperature
   -1.25569e+06    2.02988e+05   -1.05270e+06   -1.05242e+06    3.10735e+02
 Pressure (bar)   Constr. rmsd
    1.17012e+01    1.16846e-06

           Step           Time
         425000     8500.00000

   Energies (kJ/mol)
           Bond  Harmonic Pot.          Angle       G96Angle  Restr. Angles
    1.88495e+04    7.26850e+00    1.29505e+04    5.05394e+02    6.68670e+02
    Proper Dih.  Improper Dih.        LJ (SR)   Coulomb (SR) Position Rest.
    4.14778e+02    4.31668e+02   -1.27123e+06   -1.42140e+04    3.27312e+01
      Potential    Kinetic En.   Total Energy  Conserved En.    Temperature
   -1.25158e+06    2.03264e+05   -1.04831e+06   -1.05247e+06    3.11158e+02
 Pressure (bar)   Constr. rmsd
    1.36633e+01    1.14632e-06

           Step           Time
         450000     9000.00000

   Energies (kJ/mol)
           Bond  Harmonic Pot.          Angle       G96Angle  Restr. Angles
    1.83888e+04    6.34440e+00    1.27995e+04    4.76630e+02    6.42860e+02
    Proper Dih.  Improper Dih.        LJ (SR)   Coulomb (SR) Position Rest.
    3.83024e+02    4.29197e+02   -1.27408e+06   -1.41885e+04    2.51371e+01
      Potential    Kinetic En.   Total Energy  Conserved En.    Temperature
   -1.25511e+06    2.02631e+05   -1.05248e+06   -1.05263e+06    3.10189e+02
 Pressure (bar)   Constr. rmsd
    2.16916e+01    1.14844e-06

Writing checkpoint, step 461880 at Mon Mar 24 13:18:00 2025


           Step           Time
         475000     9500.00000

   Energies (kJ/mol)
           Bond  Harmonic Pot.          Angle       G96Angle  Restr. Angles
    1.88375e+04    9.97422e+00    1.30781e+04    4.87533e+02    6.73826e+02
    Proper Dih.  Improper Dih.        LJ (SR)   Coulomb (SR) Position Rest.
    3.96530e+02    4.20430e+02   -1.27185e+06   -1.42648e+04    2.30727e+01
      Potential    Kinetic En.   Total Energy  Conserved En.    Temperature
   -1.25219e+06    2.02678e+05   -1.04951e+06   -1.05259e+06    3.10261e+02
 Pressure (bar)   Constr. rmsd
    4.12031e+01    1.13329e-06

           Step           Time
         500000    10000.00000

   Energies (kJ/mol)
           Bond  Harmonic Pot.          Angle       G96Angle  Restr. Angles
    1.82763e+04    5.34137e+00    1.26333e+04    5.14884e+02    6.70485e+02
    Proper Dih.  Improper Dih.        LJ (SR)   Coulomb (SR) Position Rest.
    4.41088e+02    4.91801e+02   -1.27220e+06   -1.41860e+04    2.08641e+01
      Potential    Kinetic En.   Total Energy  Conserved En.    Temperature
   -1.25333e+06    2.01575e+05   -1.05176e+06   -1.05280e+06    3.08572e+02
 Pressure (bar)   Constr. rmsd
   -1.21835e+01    1.14137e-06

           Step           Time
         525000    10500.00000

   Energies (kJ/mol)
           Bond  Harmonic Pot.          Angle       G96Angle  Restr. Angles
    1.85065e+04    8.37430e+00    1.27244e+04    5.85726e+02    6.89584e+02
    Proper Dih.  Improper Dih.        LJ (SR)   Coulomb (SR) Position Rest.
    3.53133e+02    5.06250e+02   -1.27401e+06   -1.43924e+04    1.63391e+01
      Potential    Kinetic En.   Total Energy  Conserved En.    Temperature
   -1.25501e+06    2.02494e+05   -1.05251e+06   -1.05287e+06    3.09979e+02
 Pressure (bar)   Constr. rmsd
    2.05360e+01    1.21302e-06

           Step           Time
         550000    11000.00000

   Energies (kJ/mol)
           Bond  Harmonic Pot.          Angle       G96Angle  Restr. Angles
    1.83607e+04    5.92079e+00    1.32303e+04    5.02664e+02    6.75740e+02
    Proper Dih.  Improper Dih.        LJ (SR)   Coulomb (SR) Position Rest.
    4.44557e+02    4.58789e+02   -1.27270e+06   -1.46723e+04    2.40336e+01
      Potential    Kinetic En.   Total Energy  Conserved En.    Temperature
   -1.25367e+06    2.02452e+05   -1.05122e+06   -1.05288e+06    3.09915e+02
 Pressure (bar)   Constr. rmsd
    3.36535e+01    1.14257e-06

           Step           Time
         575000    11500.00000

   Energies (kJ/mol)
           Bond  Harmonic Pot.          Angle       G96Angle  Restr. Angles
    1.88636e+04    6.85306e+00    1.26742e+04    5.13095e+02    6.52355e+02
    Proper Dih.  Improper Dih.        LJ (SR)   Coulomb (SR) Position Rest.
    3.89046e+02    4.70845e+02   -1.27331e+06   -1.45063e+04    2.72540e+01
      Potential    Kinetic En.   Total Energy  Conserved En.    Temperature
   -1.25422e+06    2.02721e+05   -1.05150e+06   -1.05310e+06    3.10327e+02
 Pressure (bar)   Constr. rmsd
    3.23904e+01    1.13126e-06

           Step           Time
         600000    12000.00000

   Energies (kJ/mol)
           Bond  Harmonic Pot.          Angle       G96Angle  Restr. Angles
    1.81949e+04    1.29237e+01    1.27813e+04    5.35108e+02    6.69260e+02
    Proper Dih.  Improper Dih.        LJ (SR)   Coulomb (SR) Position Rest.
    4.61778e+02    4.72471e+02   -1.27144e+06   -1.43906e+04    2.13841e+01
      Potential    Kinetic En.   Total Energy  Conserved En.    Temperature
   -1.25268e+06    2.03046e+05   -1.04963e+06   -1.05309e+06    3.10824e+02
 Pressure (bar)   Constr. rmsd
   -2.09255e+01    1.17065e-06

           Step           Time
         625000    12500.00000

   Energies (kJ/mol)
           Bond  Harmonic Pot.          Angle       G96Angle  Restr. Angles
    1.88171e+04    4.16017e+00    1.27086e+04    5.31337e+02    6.61983e+02
    Proper Dih.  Improper Dih.        LJ (SR)   Coulomb (SR) Position Rest.
    4.28849e+02    4.15217e+02   -1.27324e+06   -1.45184e+04    2.29330e+01
      Potential    Kinetic En.   Total Energy  Conserved En.    Temperature
   -1.25417e+06    2.01298e+05   -1.05287e+06   -1.05303e+06    3.08147e+02
 Pressure (bar)   Constr. rmsd
   -1.27995e-01    1.14523e-06

           Step           Time
         650000    13000.00000

   Energies (kJ/mol)
           Bond  Harmonic Pot.          Angle       G96Angle  Restr. Angles
    1.81787e+04    4.60092e+00    1.26457e+04    6.05628e+02    6.67380e+02
    Proper Dih.  Improper Dih.        LJ (SR)   Coulomb (SR) Position Rest.
    3.94347e+02    4.37745e+02   -1.27067e+06   -1.42714e+04    2.03548e+01
      Potential    Kinetic En.   Total Energy  Conserved En.    Temperature
   -1.25199e+06    2.00727e+05   -1.05126e+06   -1.05315e+06    3.07275e+02
 Pressure (bar)   Constr. rmsd
   -9.32582e+00    1.10191e-06

           Step           Time
         675000    13500.00000

   Energies (kJ/mol)
           Bond  Harmonic Pot.          Angle       G96Angle  Restr. Angles
    1.79252e+04    4.39302e+00    1.26708e+04    4.97480e+02    6.64885e+02
    Proper Dih.  Improper Dih.        LJ (SR)   Coulomb (SR) Position Rest.
    4.47537e+02    4.64477e+02   -1.27439e+06   -1.45117e+04    1.88456e+01
      Potential    Kinetic En.   Total Energy  Conserved En.    Temperature
   -1.25621e+06    2.03603e+05   -1.05261e+06   -1.05321e+06    3.11677e+02
 Pressure (bar)   Constr. rmsd
   -1.93482e+01    1.16215e-06

           Step           Time
         700000    14000.00000

   Energies (kJ/mol)
           Bond  Harmonic Pot.          Angle       G96Angle  Restr. Angles
    1.80927e+04    8.37546e+00    1.26692e+04    4.79285e+02    6.90909e+02
    Proper Dih.  Improper Dih.        LJ (SR)   Coulomb (SR) Position Rest.
    4.52526e+02    4.31384e+02   -1.27221e+06   -1.47046e+04    2.02343e+01
      Potential    Kinetic En.   Total Energy  Conserved En.    Temperature
   -1.25407e+06    2.01478e+05   -1.05259e+06   -1.05323e+06    3.08424e+02
 Pressure (bar)   Constr. rmsd
   -1.63300e+01    1.21560e-06

           Step           Time
         725000    14500.00000

   Energies (kJ/mol)
           Bond  Harmonic Pot.          Angle       G96Angle  Restr. Angles
    1.87441e+04    4.71243e+00    1.27812e+04    5.35958e+02    6.59842e+02
    Proper Dih.  Improper Dih.        LJ (SR)   Coulomb (SR) Position Rest.
    4.28417e+02    4.16377e+02   -1.27291e+06   -1.46030e+04    2.00708e+01
      Potential    Kinetic En.   Total Energy  Conserved En.    Temperature
   -1.25392e+06    2.03153e+05   -1.05077e+06   -1.05333e+06    3.10987e+02
 Pressure (bar)   Constr. rmsd
    3.30261e+01    1.13120e-06

           Step           Time
         750000    15000.00000

   Energies (kJ/mol)
           Bond  Harmonic Pot.          Angle       G96Angle  Restr. Angles
    1.82354e+04    4.74500e+00    1.27079e+04    4.89352e+02    6.65864e+02
    Proper Dih.  Improper Dih.        LJ (SR)   Coulomb (SR) Position Rest.
    3.91701e+02    3.81058e+02   -1.27363e+06   -1.44463e+04    1.42547e+01
      Potential    Kinetic En.   Total Energy  Conserved En.    Temperature
   -1.25519e+06    2.03356e+05   -1.05183e+06   -1.05338e+06    3.11299e+02
 Pressure (bar)   Constr. rmsd
   -1.75214e+01    1.12558e-06

           Step           Time
         775000    15500.00000

   Energies (kJ/mol)
           Bond  Harmonic Pot.          Angle       G96Angle  Restr. Angles
    1.85904e+04    7.78947e+00    1.26567e+04    5.36173e+02    6.76992e+02
    Proper Dih.  Improper Dih.        LJ (SR)   Coulomb (SR) Position Rest.
    3.81836e+02    4.00850e+02   -1.27270e+06   -1.41671e+04    2.14688e+01
      Potential    Kinetic En.   Total Energy  Conserved En.    Temperature
   -1.25360e+06    2.02811e+05   -1.05079e+06   -1.05345e+06    3.10464e+02
 Pressure (bar)   Constr. rmsd
   -9.90631e+00    1.11703e-06

           Step           Time
         800000    16000.00000

   Energies (kJ/mol)
           Bond  Harmonic Pot.          Angle       G96Angle  Restr. Angles
    1.82687e+04    4.98561e+00    1.24816e+04    5.02377e+02    6.57696e+02
    Proper Dih.  Improper Dih.        LJ (SR)   Coulomb (SR) Position Rest.
    4.16562e+02    4.14876e+02   -1.27427e+06   -1.44706e+04    1.76506e+01
      Potential    Kinetic En.   Total Energy  Conserved En.    Temperature
   -1.25598e+06    2.03374e+05   -1.05260e+06   -1.05354e+06    3.11325e+02
 Pressure (bar)   Constr. rmsd
    1.29263e+00    1.17432e-06

           Step           Time
         825000    16500.00000

   Energies (kJ/mol)
           Bond  Harmonic Pot.          Angle       G96Angle  Restr. Angles
    1.83376e+04    4.77087e+00    1.29476e+04    5.43249e+02    6.39520e+02
    Proper Dih.  Improper Dih.        LJ (SR)   Coulomb (SR) Position Rest.
    4.38316e+02    4.67869e+02   -1.27354e+06   -1.41863e+04    1.69001e+01
      Potential    Kinetic En.   Total Energy  Conserved En.    Temperature
   -1.25433e+06    2.02638e+05   -1.05169e+06   -1.05352e+06    3.10199e+02
 Pressure (bar)   Constr. rmsd
    4.71779e+00    1.14251e-06

           Step           Time
         850000    17000.00000

   Energies (kJ/mol)
           Bond  Harmonic Pot.          Angle       G96Angle  Restr. Angles
    1.86478e+04    3.42304e+00    1.26862e+04    5.76560e+02    6.74110e+02
    Proper Dih.  Improper Dih.        LJ (SR)   Coulomb (SR) Position Rest.
    3.65273e+02    4.94427e+02   -1.27114e+06   -1.44480e+04    2.01343e+01
      Potential    Kinetic En.   Total Energy  Conserved En.    Temperature
   -1.25212e+06    2.03584e+05   -1.04853e+06   -1.05365e+06    3.11648e+02
 Pressure (bar)   Constr. rmsd
   -1.65166e+01    1.19008e-06

           Step           Time
         875000    17500.00000

   Energies (kJ/mol)
           Bond  Harmonic Pot.          Angle       G96Angle  Restr. Angles
    1.86788e+04    6.70607e+00    1.26026e+04    5.23241e+02    6.64414e+02
    Proper Dih.  Improper Dih.        LJ (SR)   Coulomb (SR) Position Rest.
    4.13153e+02    4.60262e+02   -1.27246e+06   -1.46064e+04    1.94142e+01
      Potential    Kinetic En.   Total Energy  Conserved En.    Temperature
   -1.25370e+06    2.02340e+05   -1.05136e+06   -1.05360e+06    3.09744e+02
 Pressure (bar)   Constr. rmsd
    2.26018e+01    1.18439e-06

           Step           Time
         900000    18000.00000

   Energies (kJ/mol)
           Bond  Harmonic Pot.          Angle       G96Angle  Restr. Angles
    1.81757e+04    3.95908e+00    1.28330e+04    5.04581e+02    6.76678e+02
    Proper Dih.  Improper Dih.        LJ (SR)   Coulomb (SR) Position Rest.
    4.15318e+02    4.69586e+02   -1.27152e+06   -1.43972e+04    1.69696e+01
      Potential    Kinetic En.   Total Energy  Conserved En.    Temperature
   -1.25282e+06    2.01766e+05   -1.05106e+06   -1.05373e+06    3.08865e+02
 Pressure (bar)   Constr. rmsd
   -2.58880e+01    1.15418e-06


Step 915720: Run time exceeded 0.495 hours, will terminate the run within 40 steps
           Step           Time
         915740    18314.80000

Writing checkpoint, step 915740 at Mon Mar 24 13:32:42 2025


   Energies (kJ/mol)
           Bond  Harmonic Pot.          Angle       G96Angle  Restr. Angles
    1.84704e+04    5.66682e+00    1.28201e+04    5.29488e+02    6.80126e+02
    Proper Dih.  Improper Dih.        LJ (SR)   Coulomb (SR) Position Rest.
    4.79791e+02    4.29452e+02   -1.27340e+06   -1.45943e+04    2.32783e+01
      Potential    Kinetic En.   Total Energy  Conserved En.    Temperature
   -1.25456e+06    2.01478e+05   -1.05308e+06   -1.05391e+06    3.08424e+02
 Pressure (bar)   Constr. rmsd
   -1.58668e+01    1.13908e-06


Energy conservation over simulation part #1 of length 18314.8 ps, time 0 to 18314.8 ps
  Conserved energy drift: -2.47e-06 kJ/mol/ps per atom


	<======  ###############  ==>
	<====  A V E R A G E S  ====>
	<==  ###############  ======>

	Statistics over 915741 steps using 9158 frames

   Energies (kJ/mol)
           Bond  Harmonic Pot.          Angle       G96Angle  Restr. Angles
    1.84629e+04    5.94739e+00    1.27365e+04    5.32142e+02    6.74763e+02
    Proper Dih.  Improper Dih.        LJ (SR)   Coulomb (SR) Position Rest.
    4.07377e+02    4.50208e+02   -1.27288e+06   -1.43760e+04    1.95354e+01
      Potential    Kinetic En.   Total Energy  Conserved En.    Temperature
   -1.25397e+06    2.02495e+05   -1.05147e+06   -1.05255e+06    3.09981e+02
 Pressure (bar)   Constr. rmsd
    9.65554e-01    0.00000e+00

          Box-X          Box-Y          Box-Z
    1.80643e+01    1.80643e+01    1.84673e+01

   Total Virial (kJ/mol)
    6.74442e+04    8.54313e+00   -5.41853e+01
    8.54508e+00    6.74395e+04    1.36446e+01
   -5.41821e+01    1.36440e+01    6.70942e+04

   Pressure (bar)
    1.09158e+00   -6.27911e-02    3.50350e-01
   -6.28019e-02    1.09871e+00   -8.56449e-02
    3.50332e-01   -8.56419e-02    7.06373e-01

      T-Solvent         T-Rest
    3.09969e+02    3.10014e+02


	M E G A - F L O P S   A C C O U N T I N G

 NB=Group-cutoff nonbonded kernels    NxN=N-by-N cluster Verlet kernels
 RF=Reaction-Field  VdW=Van der Waals  QSTab=quadratic-spline table
 W3=SPC/TIP3p  W4=TIP4p (single or pairs)
 V&F=Potential and force  V=Potential only  F=Force only

 Computing:                               M-Number         M-Flops  % Flops
-----------------------------------------------------------------------------
 Pair Search distance check          465015.852260     4185142.670     1.5
 NxN RF Elec. + LJ [F]              1206588.925904    45850379.184    16.8
 NxN RF Elec. + LJ [V&F]              12191.062368      658317.368     0.2
 NxN LJ [F]                         6548342.565536   216095304.663    79.2
 NxN LJ [V&F]                         66155.296960     2844677.769     1.0
 NxN RF Electrostatics [F]             1726.668112       53526.711     0.0
 NxN RF Electrostatics [V&F]             17.495552         629.840     0.0
 Shift-X                               2509.640280       15057.842     0.0
 Bonds                                13283.738946      783740.598     0.3
 Angles                                9810.333333     1648136.000     0.6
 Propers                                204.210243       46764.146     0.0
 Impropers                              400.178817       83237.194     0.0
 Pos. Restr.                            145.602819        7280.141     0.0
 Virial                                2511.700740       45210.613     0.0
 Stop-CM                                502.004790        5020.048     0.0
 Calc-Ekin                             5019.280560      135520.575     0.0
 Lincs                                 1374.530243       82471.815     0.0
 Lincs-Mat                            67596.485288      270385.941     0.1
 Constraint-V                          2749.057484       24741.517     0.0
 Constraint-Vir                          68.727788        1649.467     0.0
 Virtual Site 3out                     1836.520390      159777.274     0.1
 Virtual Site N                          53.845624         807.684     0.0
-----------------------------------------------------------------------------
 Total                                               272997779.060   100.0
-----------------------------------------------------------------------------


      R E A L   C Y C L E   A N D   T I M E   A C C O U N T I N G

On 1 MPI rank, each using 32 OpenMP threads

 Activity:              Num   Num      Call    Wall time         Giga-Cycles
                        Ranks Threads  Count      (s)         total sum    %
--------------------------------------------------------------------------------
 Vsite constr.             1   32     915741      68.760       6601.001   3.9
 Neighbor search           1   32      45788     239.585      23000.229  13.4
 Force                     1   32     915741     750.102      72010.030  42.1
 NB X/F buffer ops.        1   32    1785694     427.846      41073.324  24.0
 Vsite spread              1   32     961529      19.315       1854.255   1.1
 Write traj.               1   32         39       0.142         13.607   0.0
 Update                    1   32     915741      88.531       8498.985   5.0
 Constraints               1   32     915743     175.781      16875.019   9.9
 Rest                                             12.037       1155.539   0.7
--------------------------------------------------------------------------------
 Total                                          1782.098     171081.989 100.0
--------------------------------------------------------------------------------

NOTE: 13 % of the run time was spent in pair search,
      you might want to increase nstlist (this has no effect on accuracy)

               Core t (s)   Wall t (s)        (%)
       Time:    57027.138     1782.098     3200.0
                 (ns/day)    (hour/ns)
Performance:      887.942        0.027
Finished mdrun on rank 0 Mon Mar 24 13:32:42 2025

