state-machine-manager start /opt/jobs/state-machine-workflow.yaml --config-dir=/opt/jobs --scheduler kubernetes --registry registry-0.mummi.default.svc.cluster.local:5000 --plain-http
INFO:state_machine_operator.manager.manager: Job Prefix: [structure_]
INFO:state_machine_operator.manager.manager:  Scheduler: [kubernetes]
INFO:state_machine_operator.manager.manager:   Registry: [registry-0.mummi.default.svc.cluster.local:5000]
INFO:state_machine_operator.manager.manager:Manager running with 0 job sequence completions.
INFO:state_machine_operator.manager.manager:
> 🌀 Starting step mlrunner
INFO:state_machine_operator.manager.manager:> Workflow needs
INFO:state_machine_operator.manager.manager:  > total completions           10 
INFO:state_machine_operator.manager.manager:  > max nodes allowed use       6

INFO:state_machine_operator.manager.manager:> Current state
INFO:state_machine_operator.manager.manager:  > nodes / step                1 
INFO:state_machine_operator.manager.manager:  > jobs needed                 10 
INFO:state_machine_operator.manager.manager:  > nodes allowed               6 
INFO:state_machine_operator.manager.manager:  > jobs allowed                6

INFO:state_machine_operator.manager.manager:> Workflow progress
INFO:state_machine_operator.manager.manager:  > Completions                 0
INFO:state_machine_operator.manager.manager:  > In progress                 0
INFO:state_machine_operator.manager.manager:  > New job sequences submit    6 
INFO:state_machine_operator.manager.manager:
> 🌀 Starting step mlrunner
INFO:state_machine_operator.manager.manager:> Workflow needs
INFO:state_machine_operator.manager.manager:  > total completions           10 
INFO:state_machine_operator.manager.manager:  > max nodes allowed use       6

INFO:state_machine_operator.manager.manager:> Current state
INFO:state_machine_operator.manager.manager:  > nodes / step                1 
INFO:state_machine_operator.manager.manager:  > jobs needed                 10 
INFO:state_machine_operator.manager.manager:  > nodes allowed               6 
INFO:state_machine_operator.manager.manager:  > jobs allowed                6

INFO:state_machine_operator.manager.manager:> Workflow progress
INFO:state_machine_operator.manager.manager:  > Completions                 0
INFO:state_machine_operator.manager.manager:  > In progress                 6
INFO:state_machine_operator.manager.manager:  > New job sequences submit    0 
INFO:state_machine_operator.manager.manager:
> 🌀 Starting step mlrunner
INFO:state_machine_operator.manager.manager:> Workflow needs
INFO:state_machine_operator.manager.manager:  > total completions           10 
INFO:state_machine_operator.manager.manager:  > max nodes allowed use       6

INFO:state_machine_operator.manager.manager:> Current state
INFO:state_machine_operator.manager.manager:  > nodes / step                1 
INFO:state_machine_operator.manager.manager:  > jobs needed                 10 
INFO:state_machine_operator.manager.manager:  > nodes allowed               6 
INFO:state_machine_operator.manager.manager:  > jobs allowed                6

INFO:state_machine_operator.manager.manager:> Workflow progress
INFO:state_machine_operator.manager.manager:  > Completions                 0
INFO:state_machine_operator.manager.manager:  > In progress                 6
INFO:state_machine_operator.manager.manager:  > New job sequences submit    0 
INFO:state_machine_operator.manager.manager:
> 🌀 Starting step mlrunner
INFO:state_machine_operator.manager.manager:> Workflow needs
INFO:state_machine_operator.manager.manager:  > total completions           10 
INFO:state_machine_operator.manager.manager:  > max nodes allowed use       6

INFO:state_machine_operator.manager.manager:> Current state
INFO:state_machine_operator.manager.manager:  > nodes / step                1 
INFO:state_machine_operator.manager.manager:  > jobs needed                 10 
INFO:state_machine_operator.manager.manager:  > nodes allowed               6 
INFO:state_machine_operator.manager.manager:  > jobs allowed                6

INFO:state_machine_operator.manager.manager:> Workflow progress
INFO:state_machine_operator.manager.manager:  > Completions                 0
INFO:state_machine_operator.manager.manager:  > In progress                 6
INFO:state_machine_operator.manager.manager:  > New job sequences submit    0 
INFO:state_machine_operator.manager.manager:
> 🌀 Starting step mlrunner
INFO:state_machine_operator.manager.manager:> Workflow needs
INFO:state_machine_operator.manager.manager:  > total completions           10 
INFO:state_machine_operator.manager.manager:  > max nodes allowed use       6

INFO:state_machine_operator.manager.manager:> Current state
INFO:state_machine_operator.manager.manager:  > nodes / step                1 
INFO:state_machine_operator.manager.manager:  > jobs needed                 10 
INFO:state_machine_operator.manager.manager:  > nodes allowed               6 
INFO:state_machine_operator.manager.manager:  > jobs allowed                6

INFO:state_machine_operator.manager.manager:> Workflow progress
INFO:state_machine_operator.manager.manager:  > Completions                 0
INFO:state_machine_operator.manager.manager:  > In progress                 6
INFO:state_machine_operator.manager.manager:  > New job sequences submit    0 
INFO:state_machine_operator.manager.manager:
> 🌀 Starting step mlrunner
INFO:state_machine_operator.manager.manager:> Workflow needs
INFO:state_machine_operator.manager.manager:  > total completions           10 
INFO:state_machine_operator.manager.manager:  > max nodes allowed use       6

INFO:state_machine_operator.manager.manager:> Current state
INFO:state_machine_operator.manager.manager:  > nodes / step                1 
INFO:state_machine_operator.manager.manager:  > jobs needed                 10 
INFO:state_machine_operator.manager.manager:  > nodes allowed               6 
INFO:state_machine_operator.manager.manager:  > jobs allowed                6

INFO:state_machine_operator.manager.manager:> Workflow progress
INFO:state_machine_operator.manager.manager:  > Completions                 0
INFO:state_machine_operator.manager.manager:  > In progress                 6
INFO:state_machine_operator.manager.manager:  > New job sequences submit    0 
INFO:state_machine_operator.manager.manager:
> 🌀 Starting step mlrunner
INFO:state_machine_operator.manager.manager:> Workflow needs
INFO:state_machine_operator.manager.manager:  > total completions           10 
INFO:state_machine_operator.manager.manager:  > max nodes allowed use       6

INFO:state_machine_operator.manager.manager:> Current state
INFO:state_machine_operator.manager.manager:  > nodes / step                1 
INFO:state_machine_operator.manager.manager:  > jobs needed                 10 
INFO:state_machine_operator.manager.manager:  > nodes allowed               6 
INFO:state_machine_operator.manager.manager:  > jobs allowed                6

INFO:state_machine_operator.manager.manager:> Workflow progress
INFO:state_machine_operator.manager.manager:  > Completions                 0
INFO:state_machine_operator.manager.manager:  > In progress                 6
INFO:state_machine_operator.manager.manager:  > New job sequences submit    0 
INFO:state_machine_operator.manager.manager:
> 🌀 Starting step mlrunner
INFO:state_machine_operator.manager.manager:> Workflow needs
INFO:state_machine_operator.manager.manager:  > total completions           10 
INFO:state_machine_operator.manager.manager:  > max nodes allowed use       6

INFO:state_machine_operator.manager.manager:> Current state
INFO:state_machine_operator.manager.manager:  > nodes / step                1 
INFO:state_machine_operator.manager.manager:  > jobs needed                 10 
INFO:state_machine_operator.manager.manager:  > nodes allowed               6 
INFO:state_machine_operator.manager.manager:  > jobs allowed                6

INFO:state_machine_operator.manager.manager:> Workflow progress
INFO:state_machine_operator.manager.manager:  > Completions                 0
INFO:state_machine_operator.manager.manager:  > In progress                 6
INFO:state_machine_operator.manager.manager:  > New job sequences submit    0 
INFO:state_machine_operator.manager.manager:
> 🌀 Starting step mlrunner
INFO:state_machine_operator.manager.manager:> Workflow needs
INFO:state_machine_operator.manager.manager:  > total completions           10 
INFO:state_machine_operator.manager.manager:  > max nodes allowed use       6

INFO:state_machine_operator.manager.manager:> Current state
INFO:state_machine_operator.manager.manager:  > nodes / step                1 
INFO:state_machine_operator.manager.manager:  > jobs needed                 10 
INFO:state_machine_operator.manager.manager:  > nodes allowed               6 
INFO:state_machine_operator.manager.manager:  > jobs allowed                6

INFO:state_machine_operator.manager.manager:> Workflow progress
INFO:state_machine_operator.manager.manager:  > Completions                 0
INFO:state_machine_operator.manager.manager:  > In progress                 6
INFO:state_machine_operator.manager.manager:  > New job sequences submit    0 
INFO:state_machine_operator.manager.manager:
> 🌀 Starting step mlrunner
INFO:state_machine_operator.manager.manager:> Workflow needs
INFO:state_machine_operator.manager.manager:  > total completions           10 
INFO:state_machine_operator.manager.manager:  > max nodes allowed use       6

INFO:state_machine_operator.manager.manager:> Current state
INFO:state_machine_operator.manager.manager:  > nodes / step                1 
INFO:state_machine_operator.manager.manager:  > jobs needed                 10 
INFO:state_machine_operator.manager.manager:  > nodes allowed               6 
INFO:state_machine_operator.manager.manager:  > jobs allowed                6

INFO:state_machine_operator.manager.manager:> Workflow progress
INFO:state_machine_operator.manager.manager:  > Completions                 0
INFO:state_machine_operator.manager.manager:  > In progress                 6
INFO:state_machine_operator.manager.manager:  > New job sequences submit    0 
INFO:state_machine_operator.manager.manager:
> 🌀 Starting step mlrunner
INFO:state_machine_operator.manager.manager:> Workflow needs
INFO:state_machine_operator.manager.manager:  > total completions           10 
INFO:state_machine_operator.manager.manager:  > max nodes allowed use       6

INFO:state_machine_operator.manager.manager:> Current state
INFO:state_machine_operator.manager.manager:  > nodes / step                1 
INFO:state_machine_operator.manager.manager:  > jobs needed                 10 
INFO:state_machine_operator.manager.manager:  > nodes allowed               6 
INFO:state_machine_operator.manager.manager:  > jobs allowed                6

INFO:state_machine_operator.manager.manager:> Workflow progress
INFO:state_machine_operator.manager.manager:  > Completions                 0
INFO:state_machine_operator.manager.manager:  > In progress                 6
INFO:state_machine_operator.manager.manager:  > New job sequences submit    0 
INFO:state_machine_operator.manager.manager:
> 🌀 Starting step mlrunner
INFO:state_machine_operator.manager.manager:> Workflow needs
INFO:state_machine_operator.manager.manager:  > total completions           10 
INFO:state_machine_operator.manager.manager:  > max nodes allowed use       6

INFO:state_machine_operator.manager.manager:> Current state
INFO:state_machine_operator.manager.manager:  > nodes / step                1 
INFO:state_machine_operator.manager.manager:  > jobs needed                 10 
INFO:state_machine_operator.manager.manager:  > nodes allowed               6 
INFO:state_machine_operator.manager.manager:  > jobs allowed                6

INFO:state_machine_operator.manager.manager:> Workflow progress
INFO:state_machine_operator.manager.manager:  > Completions                 0
INFO:state_machine_operator.manager.manager:  > In progress                 6
INFO:state_machine_operator.manager.manager:  > New job sequences submit    0 
INFO:state_machine_operator.manager.manager:
> 🌀 Starting step mlrunner
INFO:state_machine_operator.manager.manager:> Workflow needs
INFO:state_machine_operator.manager.manager:  > total completions           10 
INFO:state_machine_operator.manager.manager:  > max nodes allowed use       6

INFO:state_machine_operator.manager.manager:> Current state
INFO:state_machine_operator.manager.manager:  > nodes / step                1 
INFO:state_machine_operator.manager.manager:  > jobs needed                 10 
INFO:state_machine_operator.manager.manager:  > nodes allowed               6 
INFO:state_machine_operator.manager.manager:  > jobs allowed                6

INFO:state_machine_operator.manager.manager:> Workflow progress
INFO:state_machine_operator.manager.manager:  > Completions                 0
INFO:state_machine_operator.manager.manager:  > In progress                 6
INFO:state_machine_operator.manager.manager:  > New job sequences submit    0 
INFO:state_machine_operator.manager.manager:
> 🌀 Starting step mlrunner
INFO:state_machine_operator.manager.manager:> Workflow needs
INFO:state_machine_operator.manager.manager:  > total completions           10 
INFO:state_machine_operator.manager.manager:  > max nodes allowed use       6

INFO:state_machine_operator.manager.manager:> Current state
INFO:state_machine_operator.manager.manager:  > nodes / step                1 
INFO:state_machine_operator.manager.manager:  > jobs needed                 10 
INFO:state_machine_operator.manager.manager:  > nodes allowed               6 
INFO:state_machine_operator.manager.manager:  > jobs allowed                6

INFO:state_machine_operator.manager.manager:> Workflow progress
INFO:state_machine_operator.manager.manager:  > Completions                 0
INFO:state_machine_operator.manager.manager:  > In progress                 6
INFO:state_machine_operator.manager.manager:  > New job sequences submit    0 
INFO:state_machine_operator.manager.manager:
> 🌀 Starting step mlrunner
INFO:state_machine_operator.manager.manager:> Workflow needs
INFO:state_machine_operator.manager.manager:  > total completions           10 
INFO:state_machine_operator.manager.manager:  > max nodes allowed use       6

INFO:state_machine_operator.manager.manager:> Current state
INFO:state_machine_operator.manager.manager:  > nodes / step                1 
INFO:state_machine_operator.manager.manager:  > jobs needed                 10 
INFO:state_machine_operator.manager.manager:  > nodes allowed               6 
INFO:state_machine_operator.manager.manager:  > jobs allowed                6

INFO:state_machine_operator.manager.manager:> Workflow progress
INFO:state_machine_operator.manager.manager:  > Completions                 0
INFO:state_machine_operator.manager.manager:  > In progress                 6
INFO:state_machine_operator.manager.manager:  > New job sequences submit    0 
INFO:state_machine_operator.manager.manager:
> 🌀 Starting step mlrunner
INFO:state_machine_operator.manager.manager:> Workflow needs
INFO:state_machine_operator.manager.manager:  > total completions           10 
INFO:state_machine_operator.manager.manager:  > max nodes allowed use       6

INFO:state_machine_operator.manager.manager:> Current state
INFO:state_machine_operator.manager.manager:  > nodes / step                1 
INFO:state_machine_operator.manager.manager:  > jobs needed                 10 
INFO:state_machine_operator.manager.manager:  > nodes allowed               6 
INFO:state_machine_operator.manager.manager:  > jobs allowed                6

INFO:state_machine_operator.manager.manager:> Workflow progress
INFO:state_machine_operator.manager.manager:  > Completions                 0
INFO:state_machine_operator.manager.manager:  > In progress                 6
INFO:state_machine_operator.manager.manager:  > New job sequences submit    0 
INFO:state_machine_operator.manager.manager:
> 🌀 Starting step mlrunner
INFO:state_machine_operator.manager.manager:> Workflow needs
INFO:state_machine_operator.manager.manager:  > total completions           10 
INFO:state_machine_operator.manager.manager:  > max nodes allowed use       6

INFO:state_machine_operator.manager.manager:> Current state
INFO:state_machine_operator.manager.manager:  > nodes / step                1 
INFO:state_machine_operator.manager.manager:  > jobs needed                 10 
INFO:state_machine_operator.manager.manager:  > nodes allowed               6 
INFO:state_machine_operator.manager.manager:  > jobs allowed                6

INFO:state_machine_operator.manager.manager:> Workflow progress
INFO:state_machine_operator.manager.manager:  > Completions                 0
INFO:state_machine_operator.manager.manager:  > In progress                 6
INFO:state_machine_operator.manager.manager:  > New job sequences submit    0 
INFO:state_machine_operator.manager.manager:
> 🌀 Starting step mlrunner
INFO:state_machine_operator.manager.manager:> Workflow needs
INFO:state_machine_operator.manager.manager:  > total completions           10 
INFO:state_machine_operator.manager.manager:  > max nodes allowed use       6

INFO:state_machine_operator.manager.manager:> Current state
INFO:state_machine_operator.manager.manager:  > nodes / step                1 
INFO:state_machine_operator.manager.manager:  > jobs needed                 10 
INFO:state_machine_operator.manager.manager:  > nodes allowed               6 
INFO:state_machine_operator.manager.manager:  > jobs allowed                6

INFO:state_machine_operator.manager.manager:> Workflow progress
INFO:state_machine_operator.manager.manager:  > Completions                 0
INFO:state_machine_operator.manager.manager:  > In progress                 6
INFO:state_machine_operator.manager.manager:  > New job sequences submit    0 
INFO:state_machine_operator.manager.manager:
> 🌀 Starting step mlrunner
INFO:state_machine_operator.manager.manager:> Workflow needs
INFO:state_machine_operator.manager.manager:  > total completions           10 
INFO:state_machine_operator.manager.manager:  > max nodes allowed use       6

INFO:state_machine_operator.manager.manager:> Current state
INFO:state_machine_operator.manager.manager:  > nodes / step                1 
INFO:state_machine_operator.manager.manager:  > jobs needed                 10 
INFO:state_machine_operator.manager.manager:  > nodes allowed               6 
INFO:state_machine_operator.manager.manager:  > jobs allowed                6

INFO:state_machine_operator.manager.manager:> Workflow progress
INFO:state_machine_operator.manager.manager:  > Completions                 0
INFO:state_machine_operator.manager.manager:  > In progress                 6
INFO:state_machine_operator.manager.manager:  > New job sequences submit    0 
INFO:state_machine_operator.manager.manager:
> 🌀 Starting step mlrunner
INFO:state_machine_operator.manager.manager:> Workflow needs
INFO:state_machine_operator.manager.manager:  > total completions           10 
INFO:state_machine_operator.manager.manager:  > max nodes allowed use       6

INFO:state_machine_operator.manager.manager:> Current state
INFO:state_machine_operator.manager.manager:  > nodes / step                1 
INFO:state_machine_operator.manager.manager:  > jobs needed                 10 
INFO:state_machine_operator.manager.manager:  > nodes allowed               6 
INFO:state_machine_operator.manager.manager:  > jobs allowed                6

INFO:state_machine_operator.manager.manager:> Workflow progress
INFO:state_machine_operator.manager.manager:  > Completions                 0
INFO:state_machine_operator.manager.manager:  > In progress                 6
INFO:state_machine_operator.manager.manager:  > New job sequences submit    0 
INFO:state_machine_operator.manager.manager:
> 🌀 Starting step mlrunner
INFO:state_machine_operator.manager.manager:> Workflow needs
INFO:state_machine_operator.manager.manager:  > total completions           10 
INFO:state_machine_operator.manager.manager:  > max nodes allowed use       6

INFO:state_machine_operator.manager.manager:> Current state
INFO:state_machine_operator.manager.manager:  > nodes / step                1 
INFO:state_machine_operator.manager.manager:  > jobs needed                 10 
INFO:state_machine_operator.manager.manager:  > nodes allowed               6 
INFO:state_machine_operator.manager.manager:  > jobs allowed                6

INFO:state_machine_operator.manager.manager:> Workflow progress
INFO:state_machine_operator.manager.manager:  > Completions                 0
INFO:state_machine_operator.manager.manager:  > In progress                 6
INFO:state_machine_operator.manager.manager:  > New job sequences submit    0 
INFO:state_machine_operator.manager.manager:
> 🌀 Starting step mlrunner
INFO:state_machine_operator.manager.manager:> Workflow needs
INFO:state_machine_operator.manager.manager:  > total completions           10 
INFO:state_machine_operator.manager.manager:  > max nodes allowed use       6

INFO:state_machine_operator.manager.manager:> Current state
INFO:state_machine_operator.manager.manager:  > nodes / step                1 
INFO:state_machine_operator.manager.manager:  > jobs needed                 10 
INFO:state_machine_operator.manager.manager:  > nodes allowed               6 
INFO:state_machine_operator.manager.manager:  > jobs allowed                6

INFO:state_machine_operator.manager.manager:> Workflow progress
INFO:state_machine_operator.manager.manager:  > Completions                 0
INFO:state_machine_operator.manager.manager:  > In progress                 6
INFO:state_machine_operator.manager.manager:  > New job sequences submit    0 
INFO:state_machine_operator.manager.manager:
> 🌀 Starting step mlrunner
INFO:state_machine_operator.manager.manager:> Workflow needs
INFO:state_machine_operator.manager.manager:  > total completions           10 
INFO:state_machine_operator.manager.manager:  > max nodes allowed use       6

INFO:state_machine_operator.manager.manager:> Current state
INFO:state_machine_operator.manager.manager:  > nodes / step                1 
INFO:state_machine_operator.manager.manager:  > jobs needed                 10 
INFO:state_machine_operator.manager.manager:  > nodes allowed               6 
INFO:state_machine_operator.manager.manager:  > jobs allowed                6

INFO:state_machine_operator.manager.manager:> Workflow progress
INFO:state_machine_operator.manager.manager:  > Completions                 0
INFO:state_machine_operator.manager.manager:  > In progress                 6
INFO:state_machine_operator.manager.manager:  > New job sequences submit    0 
INFO:state_machine_operator.manager.manager:
> 🌀 Starting step mlrunner
INFO:state_machine_operator.manager.manager:> Workflow needs
INFO:state_machine_operator.manager.manager:  > total completions           10 
INFO:state_machine_operator.manager.manager:  > max nodes allowed use       6

INFO:state_machine_operator.manager.manager:> Current state
INFO:state_machine_operator.manager.manager:  > nodes / step                1 
INFO:state_machine_operator.manager.manager:  > jobs needed                 10 
INFO:state_machine_operator.manager.manager:  > nodes allowed               6 
INFO:state_machine_operator.manager.manager:  > jobs allowed                6

INFO:state_machine_operator.manager.manager:> Workflow progress
INFO:state_machine_operator.manager.manager:  > Completions                 0
INFO:state_machine_operator.manager.manager:  > In progress                 6
INFO:state_machine_operator.manager.manager:  > New job sequences submit    0 
INFO:state_machine_operator.manager.manager:
> 🌀 Starting step mlrunner
INFO:state_machine_operator.manager.manager:> Workflow needs
INFO:state_machine_operator.manager.manager:  > total completions           10 
INFO:state_machine_operator.manager.manager:  > max nodes allowed use       6

INFO:state_machine_operator.manager.manager:> Current state
INFO:state_machine_operator.manager.manager:  > nodes / step                1 
INFO:state_machine_operator.manager.manager:  > jobs needed                 10 
INFO:state_machine_operator.manager.manager:  > nodes allowed               6 
INFO:state_machine_operator.manager.manager:  > jobs allowed                6

INFO:state_machine_operator.manager.manager:> Workflow progress
INFO:state_machine_operator.manager.manager:  > Completions                 0
INFO:state_machine_operator.manager.manager:  > In progress                 6
INFO:state_machine_operator.manager.manager:  > New job sequences submit    0 
INFO:state_machine_operator.manager.manager:
> 🌀 Starting step mlrunner
INFO:state_machine_operator.manager.manager:> Workflow needs
INFO:state_machine_operator.manager.manager:  > total completions           10 
INFO:state_machine_operator.manager.manager:  > max nodes allowed use       6

INFO:state_machine_operator.manager.manager:> Current state
INFO:state_machine_operator.manager.manager:  > nodes / step                1 
INFO:state_machine_operator.manager.manager:  > jobs needed                 10 
INFO:state_machine_operator.manager.manager:  > nodes allowed               6 
INFO:state_machine_operator.manager.manager:  > jobs allowed                6

INFO:state_machine_operator.manager.manager:> Workflow progress
INFO:state_machine_operator.manager.manager:  > Completions                 0
INFO:state_machine_operator.manager.manager:  > In progress                 6
INFO:state_machine_operator.manager.manager:  > New job sequences submit    0 
INFO:state_machine_operator.manager.manager:
> 🌀 Starting step mlrunner
INFO:state_machine_operator.manager.manager:> Workflow needs
INFO:state_machine_operator.manager.manager:  > total completions           10 
INFO:state_machine_operator.manager.manager:  > max nodes allowed use       6

INFO:state_machine_operator.manager.manager:> Current state
INFO:state_machine_operator.manager.manager:  > nodes / step                1 
INFO:state_machine_operator.manager.manager:  > jobs needed                 10 
INFO:state_machine_operator.manager.manager:  > nodes allowed               6 
INFO:state_machine_operator.manager.manager:  > jobs allowed                6

INFO:state_machine_operator.manager.manager:> Workflow progress
INFO:state_machine_operator.manager.manager:  > Completions                 0
INFO:state_machine_operator.manager.manager:  > In progress                 6
INFO:state_machine_operator.manager.manager:  > New job sequences submit    0 
INFO:state_machine_operator.manager.manager:
> 🌀 Starting step mlrunner
INFO:state_machine_operator.manager.manager:> Workflow needs
INFO:state_machine_operator.manager.manager:  > total completions           10 
INFO:state_machine_operator.manager.manager:  > max nodes allowed use       6

INFO:state_machine_operator.manager.manager:> Current state
INFO:state_machine_operator.manager.manager:  > nodes / step                1 
INFO:state_machine_operator.manager.manager:  > jobs needed                 10 
INFO:state_machine_operator.manager.manager:  > nodes allowed               6 
INFO:state_machine_operator.manager.manager:  > jobs allowed                6

INFO:state_machine_operator.manager.manager:> Workflow progress
INFO:state_machine_operator.manager.manager:  > Completions                 0
INFO:state_machine_operator.manager.manager:  > In progress                 6
INFO:state_machine_operator.manager.manager:  > New job sequences submit    0 
INFO:state_machine_operator.manager.manager:
> 🌀 Starting step mlrunner
INFO:state_machine_operator.manager.manager:> Workflow needs
INFO:state_machine_operator.manager.manager:  > total completions           10 
INFO:state_machine_operator.manager.manager:  > max nodes allowed use       6

INFO:state_machine_operator.manager.manager:> Current state
INFO:state_machine_operator.manager.manager:  > nodes / step                1 
INFO:state_machine_operator.manager.manager:  > jobs needed                 10 
INFO:state_machine_operator.manager.manager:  > nodes allowed               6 
INFO:state_machine_operator.manager.manager:  > jobs allowed                6

INFO:state_machine_operator.manager.manager:> Workflow progress
INFO:state_machine_operator.manager.manager:  > Completions                 0
INFO:state_machine_operator.manager.manager:  > In progress                 6
INFO:state_machine_operator.manager.manager:  > New job sequences submit    0 
INFO:state_machine_operator.manager.manager:
> 🌀 Starting step mlrunner
INFO:state_machine_operator.manager.manager:> Workflow needs
INFO:state_machine_operator.manager.manager:  > total completions           10 
INFO:state_machine_operator.manager.manager:  > max nodes allowed use       6

INFO:state_machine_operator.manager.manager:> Current state
INFO:state_machine_operator.manager.manager:  > nodes / step                1 
INFO:state_machine_operator.manager.manager:  > jobs needed                 10 
INFO:state_machine_operator.manager.manager:  > nodes allowed               6 
INFO:state_machine_operator.manager.manager:  > jobs allowed                6

INFO:state_machine_operator.manager.manager:> Workflow progress
INFO:state_machine_operator.manager.manager:  > Completions                 0
INFO:state_machine_operator.manager.manager:  > In progress                 6
INFO:state_machine_operator.manager.manager:  > New job sequences submit    0 
INFO:state_machine_operator.manager.manager:
> 🌀 Starting step mlrunner
INFO:state_machine_operator.manager.manager:> Workflow needs
INFO:state_machine_operator.manager.manager:  > total completions           10 
INFO:state_machine_operator.manager.manager:  > max nodes allowed use       6

INFO:state_machine_operator.manager.manager:> Current state
INFO:state_machine_operator.manager.manager:  > nodes / step                1 
INFO:state_machine_operator.manager.manager:  > jobs needed                 10 
INFO:state_machine_operator.manager.manager:  > nodes allowed               6 
INFO:state_machine_operator.manager.manager:  > jobs allowed                6

INFO:state_machine_operator.manager.manager:> Workflow progress
INFO:state_machine_operator.manager.manager:  > Completions                 0
INFO:state_machine_operator.manager.manager:  > In progress                 6
INFO:state_machine_operator.manager.manager:  > New job sequences submit    0 
INFO:state_machine_operator.manager.manager:
> 🌀 Starting step mlrunner
INFO:state_machine_operator.manager.manager:> Workflow needs
INFO:state_machine_operator.manager.manager:  > total completions           10 
INFO:state_machine_operator.manager.manager:  > max nodes allowed use       6

INFO:state_machine_operator.manager.manager:> Current state
INFO:state_machine_operator.manager.manager:  > nodes / step                1 
INFO:state_machine_operator.manager.manager:  > jobs needed                 10 
INFO:state_machine_operator.manager.manager:  > nodes allowed               6 
INFO:state_machine_operator.manager.manager:  > jobs allowed                6

INFO:state_machine_operator.manager.manager:> Workflow progress
INFO:state_machine_operator.manager.manager:  > Completions                 0
INFO:state_machine_operator.manager.manager:  > In progress                 6
INFO:state_machine_operator.manager.manager:  > New job sequences submit    0 
INFO:state_machine_operator.manager.manager:
> 🌀 Starting step mlrunner
INFO:state_machine_operator.manager.manager:> Workflow needs
INFO:state_machine_operator.manager.manager:  > total completions           10 
INFO:state_machine_operator.manager.manager:  > max nodes allowed use       6

INFO:state_machine_operator.manager.manager:> Current state
INFO:state_machine_operator.manager.manager:  > nodes / step                1 
INFO:state_machine_operator.manager.manager:  > jobs needed                 10 
INFO:state_machine_operator.manager.manager:  > nodes allowed               6 
INFO:state_machine_operator.manager.manager:  > jobs allowed                6

INFO:state_machine_operator.manager.manager:> Workflow progress
INFO:state_machine_operator.manager.manager:  > Completions                 0
INFO:state_machine_operator.manager.manager:  > In progress                 6
INFO:state_machine_operator.manager.manager:  > New job sequences submit    0 
INFO:state_machine_operator.manager.manager:
> 🌀 Starting step mlrunner
INFO:state_machine_operator.manager.manager:> Workflow needs
INFO:state_machine_operator.manager.manager:  > total completions           10 
INFO:state_machine_operator.manager.manager:  > max nodes allowed use       6

INFO:state_machine_operator.manager.manager:> Current state
INFO:state_machine_operator.manager.manager:  > nodes / step                1 
INFO:state_machine_operator.manager.manager:  > jobs needed                 10 
INFO:state_machine_operator.manager.manager:  > nodes allowed               6 
INFO:state_machine_operator.manager.manager:  > jobs allowed                6

INFO:state_machine_operator.manager.manager:> Workflow progress
INFO:state_machine_operator.manager.manager:  > Completions                 0
INFO:state_machine_operator.manager.manager:  > In progress                 6
INFO:state_machine_operator.manager.manager:  > New job sequences submit    0 
INFO:state_machine_operator.manager.manager:
> 🌀 Starting step mlrunner
INFO:state_machine_operator.manager.manager:> Workflow needs
INFO:state_machine_operator.manager.manager:  > total completions           10 
INFO:state_machine_operator.manager.manager:  > max nodes allowed use       6

INFO:state_machine_operator.manager.manager:> Current state
INFO:state_machine_operator.manager.manager:  > nodes / step                1 
INFO:state_machine_operator.manager.manager:  > jobs needed                 10 
INFO:state_machine_operator.manager.manager:  > nodes allowed               6 
INFO:state_machine_operator.manager.manager:  > jobs allowed                6

INFO:state_machine_operator.manager.manager:> Workflow progress
INFO:state_machine_operator.manager.manager:  > Completions                 0
INFO:state_machine_operator.manager.manager:  > In progress                 6
INFO:state_machine_operator.manager.manager:  > New job sequences submit    0 
INFO:state_machine_operator.manager.manager:
> 🌀 Starting step mlrunner
INFO:state_machine_operator.manager.manager:> Workflow needs
INFO:state_machine_operator.manager.manager:  > total completions           10 
INFO:state_machine_operator.manager.manager:  > max nodes allowed use       6

INFO:state_machine_operator.manager.manager:> Current state
INFO:state_machine_operator.manager.manager:  > nodes / step                1 
INFO:state_machine_operator.manager.manager:  > jobs needed                 10 
INFO:state_machine_operator.manager.manager:  > nodes allowed               6 
INFO:state_machine_operator.manager.manager:  > jobs allowed                6

INFO:state_machine_operator.manager.manager:> Workflow progress
INFO:state_machine_operator.manager.manager:  > Completions                 0
INFO:state_machine_operator.manager.manager:  > In progress                 6
INFO:state_machine_operator.manager.manager:  > New job sequences submit    0 
INFO:state_machine_operator.manager.manager:
> 🌀 Starting step mlrunner
INFO:state_machine_operator.manager.manager:> Workflow needs
INFO:state_machine_operator.manager.manager:  > total completions           10 
INFO:state_machine_operator.manager.manager:  > max nodes allowed use       6

INFO:state_machine_operator.manager.manager:> Current state
INFO:state_machine_operator.manager.manager:  > nodes / step                1 
INFO:state_machine_operator.manager.manager:  > jobs needed                 10 
INFO:state_machine_operator.manager.manager:  > nodes allowed               6 
INFO:state_machine_operator.manager.manager:  > jobs allowed                6

INFO:state_machine_operator.manager.manager:> Workflow progress
INFO:state_machine_operator.manager.manager:  > Completions                 0
INFO:state_machine_operator.manager.manager:  > In progress                 6
INFO:state_machine_operator.manager.manager:  > New job sequences submit    0 
INFO:state_machine_operator.manager.manager:
> 🌀 Starting step mlrunner
INFO:state_machine_operator.manager.manager:> Workflow needs
INFO:state_machine_operator.manager.manager:  > total completions           10 
INFO:state_machine_operator.manager.manager:  > max nodes allowed use       6

INFO:state_machine_operator.manager.manager:> Current state
INFO:state_machine_operator.manager.manager:  > nodes / step                1 
INFO:state_machine_operator.manager.manager:  > jobs needed                 10 
INFO:state_machine_operator.manager.manager:  > nodes allowed               6 
INFO:state_machine_operator.manager.manager:  > jobs allowed                6

INFO:state_machine_operator.manager.manager:> Workflow progress
INFO:state_machine_operator.manager.manager:  > Completions                 0
INFO:state_machine_operator.manager.manager:  > In progress                 6
INFO:state_machine_operator.manager.manager:  > New job sequences submit    0 
INFO:state_machine_operator.manager.manager:
> 🌀 Starting step mlrunner
INFO:state_machine_operator.manager.manager:> Workflow needs
INFO:state_machine_operator.manager.manager:  > total completions           10 
INFO:state_machine_operator.manager.manager:  > max nodes allowed use       6

INFO:state_machine_operator.manager.manager:> Current state
INFO:state_machine_operator.manager.manager:  > nodes / step                1 
INFO:state_machine_operator.manager.manager:  > jobs needed                 9 
INFO:state_machine_operator.manager.manager:  > nodes allowed               6 
INFO:state_machine_operator.manager.manager:  > jobs allowed                6

INFO:state_machine_operator.manager.manager:> Workflow progress
INFO:state_machine_operator.manager.manager:  > Completions                 1
INFO:state_machine_operator.manager.manager:  > In progress                 5
INFO:state_machine_operator.manager.manager:  > New job sequences submit    1 
INFO:state_machine_operator.manager.manager:
> 🌀 Starting step mlrunner
INFO:state_machine_operator.manager.manager:> Workflow needs
INFO:state_machine_operator.manager.manager:  > total completions           10 
INFO:state_machine_operator.manager.manager:  > max nodes allowed use       6

INFO:state_machine_operator.manager.manager:> Current state
INFO:state_machine_operator.manager.manager:  > nodes / step                1 
INFO:state_machine_operator.manager.manager:  > jobs needed                 9 
INFO:state_machine_operator.manager.manager:  > nodes allowed               6 
INFO:state_machine_operator.manager.manager:  > jobs allowed                6

INFO:state_machine_operator.manager.manager:> Workflow progress
INFO:state_machine_operator.manager.manager:  > Completions                 1
INFO:state_machine_operator.manager.manager:  > In progress                 6
INFO:state_machine_operator.manager.manager:  > New job sequences submit    0 
INFO:state_machine_operator.manager.manager:
> 🌀 Starting step mlrunner
INFO:state_machine_operator.manager.manager:> Workflow needs
INFO:state_machine_operator.manager.manager:  > total completions           10 
INFO:state_machine_operator.manager.manager:  > max nodes allowed use       6

INFO:state_machine_operator.manager.manager:> Current state
INFO:state_machine_operator.manager.manager:  > nodes / step                1 
INFO:state_machine_operator.manager.manager:  > jobs needed                 9 
INFO:state_machine_operator.manager.manager:  > nodes allowed               6 
INFO:state_machine_operator.manager.manager:  > jobs allowed                6

INFO:state_machine_operator.manager.manager:> Workflow progress
INFO:state_machine_operator.manager.manager:  > Completions                 1
INFO:state_machine_operator.manager.manager:  > In progress                 6
INFO:state_machine_operator.manager.manager:  > New job sequences submit    0 
INFO:state_machine_operator.manager.manager:
> 🌀 Starting step mlrunner
INFO:state_machine_operator.manager.manager:> Workflow needs
INFO:state_machine_operator.manager.manager:  > total completions           10 
INFO:state_machine_operator.manager.manager:  > max nodes allowed use       6

INFO:state_machine_operator.manager.manager:> Current state
INFO:state_machine_operator.manager.manager:  > nodes / step                1 
INFO:state_machine_operator.manager.manager:  > jobs needed                 9 
INFO:state_machine_operator.manager.manager:  > nodes allowed               6 
INFO:state_machine_operator.manager.manager:  > jobs allowed                6

INFO:state_machine_operator.manager.manager:> Workflow progress
INFO:state_machine_operator.manager.manager:  > Completions                 1
INFO:state_machine_operator.manager.manager:  > In progress                 6
INFO:state_machine_operator.manager.manager:  > New job sequences submit    0 
INFO:state_machine_operator.manager.manager:
> 🌀 Starting step mlrunner
INFO:state_machine_operator.manager.manager:> Workflow needs
INFO:state_machine_operator.manager.manager:  > total completions           10 
INFO:state_machine_operator.manager.manager:  > max nodes allowed use       6

INFO:state_machine_operator.manager.manager:> Current state
INFO:state_machine_operator.manager.manager:  > nodes / step                1 
INFO:state_machine_operator.manager.manager:  > jobs needed                 9 
INFO:state_machine_operator.manager.manager:  > nodes allowed               6 
INFO:state_machine_operator.manager.manager:  > jobs allowed                6

INFO:state_machine_operator.manager.manager:> Workflow progress
INFO:state_machine_operator.manager.manager:  > Completions                 1
INFO:state_machine_operator.manager.manager:  > In progress                 6
INFO:state_machine_operator.manager.manager:  > New job sequences submit    0 
INFO:state_machine_operator.manager.manager:
> 🌀 Starting step mlrunner
INFO:state_machine_operator.manager.manager:> Workflow needs
INFO:state_machine_operator.manager.manager:  > total completions           10 
INFO:state_machine_operator.manager.manager:  > max nodes allowed use       6

INFO:state_machine_operator.manager.manager:> Current state
INFO:state_machine_operator.manager.manager:  > nodes / step                1 
INFO:state_machine_operator.manager.manager:  > jobs needed                 9 
INFO:state_machine_operator.manager.manager:  > nodes allowed               6 
INFO:state_machine_operator.manager.manager:  > jobs allowed                6

INFO:state_machine_operator.manager.manager:> Workflow progress
INFO:state_machine_operator.manager.manager:  > Completions                 1
INFO:state_machine_operator.manager.manager:  > In progress                 6
INFO:state_machine_operator.manager.manager:  > New job sequences submit    0 
INFO:state_machine_operator.manager.manager:
> 🌀 Starting step mlrunner
INFO:state_machine_operator.manager.manager:> Workflow needs
INFO:state_machine_operator.manager.manager:  > total completions           10 
INFO:state_machine_operator.manager.manager:  > max nodes allowed use       6

INFO:state_machine_operator.manager.manager:> Current state
INFO:state_machine_operator.manager.manager:  > nodes / step                1 
INFO:state_machine_operator.manager.manager:  > jobs needed                 8 
INFO:state_machine_operator.manager.manager:  > nodes allowed               6 
INFO:state_machine_operator.manager.manager:  > jobs allowed                6

INFO:state_machine_operator.manager.manager:> Workflow progress
INFO:state_machine_operator.manager.manager:  > Completions                 2
INFO:state_machine_operator.manager.manager:  > In progress                 5
INFO:state_machine_operator.manager.manager:  > New job sequences submit    1 
INFO:state_machine_operator.manager.manager:
> 🌀 Starting step mlrunner
INFO:state_machine_operator.manager.manager:> Workflow needs
INFO:state_machine_operator.manager.manager:  > total completions           10 
INFO:state_machine_operator.manager.manager:  > max nodes allowed use       6

INFO:state_machine_operator.manager.manager:> Current state
INFO:state_machine_operator.manager.manager:  > nodes / step                1 
INFO:state_machine_operator.manager.manager:  > jobs needed                 8 
INFO:state_machine_operator.manager.manager:  > nodes allowed               6 
INFO:state_machine_operator.manager.manager:  > jobs allowed                6

INFO:state_machine_operator.manager.manager:> Workflow progress
INFO:state_machine_operator.manager.manager:  > Completions                 2
INFO:state_machine_operator.manager.manager:  > In progress                 6
INFO:state_machine_operator.manager.manager:  > New job sequences submit    0 
INFO:state_machine_operator.manager.manager:
> 🌀 Starting step mlrunner
INFO:state_machine_operator.manager.manager:> Workflow needs
INFO:state_machine_operator.manager.manager:  > total completions           10 
INFO:state_machine_operator.manager.manager:  > max nodes allowed use       6

INFO:state_machine_operator.manager.manager:> Current state
INFO:state_machine_operator.manager.manager:  > nodes / step                1 
INFO:state_machine_operator.manager.manager:  > jobs needed                 8 
INFO:state_machine_operator.manager.manager:  > nodes allowed               6 
INFO:state_machine_operator.manager.manager:  > jobs allowed                6

INFO:state_machine_operator.manager.manager:> Workflow progress
INFO:state_machine_operator.manager.manager:  > Completions                 2
INFO:state_machine_operator.manager.manager:  > In progress                 6
INFO:state_machine_operator.manager.manager:  > New job sequences submit    0 
INFO:state_machine_operator.manager.manager:
> 🌀 Starting step mlrunner
INFO:state_machine_operator.manager.manager:> Workflow needs
INFO:state_machine_operator.manager.manager:  > total completions           10 
INFO:state_machine_operator.manager.manager:  > max nodes allowed use       6

INFO:state_machine_operator.manager.manager:> Current state
INFO:state_machine_operator.manager.manager:  > nodes / step                1 
INFO:state_machine_operator.manager.manager:  > jobs needed                 7 
INFO:state_machine_operator.manager.manager:  > nodes allowed               6 
INFO:state_machine_operator.manager.manager:  > jobs allowed                6

INFO:state_machine_operator.manager.manager:> Workflow progress
INFO:state_machine_operator.manager.manager:  > Completions                 3
INFO:state_machine_operator.manager.manager:  > In progress                 5
INFO:state_machine_operator.manager.manager:  > New job sequences submit    1 
INFO:state_machine_operator.manager.manager:
> 🌀 Starting step mlrunner
INFO:state_machine_operator.manager.manager:> Workflow needs
INFO:state_machine_operator.manager.manager:  > total completions           10 
INFO:state_machine_operator.manager.manager:  > max nodes allowed use       6

INFO:state_machine_operator.manager.manager:> Current state
INFO:state_machine_operator.manager.manager:  > nodes / step                1 
INFO:state_machine_operator.manager.manager:  > jobs needed                 7 
INFO:state_machine_operator.manager.manager:  > nodes allowed               6 
INFO:state_machine_operator.manager.manager:  > jobs allowed                6

INFO:state_machine_operator.manager.manager:> Workflow progress
INFO:state_machine_operator.manager.manager:  > Completions                 3
INFO:state_machine_operator.manager.manager:  > In progress                 6
INFO:state_machine_operator.manager.manager:  > New job sequences submit    0 
INFO:state_machine_operator.manager.manager:
> 🌀 Starting step mlrunner
INFO:state_machine_operator.manager.manager:> Workflow needs
INFO:state_machine_operator.manager.manager:  > total completions           10 
INFO:state_machine_operator.manager.manager:  > max nodes allowed use       6

INFO:state_machine_operator.manager.manager:> Current state
INFO:state_machine_operator.manager.manager:  > nodes / step                1 
INFO:state_machine_operator.manager.manager:  > jobs needed                 7 
INFO:state_machine_operator.manager.manager:  > nodes allowed               6 
INFO:state_machine_operator.manager.manager:  > jobs allowed                6

INFO:state_machine_operator.manager.manager:> Workflow progress
INFO:state_machine_operator.manager.manager:  > Completions                 3
INFO:state_machine_operator.manager.manager:  > In progress                 6
INFO:state_machine_operator.manager.manager:  > New job sequences submit    0 
INFO:state_machine_operator.manager.manager:
> 🌀 Starting step mlrunner
INFO:state_machine_operator.manager.manager:> Workflow needs
INFO:state_machine_operator.manager.manager:  > total completions           10 
INFO:state_machine_operator.manager.manager:  > max nodes allowed use       6

INFO:state_machine_operator.manager.manager:> Current state
INFO:state_machine_operator.manager.manager:  > nodes / step                1 
INFO:state_machine_operator.manager.manager:  > jobs needed                 6 
INFO:state_machine_operator.manager.manager:  > nodes allowed               6 
INFO:state_machine_operator.manager.manager:  > jobs allowed                6

INFO:state_machine_operator.manager.manager:> Workflow progress
INFO:state_machine_operator.manager.manager:  > Completions                 4
INFO:state_machine_operator.manager.manager:  > In progress                 5
INFO:state_machine_operator.manager.manager:  > New job sequences submit    1 
INFO:state_machine_operator.manager.manager:
> 🌀 Starting step mlrunner
INFO:state_machine_operator.manager.manager:> Workflow needs
INFO:state_machine_operator.manager.manager:  > total completions           10 
INFO:state_machine_operator.manager.manager:  > max nodes allowed use       6

INFO:state_machine_operator.manager.manager:> Current state
INFO:state_machine_operator.manager.manager:  > nodes / step                1 
INFO:state_machine_operator.manager.manager:  > jobs needed                 6 
INFO:state_machine_operator.manager.manager:  > nodes allowed               6 
INFO:state_machine_operator.manager.manager:  > jobs allowed                6

INFO:state_machine_operator.manager.manager:> Workflow progress
INFO:state_machine_operator.manager.manager:  > Completions                 4
INFO:state_machine_operator.manager.manager:  > In progress                 6
INFO:state_machine_operator.manager.manager:  > New job sequences submit    0 
INFO:state_machine_operator.manager.manager:
> 🌀 Starting step mlrunner
INFO:state_machine_operator.manager.manager:> Workflow needs
INFO:state_machine_operator.manager.manager:  > total completions           10 
INFO:state_machine_operator.manager.manager:  > max nodes allowed use       6

INFO:state_machine_operator.manager.manager:> Current state
INFO:state_machine_operator.manager.manager:  > nodes / step                1 
INFO:state_machine_operator.manager.manager:  > jobs needed                 6 
INFO:state_machine_operator.manager.manager:  > nodes allowed               6 
INFO:state_machine_operator.manager.manager:  > jobs allowed                6

INFO:state_machine_operator.manager.manager:> Workflow progress
INFO:state_machine_operator.manager.manager:  > Completions                 4
INFO:state_machine_operator.manager.manager:  > In progress                 6
INFO:state_machine_operator.manager.manager:  > New job sequences submit    0 
INFO:state_machine_operator.manager.manager:
> 🌀 Starting step mlrunner
INFO:state_machine_operator.manager.manager:> Workflow needs
INFO:state_machine_operator.manager.manager:  > total completions           10 
INFO:state_machine_operator.manager.manager:  > max nodes allowed use       6

INFO:state_machine_operator.manager.manager:> Current state
INFO:state_machine_operator.manager.manager:  > nodes / step                1 
INFO:state_machine_operator.manager.manager:  > jobs needed                 5 
INFO:state_machine_operator.manager.manager:  > nodes allowed               6 
INFO:state_machine_operator.manager.manager:  > jobs allowed                5

INFO:state_machine_operator.manager.manager:> Workflow progress
INFO:state_machine_operator.manager.manager:  > Completions                 5
INFO:state_machine_operator.manager.manager:  > In progress                 5
INFO:state_machine_operator.manager.manager:  > New job sequences submit    0 
INFO:state_machine_operator.manager.manager:
> 🌀 Starting step mlrunner
INFO:state_machine_operator.manager.manager:> Workflow needs
INFO:state_machine_operator.manager.manager:  > total completions           10 
INFO:state_machine_operator.manager.manager:  > max nodes allowed use       6

INFO:state_machine_operator.manager.manager:> Current state
INFO:state_machine_operator.manager.manager:  > nodes / step                1 
INFO:state_machine_operator.manager.manager:  > jobs needed                 5 
INFO:state_machine_operator.manager.manager:  > nodes allowed               6 
INFO:state_machine_operator.manager.manager:  > jobs allowed                5

INFO:state_machine_operator.manager.manager:> Workflow progress
INFO:state_machine_operator.manager.manager:  > Completions                 5
INFO:state_machine_operator.manager.manager:  > In progress                 5
INFO:state_machine_operator.manager.manager:  > New job sequences submit    0 
INFO:state_machine_operator.manager.manager:
> 🌀 Starting step mlrunner
INFO:state_machine_operator.manager.manager:> Workflow needs
INFO:state_machine_operator.manager.manager:  > total completions           10 
INFO:state_machine_operator.manager.manager:  > max nodes allowed use       6

INFO:state_machine_operator.manager.manager:> Current state
INFO:state_machine_operator.manager.manager:  > nodes / step                1 
INFO:state_machine_operator.manager.manager:  > jobs needed                 4 
INFO:state_machine_operator.manager.manager:  > nodes allowed               6 
INFO:state_machine_operator.manager.manager:  > jobs allowed                4

INFO:state_machine_operator.manager.manager:> Workflow progress
INFO:state_machine_operator.manager.manager:  > Completions                 6
INFO:state_machine_operator.manager.manager:  > In progress                 4
INFO:state_machine_operator.manager.manager:  > New job sequences submit    0 
INFO:state_machine_operator.manager.manager:
> 🌀 Starting step mlrunner
INFO:state_machine_operator.manager.manager:> Workflow needs
INFO:state_machine_operator.manager.manager:  > total completions           10 
INFO:state_machine_operator.manager.manager:  > max nodes allowed use       6

INFO:state_machine_operator.manager.manager:> Current state
INFO:state_machine_operator.manager.manager:  > nodes / step                1 
INFO:state_machine_operator.manager.manager:  > jobs needed                 4 
INFO:state_machine_operator.manager.manager:  > nodes allowed               6 
INFO:state_machine_operator.manager.manager:  > jobs allowed                4

INFO:state_machine_operator.manager.manager:> Workflow progress
INFO:state_machine_operator.manager.manager:  > Completions                 6
INFO:state_machine_operator.manager.manager:  > In progress                 4
INFO:state_machine_operator.manager.manager:  > New job sequences submit    0 
INFO:state_machine_operator.manager.manager:
> 🌀 Starting step mlrunner
INFO:state_machine_operator.manager.manager:> Workflow needs
INFO:state_machine_operator.manager.manager:  > total completions           10 
INFO:state_machine_operator.manager.manager:  > max nodes allowed use       6

INFO:state_machine_operator.manager.manager:> Current state
INFO:state_machine_operator.manager.manager:  > nodes / step                1 
INFO:state_machine_operator.manager.manager:  > jobs needed                 4 
INFO:state_machine_operator.manager.manager:  > nodes allowed               6 
INFO:state_machine_operator.manager.manager:  > jobs allowed                4

INFO:state_machine_operator.manager.manager:> Workflow progress
INFO:state_machine_operator.manager.manager:  > Completions                 6
INFO:state_machine_operator.manager.manager:  > In progress                 4
INFO:state_machine_operator.manager.manager:  > New job sequences submit    0 
INFO:state_machine_operator.manager.manager:
> 🌀 Starting step mlrunner
INFO:state_machine_operator.manager.manager:> Workflow needs
INFO:state_machine_operator.manager.manager:  > total completions           10 
INFO:state_machine_operator.manager.manager:  > max nodes allowed use       6

INFO:state_machine_operator.manager.manager:> Current state
INFO:state_machine_operator.manager.manager:  > nodes / step                1 
INFO:state_machine_operator.manager.manager:  > jobs needed                 4 
INFO:state_machine_operator.manager.manager:  > nodes allowed               6 
INFO:state_machine_operator.manager.manager:  > jobs allowed                4

INFO:state_machine_operator.manager.manager:> Workflow progress
INFO:state_machine_operator.manager.manager:  > Completions                 6
INFO:state_machine_operator.manager.manager:  > In progress                 4
INFO:state_machine_operator.manager.manager:  > New job sequences submit    0 
INFO:state_machine_operator.manager.manager:
> 🌀 Starting step mlrunner
INFO:state_machine_operator.manager.manager:> Workflow needs
INFO:state_machine_operator.manager.manager:  > total completions           10 
INFO:state_machine_operator.manager.manager:  > max nodes allowed use       6

INFO:state_machine_operator.manager.manager:> Current state
INFO:state_machine_operator.manager.manager:  > nodes / step                1 
INFO:state_machine_operator.manager.manager:  > jobs needed                 4 
INFO:state_machine_operator.manager.manager:  > nodes allowed               6 
INFO:state_machine_operator.manager.manager:  > jobs allowed                4

INFO:state_machine_operator.manager.manager:> Workflow progress
INFO:state_machine_operator.manager.manager:  > Completions                 6
INFO:state_machine_operator.manager.manager:  > In progress                 4
INFO:state_machine_operator.manager.manager:  > New job sequences submit    0 
INFO:state_machine_operator.manager.manager:
> 🌀 Starting step mlrunner
INFO:state_machine_operator.manager.manager:> Workflow needs
INFO:state_machine_operator.manager.manager:  > total completions           10 
INFO:state_machine_operator.manager.manager:  > max nodes allowed use       6

INFO:state_machine_operator.manager.manager:> Current state
INFO:state_machine_operator.manager.manager:  > nodes / step                1 
INFO:state_machine_operator.manager.manager:  > jobs needed                 4 
INFO:state_machine_operator.manager.manager:  > nodes allowed               6 
INFO:state_machine_operator.manager.manager:  > jobs allowed                4

INFO:state_machine_operator.manager.manager:> Workflow progress
INFO:state_machine_operator.manager.manager:  > Completions                 6
INFO:state_machine_operator.manager.manager:  > In progress                 4
INFO:state_machine_operator.manager.manager:  > New job sequences submit    0 
INFO:state_machine_operator.manager.manager:
> 🌀 Starting step mlrunner
INFO:state_machine_operator.manager.manager:> Workflow needs
INFO:state_machine_operator.manager.manager:  > total completions           10 
INFO:state_machine_operator.manager.manager:  > max nodes allowed use       6

INFO:state_machine_operator.manager.manager:> Current state
INFO:state_machine_operator.manager.manager:  > nodes / step                1 
INFO:state_machine_operator.manager.manager:  > jobs needed                 4 
INFO:state_machine_operator.manager.manager:  > nodes allowed               6 
INFO:state_machine_operator.manager.manager:  > jobs allowed                4

INFO:state_machine_operator.manager.manager:> Workflow progress
INFO:state_machine_operator.manager.manager:  > Completions                 6
INFO:state_machine_operator.manager.manager:  > In progress                 4
INFO:state_machine_operator.manager.manager:  > New job sequences submit    0 
INFO:state_machine_operator.manager.manager:
> 🌀 Starting step mlrunner
INFO:state_machine_operator.manager.manager:> Workflow needs
INFO:state_machine_operator.manager.manager:  > total completions           10 
INFO:state_machine_operator.manager.manager:  > max nodes allowed use       6

INFO:state_machine_operator.manager.manager:> Current state
INFO:state_machine_operator.manager.manager:  > nodes / step                1 
INFO:state_machine_operator.manager.manager:  > jobs needed                 4 
INFO:state_machine_operator.manager.manager:  > nodes allowed               6 
INFO:state_machine_operator.manager.manager:  > jobs allowed                4

INFO:state_machine_operator.manager.manager:> Workflow progress
INFO:state_machine_operator.manager.manager:  > Completions                 6
INFO:state_machine_operator.manager.manager:  > In progress                 4
INFO:state_machine_operator.manager.manager:  > New job sequences submit    0 
INFO:state_machine_operator.manager.manager:
> 🌀 Starting step mlrunner
INFO:state_machine_operator.manager.manager:> Workflow needs
INFO:state_machine_operator.manager.manager:  > total completions           10 
INFO:state_machine_operator.manager.manager:  > max nodes allowed use       6

INFO:state_machine_operator.manager.manager:> Current state
INFO:state_machine_operator.manager.manager:  > nodes / step                1 
INFO:state_machine_operator.manager.manager:  > jobs needed                 4 
INFO:state_machine_operator.manager.manager:  > nodes allowed               6 
INFO:state_machine_operator.manager.manager:  > jobs allowed                4

INFO:state_machine_operator.manager.manager:> Workflow progress
INFO:state_machine_operator.manager.manager:  > Completions                 6
INFO:state_machine_operator.manager.manager:  > In progress                 4
INFO:state_machine_operator.manager.manager:  > New job sequences submit    0 
INFO:state_machine_operator.manager.manager:
> 🌀 Starting step mlrunner
INFO:state_machine_operator.manager.manager:> Workflow needs
INFO:state_machine_operator.manager.manager:  > total completions           10 
INFO:state_machine_operator.manager.manager:  > max nodes allowed use       6

INFO:state_machine_operator.manager.manager:> Current state
INFO:state_machine_operator.manager.manager:  > nodes / step                1 
INFO:state_machine_operator.manager.manager:  > jobs needed                 4 
INFO:state_machine_operator.manager.manager:  > nodes allowed               6 
INFO:state_machine_operator.manager.manager:  > jobs allowed                4

INFO:state_machine_operator.manager.manager:> Workflow progress
INFO:state_machine_operator.manager.manager:  > Completions                 6
INFO:state_machine_operator.manager.manager:  > In progress                 4
INFO:state_machine_operator.manager.manager:  > New job sequences submit    0 
INFO:state_machine_operator.manager.manager:
> 🌀 Starting step mlrunner
INFO:state_machine_operator.manager.manager:> Workflow needs
INFO:state_machine_operator.manager.manager:  > total completions           10 
INFO:state_machine_operator.manager.manager:  > max nodes allowed use       6

INFO:state_machine_operator.manager.manager:> Current state
INFO:state_machine_operator.manager.manager:  > nodes / step                1 
INFO:state_machine_operator.manager.manager:  > jobs needed                 4 
INFO:state_machine_operator.manager.manager:  > nodes allowed               6 
INFO:state_machine_operator.manager.manager:  > jobs allowed                4

INFO:state_machine_operator.manager.manager:> Workflow progress
INFO:state_machine_operator.manager.manager:  > Completions                 6
INFO:state_machine_operator.manager.manager:  > In progress                 4
INFO:state_machine_operator.manager.manager:  > New job sequences submit    0 
INFO:state_machine_operator.manager.manager:
> 🌀 Starting step mlrunner
INFO:state_machine_operator.manager.manager:> Workflow needs
INFO:state_machine_operator.manager.manager:  > total completions           10 
INFO:state_machine_operator.manager.manager:  > max nodes allowed use       6

INFO:state_machine_operator.manager.manager:> Current state
INFO:state_machine_operator.manager.manager:  > nodes / step                1 
INFO:state_machine_operator.manager.manager:  > jobs needed                 4 
INFO:state_machine_operator.manager.manager:  > nodes allowed               6 
INFO:state_machine_operator.manager.manager:  > jobs allowed                4

INFO:state_machine_operator.manager.manager:> Workflow progress
INFO:state_machine_operator.manager.manager:  > Completions                 6
INFO:state_machine_operator.manager.manager:  > In progress                 4
INFO:state_machine_operator.manager.manager:  > New job sequences submit    0 
INFO:state_machine_operator.manager.manager:
> 🌀 Starting step mlrunner
INFO:state_machine_operator.manager.manager:> Workflow needs
INFO:state_machine_operator.manager.manager:  > total completions           10 
INFO:state_machine_operator.manager.manager:  > max nodes allowed use       6

INFO:state_machine_operator.manager.manager:> Current state
INFO:state_machine_operator.manager.manager:  > nodes / step                1 
INFO:state_machine_operator.manager.manager:  > jobs needed                 4 
INFO:state_machine_operator.manager.manager:  > nodes allowed               6 
INFO:state_machine_operator.manager.manager:  > jobs allowed                4

INFO:state_machine_operator.manager.manager:> Workflow progress
INFO:state_machine_operator.manager.manager:  > Completions                 6
INFO:state_machine_operator.manager.manager:  > In progress                 4
INFO:state_machine_operator.manager.manager:  > New job sequences submit    0 
INFO:state_machine_operator.manager.manager:
> 🌀 Starting step mlrunner
INFO:state_machine_operator.manager.manager:> Workflow needs
INFO:state_machine_operator.manager.manager:  > total completions           10 
INFO:state_machine_operator.manager.manager:  > max nodes allowed use       6

INFO:state_machine_operator.manager.manager:> Current state
INFO:state_machine_operator.manager.manager:  > nodes / step                1 
INFO:state_machine_operator.manager.manager:  > jobs needed                 4 
INFO:state_machine_operator.manager.manager:  > nodes allowed               6 
INFO:state_machine_operator.manager.manager:  > jobs allowed                4

INFO:state_machine_operator.manager.manager:> Workflow progress
INFO:state_machine_operator.manager.manager:  > Completions                 6
INFO:state_machine_operator.manager.manager:  > In progress                 4
INFO:state_machine_operator.manager.manager:  > New job sequences submit    0 
INFO:state_machine_operator.manager.manager:
> 🌀 Starting step mlrunner
INFO:state_machine_operator.manager.manager:> Workflow needs
INFO:state_machine_operator.manager.manager:  > total completions           10 
INFO:state_machine_operator.manager.manager:  > max nodes allowed use       6

INFO:state_machine_operator.manager.manager:> Current state
INFO:state_machine_operator.manager.manager:  > nodes / step                1 
INFO:state_machine_operator.manager.manager:  > jobs needed                 4 
INFO:state_machine_operator.manager.manager:  > nodes allowed               6 
INFO:state_machine_operator.manager.manager:  > jobs allowed                4

INFO:state_machine_operator.manager.manager:> Workflow progress
INFO:state_machine_operator.manager.manager:  > Completions                 6
INFO:state_machine_operator.manager.manager:  > In progress                 4
INFO:state_machine_operator.manager.manager:  > New job sequences submit    0 
INFO:state_machine_operator.manager.manager:
> 🌀 Starting step mlrunner
INFO:state_machine_operator.manager.manager:> Workflow needs
INFO:state_machine_operator.manager.manager:  > total completions           10 
INFO:state_machine_operator.manager.manager:  > max nodes allowed use       6

INFO:state_machine_operator.manager.manager:> Current state
INFO:state_machine_operator.manager.manager:  > nodes / step                1 
INFO:state_machine_operator.manager.manager:  > jobs needed                 4 
INFO:state_machine_operator.manager.manager:  > nodes allowed               6 
INFO:state_machine_operator.manager.manager:  > jobs allowed                4

INFO:state_machine_operator.manager.manager:> Workflow progress
INFO:state_machine_operator.manager.manager:  > Completions                 6
INFO:state_machine_operator.manager.manager:  > In progress                 4
INFO:state_machine_operator.manager.manager:  > New job sequences submit    0 
INFO:state_machine_operator.manager.manager:
> 🌀 Starting step mlrunner
INFO:state_machine_operator.manager.manager:> Workflow needs
INFO:state_machine_operator.manager.manager:  > total completions           10 
INFO:state_machine_operator.manager.manager:  > max nodes allowed use       6

INFO:state_machine_operator.manager.manager:> Current state
INFO:state_machine_operator.manager.manager:  > nodes / step                1 
INFO:state_machine_operator.manager.manager:  > jobs needed                 4 
INFO:state_machine_operator.manager.manager:  > nodes allowed               6 
INFO:state_machine_operator.manager.manager:  > jobs allowed                4

INFO:state_machine_operator.manager.manager:> Workflow progress
INFO:state_machine_operator.manager.manager:  > Completions                 6
INFO:state_machine_operator.manager.manager:  > In progress                 4
INFO:state_machine_operator.manager.manager:  > New job sequences submit    0 
INFO:state_machine_operator.manager.manager:
> 🌀 Starting step mlrunner
INFO:state_machine_operator.manager.manager:> Workflow needs
INFO:state_machine_operator.manager.manager:  > total completions           10 
INFO:state_machine_operator.manager.manager:  > max nodes allowed use       6

INFO:state_machine_operator.manager.manager:> Current state
INFO:state_machine_operator.manager.manager:  > nodes / step                1 
INFO:state_machine_operator.manager.manager:  > jobs needed                 4 
INFO:state_machine_operator.manager.manager:  > nodes allowed               6 
INFO:state_machine_operator.manager.manager:  > jobs allowed                4

INFO:state_machine_operator.manager.manager:> Workflow progress
INFO:state_machine_operator.manager.manager:  > Completions                 6
INFO:state_machine_operator.manager.manager:  > In progress                 4
INFO:state_machine_operator.manager.manager:  > New job sequences submit    0 
INFO:state_machine_operator.manager.manager:
> 🌀 Starting step mlrunner
INFO:state_machine_operator.manager.manager:> Workflow needs
INFO:state_machine_operator.manager.manager:  > total completions           10 
INFO:state_machine_operator.manager.manager:  > max nodes allowed use       6

INFO:state_machine_operator.manager.manager:> Current state
INFO:state_machine_operator.manager.manager:  > nodes / step                1 
INFO:state_machine_operator.manager.manager:  > jobs needed                 4 
INFO:state_machine_operator.manager.manager:  > nodes allowed               6 
INFO:state_machine_operator.manager.manager:  > jobs allowed                4

INFO:state_machine_operator.manager.manager:> Workflow progress
INFO:state_machine_operator.manager.manager:  > Completions                 6
INFO:state_machine_operator.manager.manager:  > In progress                 4
INFO:state_machine_operator.manager.manager:  > New job sequences submit    0 
INFO:state_machine_operator.manager.manager:
> 🌀 Starting step mlrunner
INFO:state_machine_operator.manager.manager:> Workflow needs
INFO:state_machine_operator.manager.manager:  > total completions           10 
INFO:state_machine_operator.manager.manager:  > max nodes allowed use       6

INFO:state_machine_operator.manager.manager:> Current state
INFO:state_machine_operator.manager.manager:  > nodes / step                1 
INFO:state_machine_operator.manager.manager:  > jobs needed                 4 
INFO:state_machine_operator.manager.manager:  > nodes allowed               6 
INFO:state_machine_operator.manager.manager:  > jobs allowed                4

INFO:state_machine_operator.manager.manager:> Workflow progress
INFO:state_machine_operator.manager.manager:  > Completions                 6
INFO:state_machine_operator.manager.manager:  > In progress                 4
INFO:state_machine_operator.manager.manager:  > New job sequences submit    0 
INFO:state_machine_operator.manager.manager:
> 🌀 Starting step mlrunner
INFO:state_machine_operator.manager.manager:> Workflow needs
INFO:state_machine_operator.manager.manager:  > total completions           10 
INFO:state_machine_operator.manager.manager:  > max nodes allowed use       6

INFO:state_machine_operator.manager.manager:> Current state
INFO:state_machine_operator.manager.manager:  > nodes / step                1 
INFO:state_machine_operator.manager.manager:  > jobs needed                 4 
INFO:state_machine_operator.manager.manager:  > nodes allowed               6 
INFO:state_machine_operator.manager.manager:  > jobs allowed                4

INFO:state_machine_operator.manager.manager:> Workflow progress
INFO:state_machine_operator.manager.manager:  > Completions                 6
INFO:state_machine_operator.manager.manager:  > In progress                 4
INFO:state_machine_operator.manager.manager:  > New job sequences submit    0 
INFO:state_machine_operator.manager.manager:
> 🌀 Starting step mlrunner
INFO:state_machine_operator.manager.manager:> Workflow needs
INFO:state_machine_operator.manager.manager:  > total completions           10 
INFO:state_machine_operator.manager.manager:  > max nodes allowed use       6

INFO:state_machine_operator.manager.manager:> Current state
INFO:state_machine_operator.manager.manager:  > nodes / step                1 
INFO:state_machine_operator.manager.manager:  > jobs needed                 4 
INFO:state_machine_operator.manager.manager:  > nodes allowed               6 
INFO:state_machine_operator.manager.manager:  > jobs allowed                4

INFO:state_machine_operator.manager.manager:> Workflow progress
INFO:state_machine_operator.manager.manager:  > Completions                 6
INFO:state_machine_operator.manager.manager:  > In progress                 4
INFO:state_machine_operator.manager.manager:  > New job sequences submit    0 
INFO:state_machine_operator.manager.manager:
> 🌀 Starting step mlrunner
INFO:state_machine_operator.manager.manager:> Workflow needs
INFO:state_machine_operator.manager.manager:  > total completions           10 
INFO:state_machine_operator.manager.manager:  > max nodes allowed use       6

INFO:state_machine_operator.manager.manager:> Current state
INFO:state_machine_operator.manager.manager:  > nodes / step                1 
INFO:state_machine_operator.manager.manager:  > jobs needed                 4 
INFO:state_machine_operator.manager.manager:  > nodes allowed               6 
INFO:state_machine_operator.manager.manager:  > jobs allowed                4

INFO:state_machine_operator.manager.manager:> Workflow progress
INFO:state_machine_operator.manager.manager:  > Completions                 6
INFO:state_machine_operator.manager.manager:  > In progress                 4
INFO:state_machine_operator.manager.manager:  > New job sequences submit    0 
INFO:state_machine_operator.manager.manager:
> 🌀 Starting step mlrunner
INFO:state_machine_operator.manager.manager:> Workflow needs
INFO:state_machine_operator.manager.manager:  > total completions           10 
INFO:state_machine_operator.manager.manager:  > max nodes allowed use       6

INFO:state_machine_operator.manager.manager:> Current state
INFO:state_machine_operator.manager.manager:  > nodes / step                1 
INFO:state_machine_operator.manager.manager:  > jobs needed                 3 
INFO:state_machine_operator.manager.manager:  > nodes allowed               6 
INFO:state_machine_operator.manager.manager:  > jobs allowed                3

INFO:state_machine_operator.manager.manager:> Workflow progress
INFO:state_machine_operator.manager.manager:  > Completions                 7
INFO:state_machine_operator.manager.manager:  > In progress                 3
INFO:state_machine_operator.manager.manager:  > New job sequences submit    0 
INFO:state_machine_operator.manager.manager:
> 🌀 Starting step mlrunner
INFO:state_machine_operator.manager.manager:> Workflow needs
INFO:state_machine_operator.manager.manager:  > total completions           10 
INFO:state_machine_operator.manager.manager:  > max nodes allowed use       6

INFO:state_machine_operator.manager.manager:> Current state
INFO:state_machine_operator.manager.manager:  > nodes / step                1 
INFO:state_machine_operator.manager.manager:  > jobs needed                 3 
INFO:state_machine_operator.manager.manager:  > nodes allowed               6 
INFO:state_machine_operator.manager.manager:  > jobs allowed                3

INFO:state_machine_operator.manager.manager:> Workflow progress
INFO:state_machine_operator.manager.manager:  > Completions                 7
INFO:state_machine_operator.manager.manager:  > In progress                 3
INFO:state_machine_operator.manager.manager:  > New job sequences submit    0 
INFO:state_machine_operator.manager.manager:
> 🌀 Starting step mlrunner
INFO:state_machine_operator.manager.manager:> Workflow needs
INFO:state_machine_operator.manager.manager:  > total completions           10 
INFO:state_machine_operator.manager.manager:  > max nodes allowed use       6

INFO:state_machine_operator.manager.manager:> Current state
INFO:state_machine_operator.manager.manager:  > nodes / step                1 
INFO:state_machine_operator.manager.manager:  > jobs needed                 2 
INFO:state_machine_operator.manager.manager:  > nodes allowed               6 
INFO:state_machine_operator.manager.manager:  > jobs allowed                2

INFO:state_machine_operator.manager.manager:> Workflow progress
INFO:state_machine_operator.manager.manager:  > Completions                 8
INFO:state_machine_operator.manager.manager:  > In progress                 2
INFO:state_machine_operator.manager.manager:  > New job sequences submit    0 
INFO:state_machine_operator.manager.manager:
> 🌀 Starting step mlrunner
INFO:state_machine_operator.manager.manager:> Workflow needs
INFO:state_machine_operator.manager.manager:  > total completions           10 
INFO:state_machine_operator.manager.manager:  > max nodes allowed use       6

INFO:state_machine_operator.manager.manager:> Current state
INFO:state_machine_operator.manager.manager:  > nodes / step                1 
INFO:state_machine_operator.manager.manager:  > jobs needed                 2 
INFO:state_machine_operator.manager.manager:  > nodes allowed               6 
INFO:state_machine_operator.manager.manager:  > jobs allowed                2

INFO:state_machine_operator.manager.manager:> Workflow progress
INFO:state_machine_operator.manager.manager:  > Completions                 8
INFO:state_machine_operator.manager.manager:  > In progress                 2
INFO:state_machine_operator.manager.manager:  > New job sequences submit    0 
INFO:state_machine_operator.manager.manager:
> 🌀 Starting step mlrunner
INFO:state_machine_operator.manager.manager:> Workflow needs
INFO:state_machine_operator.manager.manager:  > total completions           10 
INFO:state_machine_operator.manager.manager:  > max nodes allowed use       6

INFO:state_machine_operator.manager.manager:> Current state
INFO:state_machine_operator.manager.manager:  > nodes / step                1 
INFO:state_machine_operator.manager.manager:  > jobs needed                 1 
INFO:state_machine_operator.manager.manager:  > nodes allowed               6 
INFO:state_machine_operator.manager.manager:  > jobs allowed                1

INFO:state_machine_operator.manager.manager:> Workflow progress
INFO:state_machine_operator.manager.manager:  > Completions                 9
INFO:state_machine_operator.manager.manager:  > In progress                 1
INFO:state_machine_operator.manager.manager:  > New job sequences submit    0 
INFO:state_machine_operator.manager.manager:
> 🌀 Starting step mlrunner
INFO:state_machine_operator.manager.manager:> Workflow needs
INFO:state_machine_operator.manager.manager:  > total completions           10 
INFO:state_machine_operator.manager.manager:  > max nodes allowed use       6

INFO:state_machine_operator.manager.manager:> Current state
INFO:state_machine_operator.manager.manager:  > nodes / step                1 
INFO:state_machine_operator.manager.manager:  > jobs needed                 1 
INFO:state_machine_operator.manager.manager:  > nodes allowed               6 
INFO:state_machine_operator.manager.manager:  > jobs allowed                1

INFO:state_machine_operator.manager.manager:> Workflow progress
INFO:state_machine_operator.manager.manager:  > Completions                 9
INFO:state_machine_operator.manager.manager:  > In progress                 1
INFO:state_machine_operator.manager.manager:  > New job sequences submit    0 
INFO:state_machine_operator.manager.manager:
> 🌀 Starting step mlrunner
INFO:state_machine_operator.manager.manager:> Workflow needs
INFO:state_machine_operator.manager.manager:  > total completions           10 
INFO:state_machine_operator.manager.manager:  > max nodes allowed use       6

INFO:state_machine_operator.manager.manager:> Current state
INFO:state_machine_operator.manager.manager:  > nodes / step                1 
INFO:state_machine_operator.manager.manager:  > jobs needed                 0 
INFO:state_machine_operator.manager.manager:  > nodes allowed               6 
INFO:state_machine_operator.manager.manager:  > jobs allowed                0

INFO:state_machine_operator.manager.manager:> Workflow progress
INFO:state_machine_operator.manager.manager:  > Completions                 10
INFO:state_machine_operator.manager.manager:  > In progress                 0
INFO:state_machine_operator.manager.manager:  > New job sequences submit    0 
INFO:state_machine_operator.manager.manager:Workflow is complete - 10/10 are done
> Launching workflow manager on (manager)
=== nodes
{"ip-192-168-12-135.ec2.internal": {"created": 1742080981.0, "labels": {"alpha.eksctl.io/cluster-name": "mini-mummi-gpu", "alpha.eksctl.io/nodegroup-name": "workers", "beta.kubernetes.io/arch": "amd64", "beta.kubernetes.io/instance-type": "p3.2xlarge", "beta.kubernetes.io/os": "linux", "eks.amazonaws.com/capacityType": "ON_DEMAND", "eks.amazonaws.com/nodegroup": "workers", "eks.amazonaws.com/nodegroup-image": "ami-0299b1cc4a5fd4661", "eks.amazonaws.com/sourceLaunchTemplateId": "lt-0b0a8949ffc0a33ed", "eks.amazonaws.com/sourceLaunchTemplateVersion": "1", "failure-domain.beta.kubernetes.io/region": "us-east-1", "failure-domain.beta.kubernetes.io/zone": "us-east-1b", "k8s.amazonaws.com/accelerator": "nvidia-tesla-v100", "k8s.io/cloud-provider-aws": "247cfc4a5c24230cfa9a7802a0ad8e55", "kubernetes.io/arch": "amd64", "kubernetes.io/hostname": "ip-192-168-12-135.ec2.internal", "kubernetes.io/os": "linux", "node.kubernetes.io/instance-type": "p3.2xlarge", "topology.kubernetes.io/region": "us-east-1", "topology.kubernetes.io/zone": "us-east-1b"}, "conditions": [{"last_transition_time": 1742080997.0, "message": "kubelet is posting ready status", "reason": "KubeletReady", "status": true, "type": "Ready", "recorded_at": 1742081295.224453}, {"last_transition_time": 1742087028.0, "message": "Kubelet stopped posting node status.", "reason": "NodeStatusUnknown", "status": false, "type": "Ready", "recorded_at": 1742087028.331907}], "is_ready": false}, "ip-192-168-14-157.ec2.internal": {"created": 1742080983.0, "labels": {"alpha.eksctl.io/cluster-name": "mini-mummi-gpu", "alpha.eksctl.io/nodegroup-name": "workers", "beta.kubernetes.io/arch": "amd64", "beta.kubernetes.io/instance-type": "p3.2xlarge", "beta.kubernetes.io/os": "linux", "eks.amazonaws.com/capacityType": "ON_DEMAND", "eks.amazonaws.com/nodegroup": "workers", "eks.amazonaws.com/nodegroup-image": "ami-0299b1cc4a5fd4661", "eks.amazonaws.com/sourceLaunchTemplateId": "lt-0b0a8949ffc0a33ed", "eks.amazonaws.com/sourceLaunchTemplateVersion": "1", "failure-domain.beta.kubernetes.io/region": "us-east-1", "failure-domain.beta.kubernetes.io/zone": "us-east-1b", "k8s.amazonaws.com/accelerator": "nvidia-tesla-v100", "k8s.io/cloud-provider-aws": "247cfc4a5c24230cfa9a7802a0ad8e55", "kubernetes.io/arch": "amd64", "kubernetes.io/hostname": "ip-192-168-14-157.ec2.internal", "kubernetes.io/os": "linux", "node.kubernetes.io/instance-type": "p3.2xlarge", "topology.kubernetes.io/region": "us-east-1", "topology.kubernetes.io/zone": "us-east-1b"}, "conditions": [{"last_transition_time": 1742080998.0, "message": "kubelet is posting ready status", "reason": "KubeletReady", "status": true, "type": "Ready", "recorded_at": 1742081295.2245307}], "is_ready": true}, "ip-192-168-14-234.ec2.internal": {"created": 1742080983.0, "labels": {"alpha.eksctl.io/cluster-name": "mini-mummi-gpu", "alpha.eksctl.io/nodegroup-name": "workers", "beta.kubernetes.io/arch": "amd64", "beta.kubernetes.io/instance-type": "p3.2xlarge", "beta.kubernetes.io/os": "linux", "eks.amazonaws.com/capacityType": "ON_DEMAND", "eks.amazonaws.com/nodegroup": "workers", "eks.amazonaws.com/nodegroup-image": "ami-0299b1cc4a5fd4661", "eks.amazonaws.com/sourceLaunchTemplateId": "lt-0b0a8949ffc0a33ed", "eks.amazonaws.com/sourceLaunchTemplateVersion": "1", "failure-domain.beta.kubernetes.io/region": "us-east-1", "failure-domain.beta.kubernetes.io/zone": "us-east-1b", "k8s.amazonaws.com/accelerator": "nvidia-tesla-v100", "k8s.io/cloud-provider-aws": "247cfc4a5c24230cfa9a7802a0ad8e55", "kubernetes.io/arch": "amd64", "kubernetes.io/hostname": "ip-192-168-14-234.ec2.internal", "kubernetes.io/os": "linux", "node.kubernetes.io/instance-type": "p3.2xlarge", "topology.kubernetes.io/region": "us-east-1", "topology.kubernetes.io/zone": "us-east-1b"}, "conditions": [{"last_transition_time": 1742080996.0, "message": "kubelet is posting ready status", "reason": "KubeletReady", "status": true, "type": "Ready", "recorded_at": 1742081295.2245994}, {"last_transition_time": 1742084882.0, "message": "Kubelet stopped posting node status.", "reason": "NodeStatusUnknown", "status": false, "type": "Ready", "recorded_at": 1742084882.8937838}], "is_ready": false}, "ip-192-168-3-158.ec2.internal": {"created": 1742080980.0, "labels": {"alpha.eksctl.io/cluster-name": "mini-mummi-gpu", "alpha.eksctl.io/nodegroup-name": "workers", "beta.kubernetes.io/arch": "amd64", "beta.kubernetes.io/instance-type": "p3.2xlarge", "beta.kubernetes.io/os": "linux", "eks.amazonaws.com/capacityType": "ON_DEMAND", "eks.amazonaws.com/nodegroup": "workers", "eks.amazonaws.com/nodegroup-image": "ami-0299b1cc4a5fd4661", "eks.amazonaws.com/sourceLaunchTemplateId": "lt-0b0a8949ffc0a33ed", "eks.amazonaws.com/sourceLaunchTemplateVersion": "1", "failure-domain.beta.kubernetes.io/region": "us-east-1", "failure-domain.beta.kubernetes.io/zone": "us-east-1b", "k8s.amazonaws.com/accelerator": "nvidia-tesla-v100", "k8s.io/cloud-provider-aws": "247cfc4a5c24230cfa9a7802a0ad8e55", "kubernetes.io/arch": "amd64", "kubernetes.io/hostname": "ip-192-168-3-158.ec2.internal", "kubernetes.io/os": "linux", "node.kubernetes.io/instance-type": "p3.2xlarge", "topology.kubernetes.io/region": "us-east-1", "topology.kubernetes.io/zone": "us-east-1b"}, "conditions": [{"last_transition_time": 1742080996.0, "message": "kubelet is posting ready status", "reason": "KubeletReady", "status": true, "type": "Ready", "recorded_at": 1742081295.2246668}], "is_ready": true}, "ip-192-168-4-135.ec2.internal": {"created": 1742080983.0, "labels": {"alpha.eksctl.io/cluster-name": "mini-mummi-gpu", "alpha.eksctl.io/nodegroup-name": "workers", "beta.kubernetes.io/arch": "amd64", "beta.kubernetes.io/instance-type": "p3.2xlarge", "beta.kubernetes.io/os": "linux", "eks.amazonaws.com/capacityType": "ON_DEMAND", "eks.amazonaws.com/nodegroup": "workers", "eks.amazonaws.com/nodegroup-image": "ami-0299b1cc4a5fd4661", "eks.amazonaws.com/sourceLaunchTemplateId": "lt-0b0a8949ffc0a33ed", "eks.amazonaws.com/sourceLaunchTemplateVersion": "1", "failure-domain.beta.kubernetes.io/region": "us-east-1", "failure-domain.beta.kubernetes.io/zone": "us-east-1b", "k8s.amazonaws.com/accelerator": "nvidia-tesla-v100", "k8s.io/cloud-provider-aws": "247cfc4a5c24230cfa9a7802a0ad8e55", "kubernetes.io/arch": "amd64", "kubernetes.io/hostname": "ip-192-168-4-135.ec2.internal", "kubernetes.io/os": "linux", "node.kubernetes.io/instance-type": "p3.2xlarge", "topology.kubernetes.io/region": "us-east-1", "topology.kubernetes.io/zone": "us-east-1b"}, "conditions": [{"last_transition_time": 1742080998.0, "message": "kubelet is posting ready status", "reason": "KubeletReady", "status": true, "type": "Ready", "recorded_at": 1742081295.2247348}, {"last_transition_time": 1742084867.0, "message": "Kubelet stopped posting node status.", "reason": "NodeStatusUnknown", "status": false, "type": "Ready", "recorded_at": 1742084867.8296368}], "is_ready": false}, "ip-192-168-6-255.ec2.internal": {"created": 1742080985.0, "labels": {"alpha.eksctl.io/cluster-name": "mini-mummi-gpu", "alpha.eksctl.io/nodegroup-name": "workers-control-plane", "beta.kubernetes.io/arch": "amd64", "beta.kubernetes.io/instance-type": "c7a.4xlarge", "beta.kubernetes.io/os": "linux", "eks.amazonaws.com/capacityType": "ON_DEMAND", "eks.amazonaws.com/nodegroup": "workers-control-plane", "eks.amazonaws.com/nodegroup-image": "ami-094fa8fc1e6b34c46", "eks.amazonaws.com/sourceLaunchTemplateId": "lt-0bb372b0ba94411c1", "eks.amazonaws.com/sourceLaunchTemplateVersion": "1", "failure-domain.beta.kubernetes.io/region": "us-east-1", "failure-domain.beta.kubernetes.io/zone": "us-east-1b", "k8s.io/cloud-provider-aws": "247cfc4a5c24230cfa9a7802a0ad8e55", "kubernetes.io/arch": "amd64", "kubernetes.io/hostname": "ip-192-168-6-255.ec2.internal", "kubernetes.io/os": "linux", "node.kubernetes.io/instance-type": "c7a.4xlarge", "topology.kubernetes.io/region": "us-east-1", "topology.kubernetes.io/zone": "us-east-1b"}, "conditions": [{"last_transition_time": 1742081009.0, "message": "kubelet is posting ready status", "reason": "KubeletReady", "status": true, "type": "Ready", "recorded_at": 1742081295.2248023}], "is_ready": true}, "ip-192-168-9-35.ec2.internal": {"created": 1742080979.0, "labels": {"alpha.eksctl.io/cluster-name": "mini-mummi-gpu", "alpha.eksctl.io/nodegroup-name": "workers", "beta.kubernetes.io/arch": "amd64", "beta.kubernetes.io/instance-type": "p3.2xlarge", "beta.kubernetes.io/os": "linux", "eks.amazonaws.com/capacityType": "ON_DEMAND", "eks.amazonaws.com/nodegroup": "workers", "eks.amazonaws.com/nodegroup-image": "ami-0299b1cc4a5fd4661", "eks.amazonaws.com/sourceLaunchTemplateId": "lt-0b0a8949ffc0a33ed", "eks.amazonaws.com/sourceLaunchTemplateVersion": "1", "failure-domain.beta.kubernetes.io/region": "us-east-1", "failure-domain.beta.kubernetes.io/zone": "us-east-1b", "k8s.amazonaws.com/accelerator": "nvidia-tesla-v100", "k8s.io/cloud-provider-aws": "247cfc4a5c24230cfa9a7802a0ad8e55", "kubernetes.io/arch": "amd64", "kubernetes.io/hostname": "ip-192-168-9-35.ec2.internal", "kubernetes.io/os": "linux", "node.kubernetes.io/instance-type": "p3.2xlarge", "topology.kubernetes.io/region": "us-east-1", "topology.kubernetes.io/zone": "us-east-1b"}, "conditions": [{"last_transition_time": 1742080996.0, "message": "kubelet is posting ready status", "reason": "KubeletReady", "status": true, "type": "Ready", "recorded_at": 1742081295.224871}], "is_ready": true}}
===
=== times
{"times": {"list_jobs_by_status": [0.009, 0.013, 0.01, 0.079, 0.023, 0.018, 0.014, 0.016, 0.014, 0.027, 0.025, 0.02, 0.018, 0.021, 0.025, 0.018, 0.032, 0.015, 0.024, 0.021, 0.02, 0.021, 0.019, 0.038, 0.021, 0.022, 0.016, 0.019, 0.022, 0.022, 0.019, 0.023, 0.022, 0.019, 0.018, 0.027, 0.026, 0.02, 0.035, 0.02, 0.024, 0.033, 0.022, 0.023, 0.024, 0.026, 0.026, 0.037, 0.025, 0.026, 0.023, 0.022, 0.03, 0.027, 0.022, 0.027, 0.022, 0.022, 0.023, 0.028, 0.028, 0.039, 0.05, 0.029, 0.029, 0.04, 0.024, 0.044, 0.033, 0.025, 0.043, 0.031, 0.03, 0.027, 0.032, 0.025, 0.026, 0.037, 0.03, 0.029, 0.029, 0.032, 0.042, 0.032, 0.042, 0.045, 0.028, 0.032, 0.029, 0.035, 0.029, 0.029, 0.037, 0.028, 0.032, 0.036, 0.064, 0.034, 0.037, 0.032, 0.031, 0.035, 0.03, 0.033, 0.031, 0.033, 0.035, 0.035, 0.052, 0.053, 0.03, 0.036, 0.031, 0.033, 0.03, 0.037, 0.037, 0.039, 0.033, 0.048, 0.031, 0.041, 0.036, 0.034, 0.031, 0.038, 0.034, 0.039, 0.033, 0.038, 0.052, 0.034, 0.035, 0.04, 0.036, 0.039, 0.037, 0.039, 0.035, 0.068, 0.066, 0.044, 0.051, 0.037, 0.047, 0.044, 0.045, 0.046, 0.039, 0.057, 0.066, 0.041, 0.046, 0.039, 0.038, 0.041, 0.04, 0.046, 0.059, 0.041, 0.042, 0.052, 0.046, 0.045, 0.054, 0.045, 0.041, 0.053, 0.041, 0.053, 0.044, 0.038]}, "timestamps": {"workflow_start": 1742081294.8643131, "structure_090132908_mlrunner_start": 1742081295.1487842, "structure_026625632_mlrunner_start": 1742081295.1499062, "structure_074574094_mlrunner_start": 1742081295.150875, "structure_092040891_mlrunner_start": 1742081295.1518445, "structure_086420414_mlrunner_start": 1742081295.1526175, "structure_099290159_mlrunner_start": 1742081295.2562068, "structure_092040891_mlrunner_succeeded": 1742081716.8049867, "structure_092040891_createsim_start": 1742081716.8965342, "structure_090132908_mlrunner_succeeded": 1742081717.0044792, "structure_090132908_createsim_start": 1742081717.1180062, "structure_074574094_mlrunner_succeeded": 1742081717.2122204, "structure_026625632_mlrunner_succeeded": 1742081717.4070039, "structure_074574094_createsim_start": 1742081717.573996, "structure_026625632_createsim_start": 1742081717.614605, "structure_086420414_mlrunner_succeeded": 1742081720.0047834, "structure_086420414_createsim_start": 1742081720.1135917, "structure_099290159_mlrunner_succeeded": 1742081746.3562768, "structure_099290159_createsim_start": 1742081746.4998996, "structure_026625632_createsim_succeeded": 1742082664.7909327, "structure_026625632_cganalysis_start": 1742082664.8953457, "structure_086420414_createsim_succeeded": 1742082665.0134776, "structure_086420414_cganalysis_start": 1742082665.1212177, "structure_092040891_createsim_succeeded": 1742082669.9920907, "structure_092040891_cganalysis_start": 1742082670.1181562, "structure_099290159_createsim_succeeded": 1742082694.194556, "structure_090132908_createsim_succeeded": 1742082694.4182436, "structure_099290159_cganalysis_start": 1742082694.5447192, "structure_090132908_cganalysis_start": 1742082694.6245868, "structure_074574094_createsim_succeeded": 1742082706.2049003, "structure_074574094_cganalysis_start": 1742082706.3327155, "structure_026625632_cganalysis_succeeded": 1742084149.0052845, "structure_099658700_mlrunner_start": 1742084149.0651884, "structure_099658700_mlrunner_succeeded": 1742084197.0820088, "structure_099658700_createsim_start": 1742084197.2130704, "structure_092040891_cganalysis_succeeded": 1742084612.9108272, "structure_075765917_mlrunner_start": 1742084612.9790466, "structure_086420414_cganalysis_succeeded": 1742084622.0042636, "structure_069768916_mlrunner_start": 1742084622.0769315, "structure_090132908_cganalysis_succeeded": 1742084635.2295735, "structure_012772673_mlrunner_start": 1742084635.2952578, "structure_099290159_cganalysis_succeeded": 1742084636.076223, "structure_074574094_cganalysis_succeeded": 1742084647.361792, "structure_075765917_mlrunner_succeeded": 1742084659.997901, "structure_075765917_createsim_start": 1742084660.1380892, "structure_069768916_mlrunner_succeeded": 1742084669.061522, "structure_069768916_createsim_start": 1742084669.2121727, "structure_012772673_mlrunner_succeeded": 1742084682.2975063, "structure_012772673_createsim_start": 1742084682.4465642, "structure_099658700_createsim_succeeded": 1742085006.8785582, "structure_099658700_cganalysis_start": 1742085007.0199301, "structure_075765917_createsim_succeeded": 1742085447.7374568, "structure_075765917_cganalysis_start": 1742085447.918747, "structure_069768916_createsim_succeeded": 1742085473.8125162, "structure_069768916_cganalysis_start": 1742085473.963162, "structure_012772673_createsim_succeeded": 1742085487.9531784, "structure_012772673_cganalysis_start": 1742085488.1016936, "structure_099658700_cganalysis_succeeded": 1742086796.8860214, "structure_075765917_cganalysis_succeeded": 1742087237.4839377, "structure_069768916_cganalysis_succeeded": 1742087262.722288, "structure_012772673_cganalysis_succeeded": 1742087276.7225065, "workflow_complete": 1742087276.760279}}
===
Workflow is complete. You can delete the deployment to clean up.
