                :-) GROMACS - gmx mdrun, 2024.2-conda_forge (-:

Copyright 1991-2024 The GROMACS Authors.
GROMACS is free software; you can redistribute it and/or modify it
under the terms of the GNU Lesser General Public License
as published by the Free Software Foundation; either version 2.1
of the License, or (at your option) any later version.

                         Current GROMACS contributors:
       Mark Abraham           Andrey Alekseenko           Vladimir Basov      
      Cathrine Bergh            Eliane Briand               Ania Brown        
      Mahesh Doijade            Giacomo Fiorin          Stefan Fleischmann    
      Sergey Gorelov         Gilles Gouaillardet            Alan Gray         
     M. Eric Irrgang         Farzaneh Jalalypour            Joe Jordan        
     Carsten Kutzner           Justin A. Lemkul          Magnus Lundborg      
       Pascal Merz              Vedran Miletic            Dmitry Morozov      
       Julien Nabet              Szilard Pall        Andrea Pasquadibisceglie 
    Michele Pellegrino          Hubert Santuz             Roland Schulz       
     Tatiana Shugaeva          Alexey Shvetsov            Philip Turner       
     Alessandra Villa      Sebastian Wingbermuehle  

                         Previous GROMACS contributors:
        Emile Apol             Rossen Apostolov           James Barnett       
        Paul Bauer          Herman J.C. Berendsen          Par Bjelkmar       
      Christian Blau          Viacheslav Bolnykh            Kevin Boyd        
    Aldert van Buuren          Carlo Camilloni           Rudi van Drunen      
      Anton Feenstra           Oliver Fleetwood            Vytas Gapsys       
       Gaurav Garg             Gerrit Groenhof            Bert de Groot       
      Anca Hamuraru           Vincent Hindriksen          Victor Holanda      
     Aleksei Iupinov          Christoph Junghans        Prashanth Kanduri     
   Dimitrios Karkoulis           Peter Kasson             Sebastian Kehl      
     Sebastian Keller             Jiri Kraus               Per Larsson        
      Viveca Lindahl            Erik Marklund           Pieter Meulenhoff     
      Teemu Murtola              Sander Pronk             Michael Shirts      
      Alfons Sijbers            Balint Soproni         David van der Spoel    
      Peter Tieleman            Carsten Uphoff             Jon Vincent        
     Teemu Virolainen         Christian Wennberg           Maarten Wolf       
      Artem Zhmurov       

                  Coordinated by the GROMACS project leaders:
                           Berk Hess and Erik Lindahl

GROMACS:      gmx mdrun, version 2024.2-conda_forge
Executable:   /miniconda3/bin.AVX2_256/gmx
Data prefix:  /miniconda3
Working dir:  /mnt/efs/iter-1/structure_043604866/createsim
Process ID:   9136
Command line:
  gmx mdrun -cpi -nb gpu -ntmpi 1 -ntomp 8 -pin off -maxh 0.5

GROMACS version:     2024.2-conda_forge
Precision:           mixed
Memory model:        64 bit
MPI library:         thread_mpi
OpenMP support:      enabled (GMX_OPENMP_MAX_THREADS = 128)
GPU support:         CUDA
NBNxM GPU setup:     super-cluster 2x2x2 / cluster 8
SIMD instructions:   AVX2_256
CPU FFT library:     fftw-3.3.10-sse2-avx
GPU FFT library:     cuFFT
Multi-GPU FFT:       none
RDTSCP usage:        disabled
TNG support:         enabled
Hwloc support:       disabled
Tracing support:     disabled
C compiler:          /home/conda/feedstock_root/build_artifacts/gromacs_1720551881628/_build_env/bin/x86_64-conda-linux-gnu-cc GNU 11.4.0
C compiler flags:    -fexcess-precision=fast -funroll-all-loops -mavx2 -mfma -Wno-missing-field-initializers -O3 -DNDEBUG
C++ compiler:        /home/conda/feedstock_root/build_artifacts/gromacs_1720551881628/_build_env/bin/x86_64-conda-linux-gnu-c++ GNU 11.4.0
C++ compiler flags:  -fexcess-precision=fast -funroll-all-loops -mavx2 -mfma -Wno-missing-field-initializers -Wno-cast-function-type-strict SHELL:-fopenmp -O3 -DNDEBUG
BLAS library:        Internal
LAPACK library:      Internal
CUDA compiler:       /usr/local/cuda/bin/nvcc nvcc: NVIDIA (R) Cuda compiler driver;Copyright (c) 2005-2022 NVIDIA Corporation;Built on Wed_Sep_21_10:33:58_PDT_2022;Cuda compilation tools, release 11.8, V11.8.89;Build cuda_11.8.r11.8/compiler.31833905_0
CUDA compiler flags:-std=c++17;--generate-code=arch=compute_35,code=sm_35;--generate-code=arch=compute_37,code=sm_37;--generate-code=arch=compute_50,code=sm_50;--generate-code=arch=compute_52,code=sm_52;--generate-code=arch=compute_60,code=sm_60;--generate-code=arch=compute_61,code=sm_61;--generate-code=arch=compute_70,code=sm_70;--generate-code=arch=compute_75,code=sm_75;--generate-code=arch=compute_80,code=sm_80;--generate-code=arch=compute_86,code=sm_86;--generate-code=arch=compute_89,code=sm_89;--generate-code=arch=compute_90,code=sm_90;-Wno-deprecated-gpu-targets;--generate-code=arch=compute_53,code=sm_53;--generate-code=arch=compute_80,code=sm_80;-use_fast_math;-Xptxas;-warn-double-usage;-Xptxas;-Werror;;-Xcompiler;-fopenmp;-fexcess-precision=fast -funroll-all-loops -mavx2 -mfma -Wno-missing-field-initializers -Wno-cast-function-type-strict SHELL:-fopenmp -O3 -DNDEBUG
CUDA driver:         12.80
CUDA runtime:        11.80


Running on 1 node with total 4 cores, 8 processing units, 1 compatible GPU
Hardware detected on host i-05c5ad7a2c0e69096:
  CPU info:
    Vendor: Intel
    Brand:  Intel(R) Xeon(R) CPU E5-2686 v4 @ 2.30GHz
    Family: 6   Model: 79   Stepping: 1
    Features: aes apic avx avx2 clfsh cmov cx8 cx16 f16c fma hle htt intel lahf mmx msr nonstop_tsc pcid pclmuldq pdpe1gb popcnt pse rdrnd rdtscp rtm sse2 sse3 sse4.1 sse4.2 ssse3 tdt x2apic
  Hardware topology: Basic
    Packages, cores, and logical processors:
    [indices refer to OS logical processors]
      Package  0: [   0   4] [   1   5] [   2   6] [   3   7]
    CPU limit set by OS: -1   Recommended max number of threads: 8
  GPU info:
    Number of GPUs detected: 1
    #0: NVIDIA Tesla V100-SXM2-16GB, compute cap.: 7.0, ECC: yes, stat: compatible

The current CPU can measure timings more accurately than the code in
gmx mdrun was configured to use. This might affect your simulation
speed as accurate timings are needed for load-balancing.
Please consider rebuilding gmx mdrun with the GMX_USE_RDTSCP=ON CMake option.

++++ PLEASE READ AND CITE THE FOLLOWING REFERENCE ++++
M. J. Abraham, T. Murtola, R. Schulz, S. Páll, J. C. Smith, B. Hess, E.
Lindahl
GROMACS: High performance molecular simulations through multi-level
parallelism from laptops to supercomputers
SoftwareX 1 (2015) pp. 19-25
-------- -------- --- Thank You --- -------- --------


++++ PLEASE READ AND CITE THE FOLLOWING REFERENCE ++++
S. Páll, M. J. Abraham, C. Kutzner, B. Hess, E. Lindahl
Tackling Exascale Software Challenges in Molecular Dynamics Simulations with
GROMACS
In S. Markidis & E. Laure (Eds.), Solving Software Challenges for Exascale 8759 (2015) pp. 3-27
-------- -------- --- Thank You --- -------- --------


++++ PLEASE READ AND CITE THE FOLLOWING REFERENCE ++++
S. Pronk, S. Páll, R. Schulz, P. Larsson, P. Bjelkmar, R. Apostolov, M. R.
Shirts, J. C. Smith, P. M. Kasson, D. van der Spoel, B. Hess, and E. Lindahl
GROMACS 4.5: a high-throughput and highly parallel open source molecular
simulation toolkit
Bioinformatics 29 (2013) pp. 845-54
-------- -------- --- Thank You --- -------- --------


++++ PLEASE READ AND CITE THE FOLLOWING REFERENCE ++++
B. Hess and C. Kutzner and D. van der Spoel and E. Lindahl
GROMACS 4: Algorithms for highly efficient, load-balanced, and scalable
molecular simulation
J. Chem. Theory Comput. 4 (2008) pp. 435-447
-------- -------- --- Thank You --- -------- --------


++++ PLEASE READ AND CITE THE FOLLOWING REFERENCE ++++
D. van der Spoel, E. Lindahl, B. Hess, G. Groenhof, A. E. Mark and H. J. C.
Berendsen
GROMACS: Fast, Flexible and Free
J. Comp. Chem. 26 (2005) pp. 1701-1719
-------- -------- --- Thank You --- -------- --------


++++ PLEASE READ AND CITE THE FOLLOWING REFERENCE ++++
E. Lindahl and B. Hess and D. van der Spoel
GROMACS 3.0: A package for molecular simulation and trajectory analysis
J. Mol. Mod. 7 (2001) pp. 306-317
-------- -------- --- Thank You --- -------- --------


++++ PLEASE READ AND CITE THE FOLLOWING REFERENCE ++++
H. J. C. Berendsen, D. van der Spoel and R. van Drunen
GROMACS: A message-passing parallel molecular dynamics implementation
Comp. Phys. Comm. 91 (1995) pp. 43-56
-------- -------- --- Thank You --- -------- --------


The number of OpenMP threads was set by environment variable OMP_NUM_THREADS to 8 (and the command-line setting agreed with that)

Input Parameters:
   integrator                     = md
   tinit                          = 0
   dt                             = 0.02
   nsteps                         = -1
   init-step                      = 0
   simulation-part                = 1
   mts                            = false
   mass-repartition-factor        = 1
   comm-mode                      = Linear
   nstcomm                        = 100
   bd-fric                        = 0
   ld-seed                        = 2136473599
   emtol                          = 10
   emstep                         = 0.01
   niter                          = 20
   fcstep                         = 0
   nstcgsteep                     = 1000
   nbfgscorr                      = 10
   rtpi                           = 0.05
   nstxout                        = 0
   nstvout                        = 0
   nstfout                        = 0
   nstlog                         = 25000
   nstcalcenergy                  = 100
   nstenergy                      = 25000
   nstxout-compressed             = 25000
   compressed-x-precision         = 100
   cutoff-scheme                  = Verlet
   nstlist                        = 20
   pbc                            = xyz
   periodic-molecules             = false
   verlet-buffer-tolerance        = -1
   verlet-buffer-pressure-tolerance = -1
   rlist                          = 1.35
   coulombtype                    = Reaction-Field
   coulomb-modifier               = Potential-shift
   rcoulomb-switch                = 0
   rcoulomb                       = 1.1
   epsilon-r                      = 15
   epsilon-rf                     = inf
   vdw-type                       = Cut-off
   vdw-modifier                   = Potential-shift
   rvdw-switch                    = 0
   rvdw                           = 1.1
   DispCorr                       = No
   table-extension                = 1
   fourierspacing                 = 0.12
   fourier-nx                     = 0
   fourier-ny                     = 0
   fourier-nz                     = 0
   pme-order                      = 4
   ewald-rtol                     = 1e-05
   ewald-rtol-lj                  = 0.001
   lj-pme-comb-rule               = Geometric
   ewald-geometry                 = 3d
   epsilon-surface                = 0
   ensemble-temperature-setting   = constant
   ensemble-temperature           = 310
   tcoupl                         = V-rescale
   nsttcouple                     = 20
   nh-chain-length                = 0
   print-nose-hoover-chain-variables = false
   pcoupl                         = Parrinello-Rahman
   pcoupltype                     = Semiisotropic
   nstpcouple                     = 20
   tau-p                          = 12
   compressibility (3x3):
      compressibility[    0]={ 3.00000e-04,  0.00000e+00,  0.00000e+00}
      compressibility[    1]={ 0.00000e+00,  3.00000e-04,  0.00000e+00}
      compressibility[    2]={ 0.00000e+00,  0.00000e+00,  3.00000e-04}
   ref-p (3x3):
      ref-p[    0]={ 1.00000e+00,  0.00000e+00,  0.00000e+00}
      ref-p[    1]={ 0.00000e+00,  1.00000e+00,  0.00000e+00}
      ref-p[    2]={ 0.00000e+00,  0.00000e+00,  1.00000e+00}
   refcoord-scaling               = COM
   posres-com (3):
      posres-com[0]= 9.34672e-01
      posres-com[1]= 4.34273e-01
      posres-com[2]= 8.29748e-01
   posres-comB (3):
      posres-comB[0]= 9.34672e-01
      posres-comB[1]= 4.34273e-01
      posres-comB[2]= 8.29748e-01
   QMMM                           = false
qm-opts:
   ngQM                           = 0
   constraint-algorithm           = Lincs
   continuation                   = false
   Shake-SOR                      = false
   shake-tol                      = 0.0001
   lincs-order                    = 12
   lincs-iter                     = 2
   lincs-warnangle                = 90
   nwall                          = 0
   wall-type                      = 9-3
   wall-r-linpot                  = -1
   wall-atomtype[0]               = -1
   wall-atomtype[1]               = -1
   wall-density[0]                = 0
   wall-density[1]                = 0
   wall-ewald-zfac                = 3
   pull                           = false
   awh                            = false
   rotation                       = false
   interactiveMD                  = false
   disre                          = No
   disre-weighting                = Conservative
   disre-mixed                    = false
   dr-fc                          = 1000
   dr-tau                         = 0
   nstdisreout                    = 100
   orire-fc                       = 0
   orire-tau                      = 0
   nstorireout                    = 100
   free-energy                    = no
   cos-acceleration               = 0
   deform (3x3):
      deform[    0]={ 0.00000e+00,  0.00000e+00,  0.00000e+00}
      deform[    1]={ 0.00000e+00,  0.00000e+00,  0.00000e+00}
      deform[    2]={ 0.00000e+00,  0.00000e+00,  0.00000e+00}
   simulated-tempering            = false
   swapcoords                     = no
   userint1                       = 0
   userint2                       = 0
   userint3                       = 0
   userint4                       = 0
   userreal1                      = 0
   userreal2                      = 0
   userreal3                      = 0
   userreal4                      = 0
   applied-forces:
     electric-field:
       x:
         E0                       = 0
         omega                    = 0
         t0                       = 0
         sigma                    = 0
       y:
         E0                       = 0
         omega                    = 0
         t0                       = 0
         sigma                    = 0
       z:
         E0                       = 0
         omega                    = 0
         t0                       = 0
         sigma                    = 0
     density-guided-simulation:
       active                     = false
       group                      = protein
       similarity-measure         = inner-product
       atom-spreading-weight      = unity
       force-constant             = 1e+09
       gaussian-transform-spreading-width = 0.2
       gaussian-transform-spreading-range-in-multiples-of-width = 4
       reference-density-filename = reference.mrc
       nst                        = 1
       normalize-densities        = true
       adaptive-force-scaling     = false
       adaptive-force-scaling-time-constant = 4
       shift-vector               = 
       transformation-matrix      = 
     qmmm-cp2k:
       active                     = false
       qmgroup                    = System
       qmmethod                   = PBE
       qmfilenames                = 
       qmcharge                   = 0
       qmmultiplicity             = 1
     colvars:
       active                     = false
       configfile                 = 
       seed                       = -1
grpopts:
   nrdf:      114240       41744
   ref-t:         310         310
   tau-t:           1           1
annealing:          No          No
annealing-npoints:           0           0
   acc:	           0           0           0
   nfreeze:           N           N           N
   energygrp-flags[  0]: 0

Can not increase nstlist because verlet-buffer-tolerance is not set or used
Update groups can not be used for this system because an incompatible virtual site type is used

Update task can not run on the GPU, because the following condition(s) were not satisfied:

Virtual sites are not supported.

1 GPU selected for this run.
Mapping of GPU IDs to the 1 GPU task in the 1 rank on this node:
  PP:0
PP tasks will do (non-perturbed) short-ranged interactions on the GPU
PP task will update and constrain coordinates on the CPU
Using 1 MPI thread
Using 8 OpenMP threads 

System total charge: 0.000
Reaction-Field:
epsRF = 0, rc = 1.1, krf = 0.375657, crf = 1.36364, epsfac = 9.26236
The electrostatics potential has its minimum at r = 1.1
Potential shift: LJ r^-12: -3.186e-01 r^-6: -5.645e-01


Using GPU 8x8 nonbonded short-range kernels

Using a 8x8 pair-list setup:
  updated every 20 steps, buffer 0.250 nm, rlist 1.350 nm

The average pressure is off by at most nan bar due to missing LJ interactions

Using full Lennard-Jones parameter combination matrix
Removing pbc first time

Initializing LINear Constraint Solver

++++ PLEASE READ AND CITE THE FOLLOWING REFERENCE ++++
B. Hess
P-LINCS: A Parallel Linear Constraint Solver for molecular simulation
J. Chem. Theory Comput. 4 (2008) pp. 116-122
-------- -------- --- Thank You --- -------- --------

The number of constraints is 1504
1325 constraints are involved in constraint triangles,
will apply an additional matrix expansion of order 12 for couplings
between constraints inside triangles

++++ PLEASE READ AND CITE THE FOLLOWING REFERENCE ++++
G. Bussi, D. Donadio and M. Parrinello
Canonical sampling through velocity rescaling
J. Chem. Phys. 126 (2007) pp. 014101
-------- -------- --- Thank You --- -------- --------

There are: 52498 Atoms
There are: 1934 VSites

Constraining the starting coordinates (step 0)

Constraining the coordinates at t0-dt (step 0)
Center of mass motion removal mode is Linear
We have the following groups for center of mass motion removal:
  0:  Rest
  1:  Solvent
RMS relative constraint deviation after constraining: 1.20e-06
Initial temperature: 310.175 K

Started mdrun on rank 0 Sun Mar 16 18:09:21 2025

           Step           Time
              0        0.00000

   Energies (kJ/mol)
           Bond  Harmonic Pot.          Angle       G96Angle  Restr. Angles
    1.80116e+04    1.00612e+01    1.25878e+04    6.07407e+02    6.64494e+02
    Proper Dih.  Improper Dih.        LJ (SR)   Coulomb (SR) Position Rest.
    4.04800e+02    4.67783e+02   -1.26127e+06   -1.41765e+04    0.00000e+00
      Potential    Kinetic En.   Total Energy  Conserved En.    Temperature
   -1.24269e+06    2.01017e+05   -1.04167e+06   -1.04131e+06    3.09991e+02
 Pressure (bar)   Constr. rmsd
    4.50738e+00    1.13991e-06

           Step           Time
          25000      500.00000

   Energies (kJ/mol)
           Bond  Harmonic Pot.          Angle       G96Angle  Restr. Angles
    1.82928e+04    1.05501e+01    1.26878e+04    5.37633e+02    6.08879e+02
    Proper Dih.  Improper Dih.        LJ (SR)   Coulomb (SR) Position Rest.
    3.93205e+02    4.82046e+02   -1.26380e+06   -1.42387e+04    1.88237e+01
      Potential    Kinetic En.   Total Energy  Conserved En.    Temperature
   -1.24501e+06    1.99928e+05   -1.04508e+06   -1.04128e+06    3.08312e+02
 Pressure (bar)   Constr. rmsd
   -8.83415e+00    1.16111e-06

           Step           Time
          50000     1000.00000

   Energies (kJ/mol)
           Bond  Harmonic Pot.          Angle       G96Angle  Restr. Angles
    1.86325e+04    1.58125e+01    1.28732e+04    5.61269e+02    6.82266e+02
    Proper Dih.  Improper Dih.        LJ (SR)   Coulomb (SR) Position Rest.
    3.43642e+02    4.78329e+02   -1.26123e+06   -1.43528e+04    2.65241e+01
      Potential    Kinetic En.   Total Energy  Conserved En.    Temperature
   -1.24197e+06    2.00178e+05   -1.04179e+06   -1.04139e+06    3.08697e+02
 Pressure (bar)   Constr. rmsd
   -8.60927e+00    1.13621e-06

           Step           Time
          75000     1500.00000

   Energies (kJ/mol)
           Bond  Harmonic Pot.          Angle       G96Angle  Restr. Angles
    1.83451e+04    5.99732e+00    1.28472e+04    5.59166e+02    6.19697e+02
    Proper Dih.  Improper Dih.        LJ (SR)   Coulomb (SR) Position Rest.
    4.53856e+02    4.24665e+02   -1.26507e+06   -1.41724e+04    1.59502e+01
      Potential    Kinetic En.   Total Energy  Conserved En.    Temperature
   -1.24597e+06    2.00824e+05   -1.04515e+06   -1.04128e+06    3.09694e+02
 Pressure (bar)   Constr. rmsd
   -7.42117e+00    1.14250e-06

           Step           Time
         100000     2000.00000

   Energies (kJ/mol)
           Bond  Harmonic Pot.          Angle       G96Angle  Restr. Angles
    1.87691e+04    6.01213e+00    1.32501e+04    5.59097e+02    6.88340e+02
    Proper Dih.  Improper Dih.        LJ (SR)   Coulomb (SR) Position Rest.
    4.01502e+02    4.50970e+02   -1.26274e+06   -1.44553e+04    1.52980e+01
      Potential    Kinetic En.   Total Energy  Conserved En.    Temperature
   -1.24306e+06    2.02125e+05   -1.04093e+06   -1.04146e+06    3.11699e+02
 Pressure (bar)   Constr. rmsd
    3.13330e+01    1.20365e-06

           Step           Time
         125000     2500.00000

   Energies (kJ/mol)
           Bond  Harmonic Pot.          Angle       G96Angle  Restr. Angles
    1.81723e+04    1.14142e+01    1.30347e+04    6.03888e+02    6.86859e+02
    Proper Dih.  Improper Dih.        LJ (SR)   Coulomb (SR) Position Rest.
    4.11458e+02    4.43982e+02   -1.26160e+06   -1.42203e+04    1.54466e+01
      Potential    Kinetic En.   Total Energy  Conserved En.    Temperature
   -1.24244e+06    2.00784e+05   -1.04165e+06   -1.04136e+06    3.09632e+02
 Pressure (bar)   Constr. rmsd
    1.70431e+01    1.12789e-06

           Step           Time
         150000     3000.00000

   Energies (kJ/mol)
           Bond  Harmonic Pot.          Angle       G96Angle  Restr. Angles
    1.82969e+04    3.28707e+00    1.26457e+04    5.21440e+02    6.41392e+02
    Proper Dih.  Improper Dih.        LJ (SR)   Coulomb (SR) Position Rest.
    4.06790e+02    3.94850e+02   -1.26442e+06   -1.44793e+04    1.69665e+01
      Potential    Kinetic En.   Total Energy  Conserved En.    Temperature
   -1.24597e+06    2.03291e+05   -1.04268e+06   -1.04141e+06    3.13498e+02
 Pressure (bar)   Constr. rmsd
    1.13906e+01    1.18383e-06

           Step           Time
         175000     3500.00000

   Energies (kJ/mol)
           Bond  Harmonic Pot.          Angle       G96Angle  Restr. Angles
    1.87456e+04    7.35414e+00    1.27119e+04    5.65504e+02    6.62369e+02
    Proper Dih.  Improper Dih.        LJ (SR)   Coulomb (SR) Position Rest.
    4.09723e+02    5.27981e+02   -1.26303e+06   -1.42563e+04    2.17459e+01
      Potential    Kinetic En.   Total Energy  Conserved En.    Temperature
   -1.24363e+06    2.01229e+05   -1.04241e+06   -1.04145e+06    3.10318e+02
 Pressure (bar)   Constr. rmsd
    1.65738e+00    1.15699e-06

           Step           Time
         200000     4000.00000

   Energies (kJ/mol)
           Bond  Harmonic Pot.          Angle       G96Angle  Restr. Angles
    1.87081e+04    4.19658e+00    1.31212e+04    5.40623e+02    6.41436e+02
    Proper Dih.  Improper Dih.        LJ (SR)   Coulomb (SR) Position Rest.
    3.97185e+02    4.30216e+02   -1.25941e+06   -1.40321e+04    1.75657e+01
      Potential    Kinetic En.   Total Energy  Conserved En.    Temperature
   -1.23958e+06    2.00659e+05   -1.03893e+06   -1.04134e+06    3.09439e+02
 Pressure (bar)   Constr. rmsd
    1.37581e+01    1.13610e-06

           Step           Time
         225000     4500.00000

   Energies (kJ/mol)
           Bond  Harmonic Pot.          Angle       G96Angle  Restr. Angles
    1.81591e+04    6.87075e+00    1.30442e+04    5.57116e+02    6.43054e+02
    Proper Dih.  Improper Dih.        LJ (SR)   Coulomb (SR) Position Rest.
    3.93991e+02    4.37210e+02   -1.26141e+06   -1.43435e+04    1.86059e+01
      Potential    Kinetic En.   Total Energy  Conserved En.    Temperature
   -1.24249e+06    2.00627e+05   -1.04186e+06   -1.04148e+06    3.09389e+02
 Pressure (bar)   Constr. rmsd
   -2.40528e+01    1.11310e-06

           Step           Time
         250000     5000.00000

   Energies (kJ/mol)
           Bond  Harmonic Pot.          Angle       G96Angle  Restr. Angles
    1.80792e+04    3.72536e+00    1.28130e+04    5.52517e+02    6.75621e+02
    Proper Dih.  Improper Dih.        LJ (SR)   Coulomb (SR) Position Rest.
    3.70742e+02    4.55851e+02   -1.26336e+06   -1.43116e+04    2.33171e+01
      Potential    Kinetic En.   Total Energy  Conserved En.    Temperature
   -1.24470e+06    1.99026e+05   -1.04568e+06   -1.04160e+06    3.06920e+02
 Pressure (bar)   Constr. rmsd
   -4.28909e+01    1.10747e-06

           Step           Time
         275000     5500.00000

   Energies (kJ/mol)
           Bond  Harmonic Pot.          Angle       G96Angle  Restr. Angles
    1.85767e+04    7.40432e+00    1.25524e+04    5.36924e+02    6.78300e+02
    Proper Dih.  Improper Dih.        LJ (SR)   Coulomb (SR) Position Rest.
    4.75424e+02    4.30960e+02   -1.26425e+06   -1.40131e+04    1.51790e+01
      Potential    Kinetic En.   Total Energy  Conserved En.    Temperature
   -1.24499e+06    2.01730e+05   -1.04326e+06   -1.04176e+06    3.11091e+02
 Pressure (bar)   Constr. rmsd
    1.02353e+01    1.17253e-06

           Step           Time
         300000     6000.00000

   Energies (kJ/mol)
           Bond  Harmonic Pot.          Angle       G96Angle  Restr. Angles
    1.87884e+04    6.85938e+00    1.26988e+04    5.32094e+02    6.64664e+02
    Proper Dih.  Improper Dih.        LJ (SR)   Coulomb (SR) Position Rest.
    4.02078e+02    4.37619e+02   -1.26552e+06   -1.42370e+04    1.58036e+01
      Potential    Kinetic En.   Total Energy  Conserved En.    Temperature
   -1.24621e+06    2.00109e+05   -1.04610e+06   -1.04172e+06    3.08591e+02
 Pressure (bar)   Constr. rmsd
    2.92405e+01    1.13698e-06

           Step           Time
         325000     6500.00000

   Energies (kJ/mol)
           Bond  Harmonic Pot.          Angle       G96Angle  Restr. Angles
    1.84865e+04    4.37524e+00    1.28228e+04    5.56088e+02    6.68033e+02
    Proper Dih.  Improper Dih.        LJ (SR)   Coulomb (SR) Position Rest.
    4.55850e+02    4.15717e+02   -1.26380e+06   -1.46164e+04    1.94507e+01
      Potential    Kinetic En.   Total Energy  Conserved En.    Temperature
   -1.24498e+06    2.00412e+05   -1.04457e+06   -1.04170e+06    3.09058e+02
 Pressure (bar)   Constr. rmsd
   -8.51461e+00    1.22078e-06

           Step           Time
         350000     7000.00000

   Energies (kJ/mol)
           Bond  Harmonic Pot.          Angle       G96Angle  Restr. Angles
    1.85838e+04    4.41668e+00    1.29922e+04    5.28360e+02    6.63010e+02
    Proper Dih.  Improper Dih.        LJ (SR)   Coulomb (SR) Position Rest.
    3.77882e+02    4.57540e+02   -1.26101e+06   -1.42534e+04    2.16188e+01
      Potential    Kinetic En.   Total Energy  Conserved En.    Temperature
   -1.24164e+06    2.01148e+05   -1.04049e+06   -1.04183e+06    3.10192e+02
 Pressure (bar)   Constr. rmsd
   -5.69311e+00    1.19333e-06

           Step           Time
         375000     7500.00000

   Energies (kJ/mol)
           Bond  Harmonic Pot.          Angle       G96Angle  Restr. Angles
    1.82047e+04    7.00228e+00    1.26435e+04    5.75105e+02    6.58751e+02
    Proper Dih.  Improper Dih.        LJ (SR)   Coulomb (SR) Position Rest.
    3.97862e+02    4.36038e+02   -1.26369e+06   -1.45307e+04    1.54202e+01
      Potential    Kinetic En.   Total Energy  Conserved En.    Temperature
   -1.24528e+06    2.00113e+05   -1.04517e+06   -1.04190e+06    3.08596e+02
 Pressure (bar)   Constr. rmsd
    2.11226e+00    1.05778e-06

           Step           Time
         400000     8000.00000

   Energies (kJ/mol)
           Bond  Harmonic Pot.          Angle       G96Angle  Restr. Angles
    1.84848e+04    7.08746e+00    1.25250e+04    5.63512e+02    6.11210e+02
    Proper Dih.  Improper Dih.        LJ (SR)   Coulomb (SR) Position Rest.
    4.20040e+02    4.43621e+02   -1.26133e+06   -1.44779e+04    1.72209e+01
      Potential    Kinetic En.   Total Energy  Conserved En.    Temperature
   -1.24273e+06    2.01782e+05   -1.04095e+06   -1.04188e+06    3.11170e+02
 Pressure (bar)   Constr. rmsd
    2.64858e+01    1.16971e-06

           Step           Time
         425000     8500.00000

   Energies (kJ/mol)
           Bond  Harmonic Pot.          Angle       G96Angle  Restr. Angles
    1.86766e+04    7.85229e+00    1.27845e+04    5.82998e+02    6.52966e+02
    Proper Dih.  Improper Dih.        LJ (SR)   Coulomb (SR) Position Rest.
    4.54012e+02    4.19068e+02   -1.26347e+06   -1.42942e+04    1.90121e+01
      Potential    Kinetic En.   Total Energy  Conserved En.    Temperature
   -1.24417e+06    2.00765e+05   -1.04340e+06   -1.04170e+06    3.09602e+02
 Pressure (bar)   Constr. rmsd
   -2.90109e+01    1.14708e-06

           Step           Time
         450000     9000.00000

   Energies (kJ/mol)
           Bond  Harmonic Pot.          Angle       G96Angle  Restr. Angles
    1.84021e+04    9.18373e+00    1.27949e+04    5.69934e+02    7.04943e+02
    Proper Dih.  Improper Dih.        LJ (SR)   Coulomb (SR) Position Rest.
    3.96070e+02    4.33161e+02   -1.26393e+06   -1.43939e+04    2.03898e+01
      Potential    Kinetic En.   Total Energy  Conserved En.    Temperature
   -1.24500e+06    2.00067e+05   -1.04493e+06   -1.04171e+06    3.08525e+02
 Pressure (bar)   Constr. rmsd
    1.89462e+01    1.19217e-06

           Step           Time
         475000     9500.00000

   Energies (kJ/mol)
           Bond  Harmonic Pot.          Angle       G96Angle  Restr. Angles
    1.83310e+04    8.71522e+00    1.26951e+04    4.73827e+02    6.96639e+02
    Proper Dih.  Improper Dih.        LJ (SR)   Coulomb (SR) Position Rest.
    3.90547e+02    3.96360e+02   -1.26479e+06   -1.42731e+04    2.01432e+01
      Potential    Kinetic En.   Total Energy  Conserved En.    Temperature
   -1.24605e+06    2.02055e+05   -1.04400e+06   -1.04176e+06    3.11592e+02
 Pressure (bar)   Constr. rmsd
    3.86764e+01    1.08814e-06

           Step           Time
         500000    10000.00000

   Energies (kJ/mol)
           Bond  Harmonic Pot.          Angle       G96Angle  Restr. Angles
    1.81390e+04    8.30343e+00    1.25660e+04    5.28789e+02    6.40508e+02
    Proper Dih.  Improper Dih.        LJ (SR)   Coulomb (SR) Position Rest.
    4.31041e+02    4.74615e+02   -1.26254e+06   -1.44009e+04    2.18606e+01
      Potential    Kinetic En.   Total Energy  Conserved En.    Temperature
   -1.24413e+06    2.00495e+05   -1.04363e+06   -1.04177e+06    3.09186e+02
 Pressure (bar)   Constr. rmsd
   -9.49221e+00    1.12347e-06

           Step           Time
         525000    10500.00000

   Energies (kJ/mol)
           Bond  Harmonic Pot.          Angle       G96Angle  Restr. Angles
    1.82967e+04    8.34107e+00    1.27522e+04    5.13811e+02    6.92671e+02
    Proper Dih.  Improper Dih.        LJ (SR)   Coulomb (SR) Position Rest.
    3.94778e+02    4.43378e+02   -1.26065e+06   -1.44040e+04    1.76380e+01
      Potential    Kinetic En.   Total Energy  Conserved En.    Temperature
   -1.24193e+06    1.99259e+05   -1.04267e+06   -1.04176e+06    3.07279e+02
 Pressure (bar)   Constr. rmsd
   -1.42126e+01    1.17492e-06

           Step           Time
         550000    11000.00000

   Energies (kJ/mol)
           Bond  Harmonic Pot.          Angle       G96Angle  Restr. Angles
    1.82557e+04    6.94451e+00    1.26843e+04    4.92324e+02    6.60159e+02
    Proper Dih.  Improper Dih.        LJ (SR)   Coulomb (SR) Position Rest.
    3.87854e+02    4.08929e+02   -1.26334e+06   -1.43598e+04    1.55247e+01
      Potential    Kinetic En.   Total Energy  Conserved En.    Temperature
   -1.24479e+06    2.02069e+05   -1.04272e+06   -1.04185e+06    3.11613e+02
 Pressure (bar)   Constr. rmsd
    3.93692e+01    1.11571e-06

           Step           Time
         575000    11500.00000

   Energies (kJ/mol)
           Bond  Harmonic Pot.          Angle       G96Angle  Restr. Angles
    1.84548e+04    6.43141e+00    1.27737e+04    5.49091e+02    6.41534e+02
    Proper Dih.  Improper Dih.        LJ (SR)   Coulomb (SR) Position Rest.
    4.30889e+02    4.57575e+02   -1.26278e+06   -1.41436e+04    1.56688e+01
      Potential    Kinetic En.   Total Energy  Conserved En.    Temperature
   -1.24360e+06    2.01503e+05   -1.04209e+06   -1.04186e+06    3.10740e+02
 Pressure (bar)   Constr. rmsd
   -2.52753e+01    1.11369e-06

           Step           Time
         600000    12000.00000

   Energies (kJ/mol)
           Bond  Harmonic Pot.          Angle       G96Angle  Restr. Angles
    1.83685e+04    9.85024e+00    1.30054e+04    6.10752e+02    6.72937e+02
    Proper Dih.  Improper Dih.        LJ (SR)   Coulomb (SR) Position Rest.
    3.51557e+02    4.38172e+02   -1.26454e+06   -1.45990e+04    2.23368e+01
      Potential    Kinetic En.   Total Energy  Conserved En.    Temperature
   -1.24566e+06    2.01241e+05   -1.04442e+06   -1.04179e+06    3.10336e+02
 Pressure (bar)   Constr. rmsd
    3.29820e-01    1.22801e-06

           Step           Time
         625000    12500.00000

   Energies (kJ/mol)
           Bond  Harmonic Pot.          Angle       G96Angle  Restr. Angles
    1.80671e+04    5.33847e+00    1.27784e+04    5.36788e+02    7.08071e+02
    Proper Dih.  Improper Dih.        LJ (SR)   Coulomb (SR) Position Rest.
    4.14022e+02    4.18764e+02   -1.26252e+06   -1.44533e+04    1.73746e+01
      Potential    Kinetic En.   Total Energy  Conserved En.    Temperature
   -1.24402e+06    2.02413e+05   -1.04161e+06   -1.04190e+06    3.12144e+02
 Pressure (bar)   Constr. rmsd
    5.58328e+01    1.16990e-06

           Step           Time
         650000    13000.00000

   Energies (kJ/mol)
           Bond  Harmonic Pot.          Angle       G96Angle  Restr. Angles
    1.81751e+04    1.02895e+01    1.28510e+04    5.25567e+02    6.83881e+02
    Proper Dih.  Improper Dih.        LJ (SR)   Coulomb (SR) Position Rest.
    4.06711e+02    4.38600e+02   -1.26359e+06   -1.45414e+04    1.50875e+01
      Potential    Kinetic En.   Total Energy  Conserved En.    Temperature
   -1.24502e+06    2.01911e+05   -1.04311e+06   -1.04203e+06    3.11369e+02
 Pressure (bar)   Constr. rmsd
    1.46628e+01    1.11139e-06

           Step           Time
         675000    13500.00000

   Energies (kJ/mol)
           Bond  Harmonic Pot.          Angle       G96Angle  Restr. Angles
    1.85441e+04    7.65916e+00    1.25468e+04    5.51620e+02    6.38438e+02
    Proper Dih.  Improper Dih.        LJ (SR)   Coulomb (SR) Position Rest.
    3.79238e+02    4.34503e+02   -1.26456e+06   -1.43330e+04    1.73056e+01
      Potential    Kinetic En.   Total Energy  Conserved En.    Temperature
   -1.24577e+06    2.01667e+05   -1.04410e+06   -1.04216e+06    3.10993e+02
 Pressure (bar)   Constr. rmsd
    1.27861e+01    1.14924e-06

           Step           Time
         700000    14000.00000

   Energies (kJ/mol)
           Bond  Harmonic Pot.          Angle       G96Angle  Restr. Angles
    1.85785e+04    6.10795e+00    1.25998e+04    5.29302e+02    6.85204e+02
    Proper Dih.  Improper Dih.        LJ (SR)   Coulomb (SR) Position Rest.
    3.82913e+02    4.36410e+02   -1.26373e+06   -1.43633e+04    1.77541e+01
      Potential    Kinetic En.   Total Energy  Conserved En.    Temperature
   -1.24486e+06    2.00370e+05   -1.04449e+06   -1.04214e+06    3.08993e+02
 Pressure (bar)   Constr. rmsd
   -1.77192e+00    1.19466e-06

           Step           Time
         725000    14500.00000

   Energies (kJ/mol)
           Bond  Harmonic Pot.          Angle       G96Angle  Restr. Angles
    1.83773e+04    1.04742e+01    1.25116e+04    5.62311e+02    6.29180e+02
    Proper Dih.  Improper Dih.        LJ (SR)   Coulomb (SR) Position Rest.
    4.24636e+02    4.43655e+02   -1.26316e+06   -1.43413e+04    1.88574e+01
      Potential    Kinetic En.   Total Energy  Conserved En.    Temperature
   -1.24452e+06    2.00303e+05   -1.04422e+06   -1.04223e+06    3.08890e+02
 Pressure (bar)   Constr. rmsd
   -5.10811e+00    1.19409e-06

           Step           Time
         750000    15000.00000

   Energies (kJ/mol)
           Bond  Harmonic Pot.          Angle       G96Angle  Restr. Angles
    1.83977e+04    6.42239e+00    1.23834e+04    5.79667e+02    6.76928e+02
    Proper Dih.  Improper Dih.        LJ (SR)   Coulomb (SR) Position Rest.
    3.72783e+02    5.03725e+02   -1.26212e+06   -1.45212e+04    1.70154e+01
      Potential    Kinetic En.   Total Energy  Conserved En.    Temperature
   -1.24370e+06    2.01535e+05   -1.04217e+06   -1.04228e+06    3.10789e+02
 Pressure (bar)   Constr. rmsd
   -2.85979e+01    1.15838e-06

           Step           Time
         775000    15500.00000

   Energies (kJ/mol)
           Bond  Harmonic Pot.          Angle       G96Angle  Restr. Angles
    1.83789e+04    4.90192e+00    1.25677e+04    5.61649e+02    6.68750e+02
    Proper Dih.  Improper Dih.        LJ (SR)   Coulomb (SR) Position Rest.
    4.10362e+02    4.48984e+02   -1.26103e+06   -1.43475e+04    1.96505e+01
      Potential    Kinetic En.   Total Energy  Conserved En.    Temperature
   -1.24232e+06    2.00502e+05   -1.04182e+06   -1.04222e+06    3.09196e+02
 Pressure (bar)   Constr. rmsd
   -4.53570e-01    1.18313e-06

           Step           Time
         800000    16000.00000

   Energies (kJ/mol)
           Bond  Harmonic Pot.          Angle       G96Angle  Restr. Angles
    1.83433e+04    4.62042e+00    1.25921e+04    5.65551e+02    7.05937e+02
    Proper Dih.  Improper Dih.        LJ (SR)   Coulomb (SR) Position Rest.
    3.53235e+02    4.85166e+02   -1.26393e+06   -1.43485e+04    1.66061e+01
      Potential    Kinetic En.   Total Energy  Conserved En.    Temperature
   -1.24521e+06    2.01875e+05   -1.04334e+06   -1.04227e+06    3.11314e+02
 Pressure (bar)   Constr. rmsd
    3.86666e+00    1.17565e-06

           Step           Time
         825000    16500.00000

   Energies (kJ/mol)
           Bond  Harmonic Pot.          Angle       G96Angle  Restr. Angles
    1.85331e+04    5.43808e+00    1.25199e+04    4.91538e+02    6.70620e+02
    Proper Dih.  Improper Dih.        LJ (SR)   Coulomb (SR) Position Rest.
    4.25148e+02    4.06073e+02   -1.26524e+06   -1.46557e+04    2.44760e+01
      Potential    Kinetic En.   Total Energy  Conserved En.    Temperature
   -1.24682e+06    2.01853e+05   -1.04497e+06   -1.04228e+06    3.11279e+02
 Pressure (bar)   Constr. rmsd
    4.01376e+01    1.17989e-06

           Step           Time
         850000    17000.00000

   Energies (kJ/mol)
           Bond  Harmonic Pot.          Angle       G96Angle  Restr. Angles
    1.86792e+04    9.26247e+00    1.26112e+04    5.11817e+02    6.29601e+02
    Proper Dih.  Improper Dih.        LJ (SR)   Coulomb (SR) Position Rest.
    5.12589e+02    4.51502e+02   -1.26599e+06   -1.40306e+04    3.20787e+01
      Potential    Kinetic En.   Total Energy  Conserved En.    Temperature
   -1.24659e+06    2.01713e+05   -1.04487e+06   -1.04258e+06    3.11063e+02
 Pressure (bar)   Constr. rmsd
    4.87499e+00    1.13639e-06

           Step           Time
         875000    17500.00000

   Energies (kJ/mol)
           Bond  Harmonic Pot.          Angle       G96Angle  Restr. Angles
    1.84555e+04    4.67305e+00    1.25203e+04    5.67255e+02    6.49679e+02
    Proper Dih.  Improper Dih.        LJ (SR)   Coulomb (SR) Position Rest.
    3.96396e+02    4.78235e+02   -1.26472e+06   -1.43732e+04    2.37400e+01
      Potential    Kinetic En.   Total Energy  Conserved En.    Temperature
   -1.24600e+06    1.99942e+05   -1.04606e+06   -1.04250e+06    3.08334e+02
 Pressure (bar)   Constr. rmsd
    4.27166e+01    1.12340e-06

           Step           Time
         900000    18000.00000

   Energies (kJ/mol)
           Bond  Harmonic Pot.          Angle       G96Angle  Restr. Angles
    1.82648e+04    7.50241e+00    1.27041e+04    5.57993e+02    6.57964e+02
    Proper Dih.  Improper Dih.        LJ (SR)   Coulomb (SR) Position Rest.
    3.96643e+02    4.41209e+02   -1.26149e+06   -1.43974e+04    2.25255e+01
      Potential    Kinetic En.   Total Energy  Conserved En.    Temperature
   -1.24284e+06    2.02768e+05   -1.04007e+06   -1.04271e+06    3.12690e+02
 Pressure (bar)   Constr. rmsd
   -1.06015e+01    1.15354e-06

           Step           Time
         925000    18500.00000

   Energies (kJ/mol)
           Bond  Harmonic Pot.          Angle       G96Angle  Restr. Angles
    1.82634e+04    1.14267e+01    1.27372e+04    5.74382e+02    7.42107e+02
    Proper Dih.  Improper Dih.        LJ (SR)   Coulomb (SR) Position Rest.
    4.50928e+02    4.42626e+02   -1.26414e+06   -1.44155e+04    1.94224e+01
      Potential    Kinetic En.   Total Energy  Conserved En.    Temperature
   -1.24531e+06    2.00086e+05   -1.04523e+06   -1.04283e+06    3.08554e+02
 Pressure (bar)   Constr. rmsd
    1.68689e+01    1.10795e-06

Writing checkpoint, step 930640 at Sun Mar 16 18:24:21 2025


           Step           Time
         950000    19000.00000

   Energies (kJ/mol)
           Bond  Harmonic Pot.          Angle       G96Angle  Restr. Angles
    1.85265e+04    1.21555e+01    1.27904e+04    5.32418e+02    6.96493e+02
    Proper Dih.  Improper Dih.        LJ (SR)   Coulomb (SR) Position Rest.
    3.54546e+02    5.44070e+02   -1.26401e+06   -1.45419e+04    2.10037e+01
      Potential    Kinetic En.   Total Energy  Conserved En.    Temperature
   -1.24508e+06    2.00637e+05   -1.04444e+06   -1.04288e+06    3.09405e+02
 Pressure (bar)   Constr. rmsd
    1.92237e+01    1.13911e-06

           Step           Time
         975000    19500.00000

   Energies (kJ/mol)
           Bond  Harmonic Pot.          Angle       G96Angle  Restr. Angles
    1.84122e+04    9.08230e+00    1.27016e+04    4.77838e+02    6.49691e+02
    Proper Dih.  Improper Dih.        LJ (SR)   Coulomb (SR) Position Rest.
    4.06122e+02    4.62447e+02   -1.26353e+06   -1.45789e+04    2.33036e+01
      Potential    Kinetic En.   Total Energy  Conserved En.    Temperature
   -1.24497e+06    2.00840e+05   -1.04413e+06   -1.04276e+06    3.09718e+02
 Pressure (bar)   Constr. rmsd
   -2.80142e+00    1.10071e-06

           Step           Time
        1000000    20000.00000

   Energies (kJ/mol)
           Bond  Harmonic Pot.          Angle       G96Angle  Restr. Angles
    1.84282e+04    4.60999e+00    1.25476e+04    5.35932e+02    7.06025e+02
    Proper Dih.  Improper Dih.        LJ (SR)   Coulomb (SR) Position Rest.
    4.14914e+02    4.32812e+02   -1.26537e+06   -1.42555e+04    1.96098e+01
      Potential    Kinetic En.   Total Energy  Conserved En.    Temperature
   -1.24653e+06    2.02986e+05   -1.04355e+06   -1.04286e+06    3.13026e+02
 Pressure (bar)   Constr. rmsd
    7.83628e+01    1.10222e-06

           Step           Time
        1025000    20500.00000

   Energies (kJ/mol)
           Bond  Harmonic Pot.          Angle       G96Angle  Restr. Angles
    1.83154e+04    3.51391e+00    1.26477e+04    5.59195e+02    6.89626e+02
    Proper Dih.  Improper Dih.        LJ (SR)   Coulomb (SR) Position Rest.
    4.37492e+02    4.81162e+02   -1.26110e+06   -1.41792e+04    1.78494e+01
      Potential    Kinetic En.   Total Energy  Conserved En.    Temperature
   -1.24212e+06    2.01384e+05   -1.04074e+06   -1.04292e+06    3.10557e+02
 Pressure (bar)   Constr. rmsd
   -1.17506e+01    1.08611e-06

           Step           Time
        1050000    21000.00000

   Energies (kJ/mol)
           Bond  Harmonic Pot.          Angle       G96Angle  Restr. Angles
    1.83157e+04    6.80463e+00    1.24948e+04    5.27805e+02    6.51577e+02
    Proper Dih.  Improper Dih.        LJ (SR)   Coulomb (SR) Position Rest.
    4.31963e+02    4.14103e+02   -1.26452e+06   -1.44521e+04    1.73456e+01
      Potential    Kinetic En.   Total Energy  Conserved En.    Temperature
   -1.24612e+06    2.01142e+05   -1.04498e+06   -1.04284e+06    3.10183e+02
 Pressure (bar)   Constr. rmsd
    3.24123e+01    1.13382e-06

           Step           Time
        1075000    21500.00000

   Energies (kJ/mol)
           Bond  Harmonic Pot.          Angle       G96Angle  Restr. Angles
    1.83715e+04    7.65005e+00    1.27403e+04    5.16753e+02    6.49250e+02
    Proper Dih.  Improper Dih.        LJ (SR)   Coulomb (SR) Position Rest.
    4.04159e+02    4.75882e+02   -1.26233e+06   -1.43966e+04    1.78756e+01
      Potential    Kinetic En.   Total Energy  Conserved En.    Temperature
   -1.24355e+06    2.00112e+05   -1.04344e+06   -1.04292e+06    3.08594e+02
 Pressure (bar)   Constr. rmsd
   -2.47244e+01    1.15208e-06

           Step           Time
        1100000    22000.00000

   Energies (kJ/mol)
           Bond  Harmonic Pot.          Angle       G96Angle  Restr. Angles
    1.87936e+04    2.87506e+00    1.26883e+04    6.22016e+02    6.83302e+02
    Proper Dih.  Improper Dih.        LJ (SR)   Coulomb (SR) Position Rest.
    4.20629e+02    4.32829e+02   -1.26488e+06   -1.43827e+04    1.74965e+01
      Potential    Kinetic En.   Total Energy  Conserved En.    Temperature
   -1.24560e+06    2.00845e+05   -1.04476e+06   -1.04307e+06    3.09725e+02
 Pressure (bar)   Constr. rmsd
    4.56184e+00    1.16357e-06

           Step           Time
        1125000    22500.00000

   Energies (kJ/mol)
           Bond  Harmonic Pot.          Angle       G96Angle  Restr. Angles
    1.85045e+04    6.88633e+00    1.30198e+04    5.29125e+02    6.76922e+02
    Proper Dih.  Improper Dih.        LJ (SR)   Coulomb (SR) Position Rest.
    3.89561e+02    3.89097e+02   -1.26139e+06   -1.42099e+04    2.08032e+01
      Potential    Kinetic En.   Total Energy  Conserved En.    Temperature
   -1.24206e+06    2.01700e+05   -1.04036e+06   -1.04325e+06    3.11044e+02
 Pressure (bar)   Constr. rmsd
   -5.89703e+00    1.15646e-06

           Step           Time
        1150000    23000.00000

   Energies (kJ/mol)
           Bond  Harmonic Pot.          Angle       G96Angle  Restr. Angles
    1.82205e+04    6.35333e+00    1.26416e+04    5.26091e+02    6.59134e+02
    Proper Dih.  Improper Dih.        LJ (SR)   Coulomb (SR) Position Rest.
    4.18239e+02    4.94312e+02   -1.26289e+06   -1.45463e+04    2.26564e+01
      Potential    Kinetic En.   Total Energy  Conserved En.    Temperature
   -1.24444e+06    2.02272e+05   -1.04217e+06   -1.04347e+06    3.11926e+02
 Pressure (bar)   Constr. rmsd
    4.08576e+01    1.11947e-06

           Step           Time
        1175000    23500.00000

   Energies (kJ/mol)
           Bond  Harmonic Pot.          Angle       G96Angle  Restr. Angles
    1.83308e+04    7.26149e+00    1.25219e+04    5.48651e+02    6.87872e+02
    Proper Dih.  Improper Dih.        LJ (SR)   Coulomb (SR) Position Rest.
    3.52852e+02    4.68818e+02   -1.26403e+06   -1.42430e+04    2.55249e+01
      Potential    Kinetic En.   Total Energy  Conserved En.    Temperature
   -1.24533e+06    2.00995e+05   -1.04434e+06   -1.04350e+06    3.09957e+02
 Pressure (bar)   Constr. rmsd
    3.36736e+00    1.07730e-06

           Step           Time
        1200000    24000.00000

   Energies (kJ/mol)
           Bond  Harmonic Pot.          Angle       G96Angle  Restr. Angles
    1.90285e+04    6.12740e+00    1.26640e+04    5.87382e+02    6.81888e+02
    Proper Dih.  Improper Dih.        LJ (SR)   Coulomb (SR) Position Rest.
    3.82725e+02    4.72761e+02   -1.26332e+06   -1.41829e+04    2.31923e+01
      Potential    Kinetic En.   Total Energy  Conserved En.    Temperature
   -1.24366e+06    2.02821e+05   -1.04084e+06   -1.04356e+06    3.12773e+02
 Pressure (bar)   Constr. rmsd
    3.85443e+01    1.15992e-06

           Step           Time
        1225000    24500.00000

   Energies (kJ/mol)
           Bond  Harmonic Pot.          Angle       G96Angle  Restr. Angles
    1.87800e+04    4.64900e+00    1.28587e+04    5.55833e+02    7.22485e+02
    Proper Dih.  Improper Dih.        LJ (SR)   Coulomb (SR) Position Rest.
    3.56840e+02    4.62117e+02   -1.26337e+06   -1.42815e+04    3.34710e+01
      Potential    Kinetic En.   Total Energy  Conserved En.    Temperature
   -1.24387e+06    2.01712e+05   -1.04216e+06   -1.04348e+06    3.11062e+02
 Pressure (bar)   Constr. rmsd
    3.64348e+01    1.15924e-06

           Step           Time
        1250000    25000.00000

   Energies (kJ/mol)
           Bond  Harmonic Pot.          Angle       G96Angle  Restr. Angles
    1.84962e+04    4.84084e+00    1.28978e+04    5.57966e+02    6.62660e+02
    Proper Dih.  Improper Dih.        LJ (SR)   Coulomb (SR) Position Rest.
    4.49077e+02    4.46526e+02   -1.26307e+06   -1.43869e+04    2.12390e+01
      Potential    Kinetic En.   Total Energy  Conserved En.    Temperature
   -1.24392e+06    2.02052e+05   -1.04186e+06   -1.04342e+06    3.11587e+02
 Pressure (bar)   Constr. rmsd
    5.67133e+00    1.16055e-06

           Step           Time
        1275000    25500.00000

   Energies (kJ/mol)
           Bond  Harmonic Pot.          Angle       G96Angle  Restr. Angles
    1.82288e+04    1.06169e+01    1.23404e+04    5.28589e+02    6.79076e+02
    Proper Dih.  Improper Dih.        LJ (SR)   Coulomb (SR) Position Rest.
    4.21758e+02    4.24336e+02   -1.26320e+06   -1.45114e+04    1.93954e+01
      Potential    Kinetic En.   Total Energy  Conserved En.    Temperature
   -1.24505e+06    2.02236e+05   -1.04282e+06   -1.04345e+06    3.11871e+02
 Pressure (bar)   Constr. rmsd
    6.92767e+00    1.14886e-06

           Step           Time
        1300000    26000.00000

   Energies (kJ/mol)
           Bond  Harmonic Pot.          Angle       G96Angle  Restr. Angles
    1.86165e+04    1.00033e+01    1.31108e+04    5.25665e+02    6.66160e+02
    Proper Dih.  Improper Dih.        LJ (SR)   Coulomb (SR) Position Rest.
    4.23713e+02    4.35928e+02   -1.26250e+06   -1.43652e+04    1.81688e+01
      Potential    Kinetic En.   Total Energy  Conserved En.    Temperature
   -1.24306e+06    2.01379e+05   -1.04168e+06   -1.04342e+06    3.10549e+02
 Pressure (bar)   Constr. rmsd
    5.56060e+00    1.16616e-06

           Step           Time
        1325000    26500.00000

   Energies (kJ/mol)
           Bond  Harmonic Pot.          Angle       G96Angle  Restr. Angles
    1.84194e+04    7.48609e+00    1.25593e+04    5.29921e+02    6.74754e+02
    Proper Dih.  Improper Dih.        LJ (SR)   Coulomb (SR) Position Rest.
    3.67200e+02    4.41589e+02   -1.26590e+06   -1.43453e+04    2.39805e+01
      Potential    Kinetic En.   Total Energy  Conserved En.    Temperature
   -1.24722e+06    2.00403e+05   -1.04682e+06   -1.04356e+06    3.09043e+02
 Pressure (bar)   Constr. rmsd
    1.56390e+01    1.11559e-06

           Step           Time
        1350000    27000.00000

   Energies (kJ/mol)
           Bond  Harmonic Pot.          Angle       G96Angle  Restr. Angles
    1.81070e+04    6.32290e+00    1.24773e+04    6.08520e+02    6.72515e+02
    Proper Dih.  Improper Dih.        LJ (SR)   Coulomb (SR) Position Rest.
    4.00945e+02    3.93392e+02   -1.26274e+06   -1.43778e+04    1.77299e+01
      Potential    Kinetic En.   Total Energy  Conserved En.    Temperature
   -1.24444e+06    2.01617e+05   -1.04282e+06   -1.04349e+06    3.10916e+02
 Pressure (bar)   Constr. rmsd
   -4.84427e+00    1.10233e-06

           Step           Time
        1375000    27500.00000

   Energies (kJ/mol)
           Bond  Harmonic Pot.          Angle       G96Angle  Restr. Angles
    1.84454e+04    6.52824e+00    1.28523e+04    5.45972e+02    6.91954e+02
    Proper Dih.  Improper Dih.        LJ (SR)   Coulomb (SR) Position Rest.
    4.21292e+02    4.67810e+02   -1.26448e+06   -1.43253e+04    1.94575e+01
      Potential    Kinetic En.   Total Energy  Conserved En.    Temperature
   -1.24535e+06    2.00126e+05   -1.04523e+06   -1.04366e+06    3.08616e+02
 Pressure (bar)   Constr. rmsd
    9.98861e+00    1.14907e-06

           Step           Time
        1400000    28000.00000

   Energies (kJ/mol)
           Bond  Harmonic Pot.          Angle       G96Angle  Restr. Angles
    1.83161e+04    8.61182e+00    1.28324e+04    5.89812e+02    6.52105e+02
    Proper Dih.  Improper Dih.        LJ (SR)   Coulomb (SR) Position Rest.
    3.77952e+02    4.31745e+02   -1.26328e+06   -1.44582e+04    2.31643e+01
      Potential    Kinetic En.   Total Energy  Conserved En.    Temperature
   -1.24451e+06    2.00655e+05   -1.04385e+06   -1.04364e+06    3.09433e+02
 Pressure (bar)   Constr. rmsd
    8.27459e-01    1.13085e-06

           Step           Time
        1425000    28500.00000

   Energies (kJ/mol)
           Bond  Harmonic Pot.          Angle       G96Angle  Restr. Angles
    1.79893e+04    6.06092e+00    1.25778e+04    5.42694e+02    7.02781e+02
    Proper Dih.  Improper Dih.        LJ (SR)   Coulomb (SR) Position Rest.
    4.03241e+02    4.87291e+02   -1.26195e+06   -1.44031e+04    2.77927e+01
      Potential    Kinetic En.   Total Energy  Conserved En.    Temperature
   -1.24362e+06    2.00050e+05   -1.04356e+06   -1.04370e+06    3.08500e+02
 Pressure (bar)   Constr. rmsd
    9.66779e+00    1.15504e-06

           Step           Time
        1450000    29000.00000

   Energies (kJ/mol)
           Bond  Harmonic Pot.          Angle       G96Angle  Restr. Angles
    1.83311e+04    6.73243e+00    1.25644e+04    5.41394e+02    6.92340e+02
    Proper Dih.  Improper Dih.        LJ (SR)   Coulomb (SR) Position Rest.
    3.99966e+02    4.22739e+02   -1.26066e+06   -1.42812e+04    2.53740e+01
      Potential    Kinetic En.   Total Energy  Conserved En.    Temperature
   -1.24196e+06    2.00097e+05   -1.04187e+06   -1.04390e+06    3.08571e+02
 Pressure (bar)   Constr. rmsd
   -7.78858e+00    1.18211e-06

           Step           Time
        1475000    29500.00000

   Energies (kJ/mol)
           Bond  Harmonic Pot.          Angle       G96Angle  Restr. Angles
    1.86026e+04    6.66378e+00    1.27428e+04    5.51944e+02    6.97991e+02
    Proper Dih.  Improper Dih.        LJ (SR)   Coulomb (SR) Position Rest.
    3.89757e+02    4.54387e+02   -1.26228e+06   -1.41989e+04    1.78735e+01
      Potential    Kinetic En.   Total Energy  Conserved En.    Temperature
   -1.24302e+06    2.01491e+05   -1.04153e+06   -1.04384e+06    3.10722e+02
 Pressure (bar)   Constr. rmsd
    2.71748e+01    1.14074e-06

           Step           Time
        1500000    30000.00000

   Energies (kJ/mol)
           Bond  Harmonic Pot.          Angle       G96Angle  Restr. Angles
    1.85225e+04    5.13394e+00    1.30090e+04    5.47359e+02    6.30328e+02
    Proper Dih.  Improper Dih.        LJ (SR)   Coulomb (SR) Position Rest.
    4.34850e+02    4.95380e+02   -1.26072e+06   -1.43293e+04    2.53942e+01
      Potential    Kinetic En.   Total Energy  Conserved En.    Temperature
   -1.24138e+06    2.01299e+05   -1.04009e+06   -1.04398e+06    3.10425e+02
 Pressure (bar)   Constr. rmsd
   -3.33676e+00    1.15235e-06

           Step           Time
        1525000    30500.00000

   Energies (kJ/mol)
           Bond  Harmonic Pot.          Angle       G96Angle  Restr. Angles
    1.83612e+04    6.21459e+00    1.26421e+04    5.24560e+02    6.95277e+02
    Proper Dih.  Improper Dih.        LJ (SR)   Coulomb (SR) Position Rest.
    4.31936e+02    4.91211e+02   -1.26213e+06   -1.43856e+04    2.34841e+01
      Potential    Kinetic En.   Total Energy  Conserved En.    Temperature
   -1.24334e+06    1.99950e+05   -1.04339e+06   -1.04407e+06    3.08345e+02
 Pressure (bar)   Constr. rmsd
    4.17533e-01    1.16430e-06

           Step           Time
        1550000    31000.00000

   Energies (kJ/mol)
           Bond  Harmonic Pot.          Angle       G96Angle  Restr. Angles
    1.80738e+04    8.73339e+00    1.27197e+04    5.46857e+02    6.14734e+02
    Proper Dih.  Improper Dih.        LJ (SR)   Coulomb (SR) Position Rest.
    3.99206e+02    4.41140e+02   -1.26352e+06   -1.43264e+04    2.81623e+01
      Potential    Kinetic En.   Total Energy  Conserved En.    Temperature
   -1.24502e+06    1.99963e+05   -1.04505e+06   -1.04421e+06    3.08365e+02
 Pressure (bar)   Constr. rmsd
   -6.72441e+00    1.15563e-06

           Step           Time
        1575000    31500.00000

   Energies (kJ/mol)
           Bond  Harmonic Pot.          Angle       G96Angle  Restr. Angles
    1.85605e+04    8.24575e+00    1.25726e+04    5.43628e+02    7.02387e+02
    Proper Dih.  Improper Dih.        LJ (SR)   Coulomb (SR) Position Rest.
    4.82819e+02    4.45527e+02   -1.26221e+06   -1.42653e+04    1.73389e+01
      Potential    Kinetic En.   Total Energy  Conserved En.    Temperature
   -1.24314e+06    2.00711e+05   -1.04243e+06   -1.04440e+06    3.09518e+02
 Pressure (bar)   Constr. rmsd
    4.52605e+00    1.26451e-06

           Step           Time
        1600000    32000.00000

   Energies (kJ/mol)
           Bond  Harmonic Pot.          Angle       G96Angle  Restr. Angles
    1.84480e+04    5.70329e+00    1.27388e+04    5.60419e+02    6.65051e+02
    Proper Dih.  Improper Dih.        LJ (SR)   Coulomb (SR) Position Rest.
    3.78898e+02    3.95093e+02   -1.26203e+06   -1.42560e+04    1.93431e+01
      Potential    Kinetic En.   Total Energy  Conserved En.    Temperature
   -1.24308e+06    1.99984e+05   -1.04309e+06   -1.04455e+06    3.08397e+02
 Pressure (bar)   Constr. rmsd
    7.49603e+00    1.11667e-06

           Step           Time
        1625000    32500.00000

   Energies (kJ/mol)
           Bond  Harmonic Pot.          Angle       G96Angle  Restr. Angles
    1.84077e+04    7.10897e+00    1.29250e+04    5.09642e+02    7.21823e+02
    Proper Dih.  Improper Dih.        LJ (SR)   Coulomb (SR) Position Rest.
    3.98134e+02    4.59872e+02   -1.26165e+06   -1.44897e+04    1.86100e+01
      Potential    Kinetic En.   Total Energy  Conserved En.    Temperature
   -1.24269e+06    2.01981e+05   -1.04071e+06   -1.04458e+06    3.11478e+02
 Pressure (bar)   Constr. rmsd
    1.80394e+01    1.20067e-06

           Step           Time
        1650000    33000.00000

   Energies (kJ/mol)
           Bond  Harmonic Pot.          Angle       G96Angle  Restr. Angles
    1.84447e+04    3.61755e+00    1.25812e+04    4.86610e+02    6.78884e+02
    Proper Dih.  Improper Dih.        LJ (SR)   Coulomb (SR) Position Rest.
    3.80928e+02    4.67320e+02   -1.26333e+06   -1.41019e+04    2.12903e+01
      Potential    Kinetic En.   Total Energy  Conserved En.    Temperature
   -1.24436e+06    2.01405e+05   -1.04296e+06   -1.04460e+06    3.10589e+02
 Pressure (bar)   Constr. rmsd
   -3.96194e+01    1.10808e-06

           Step           Time
        1675000    33500.00000

   Energies (kJ/mol)
           Bond  Harmonic Pot.          Angle       G96Angle  Restr. Angles
    1.85425e+04    4.85702e+00    1.27950e+04    4.87342e+02    6.60575e+02
    Proper Dih.  Improper Dih.        LJ (SR)   Coulomb (SR) Position Rest.
    3.67997e+02    4.37772e+02   -1.26477e+06   -1.41848e+04    1.62077e+01
      Potential    Kinetic En.   Total Energy  Conserved En.    Temperature
   -1.24564e+06    2.00933e+05   -1.04471e+06   -1.04450e+06    3.09861e+02
 Pressure (bar)   Constr. rmsd
   -3.37963e+01    1.15537e-06

           Step           Time
        1700000    34000.00000

   Energies (kJ/mol)
           Bond  Harmonic Pot.          Angle       G96Angle  Restr. Angles
    1.82375e+04    2.93178e+00    1.26806e+04    5.28186e+02    7.31652e+02
    Proper Dih.  Improper Dih.        LJ (SR)   Coulomb (SR) Position Rest.
    3.79800e+02    5.01444e+02   -1.25987e+06   -1.43367e+04    1.82654e+01
      Potential    Kinetic En.   Total Energy  Conserved En.    Temperature
   -1.24113e+06    2.01392e+05   -1.03974e+06   -1.04461e+06    3.10568e+02
 Pressure (bar)   Constr. rmsd
    2.21372e+00    1.16845e-06

           Step           Time
        1725000    34500.00000

   Energies (kJ/mol)
           Bond  Harmonic Pot.          Angle       G96Angle  Restr. Angles
    1.86812e+04    4.36729e+00    1.28779e+04    5.06245e+02    6.63956e+02
    Proper Dih.  Improper Dih.        LJ (SR)   Coulomb (SR) Position Rest.
    3.88400e+02    4.10000e+02   -1.26578e+06   -1.39934e+04    1.88464e+01
      Potential    Kinetic En.   Total Energy  Conserved En.    Temperature
   -1.24622e+06    2.01846e+05   -1.04437e+06   -1.04458e+06    3.11270e+02
 Pressure (bar)   Constr. rmsd
    2.45421e+01    1.20355e-06

           Step           Time
        1750000    35000.00000

   Energies (kJ/mol)
           Bond  Harmonic Pot.          Angle       G96Angle  Restr. Angles
    1.83062e+04    3.32651e+00    1.26568e+04    5.30287e+02    6.76978e+02
    Proper Dih.  Improper Dih.        LJ (SR)   Coulomb (SR) Position Rest.
    3.95281e+02    3.97664e+02   -1.26363e+06   -1.41092e+04    2.25123e+01
      Potential    Kinetic En.   Total Energy  Conserved En.    Temperature
   -1.24475e+06    2.00212e+05   -1.04454e+06   -1.04475e+06    3.08749e+02
 Pressure (bar)   Constr. rmsd
   -3.81961e+01    1.16557e-06

           Step           Time
        1775000    35500.00000

   Energies (kJ/mol)
           Bond  Harmonic Pot.          Angle       G96Angle  Restr. Angles
    1.87140e+04    7.74993e+00    1.29155e+04    5.66628e+02    6.31730e+02
    Proper Dih.  Improper Dih.        LJ (SR)   Coulomb (SR) Position Rest.
    4.57084e+02    4.62309e+02   -1.26292e+06   -1.44473e+04    2.61119e+01
      Potential    Kinetic En.   Total Energy  Conserved En.    Temperature
   -1.24358e+06    2.01677e+05   -1.04191e+06   -1.04482e+06    3.11009e+02
 Pressure (bar)   Constr. rmsd
    6.34105e+01    1.17979e-06

           Step           Time
        1800000    36000.00000

   Energies (kJ/mol)
           Bond  Harmonic Pot.          Angle       G96Angle  Restr. Angles
    1.86262e+04    6.48200e+00    1.29493e+04    5.82212e+02    6.70956e+02
    Proper Dih.  Improper Dih.        LJ (SR)   Coulomb (SR) Position Rest.
    3.76241e+02    4.20885e+02   -1.26274e+06   -1.43856e+04    2.07212e+01
      Potential    Kinetic En.   Total Energy  Conserved En.    Temperature
   -1.24347e+06    2.01766e+05   -1.04171e+06   -1.04480e+06    3.11145e+02
 Pressure (bar)   Constr. rmsd
   -1.74203e+01    1.15411e-06

           Step           Time
        1825000    36500.00000

   Energies (kJ/mol)
           Bond  Harmonic Pot.          Angle       G96Angle  Restr. Angles
    1.82220e+04    2.65810e+00    1.27367e+04    5.41819e+02    6.72895e+02
    Proper Dih.  Improper Dih.        LJ (SR)   Coulomb (SR) Position Rest.
    4.40716e+02    4.87917e+02   -1.26173e+06   -1.42762e+04    1.60882e+01
      Potential    Kinetic En.   Total Energy  Conserved En.    Temperature
   -1.24288e+06    2.02235e+05   -1.04065e+06   -1.04482e+06    3.11869e+02
 Pressure (bar)   Constr. rmsd
    1.02674e+00    1.13214e-06


Step 1841840: Run time exceeded 0.495 hours, will terminate the run within 40 steps
           Step           Time
        1841860    36837.20000

Writing checkpoint, step 1841860 at Sun Mar 16 18:39:03 2025


   Energies (kJ/mol)
           Bond  Harmonic Pot.          Angle       G96Angle  Restr. Angles
    1.81602e+04    7.32446e+00    1.26626e+04    5.12529e+02    7.13791e+02
    Proper Dih.  Improper Dih.        LJ (SR)   Coulomb (SR) Position Rest.
    4.01166e+02    4.33262e+02   -1.26224e+06   -1.44546e+04    1.99663e+01
      Potential    Kinetic En.   Total Energy  Conserved En.    Temperature
   -1.24379e+06    2.00954e+05   -1.04283e+06   -1.04485e+06    3.09893e+02
 Pressure (bar)   Constr. rmsd
   -4.28167e+01    1.15871e-06


Energy conservation over simulation part #1 of length 36837.2 ps, time 0 to 36837.2 ps
  Conserved energy drift: -1.76e-06 kJ/mol/ps per atom


	<======  ###############  ==>
	<====  A V E R A G E S  ====>
	<==  ###############  ======>

	Statistics over 1841861 steps using 18419 frames

   Energies (kJ/mol)
           Bond  Harmonic Pot.          Angle       G96Angle  Restr. Angles
    1.84574e+04    6.81370e+00    1.27262e+04    5.42845e+02    6.69217e+02
    Proper Dih.  Improper Dih.        LJ (SR)   Coulomb (SR) Position Rest.
    4.09234e+02    4.51276e+02   -1.26310e+06   -1.43291e+04    1.98134e+01
      Potential    Kinetic En.   Total Energy  Conserved En.    Temperature
   -1.24415e+06    2.01038e+05   -1.04311e+06   -1.04282e+06    3.10023e+02
 Pressure (bar)   Constr. rmsd
    1.01058e+00    0.00000e+00

          Box-X          Box-Y          Box-Z
    1.80853e+01    1.80853e+01    1.82873e+01

   Total Virial (kJ/mol)
    6.69957e+04   -1.21439e+01   -4.40454e+00
   -1.21408e+01    6.69590e+04    4.55900e+00
   -4.40495e+00    4.56228e+00    6.65453e+04

   Pressure (bar)
    8.75223e-01    6.24172e-02    3.52262e-02
    6.24003e-02    1.06665e+00   -3.58963e-05
    3.52284e-02   -5.41246e-05    1.08986e+00

      T-Solvent         T-Rest
    3.10006e+02    3.10070e+02


	M E G A - F L O P S   A C C O U N T I N G

 NB=Group-cutoff nonbonded kernels    NxN=N-by-N cluster Verlet kernels
 RF=Reaction-Field  VdW=Van der Waals  QSTab=quadratic-spline table
 W3=SPC/TIP3p  W4=TIP4p (single or pairs)
 V&F=Potential and force  V=Potential only  F=Force only

 Computing:                               M-Number         M-Flops  % Flops
-----------------------------------------------------------------------------
 Pair Search distance check          242365.061152     2181285.550     0.2
 NxN RF Elec. + LJ [F]             30013108.574336  1140498125.825    97.8
 NxN RF Elec. + LJ [V&F]             303186.657088    16372079.483     1.4
 Shift-X                               5012.860608       30077.164     0.0
 Bonds                                26695.933334     1575060.067     0.1
 Angles                               19713.438283     3311857.632     0.3
 Propers                                410.735003       94058.316     0.0
 Impropers                              806.735118      167800.905     0.0
 Pos. Restr.                            292.855899       14642.795     0.0
 Virial                                5017.004838       90306.087     0.0
 Stop-CM                               1002.637440       10026.374     0.0
 Calc-Ekin                            10025.721216      270694.473     0.0
 Lincs                                 2770.161952      166209.717     0.0
 Lincs-Mat                           136246.289836      544985.159     0.0
 Constraint-V                          5540.320896       49862.888     0.0
 Constraint-Vir                         138.509376        3324.225     0.0
 Virtual Site 3out                     3703.523825      322206.573     0.0
 Virtual Site N                         108.301480        1624.522     0.0
-----------------------------------------------------------------------------
 Total                                              1165704227.754   100.0
-----------------------------------------------------------------------------


      R E A L   C Y C L E   A N D   T I M E   A C C O U N T I N G

On 1 MPI rank, each using 8 OpenMP threads

 Activity:              Num   Num      Call    Wall time         Giga-Cycles
                        Ranks Threads  Count      (s)         total sum    %
--------------------------------------------------------------------------------
 Vsite constr.             1    8    1841861     119.245       2194.115   6.7
 Neighbor search           1    8      92094     304.131       5596.033  17.1
 Launch PP GPU ops.        1    8    1841861      65.689       1208.677   3.7
 Force                     1    8    1841861     392.584       7223.586  22.0
 Wait GPU NB local         1    8    1841861      43.898        807.728   2.5
 NB X/F buffer ops.        1    8    3591628     221.765       4080.493  12.4
 Vsite spread              1    8    1933955     109.183       2008.984   6.1
 Write traj.               1    8         76       0.614         11.300   0.0
 Update                    1    8    1841861     108.199       1990.878   6.1
 Constraints               1    8    1841863     350.950       6457.508  19.7
 Rest                                             65.909       1212.741   3.7
--------------------------------------------------------------------------------
 Total                                          1782.167      32792.044 100.0
--------------------------------------------------------------------------------

NOTE: 17 % of the run time was spent in pair search,
      you might want to increase nstlist (this has no effect on accuracy)

               Core t (s)   Wall t (s)        (%)
       Time:    14257.293     1782.167      800.0
                 (ns/day)    (hour/ns)
Performance:     1785.880        0.013
Finished mdrun on rank 0 Sun Mar 16 18:39:03 2025

