>> jobid        = structure_030303311
>> outpath      = /tmp/out
>> registry     = registry-0.mummi-arm.default.svc.cluster.local:5000
>> hostname     = cganalysis-hpc7g-16xlarge-structure-030303311-8zvj9
mkdir: created directory '/tmp/out'
  % Total    % Received % Xferd  Average Speed   Time    Time     Time  Current
                                 Dload  Upload   Total   Spent    Left  Speed
  0     0    0     0    0     0      0      0 --:--:-- --:--:-- --:--:--     0  0     0    0     0    0     0      0      0 --:--:-- --:--:-- --:--:--     0
100 3811k  100 3811k    0     0  23.1M      0 --:--:-- --:--:-- --:--:-- 23.1M
/tmp/out
This run does not use GPU
>> simname  = structure_099868581
>> outpath  = /tmp/out
>> registry = 
>> locpath  = /tmp/workdir
>> gmx      = /miniconda3/bin/gmx
>> pwd      = /tmp/workdir
>> hostname = cganalysis-hpc7g-16xlarge-structure-030303311-8zvj9
>> xtclast = , cframe = 0
 Resnames ['ALA' 'ARG' 'ASN' 'ASP' 'CGW' 'CYF' 'CYM' 'CYS' 'GLN' 'GLU' 'GLY' 'GTP'
 'HSE' 'ILE' 'ION' 'LEU' 'LYS' 'MET' 'MG' 'PHE' 'PRO' 'SER' 'THR' 'TRP'
 'TYR' 'VAL' 'W' 'ZN2'] either not lipids or not supported!
Found leaflets of size 448 355
cp: cannot stat '/tmp/workdir/cg_analysis.out': No such file or directory
cp: cannot stat '/tmp/workdir/cg_analysis.log': No such file or directory
cp: cannot stat '/tmp/workdir/cg_analysis.out': No such file or directory
> Initialized MuMMI
	> MuMMI_ROOT: (/opt/clones/mummi-ras)
	> MuMMI_Resources: (/opt/clones/mummi_resources)
	> MuMMI_Specs: (/opt/clones/mummi-ras/specs)

> Creating MuMMI root hierarchy at (/opt/clones/mummi-ras)

=== times
{"times": {}, "timestamps": {"cganalysis_run_start": 1742638487.0619476, "cganalysis_load_mdanalysis_start": 1742638487.1249115, "cganalysis_load_mdanalysis_complete": 1742638487.7706861, "cganalysis_run_simulation_start": 1742638487.7725267, "cganalysis_simrun_start": 1742638487.7726164, "cganalysis_simrun_complete": 1742638492.7798252, "cganalysis_run_simulation_complete": 1742638492.7798386, "cganalysis_main_analysis_start": 1742638492.7798424, "cganalysis_main_analysis_complete": 1742640270.9743102, "cganalysis_run_complete": 1742640270.9744287}}
===

real	29m44.682s
user	1799m24.154s
sys	1m31.922s
Simulation was successful
[Errno 2] No such file or directory: '/tmp/out/traj_comp.xtc'
[Errno 2] No such file or directory: '/tmp/out/traj_comp.xtc'
/tmp/out/traj_comp.xtc => -1 ns
099868581
createsims-times.json
createsims.log
createsims.tar.gz
createsims_success
ener.edr
index.ndx
lipids-water-eq6.gro
martini_v2.x_new-rf-prod.mdp
md.log
mdrun.log
psim.npz
state.cpt
state_prev.cpt
structure_099868581_000000000000.gro
system.top
topol.tpr
traj_comp.xtc
./traj_comp.xtc      => 52.5 ns | 52.5 ns
Job was successful, pushing result to registry-0.mummi-arm.default.svc.cluster.local:5000/structure_030303311:cganalysis-hpc7g-16xlarge
Uploading 1a6ed36e1d93 .
Uploaded  1a6ed36e1d93 .
Pushed [registry] registry-0.mummi-arm.default.svc.cluster.local:5000/structure_030303311:cganalysis-hpc7g-16xlarge
ArtifactType: application/vnd.unknown.artifact.v1
Digest: sha256:7989a66341b144015d0ec3189b778650b636eeac1d660b5111695901ab8a1bb7
